[2025-04-06T01:26:30.361+0000] {processor.py:186} INFO - Started process (PID=89) to work on /home/airflow/.local/lib/python3.12/site-packages/airflow/example_dags/example_complex.py
[2025-04-06T01:26:30.362+0000] {processor.py:914} INFO - Processing file /home/airflow/.local/lib/python3.12/site-packages/airflow/example_dags/example_complex.py for tasks to queue
[2025-04-06T01:26:30.366+0000] {logging_mixin.py:190} INFO - [2025-04-06T01:26:30.366+0000] {dagbag.py:588} INFO - Filling up the DagBag from /home/airflow/.local/lib/python3.12/site-packages/airflow/example_dags/example_complex.py
[2025-04-06T01:26:30.379+0000] {processor.py:925} INFO - DAG(s) 'example_complex' retrieved from /home/airflow/.local/lib/python3.12/site-packages/airflow/example_dags/example_complex.py
[2025-04-06T01:26:30.403+0000] {logging_mixin.py:190} INFO - [2025-04-06T01:26:30.403+0000] {dag.py:3239} INFO - Sync 1 DAGs
[2025-04-06T01:26:30.411+0000] {logging_mixin.py:190} INFO - [2025-04-06T01:26:30.411+0000] {dag.py:4180} INFO - Setting next_dagrun for example_complex to None, run_after=None
[2025-04-06T01:26:30.424+0000] {processor.py:208} INFO - Processing /home/airflow/.local/lib/python3.12/site-packages/airflow/example_dags/example_complex.py took 0.071 seconds
[2025-04-06T01:27:00.584+0000] {processor.py:186} INFO - Started process (PID=152) to work on /home/airflow/.local/lib/python3.12/site-packages/airflow/example_dags/example_complex.py
[2025-04-06T01:27:00.585+0000] {processor.py:914} INFO - Processing file /home/airflow/.local/lib/python3.12/site-packages/airflow/example_dags/example_complex.py for tasks to queue
[2025-04-06T01:27:00.586+0000] {logging_mixin.py:190} INFO - [2025-04-06T01:27:00.586+0000] {dagbag.py:588} INFO - Filling up the DagBag from /home/airflow/.local/lib/python3.12/site-packages/airflow/example_dags/example_complex.py
[2025-04-06T01:27:00.592+0000] {processor.py:925} INFO - DAG(s) 'example_complex' retrieved from /home/airflow/.local/lib/python3.12/site-packages/airflow/example_dags/example_complex.py
[2025-04-06T01:27:00.610+0000] {logging_mixin.py:190} INFO - [2025-04-06T01:27:00.609+0000] {dag.py:3239} INFO - Sync 1 DAGs
[2025-04-06T01:27:00.616+0000] {logging_mixin.py:190} INFO - [2025-04-06T01:27:00.616+0000] {dag.py:4180} INFO - Setting next_dagrun for example_complex to None, run_after=None
[2025-04-06T01:27:00.627+0000] {processor.py:208} INFO - Processing /home/airflow/.local/lib/python3.12/site-packages/airflow/example_dags/example_complex.py took 0.046 seconds
[2025-04-06T01:27:30.996+0000] {processor.py:186} INFO - Started process (PID=215) to work on /home/airflow/.local/lib/python3.12/site-packages/airflow/example_dags/example_complex.py
[2025-04-06T01:27:30.998+0000] {processor.py:914} INFO - Processing file /home/airflow/.local/lib/python3.12/site-packages/airflow/example_dags/example_complex.py for tasks to queue
[2025-04-06T01:27:30.998+0000] {logging_mixin.py:190} INFO - [2025-04-06T01:27:30.998+0000] {dagbag.py:588} INFO - Filling up the DagBag from /home/airflow/.local/lib/python3.12/site-packages/airflow/example_dags/example_complex.py
[2025-04-06T01:27:31.006+0000] {processor.py:925} INFO - DAG(s) 'example_complex' retrieved from /home/airflow/.local/lib/python3.12/site-packages/airflow/example_dags/example_complex.py
[2025-04-06T01:27:31.026+0000] {logging_mixin.py:190} INFO - [2025-04-06T01:27:31.026+0000] {dag.py:3239} INFO - Sync 1 DAGs
[2025-04-06T01:27:31.037+0000] {logging_mixin.py:190} INFO - [2025-04-06T01:27:31.037+0000] {dag.py:4180} INFO - Setting next_dagrun for example_complex to None, run_after=None
[2025-04-06T01:27:31.051+0000] {processor.py:208} INFO - Processing /home/airflow/.local/lib/python3.12/site-packages/airflow/example_dags/example_complex.py took 0.058 seconds
[2025-04-06T01:28:01.593+0000] {processor.py:186} INFO - Started process (PID=278) to work on /home/airflow/.local/lib/python3.12/site-packages/airflow/example_dags/example_complex.py
[2025-04-06T01:28:01.598+0000] {processor.py:914} INFO - Processing file /home/airflow/.local/lib/python3.12/site-packages/airflow/example_dags/example_complex.py for tasks to queue
[2025-04-06T01:28:01.600+0000] {logging_mixin.py:190} INFO - [2025-04-06T01:28:01.600+0000] {dagbag.py:588} INFO - Filling up the DagBag from /home/airflow/.local/lib/python3.12/site-packages/airflow/example_dags/example_complex.py
[2025-04-06T01:28:01.610+0000] {processor.py:925} INFO - DAG(s) 'example_complex' retrieved from /home/airflow/.local/lib/python3.12/site-packages/airflow/example_dags/example_complex.py
[2025-04-06T01:28:01.632+0000] {logging_mixin.py:190} INFO - [2025-04-06T01:28:01.632+0000] {dag.py:3239} INFO - Sync 1 DAGs
[2025-04-06T01:28:01.641+0000] {logging_mixin.py:190} INFO - [2025-04-06T01:28:01.640+0000] {dag.py:4180} INFO - Setting next_dagrun for example_complex to None, run_after=None
[2025-04-06T01:28:01.652+0000] {processor.py:208} INFO - Processing /home/airflow/.local/lib/python3.12/site-packages/airflow/example_dags/example_complex.py took 0.063 seconds
[2025-04-06T01:28:31.948+0000] {processor.py:186} INFO - Started process (PID=341) to work on /home/airflow/.local/lib/python3.12/site-packages/airflow/example_dags/example_complex.py
[2025-04-06T01:28:31.949+0000] {processor.py:914} INFO - Processing file /home/airflow/.local/lib/python3.12/site-packages/airflow/example_dags/example_complex.py for tasks to queue
[2025-04-06T01:28:31.950+0000] {logging_mixin.py:190} INFO - [2025-04-06T01:28:31.950+0000] {dagbag.py:588} INFO - Filling up the DagBag from /home/airflow/.local/lib/python3.12/site-packages/airflow/example_dags/example_complex.py
[2025-04-06T01:28:31.957+0000] {processor.py:925} INFO - DAG(s) 'example_complex' retrieved from /home/airflow/.local/lib/python3.12/site-packages/airflow/example_dags/example_complex.py
[2025-04-06T01:28:31.976+0000] {logging_mixin.py:190} INFO - [2025-04-06T01:28:31.976+0000] {dag.py:3239} INFO - Sync 1 DAGs
[2025-04-06T01:28:31.991+0000] {logging_mixin.py:190} INFO - [2025-04-06T01:28:31.991+0000] {dag.py:4180} INFO - Setting next_dagrun for example_complex to None, run_after=None
[2025-04-06T01:28:32.004+0000] {processor.py:208} INFO - Processing /home/airflow/.local/lib/python3.12/site-packages/airflow/example_dags/example_complex.py took 0.060 seconds
[2025-04-06T01:29:02.654+0000] {processor.py:186} INFO - Started process (PID=404) to work on /home/airflow/.local/lib/python3.12/site-packages/airflow/example_dags/example_complex.py
[2025-04-06T01:29:02.655+0000] {processor.py:914} INFO - Processing file /home/airflow/.local/lib/python3.12/site-packages/airflow/example_dags/example_complex.py for tasks to queue
[2025-04-06T01:29:02.656+0000] {logging_mixin.py:190} INFO - [2025-04-06T01:29:02.656+0000] {dagbag.py:588} INFO - Filling up the DagBag from /home/airflow/.local/lib/python3.12/site-packages/airflow/example_dags/example_complex.py
[2025-04-06T01:29:02.665+0000] {processor.py:925} INFO - DAG(s) 'example_complex' retrieved from /home/airflow/.local/lib/python3.12/site-packages/airflow/example_dags/example_complex.py
[2025-04-06T01:29:02.687+0000] {logging_mixin.py:190} INFO - [2025-04-06T01:29:02.687+0000] {dag.py:3239} INFO - Sync 1 DAGs
[2025-04-06T01:29:02.698+0000] {logging_mixin.py:190} INFO - [2025-04-06T01:29:02.698+0000] {dag.py:4180} INFO - Setting next_dagrun for example_complex to None, run_after=None
[2025-04-06T01:29:02.707+0000] {processor.py:208} INFO - Processing /home/airflow/.local/lib/python3.12/site-packages/airflow/example_dags/example_complex.py took 0.059 seconds
[2025-04-06T01:29:32.821+0000] {processor.py:186} INFO - Started process (PID=467) to work on /home/airflow/.local/lib/python3.12/site-packages/airflow/example_dags/example_complex.py
[2025-04-06T01:29:32.822+0000] {processor.py:914} INFO - Processing file /home/airflow/.local/lib/python3.12/site-packages/airflow/example_dags/example_complex.py for tasks to queue
[2025-04-06T01:29:32.822+0000] {logging_mixin.py:190} INFO - [2025-04-06T01:29:32.822+0000] {dagbag.py:588} INFO - Filling up the DagBag from /home/airflow/.local/lib/python3.12/site-packages/airflow/example_dags/example_complex.py
[2025-04-06T01:29:32.828+0000] {processor.py:925} INFO - DAG(s) 'example_complex' retrieved from /home/airflow/.local/lib/python3.12/site-packages/airflow/example_dags/example_complex.py
[2025-04-06T01:29:32.845+0000] {logging_mixin.py:190} INFO - [2025-04-06T01:29:32.845+0000] {dag.py:3239} INFO - Sync 1 DAGs
[2025-04-06T01:29:32.854+0000] {logging_mixin.py:190} INFO - [2025-04-06T01:29:32.854+0000] {dag.py:4180} INFO - Setting next_dagrun for example_complex to None, run_after=None
[2025-04-06T01:29:32.867+0000] {processor.py:208} INFO - Processing /home/airflow/.local/lib/python3.12/site-packages/airflow/example_dags/example_complex.py took 0.050 seconds
[2025-04-06T01:30:03.632+0000] {processor.py:186} INFO - Started process (PID=530) to work on /home/airflow/.local/lib/python3.12/site-packages/airflow/example_dags/example_complex.py
[2025-04-06T01:30:03.632+0000] {processor.py:914} INFO - Processing file /home/airflow/.local/lib/python3.12/site-packages/airflow/example_dags/example_complex.py for tasks to queue
[2025-04-06T01:30:03.633+0000] {logging_mixin.py:190} INFO - [2025-04-06T01:30:03.633+0000] {dagbag.py:588} INFO - Filling up the DagBag from /home/airflow/.local/lib/python3.12/site-packages/airflow/example_dags/example_complex.py
[2025-04-06T01:30:03.640+0000] {processor.py:925} INFO - DAG(s) 'example_complex' retrieved from /home/airflow/.local/lib/python3.12/site-packages/airflow/example_dags/example_complex.py
[2025-04-06T01:30:03.658+0000] {logging_mixin.py:190} INFO - [2025-04-06T01:30:03.658+0000] {dag.py:3239} INFO - Sync 1 DAGs
[2025-04-06T01:30:03.666+0000] {logging_mixin.py:190} INFO - [2025-04-06T01:30:03.665+0000] {dag.py:4180} INFO - Setting next_dagrun for example_complex to None, run_after=None
[2025-04-06T01:30:03.686+0000] {processor.py:208} INFO - Processing /home/airflow/.local/lib/python3.12/site-packages/airflow/example_dags/example_complex.py took 0.059 seconds
[2025-04-06T01:30:33.891+0000] {processor.py:186} INFO - Started process (PID=593) to work on /home/airflow/.local/lib/python3.12/site-packages/airflow/example_dags/example_complex.py
[2025-04-06T01:30:33.891+0000] {processor.py:914} INFO - Processing file /home/airflow/.local/lib/python3.12/site-packages/airflow/example_dags/example_complex.py for tasks to queue
[2025-04-06T01:30:33.892+0000] {logging_mixin.py:190} INFO - [2025-04-06T01:30:33.892+0000] {dagbag.py:588} INFO - Filling up the DagBag from /home/airflow/.local/lib/python3.12/site-packages/airflow/example_dags/example_complex.py
[2025-04-06T01:30:33.898+0000] {processor.py:925} INFO - DAG(s) 'example_complex' retrieved from /home/airflow/.local/lib/python3.12/site-packages/airflow/example_dags/example_complex.py
[2025-04-06T01:30:33.911+0000] {logging_mixin.py:190} INFO - [2025-04-06T01:30:33.911+0000] {dag.py:3239} INFO - Sync 1 DAGs
[2025-04-06T01:30:33.917+0000] {logging_mixin.py:190} INFO - [2025-04-06T01:30:33.917+0000] {dag.py:4180} INFO - Setting next_dagrun for example_complex to None, run_after=None
[2025-04-06T01:30:33.924+0000] {processor.py:208} INFO - Processing /home/airflow/.local/lib/python3.12/site-packages/airflow/example_dags/example_complex.py took 0.037 seconds
[2025-04-06T01:31:04.118+0000] {processor.py:186} INFO - Started process (PID=656) to work on /home/airflow/.local/lib/python3.12/site-packages/airflow/example_dags/example_complex.py
[2025-04-06T01:31:04.119+0000] {processor.py:914} INFO - Processing file /home/airflow/.local/lib/python3.12/site-packages/airflow/example_dags/example_complex.py for tasks to queue
[2025-04-06T01:31:04.120+0000] {logging_mixin.py:190} INFO - [2025-04-06T01:31:04.119+0000] {dagbag.py:588} INFO - Filling up the DagBag from /home/airflow/.local/lib/python3.12/site-packages/airflow/example_dags/example_complex.py
[2025-04-06T01:31:04.128+0000] {processor.py:925} INFO - DAG(s) 'example_complex' retrieved from /home/airflow/.local/lib/python3.12/site-packages/airflow/example_dags/example_complex.py
[2025-04-06T01:31:04.147+0000] {logging_mixin.py:190} INFO - [2025-04-06T01:31:04.146+0000] {dag.py:3239} INFO - Sync 1 DAGs
[2025-04-06T01:31:04.155+0000] {logging_mixin.py:190} INFO - [2025-04-06T01:31:04.155+0000] {dag.py:4180} INFO - Setting next_dagrun for example_complex to None, run_after=None
[2025-04-06T01:31:04.167+0000] {processor.py:208} INFO - Processing /home/airflow/.local/lib/python3.12/site-packages/airflow/example_dags/example_complex.py took 0.054 seconds
[2025-04-06T01:31:34.360+0000] {processor.py:186} INFO - Started process (PID=719) to work on /home/airflow/.local/lib/python3.12/site-packages/airflow/example_dags/example_complex.py
[2025-04-06T01:31:34.365+0000] {processor.py:914} INFO - Processing file /home/airflow/.local/lib/python3.12/site-packages/airflow/example_dags/example_complex.py for tasks to queue
[2025-04-06T01:31:34.367+0000] {logging_mixin.py:190} INFO - [2025-04-06T01:31:34.366+0000] {dagbag.py:588} INFO - Filling up the DagBag from /home/airflow/.local/lib/python3.12/site-packages/airflow/example_dags/example_complex.py
[2025-04-06T01:31:34.381+0000] {processor.py:925} INFO - DAG(s) 'example_complex' retrieved from /home/airflow/.local/lib/python3.12/site-packages/airflow/example_dags/example_complex.py
[2025-04-06T01:31:34.413+0000] {logging_mixin.py:190} INFO - [2025-04-06T01:31:34.412+0000] {dag.py:3239} INFO - Sync 1 DAGs
[2025-04-06T01:31:34.424+0000] {logging_mixin.py:190} INFO - [2025-04-06T01:31:34.424+0000] {dag.py:4180} INFO - Setting next_dagrun for example_complex to None, run_after=None
[2025-04-06T01:31:34.436+0000] {processor.py:208} INFO - Processing /home/airflow/.local/lib/python3.12/site-packages/airflow/example_dags/example_complex.py took 0.081 seconds
[2025-04-06T01:32:05.404+0000] {processor.py:186} INFO - Started process (PID=782) to work on /home/airflow/.local/lib/python3.12/site-packages/airflow/example_dags/example_complex.py
[2025-04-06T01:32:05.405+0000] {processor.py:914} INFO - Processing file /home/airflow/.local/lib/python3.12/site-packages/airflow/example_dags/example_complex.py for tasks to queue
[2025-04-06T01:32:05.406+0000] {logging_mixin.py:190} INFO - [2025-04-06T01:32:05.406+0000] {dagbag.py:588} INFO - Filling up the DagBag from /home/airflow/.local/lib/python3.12/site-packages/airflow/example_dags/example_complex.py
[2025-04-06T01:32:05.412+0000] {processor.py:925} INFO - DAG(s) 'example_complex' retrieved from /home/airflow/.local/lib/python3.12/site-packages/airflow/example_dags/example_complex.py
[2025-04-06T01:32:05.429+0000] {logging_mixin.py:190} INFO - [2025-04-06T01:32:05.429+0000] {dag.py:3239} INFO - Sync 1 DAGs
[2025-04-06T01:32:05.437+0000] {logging_mixin.py:190} INFO - [2025-04-06T01:32:05.437+0000] {dag.py:4180} INFO - Setting next_dagrun for example_complex to None, run_after=None
[2025-04-06T01:32:05.451+0000] {processor.py:208} INFO - Processing /home/airflow/.local/lib/python3.12/site-packages/airflow/example_dags/example_complex.py took 0.050 seconds
[2025-04-06T01:32:35.755+0000] {processor.py:186} INFO - Started process (PID=845) to work on /home/airflow/.local/lib/python3.12/site-packages/airflow/example_dags/example_complex.py
[2025-04-06T01:32:35.756+0000] {processor.py:914} INFO - Processing file /home/airflow/.local/lib/python3.12/site-packages/airflow/example_dags/example_complex.py for tasks to queue
[2025-04-06T01:32:35.756+0000] {logging_mixin.py:190} INFO - [2025-04-06T01:32:35.756+0000] {dagbag.py:588} INFO - Filling up the DagBag from /home/airflow/.local/lib/python3.12/site-packages/airflow/example_dags/example_complex.py
[2025-04-06T01:32:35.765+0000] {processor.py:925} INFO - DAG(s) 'example_complex' retrieved from /home/airflow/.local/lib/python3.12/site-packages/airflow/example_dags/example_complex.py
[2025-04-06T01:32:35.782+0000] {logging_mixin.py:190} INFO - [2025-04-06T01:32:35.782+0000] {dag.py:3239} INFO - Sync 1 DAGs
[2025-04-06T01:32:35.789+0000] {logging_mixin.py:190} INFO - [2025-04-06T01:32:35.789+0000] {dag.py:4180} INFO - Setting next_dagrun for example_complex to None, run_after=None
[2025-04-06T01:32:35.800+0000] {processor.py:208} INFO - Processing /home/airflow/.local/lib/python3.12/site-packages/airflow/example_dags/example_complex.py took 0.049 seconds
[2025-04-06T01:33:06.074+0000] {processor.py:186} INFO - Started process (PID=908) to work on /home/airflow/.local/lib/python3.12/site-packages/airflow/example_dags/example_complex.py
[2025-04-06T01:33:06.074+0000] {processor.py:914} INFO - Processing file /home/airflow/.local/lib/python3.12/site-packages/airflow/example_dags/example_complex.py for tasks to queue
[2025-04-06T01:33:06.075+0000] {logging_mixin.py:190} INFO - [2025-04-06T01:33:06.075+0000] {dagbag.py:588} INFO - Filling up the DagBag from /home/airflow/.local/lib/python3.12/site-packages/airflow/example_dags/example_complex.py
[2025-04-06T01:33:06.082+0000] {processor.py:925} INFO - DAG(s) 'example_complex' retrieved from /home/airflow/.local/lib/python3.12/site-packages/airflow/example_dags/example_complex.py
[2025-04-06T01:33:06.097+0000] {logging_mixin.py:190} INFO - [2025-04-06T01:33:06.097+0000] {dag.py:3239} INFO - Sync 1 DAGs
[2025-04-06T01:33:06.103+0000] {logging_mixin.py:190} INFO - [2025-04-06T01:33:06.103+0000] {dag.py:4180} INFO - Setting next_dagrun for example_complex to None, run_after=None
[2025-04-06T01:33:06.112+0000] {processor.py:208} INFO - Processing /home/airflow/.local/lib/python3.12/site-packages/airflow/example_dags/example_complex.py took 0.041 seconds
[2025-04-06T01:33:36.400+0000] {processor.py:186} INFO - Started process (PID=971) to work on /home/airflow/.local/lib/python3.12/site-packages/airflow/example_dags/example_complex.py
[2025-04-06T01:33:36.401+0000] {processor.py:914} INFO - Processing file /home/airflow/.local/lib/python3.12/site-packages/airflow/example_dags/example_complex.py for tasks to queue
[2025-04-06T01:33:36.401+0000] {logging_mixin.py:190} INFO - [2025-04-06T01:33:36.401+0000] {dagbag.py:588} INFO - Filling up the DagBag from /home/airflow/.local/lib/python3.12/site-packages/airflow/example_dags/example_complex.py
[2025-04-06T01:33:36.407+0000] {processor.py:925} INFO - DAG(s) 'example_complex' retrieved from /home/airflow/.local/lib/python3.12/site-packages/airflow/example_dags/example_complex.py
[2025-04-06T01:33:36.420+0000] {logging_mixin.py:190} INFO - [2025-04-06T01:33:36.420+0000] {dag.py:3239} INFO - Sync 1 DAGs
[2025-04-06T01:33:36.426+0000] {logging_mixin.py:190} INFO - [2025-04-06T01:33:36.426+0000] {dag.py:4180} INFO - Setting next_dagrun for example_complex to None, run_after=None
[2025-04-06T01:33:36.433+0000] {processor.py:208} INFO - Processing /home/airflow/.local/lib/python3.12/site-packages/airflow/example_dags/example_complex.py took 0.036 seconds
[2025-04-06T01:34:06.825+0000] {processor.py:186} INFO - Started process (PID=1034) to work on /home/airflow/.local/lib/python3.12/site-packages/airflow/example_dags/example_complex.py
[2025-04-06T01:34:06.825+0000] {processor.py:914} INFO - Processing file /home/airflow/.local/lib/python3.12/site-packages/airflow/example_dags/example_complex.py for tasks to queue
[2025-04-06T01:34:06.826+0000] {logging_mixin.py:190} INFO - [2025-04-06T01:34:06.826+0000] {dagbag.py:588} INFO - Filling up the DagBag from /home/airflow/.local/lib/python3.12/site-packages/airflow/example_dags/example_complex.py
[2025-04-06T01:34:06.833+0000] {processor.py:925} INFO - DAG(s) 'example_complex' retrieved from /home/airflow/.local/lib/python3.12/site-packages/airflow/example_dags/example_complex.py
[2025-04-06T01:34:06.851+0000] {logging_mixin.py:190} INFO - [2025-04-06T01:34:06.851+0000] {dag.py:3239} INFO - Sync 1 DAGs
[2025-04-06T01:34:06.859+0000] {logging_mixin.py:190} INFO - [2025-04-06T01:34:06.859+0000] {dag.py:4180} INFO - Setting next_dagrun for example_complex to None, run_after=None
[2025-04-06T01:34:06.873+0000] {processor.py:208} INFO - Processing /home/airflow/.local/lib/python3.12/site-packages/airflow/example_dags/example_complex.py took 0.052 seconds
[2025-04-06T01:34:37.745+0000] {processor.py:186} INFO - Started process (PID=1097) to work on /home/airflow/.local/lib/python3.12/site-packages/airflow/example_dags/example_complex.py
[2025-04-06T01:34:37.746+0000] {processor.py:914} INFO - Processing file /home/airflow/.local/lib/python3.12/site-packages/airflow/example_dags/example_complex.py for tasks to queue
[2025-04-06T01:34:37.748+0000] {logging_mixin.py:190} INFO - [2025-04-06T01:34:37.747+0000] {dagbag.py:588} INFO - Filling up the DagBag from /home/airflow/.local/lib/python3.12/site-packages/airflow/example_dags/example_complex.py
[2025-04-06T01:34:37.762+0000] {processor.py:925} INFO - DAG(s) 'example_complex' retrieved from /home/airflow/.local/lib/python3.12/site-packages/airflow/example_dags/example_complex.py
[2025-04-06T01:34:37.803+0000] {logging_mixin.py:190} INFO - [2025-04-06T01:34:37.803+0000] {dag.py:3239} INFO - Sync 1 DAGs
[2025-04-06T01:34:37.823+0000] {logging_mixin.py:190} INFO - [2025-04-06T01:34:37.822+0000] {dag.py:4180} INFO - Setting next_dagrun for example_complex to None, run_after=None
[2025-04-06T01:34:37.844+0000] {processor.py:208} INFO - Processing /home/airflow/.local/lib/python3.12/site-packages/airflow/example_dags/example_complex.py took 0.105 seconds
[2025-04-06T01:35:08.741+0000] {processor.py:186} INFO - Started process (PID=1160) to work on /home/airflow/.local/lib/python3.12/site-packages/airflow/example_dags/example_complex.py
[2025-04-06T01:35:08.742+0000] {processor.py:914} INFO - Processing file /home/airflow/.local/lib/python3.12/site-packages/airflow/example_dags/example_complex.py for tasks to queue
[2025-04-06T01:35:08.742+0000] {logging_mixin.py:190} INFO - [2025-04-06T01:35:08.742+0000] {dagbag.py:588} INFO - Filling up the DagBag from /home/airflow/.local/lib/python3.12/site-packages/airflow/example_dags/example_complex.py
[2025-04-06T01:35:08.748+0000] {processor.py:925} INFO - DAG(s) 'example_complex' retrieved from /home/airflow/.local/lib/python3.12/site-packages/airflow/example_dags/example_complex.py
[2025-04-06T01:35:08.767+0000] {logging_mixin.py:190} INFO - [2025-04-06T01:35:08.767+0000] {dag.py:3239} INFO - Sync 1 DAGs
[2025-04-06T01:35:08.774+0000] {logging_mixin.py:190} INFO - [2025-04-06T01:35:08.774+0000] {dag.py:4180} INFO - Setting next_dagrun for example_complex to None, run_after=None
[2025-04-06T01:35:08.782+0000] {processor.py:208} INFO - Processing /home/airflow/.local/lib/python3.12/site-packages/airflow/example_dags/example_complex.py took 0.043 seconds
[2025-04-06T01:35:39.249+0000] {processor.py:186} INFO - Started process (PID=1223) to work on /home/airflow/.local/lib/python3.12/site-packages/airflow/example_dags/example_complex.py
[2025-04-06T01:35:39.250+0000] {processor.py:914} INFO - Processing file /home/airflow/.local/lib/python3.12/site-packages/airflow/example_dags/example_complex.py for tasks to queue
[2025-04-06T01:35:39.251+0000] {logging_mixin.py:190} INFO - [2025-04-06T01:35:39.251+0000] {dagbag.py:588} INFO - Filling up the DagBag from /home/airflow/.local/lib/python3.12/site-packages/airflow/example_dags/example_complex.py
[2025-04-06T01:35:39.258+0000] {processor.py:925} INFO - DAG(s) 'example_complex' retrieved from /home/airflow/.local/lib/python3.12/site-packages/airflow/example_dags/example_complex.py
[2025-04-06T01:35:39.279+0000] {logging_mixin.py:190} INFO - [2025-04-06T01:35:39.279+0000] {dag.py:3239} INFO - Sync 1 DAGs
[2025-04-06T01:35:39.286+0000] {logging_mixin.py:190} INFO - [2025-04-06T01:35:39.286+0000] {dag.py:4180} INFO - Setting next_dagrun for example_complex to None, run_after=None
[2025-04-06T01:35:39.297+0000] {processor.py:208} INFO - Processing /home/airflow/.local/lib/python3.12/site-packages/airflow/example_dags/example_complex.py took 0.054 seconds
[2025-04-06T01:36:09.685+0000] {processor.py:186} INFO - Started process (PID=1286) to work on /home/airflow/.local/lib/python3.12/site-packages/airflow/example_dags/example_complex.py
[2025-04-06T01:36:09.686+0000] {processor.py:914} INFO - Processing file /home/airflow/.local/lib/python3.12/site-packages/airflow/example_dags/example_complex.py for tasks to queue
[2025-04-06T01:36:09.686+0000] {logging_mixin.py:190} INFO - [2025-04-06T01:36:09.686+0000] {dagbag.py:588} INFO - Filling up the DagBag from /home/airflow/.local/lib/python3.12/site-packages/airflow/example_dags/example_complex.py
[2025-04-06T01:36:09.694+0000] {processor.py:925} INFO - DAG(s) 'example_complex' retrieved from /home/airflow/.local/lib/python3.12/site-packages/airflow/example_dags/example_complex.py
[2025-04-06T01:36:09.717+0000] {logging_mixin.py:190} INFO - [2025-04-06T01:36:09.717+0000] {dag.py:3239} INFO - Sync 1 DAGs
[2025-04-06T01:36:09.726+0000] {logging_mixin.py:190} INFO - [2025-04-06T01:36:09.726+0000] {dag.py:4180} INFO - Setting next_dagrun for example_complex to None, run_after=None
[2025-04-06T01:36:09.735+0000] {processor.py:208} INFO - Processing /home/airflow/.local/lib/python3.12/site-packages/airflow/example_dags/example_complex.py took 0.054 seconds
