[2025-04-06T01:26:32.607+0000] {processor.py:186} INFO - Started process (PID=122) to work on /home/airflow/.local/lib/python3.12/site-packages/airflow/example_dags/example_datasets.py
[2025-04-06T01:26:32.608+0000] {processor.py:914} INFO - Processing file /home/airflow/.local/lib/python3.12/site-packages/airflow/example_dags/example_datasets.py for tasks to queue
[2025-04-06T01:26:32.610+0000] {logging_mixin.py:190} INFO - [2025-04-06T01:26:32.609+0000] {dagbag.py:588} INFO - Filling up the DagBag from /home/airflow/.local/lib/python3.12/site-packages/airflow/example_dags/example_datasets.py
[2025-04-06T01:26:33.129+0000] {processor.py:925} INFO - DAG(s) 'dataset_consumes_1_never_scheduled', 'dataset_produces_1', 'dataset_consumes_1_and_2', 'dataset_produces_2', 'consume_1_and_2_with_dataset_expressions', 'consume_1_or_both_2_and_3_with_dataset_expressions', 'consume_1_or_2_with_dataset_expressions', 'conditional_dataset_and_time_based_timetable', 'dataset_consumes_1', 'dataset_consumes_unknown_never_scheduled' retrieved from /home/airflow/.local/lib/python3.12/site-packages/airflow/example_dags/example_datasets.py
[2025-04-06T01:26:33.160+0000] {logging_mixin.py:190} INFO - [2025-04-06T01:26:33.160+0000] {dag.py:3239} INFO - Sync 10 DAGs
[2025-04-06T01:26:33.174+0000] {logging_mixin.py:190} INFO - [2025-04-06T01:26:33.174+0000] {dag.py:4180} INFO - Setting next_dagrun for conditional_dataset_and_time_based_timetable to 2025-04-02 01:00:00+00:00, run_after=2025-04-02 01:00:00+00:00
[2025-04-06T01:26:33.179+0000] {logging_mixin.py:190} INFO - [2025-04-06T01:26:33.178+0000] {dag.py:4180} INFO - Setting next_dagrun for consume_1_and_2_with_dataset_expressions to None, run_after=None
[2025-04-06T01:26:33.179+0000] {logging_mixin.py:190} INFO - [2025-04-06T01:26:33.179+0000] {dag.py:4180} INFO - Setting next_dagrun for consume_1_or_2_with_dataset_expressions to None, run_after=None
[2025-04-06T01:26:33.180+0000] {logging_mixin.py:190} INFO - [2025-04-06T01:26:33.180+0000] {dag.py:4180} INFO - Setting next_dagrun for consume_1_or_both_2_and_3_with_dataset_expressions to None, run_after=None
[2025-04-06T01:26:33.181+0000] {logging_mixin.py:190} INFO - [2025-04-06T01:26:33.181+0000] {dag.py:4180} INFO - Setting next_dagrun for dataset_consumes_1 to None, run_after=None
[2025-04-06T01:26:33.183+0000] {logging_mixin.py:190} INFO - [2025-04-06T01:26:33.182+0000] {dag.py:4180} INFO - Setting next_dagrun for dataset_consumes_1_and_2 to None, run_after=None
[2025-04-06T01:26:33.183+0000] {logging_mixin.py:190} INFO - [2025-04-06T01:26:33.183+0000] {dag.py:4180} INFO - Setting next_dagrun for dataset_consumes_1_never_scheduled to None, run_after=None
[2025-04-06T01:26:33.184+0000] {logging_mixin.py:190} INFO - [2025-04-06T01:26:33.184+0000] {dag.py:4180} INFO - Setting next_dagrun for dataset_consumes_unknown_never_scheduled to None, run_after=None
[2025-04-06T01:26:33.185+0000] {logging_mixin.py:190} INFO - [2025-04-06T01:26:33.185+0000] {dag.py:4180} INFO - Setting next_dagrun for dataset_produces_1 to 2025-04-05 00:00:00+00:00, run_after=2025-04-06 00:00:00+00:00
[2025-04-06T01:26:33.185+0000] {logging_mixin.py:190} INFO - [2025-04-06T01:26:33.185+0000] {dag.py:4180} INFO - Setting next_dagrun for dataset_produces_2 to None, run_after=None
[2025-04-06T01:26:33.203+0000] {processor.py:208} INFO - Processing /home/airflow/.local/lib/python3.12/site-packages/airflow/example_dags/example_datasets.py took 0.601 seconds
[2025-04-06T01:27:04.145+0000] {processor.py:186} INFO - Started process (PID=186) to work on /home/airflow/.local/lib/python3.12/site-packages/airflow/example_dags/example_datasets.py
[2025-04-06T01:27:04.149+0000] {processor.py:914} INFO - Processing file /home/airflow/.local/lib/python3.12/site-packages/airflow/example_dags/example_datasets.py for tasks to queue
[2025-04-06T01:27:04.153+0000] {logging_mixin.py:190} INFO - [2025-04-06T01:27:04.152+0000] {dagbag.py:588} INFO - Filling up the DagBag from /home/airflow/.local/lib/python3.12/site-packages/airflow/example_dags/example_datasets.py
[2025-04-06T01:27:04.580+0000] {processor.py:925} INFO - DAG(s) 'conditional_dataset_and_time_based_timetable', 'dataset_consumes_1_and_2', 'consume_1_and_2_with_dataset_expressions', 'dataset_produces_2', 'dataset_produces_1', 'dataset_consumes_1', 'consume_1_or_both_2_and_3_with_dataset_expressions', 'dataset_consumes_unknown_never_scheduled', 'dataset_consumes_1_never_scheduled', 'consume_1_or_2_with_dataset_expressions' retrieved from /home/airflow/.local/lib/python3.12/site-packages/airflow/example_dags/example_datasets.py
[2025-04-06T01:27:04.599+0000] {logging_mixin.py:190} INFO - [2025-04-06T01:27:04.599+0000] {dag.py:3239} INFO - Sync 10 DAGs
[2025-04-06T01:27:04.612+0000] {logging_mixin.py:190} INFO - [2025-04-06T01:27:04.612+0000] {dag.py:4180} INFO - Setting next_dagrun for conditional_dataset_and_time_based_timetable to 2025-04-02 01:00:00+00:00, run_after=2025-04-02 01:00:00+00:00
[2025-04-06T01:27:04.614+0000] {logging_mixin.py:190} INFO - [2025-04-06T01:27:04.614+0000] {dag.py:4180} INFO - Setting next_dagrun for consume_1_and_2_with_dataset_expressions to None, run_after=None
[2025-04-06T01:27:04.615+0000] {logging_mixin.py:190} INFO - [2025-04-06T01:27:04.615+0000] {dag.py:4180} INFO - Setting next_dagrun for consume_1_or_2_with_dataset_expressions to None, run_after=None
[2025-04-06T01:27:04.615+0000] {logging_mixin.py:190} INFO - [2025-04-06T01:27:04.615+0000] {dag.py:4180} INFO - Setting next_dagrun for consume_1_or_both_2_and_3_with_dataset_expressions to None, run_after=None
[2025-04-06T01:27:04.616+0000] {logging_mixin.py:190} INFO - [2025-04-06T01:27:04.616+0000] {dag.py:4180} INFO - Setting next_dagrun for dataset_consumes_1 to None, run_after=None
[2025-04-06T01:27:04.617+0000] {logging_mixin.py:190} INFO - [2025-04-06T01:27:04.617+0000] {dag.py:4180} INFO - Setting next_dagrun for dataset_consumes_1_and_2 to None, run_after=None
[2025-04-06T01:27:04.617+0000] {logging_mixin.py:190} INFO - [2025-04-06T01:27:04.617+0000] {dag.py:4180} INFO - Setting next_dagrun for dataset_consumes_1_never_scheduled to None, run_after=None
[2025-04-06T01:27:04.619+0000] {logging_mixin.py:190} INFO - [2025-04-06T01:27:04.619+0000] {dag.py:4180} INFO - Setting next_dagrun for dataset_consumes_unknown_never_scheduled to None, run_after=None
[2025-04-06T01:27:04.621+0000] {logging_mixin.py:190} INFO - [2025-04-06T01:27:04.621+0000] {dag.py:4180} INFO - Setting next_dagrun for dataset_produces_1 to 2025-04-05 00:00:00+00:00, run_after=2025-04-06 00:00:00+00:00
[2025-04-06T01:27:04.623+0000] {logging_mixin.py:190} INFO - [2025-04-06T01:27:04.623+0000] {dag.py:4180} INFO - Setting next_dagrun for dataset_produces_2 to None, run_after=None
[2025-04-06T01:27:04.639+0000] {processor.py:208} INFO - Processing /home/airflow/.local/lib/python3.12/site-packages/airflow/example_dags/example_datasets.py took 0.507 seconds
[2025-04-06T01:27:34.715+0000] {processor.py:186} INFO - Started process (PID=249) to work on /home/airflow/.local/lib/python3.12/site-packages/airflow/example_dags/example_datasets.py
[2025-04-06T01:27:34.716+0000] {processor.py:914} INFO - Processing file /home/airflow/.local/lib/python3.12/site-packages/airflow/example_dags/example_datasets.py for tasks to queue
[2025-04-06T01:27:34.717+0000] {logging_mixin.py:190} INFO - [2025-04-06T01:27:34.717+0000] {dagbag.py:588} INFO - Filling up the DagBag from /home/airflow/.local/lib/python3.12/site-packages/airflow/example_dags/example_datasets.py
[2025-04-06T01:27:35.280+0000] {processor.py:925} INFO - DAG(s) 'consume_1_or_2_with_dataset_expressions', 'dataset_consumes_1', 'consume_1_and_2_with_dataset_expressions', 'consume_1_or_both_2_and_3_with_dataset_expressions', 'dataset_consumes_1_never_scheduled', 'dataset_consumes_1_and_2', 'conditional_dataset_and_time_based_timetable', 'dataset_consumes_unknown_never_scheduled', 'dataset_produces_1', 'dataset_produces_2' retrieved from /home/airflow/.local/lib/python3.12/site-packages/airflow/example_dags/example_datasets.py
[2025-04-06T01:27:35.307+0000] {logging_mixin.py:190} INFO - [2025-04-06T01:27:35.306+0000] {dag.py:3239} INFO - Sync 10 DAGs
[2025-04-06T01:27:35.323+0000] {logging_mixin.py:190} INFO - [2025-04-06T01:27:35.323+0000] {dag.py:4180} INFO - Setting next_dagrun for conditional_dataset_and_time_based_timetable to 2025-04-02 01:00:00+00:00, run_after=2025-04-02 01:00:00+00:00
[2025-04-06T01:27:35.326+0000] {logging_mixin.py:190} INFO - [2025-04-06T01:27:35.326+0000] {dag.py:4180} INFO - Setting next_dagrun for consume_1_and_2_with_dataset_expressions to None, run_after=None
[2025-04-06T01:27:35.328+0000] {logging_mixin.py:190} INFO - [2025-04-06T01:27:35.328+0000] {dag.py:4180} INFO - Setting next_dagrun for consume_1_or_2_with_dataset_expressions to None, run_after=None
[2025-04-06T01:27:35.332+0000] {logging_mixin.py:190} INFO - [2025-04-06T01:27:35.332+0000] {dag.py:4180} INFO - Setting next_dagrun for consume_1_or_both_2_and_3_with_dataset_expressions to None, run_after=None
[2025-04-06T01:27:35.332+0000] {logging_mixin.py:190} INFO - [2025-04-06T01:27:35.332+0000] {dag.py:4180} INFO - Setting next_dagrun for dataset_consumes_1 to None, run_after=None
[2025-04-06T01:27:35.333+0000] {logging_mixin.py:190} INFO - [2025-04-06T01:27:35.333+0000] {dag.py:4180} INFO - Setting next_dagrun for dataset_consumes_1_and_2 to None, run_after=None
[2025-04-06T01:27:35.333+0000] {logging_mixin.py:190} INFO - [2025-04-06T01:27:35.333+0000] {dag.py:4180} INFO - Setting next_dagrun for dataset_consumes_1_never_scheduled to None, run_after=None
[2025-04-06T01:27:35.334+0000] {logging_mixin.py:190} INFO - [2025-04-06T01:27:35.334+0000] {dag.py:4180} INFO - Setting next_dagrun for dataset_consumes_unknown_never_scheduled to None, run_after=None
[2025-04-06T01:27:35.335+0000] {logging_mixin.py:190} INFO - [2025-04-06T01:27:35.335+0000] {dag.py:4180} INFO - Setting next_dagrun for dataset_produces_1 to 2025-04-05 00:00:00+00:00, run_after=2025-04-06 00:00:00+00:00
[2025-04-06T01:27:35.335+0000] {logging_mixin.py:190} INFO - [2025-04-06T01:27:35.335+0000] {dag.py:4180} INFO - Setting next_dagrun for dataset_produces_2 to None, run_after=None
[2025-04-06T01:27:35.352+0000] {processor.py:208} INFO - Processing /home/airflow/.local/lib/python3.12/site-packages/airflow/example_dags/example_datasets.py took 0.640 seconds
[2025-04-06T01:28:05.424+0000] {processor.py:186} INFO - Started process (PID=313) to work on /home/airflow/.local/lib/python3.12/site-packages/airflow/example_dags/example_datasets.py
[2025-04-06T01:28:05.424+0000] {processor.py:914} INFO - Processing file /home/airflow/.local/lib/python3.12/site-packages/airflow/example_dags/example_datasets.py for tasks to queue
[2025-04-06T01:28:05.425+0000] {logging_mixin.py:190} INFO - [2025-04-06T01:28:05.425+0000] {dagbag.py:588} INFO - Filling up the DagBag from /home/airflow/.local/lib/python3.12/site-packages/airflow/example_dags/example_datasets.py
[2025-04-06T01:28:05.843+0000] {processor.py:925} INFO - DAG(s) 'consume_1_or_2_with_dataset_expressions', 'dataset_produces_1', 'dataset_consumes_1', 'consume_1_or_both_2_and_3_with_dataset_expressions', 'consume_1_and_2_with_dataset_expressions', 'dataset_produces_2', 'conditional_dataset_and_time_based_timetable', 'dataset_consumes_unknown_never_scheduled', 'dataset_consumes_1_and_2', 'dataset_consumes_1_never_scheduled' retrieved from /home/airflow/.local/lib/python3.12/site-packages/airflow/example_dags/example_datasets.py
[2025-04-06T01:28:05.865+0000] {logging_mixin.py:190} INFO - [2025-04-06T01:28:05.865+0000] {dag.py:3239} INFO - Sync 10 DAGs
[2025-04-06T01:28:05.877+0000] {logging_mixin.py:190} INFO - [2025-04-06T01:28:05.877+0000] {dag.py:4180} INFO - Setting next_dagrun for conditional_dataset_and_time_based_timetable to 2025-04-02 01:00:00+00:00, run_after=2025-04-02 01:00:00+00:00
[2025-04-06T01:28:05.880+0000] {logging_mixin.py:190} INFO - [2025-04-06T01:28:05.880+0000] {dag.py:4180} INFO - Setting next_dagrun for consume_1_and_2_with_dataset_expressions to None, run_after=None
[2025-04-06T01:28:05.882+0000] {logging_mixin.py:190} INFO - [2025-04-06T01:28:05.882+0000] {dag.py:4180} INFO - Setting next_dagrun for consume_1_or_2_with_dataset_expressions to None, run_after=None
[2025-04-06T01:28:05.882+0000] {logging_mixin.py:190} INFO - [2025-04-06T01:28:05.882+0000] {dag.py:4180} INFO - Setting next_dagrun for consume_1_or_both_2_and_3_with_dataset_expressions to None, run_after=None
[2025-04-06T01:28:05.885+0000] {logging_mixin.py:190} INFO - [2025-04-06T01:28:05.885+0000] {dag.py:4180} INFO - Setting next_dagrun for dataset_consumes_1 to None, run_after=None
[2025-04-06T01:28:05.886+0000] {logging_mixin.py:190} INFO - [2025-04-06T01:28:05.885+0000] {dag.py:4180} INFO - Setting next_dagrun for dataset_consumes_1_and_2 to None, run_after=None
[2025-04-06T01:28:05.888+0000] {logging_mixin.py:190} INFO - [2025-04-06T01:28:05.888+0000] {dag.py:4180} INFO - Setting next_dagrun for dataset_consumes_1_never_scheduled to None, run_after=None
[2025-04-06T01:28:05.888+0000] {logging_mixin.py:190} INFO - [2025-04-06T01:28:05.888+0000] {dag.py:4180} INFO - Setting next_dagrun for dataset_consumes_unknown_never_scheduled to None, run_after=None
[2025-04-06T01:28:05.890+0000] {logging_mixin.py:190} INFO - [2025-04-06T01:28:05.890+0000] {dag.py:4180} INFO - Setting next_dagrun for dataset_produces_1 to 2025-04-05 00:00:00+00:00, run_after=2025-04-06 00:00:00+00:00
[2025-04-06T01:28:05.891+0000] {logging_mixin.py:190} INFO - [2025-04-06T01:28:05.891+0000] {dag.py:4180} INFO - Setting next_dagrun for dataset_produces_2 to None, run_after=None
[2025-04-06T01:28:05.909+0000] {processor.py:208} INFO - Processing /home/airflow/.local/lib/python3.12/site-packages/airflow/example_dags/example_datasets.py took 0.489 seconds
[2025-04-06T01:28:37.108+0000] {processor.py:186} INFO - Started process (PID=375) to work on /home/airflow/.local/lib/python3.12/site-packages/airflow/example_dags/example_datasets.py
[2025-04-06T01:28:37.113+0000] {processor.py:914} INFO - Processing file /home/airflow/.local/lib/python3.12/site-packages/airflow/example_dags/example_datasets.py for tasks to queue
[2025-04-06T01:28:37.113+0000] {logging_mixin.py:190} INFO - [2025-04-06T01:28:37.113+0000] {dagbag.py:588} INFO - Filling up the DagBag from /home/airflow/.local/lib/python3.12/site-packages/airflow/example_dags/example_datasets.py
[2025-04-06T01:28:37.593+0000] {processor.py:925} INFO - DAG(s) 'dataset_produces_2', 'conditional_dataset_and_time_based_timetable', 'dataset_consumes_1', 'dataset_produces_1', 'consume_1_or_both_2_and_3_with_dataset_expressions', 'dataset_consumes_1_never_scheduled', 'consume_1_and_2_with_dataset_expressions', 'dataset_consumes_1_and_2', 'consume_1_or_2_with_dataset_expressions', 'dataset_consumes_unknown_never_scheduled' retrieved from /home/airflow/.local/lib/python3.12/site-packages/airflow/example_dags/example_datasets.py
[2025-04-06T01:28:37.621+0000] {logging_mixin.py:190} INFO - [2025-04-06T01:28:37.621+0000] {dag.py:3239} INFO - Sync 10 DAGs
[2025-04-06T01:28:37.634+0000] {logging_mixin.py:190} INFO - [2025-04-06T01:28:37.634+0000] {dag.py:4180} INFO - Setting next_dagrun for conditional_dataset_and_time_based_timetable to 2025-04-02 01:00:00+00:00, run_after=2025-04-02 01:00:00+00:00
[2025-04-06T01:28:37.636+0000] {logging_mixin.py:190} INFO - [2025-04-06T01:28:37.636+0000] {dag.py:4180} INFO - Setting next_dagrun for consume_1_and_2_with_dataset_expressions to None, run_after=None
[2025-04-06T01:28:37.636+0000] {logging_mixin.py:190} INFO - [2025-04-06T01:28:37.636+0000] {dag.py:4180} INFO - Setting next_dagrun for consume_1_or_2_with_dataset_expressions to None, run_after=None
[2025-04-06T01:28:37.637+0000] {logging_mixin.py:190} INFO - [2025-04-06T01:28:37.637+0000] {dag.py:4180} INFO - Setting next_dagrun for consume_1_or_both_2_and_3_with_dataset_expressions to None, run_after=None
[2025-04-06T01:28:37.638+0000] {logging_mixin.py:190} INFO - [2025-04-06T01:28:37.637+0000] {dag.py:4180} INFO - Setting next_dagrun for dataset_consumes_1 to None, run_after=None
[2025-04-06T01:28:37.638+0000] {logging_mixin.py:190} INFO - [2025-04-06T01:28:37.638+0000] {dag.py:4180} INFO - Setting next_dagrun for dataset_consumes_1_and_2 to None, run_after=None
[2025-04-06T01:28:37.639+0000] {logging_mixin.py:190} INFO - [2025-04-06T01:28:37.639+0000] {dag.py:4180} INFO - Setting next_dagrun for dataset_consumes_1_never_scheduled to None, run_after=None
[2025-04-06T01:28:37.639+0000] {logging_mixin.py:190} INFO - [2025-04-06T01:28:37.639+0000] {dag.py:4180} INFO - Setting next_dagrun for dataset_consumes_unknown_never_scheduled to None, run_after=None
[2025-04-06T01:28:37.640+0000] {logging_mixin.py:190} INFO - [2025-04-06T01:28:37.640+0000] {dag.py:4180} INFO - Setting next_dagrun for dataset_produces_1 to 2025-04-05 00:00:00+00:00, run_after=2025-04-06 00:00:00+00:00
[2025-04-06T01:28:37.641+0000] {logging_mixin.py:190} INFO - [2025-04-06T01:28:37.641+0000] {dag.py:4180} INFO - Setting next_dagrun for dataset_produces_2 to None, run_after=None
[2025-04-06T01:28:37.664+0000] {processor.py:208} INFO - Processing /home/airflow/.local/lib/python3.12/site-packages/airflow/example_dags/example_datasets.py took 0.561 seconds
[2025-04-06T01:29:08.034+0000] {processor.py:186} INFO - Started process (PID=447) to work on /home/airflow/.local/lib/python3.12/site-packages/airflow/example_dags/example_datasets.py
[2025-04-06T01:29:08.034+0000] {processor.py:914} INFO - Processing file /home/airflow/.local/lib/python3.12/site-packages/airflow/example_dags/example_datasets.py for tasks to queue
[2025-04-06T01:29:08.035+0000] {logging_mixin.py:190} INFO - [2025-04-06T01:29:08.035+0000] {dagbag.py:588} INFO - Filling up the DagBag from /home/airflow/.local/lib/python3.12/site-packages/airflow/example_dags/example_datasets.py
[2025-04-06T01:29:08.754+0000] {processor.py:925} INFO - DAG(s) 'dataset_produces_2', 'dataset_produces_1', 'dataset_consumes_1_and_2', 'dataset_consumes_1_never_scheduled', 'dataset_consumes_1', 'conditional_dataset_and_time_based_timetable', 'consume_1_or_both_2_and_3_with_dataset_expressions', 'dataset_consumes_unknown_never_scheduled', 'consume_1_or_2_with_dataset_expressions', 'consume_1_and_2_with_dataset_expressions' retrieved from /home/airflow/.local/lib/python3.12/site-packages/airflow/example_dags/example_datasets.py
[2025-04-06T01:29:08.792+0000] {logging_mixin.py:190} INFO - [2025-04-06T01:29:08.792+0000] {dag.py:3239} INFO - Sync 10 DAGs
[2025-04-06T01:29:08.809+0000] {logging_mixin.py:190} INFO - [2025-04-06T01:29:08.808+0000] {dag.py:4180} INFO - Setting next_dagrun for conditional_dataset_and_time_based_timetable to 2025-04-02 01:00:00+00:00, run_after=2025-04-02 01:00:00+00:00
[2025-04-06T01:29:08.811+0000] {logging_mixin.py:190} INFO - [2025-04-06T01:29:08.811+0000] {dag.py:4180} INFO - Setting next_dagrun for consume_1_and_2_with_dataset_expressions to None, run_after=None
[2025-04-06T01:29:08.812+0000] {logging_mixin.py:190} INFO - [2025-04-06T01:29:08.812+0000] {dag.py:4180} INFO - Setting next_dagrun for consume_1_or_2_with_dataset_expressions to None, run_after=None
[2025-04-06T01:29:08.814+0000] {logging_mixin.py:190} INFO - [2025-04-06T01:29:08.814+0000] {dag.py:4180} INFO - Setting next_dagrun for consume_1_or_both_2_and_3_with_dataset_expressions to None, run_after=None
[2025-04-06T01:29:08.815+0000] {logging_mixin.py:190} INFO - [2025-04-06T01:29:08.815+0000] {dag.py:4180} INFO - Setting next_dagrun for dataset_consumes_1 to None, run_after=None
[2025-04-06T01:29:08.816+0000] {logging_mixin.py:190} INFO - [2025-04-06T01:29:08.816+0000] {dag.py:4180} INFO - Setting next_dagrun for dataset_consumes_1_and_2 to None, run_after=None
[2025-04-06T01:29:08.817+0000] {logging_mixin.py:190} INFO - [2025-04-06T01:29:08.817+0000] {dag.py:4180} INFO - Setting next_dagrun for dataset_consumes_1_never_scheduled to None, run_after=None
[2025-04-06T01:29:08.817+0000] {logging_mixin.py:190} INFO - [2025-04-06T01:29:08.817+0000] {dag.py:4180} INFO - Setting next_dagrun for dataset_consumes_unknown_never_scheduled to None, run_after=None
[2025-04-06T01:29:08.818+0000] {logging_mixin.py:190} INFO - [2025-04-06T01:29:08.818+0000] {dag.py:4180} INFO - Setting next_dagrun for dataset_produces_1 to 2025-04-05 00:00:00+00:00, run_after=2025-04-06 00:00:00+00:00
[2025-04-06T01:29:08.819+0000] {logging_mixin.py:190} INFO - [2025-04-06T01:29:08.819+0000] {dag.py:4180} INFO - Setting next_dagrun for dataset_produces_2 to None, run_after=None
[2025-04-06T01:29:08.848+0000] {processor.py:208} INFO - Processing /home/airflow/.local/lib/python3.12/site-packages/airflow/example_dags/example_datasets.py took 0.819 seconds
[2025-04-06T01:29:39.342+0000] {processor.py:186} INFO - Started process (PID=510) to work on /home/airflow/.local/lib/python3.12/site-packages/airflow/example_dags/example_datasets.py
[2025-04-06T01:29:39.345+0000] {processor.py:914} INFO - Processing file /home/airflow/.local/lib/python3.12/site-packages/airflow/example_dags/example_datasets.py for tasks to queue
[2025-04-06T01:29:39.346+0000] {logging_mixin.py:190} INFO - [2025-04-06T01:29:39.345+0000] {dagbag.py:588} INFO - Filling up the DagBag from /home/airflow/.local/lib/python3.12/site-packages/airflow/example_dags/example_datasets.py
[2025-04-06T01:29:39.754+0000] {processor.py:925} INFO - DAG(s) 'dataset_produces_2', 'dataset_consumes_1', 'conditional_dataset_and_time_based_timetable', 'dataset_consumes_unknown_never_scheduled', 'consume_1_or_2_with_dataset_expressions', 'consume_1_or_both_2_and_3_with_dataset_expressions', 'dataset_consumes_1_and_2', 'dataset_consumes_1_never_scheduled', 'dataset_produces_1', 'consume_1_and_2_with_dataset_expressions' retrieved from /home/airflow/.local/lib/python3.12/site-packages/airflow/example_dags/example_datasets.py
[2025-04-06T01:29:39.786+0000] {logging_mixin.py:190} INFO - [2025-04-06T01:29:39.786+0000] {dag.py:3239} INFO - Sync 10 DAGs
[2025-04-06T01:29:39.800+0000] {logging_mixin.py:190} INFO - [2025-04-06T01:29:39.800+0000] {dag.py:4180} INFO - Setting next_dagrun for conditional_dataset_and_time_based_timetable to 2025-04-02 01:00:00+00:00, run_after=2025-04-02 01:00:00+00:00
[2025-04-06T01:29:39.804+0000] {logging_mixin.py:190} INFO - [2025-04-06T01:29:39.804+0000] {dag.py:4180} INFO - Setting next_dagrun for consume_1_and_2_with_dataset_expressions to None, run_after=None
[2025-04-06T01:29:39.805+0000] {logging_mixin.py:190} INFO - [2025-04-06T01:29:39.804+0000] {dag.py:4180} INFO - Setting next_dagrun for consume_1_or_2_with_dataset_expressions to None, run_after=None
[2025-04-06T01:29:39.805+0000] {logging_mixin.py:190} INFO - [2025-04-06T01:29:39.805+0000] {dag.py:4180} INFO - Setting next_dagrun for consume_1_or_both_2_and_3_with_dataset_expressions to None, run_after=None
[2025-04-06T01:29:39.806+0000] {logging_mixin.py:190} INFO - [2025-04-06T01:29:39.806+0000] {dag.py:4180} INFO - Setting next_dagrun for dataset_consumes_1 to None, run_after=None
[2025-04-06T01:29:39.807+0000] {logging_mixin.py:190} INFO - [2025-04-06T01:29:39.807+0000] {dag.py:4180} INFO - Setting next_dagrun for dataset_consumes_1_and_2 to None, run_after=None
[2025-04-06T01:29:39.808+0000] {logging_mixin.py:190} INFO - [2025-04-06T01:29:39.808+0000] {dag.py:4180} INFO - Setting next_dagrun for dataset_consumes_1_never_scheduled to None, run_after=None
[2025-04-06T01:29:39.809+0000] {logging_mixin.py:190} INFO - [2025-04-06T01:29:39.809+0000] {dag.py:4180} INFO - Setting next_dagrun for dataset_consumes_unknown_never_scheduled to None, run_after=None
[2025-04-06T01:29:39.810+0000] {logging_mixin.py:190} INFO - [2025-04-06T01:29:39.810+0000] {dag.py:4180} INFO - Setting next_dagrun for dataset_produces_1 to 2025-04-05 00:00:00+00:00, run_after=2025-04-06 00:00:00+00:00
[2025-04-06T01:29:39.812+0000] {logging_mixin.py:190} INFO - [2025-04-06T01:29:39.812+0000] {dag.py:4180} INFO - Setting next_dagrun for dataset_produces_2 to None, run_after=None
[2025-04-06T01:29:39.847+0000] {processor.py:208} INFO - Processing /home/airflow/.local/lib/python3.12/site-packages/airflow/example_dags/example_datasets.py took 0.520 seconds
[2025-04-06T01:30:10.372+0000] {processor.py:186} INFO - Started process (PID=574) to work on /home/airflow/.local/lib/python3.12/site-packages/airflow/example_dags/example_datasets.py
[2025-04-06T01:30:10.374+0000] {processor.py:914} INFO - Processing file /home/airflow/.local/lib/python3.12/site-packages/airflow/example_dags/example_datasets.py for tasks to queue
[2025-04-06T01:30:10.375+0000] {logging_mixin.py:190} INFO - [2025-04-06T01:30:10.375+0000] {dagbag.py:588} INFO - Filling up the DagBag from /home/airflow/.local/lib/python3.12/site-packages/airflow/example_dags/example_datasets.py
[2025-04-06T01:30:10.927+0000] {processor.py:925} INFO - DAG(s) 'consume_1_or_both_2_and_3_with_dataset_expressions', 'conditional_dataset_and_time_based_timetable', 'dataset_consumes_1', 'dataset_consumes_unknown_never_scheduled', 'dataset_consumes_1_never_scheduled', 'dataset_produces_1', 'consume_1_and_2_with_dataset_expressions', 'dataset_produces_2', 'dataset_consumes_1_and_2', 'consume_1_or_2_with_dataset_expressions' retrieved from /home/airflow/.local/lib/python3.12/site-packages/airflow/example_dags/example_datasets.py
[2025-04-06T01:30:10.952+0000] {logging_mixin.py:190} INFO - [2025-04-06T01:30:10.952+0000] {dag.py:3239} INFO - Sync 10 DAGs
[2025-04-06T01:30:10.965+0000] {logging_mixin.py:190} INFO - [2025-04-06T01:30:10.965+0000] {dag.py:4180} INFO - Setting next_dagrun for conditional_dataset_and_time_based_timetable to 2025-04-02 01:00:00+00:00, run_after=2025-04-02 01:00:00+00:00
[2025-04-06T01:30:10.967+0000] {logging_mixin.py:190} INFO - [2025-04-06T01:30:10.967+0000] {dag.py:4180} INFO - Setting next_dagrun for consume_1_and_2_with_dataset_expressions to None, run_after=None
[2025-04-06T01:30:10.968+0000] {logging_mixin.py:190} INFO - [2025-04-06T01:30:10.968+0000] {dag.py:4180} INFO - Setting next_dagrun for consume_1_or_2_with_dataset_expressions to None, run_after=None
[2025-04-06T01:30:10.968+0000] {logging_mixin.py:190} INFO - [2025-04-06T01:30:10.968+0000] {dag.py:4180} INFO - Setting next_dagrun for consume_1_or_both_2_and_3_with_dataset_expressions to None, run_after=None
[2025-04-06T01:30:10.969+0000] {logging_mixin.py:190} INFO - [2025-04-06T01:30:10.969+0000] {dag.py:4180} INFO - Setting next_dagrun for dataset_consumes_1 to None, run_after=None
[2025-04-06T01:30:10.970+0000] {logging_mixin.py:190} INFO - [2025-04-06T01:30:10.970+0000] {dag.py:4180} INFO - Setting next_dagrun for dataset_consumes_1_and_2 to None, run_after=None
[2025-04-06T01:30:10.971+0000] {logging_mixin.py:190} INFO - [2025-04-06T01:30:10.971+0000] {dag.py:4180} INFO - Setting next_dagrun for dataset_consumes_1_never_scheduled to None, run_after=None
[2025-04-06T01:30:10.972+0000] {logging_mixin.py:190} INFO - [2025-04-06T01:30:10.972+0000] {dag.py:4180} INFO - Setting next_dagrun for dataset_consumes_unknown_never_scheduled to None, run_after=None
[2025-04-06T01:30:10.973+0000] {logging_mixin.py:190} INFO - [2025-04-06T01:30:10.973+0000] {dag.py:4180} INFO - Setting next_dagrun for dataset_produces_1 to 2025-04-05 00:00:00+00:00, run_after=2025-04-06 00:00:00+00:00
[2025-04-06T01:30:10.974+0000] {logging_mixin.py:190} INFO - [2025-04-06T01:30:10.974+0000] {dag.py:4180} INFO - Setting next_dagrun for dataset_produces_2 to None, run_after=None
[2025-04-06T01:30:11.004+0000] {processor.py:208} INFO - Processing /home/airflow/.local/lib/python3.12/site-packages/airflow/example_dags/example_datasets.py took 0.639 seconds
[2025-04-06T01:30:41.159+0000] {processor.py:186} INFO - Started process (PID=637) to work on /home/airflow/.local/lib/python3.12/site-packages/airflow/example_dags/example_datasets.py
[2025-04-06T01:30:41.159+0000] {processor.py:914} INFO - Processing file /home/airflow/.local/lib/python3.12/site-packages/airflow/example_dags/example_datasets.py for tasks to queue
[2025-04-06T01:30:41.160+0000] {logging_mixin.py:190} INFO - [2025-04-06T01:30:41.160+0000] {dagbag.py:588} INFO - Filling up the DagBag from /home/airflow/.local/lib/python3.12/site-packages/airflow/example_dags/example_datasets.py
[2025-04-06T01:30:41.447+0000] {processor.py:925} INFO - DAG(s) 'dataset_consumes_1_never_scheduled', 'consume_1_and_2_with_dataset_expressions', 'dataset_produces_2', 'consume_1_or_2_with_dataset_expressions', 'consume_1_or_both_2_and_3_with_dataset_expressions', 'dataset_produces_1', 'conditional_dataset_and_time_based_timetable', 'dataset_consumes_1_and_2', 'dataset_consumes_1', 'dataset_consumes_unknown_never_scheduled' retrieved from /home/airflow/.local/lib/python3.12/site-packages/airflow/example_dags/example_datasets.py
[2025-04-06T01:30:41.463+0000] {logging_mixin.py:190} INFO - [2025-04-06T01:30:41.463+0000] {dag.py:3239} INFO - Sync 10 DAGs
[2025-04-06T01:30:41.472+0000] {logging_mixin.py:190} INFO - [2025-04-06T01:30:41.472+0000] {dag.py:4180} INFO - Setting next_dagrun for conditional_dataset_and_time_based_timetable to 2025-04-02 01:00:00+00:00, run_after=2025-04-02 01:00:00+00:00
[2025-04-06T01:30:41.474+0000] {logging_mixin.py:190} INFO - [2025-04-06T01:30:41.474+0000] {dag.py:4180} INFO - Setting next_dagrun for consume_1_and_2_with_dataset_expressions to None, run_after=None
[2025-04-06T01:30:41.474+0000] {logging_mixin.py:190} INFO - [2025-04-06T01:30:41.474+0000] {dag.py:4180} INFO - Setting next_dagrun for consume_1_or_2_with_dataset_expressions to None, run_after=None
[2025-04-06T01:30:41.475+0000] {logging_mixin.py:190} INFO - [2025-04-06T01:30:41.475+0000] {dag.py:4180} INFO - Setting next_dagrun for consume_1_or_both_2_and_3_with_dataset_expressions to None, run_after=None
[2025-04-06T01:30:41.475+0000] {logging_mixin.py:190} INFO - [2025-04-06T01:30:41.475+0000] {dag.py:4180} INFO - Setting next_dagrun for dataset_consumes_1 to None, run_after=None
[2025-04-06T01:30:41.476+0000] {logging_mixin.py:190} INFO - [2025-04-06T01:30:41.476+0000] {dag.py:4180} INFO - Setting next_dagrun for dataset_consumes_1_and_2 to None, run_after=None
[2025-04-06T01:30:41.476+0000] {logging_mixin.py:190} INFO - [2025-04-06T01:30:41.476+0000] {dag.py:4180} INFO - Setting next_dagrun for dataset_consumes_1_never_scheduled to None, run_after=None
[2025-04-06T01:30:41.477+0000] {logging_mixin.py:190} INFO - [2025-04-06T01:30:41.477+0000] {dag.py:4180} INFO - Setting next_dagrun for dataset_consumes_unknown_never_scheduled to None, run_after=None
[2025-04-06T01:30:41.477+0000] {logging_mixin.py:190} INFO - [2025-04-06T01:30:41.477+0000] {dag.py:4180} INFO - Setting next_dagrun for dataset_produces_1 to 2025-04-05 00:00:00+00:00, run_after=2025-04-06 00:00:00+00:00
[2025-04-06T01:30:41.478+0000] {logging_mixin.py:190} INFO - [2025-04-06T01:30:41.478+0000] {dag.py:4180} INFO - Setting next_dagrun for dataset_produces_2 to None, run_after=None
[2025-04-06T01:30:41.491+0000] {processor.py:208} INFO - Processing /home/airflow/.local/lib/python3.12/site-packages/airflow/example_dags/example_datasets.py took 0.335 seconds
[2025-04-06T01:31:12.337+0000] {processor.py:186} INFO - Started process (PID=700) to work on /home/airflow/.local/lib/python3.12/site-packages/airflow/example_dags/example_datasets.py
[2025-04-06T01:31:12.338+0000] {processor.py:914} INFO - Processing file /home/airflow/.local/lib/python3.12/site-packages/airflow/example_dags/example_datasets.py for tasks to queue
[2025-04-06T01:31:12.339+0000] {logging_mixin.py:190} INFO - [2025-04-06T01:31:12.338+0000] {dagbag.py:588} INFO - Filling up the DagBag from /home/airflow/.local/lib/python3.12/site-packages/airflow/example_dags/example_datasets.py
[2025-04-06T01:31:12.654+0000] {processor.py:925} INFO - DAG(s) 'dataset_produces_1', 'dataset_consumes_1', 'dataset_consumes_1_never_scheduled', 'consume_1_or_both_2_and_3_with_dataset_expressions', 'dataset_consumes_unknown_never_scheduled', 'consume_1_and_2_with_dataset_expressions', 'consume_1_or_2_with_dataset_expressions', 'conditional_dataset_and_time_based_timetable', 'dataset_produces_2', 'dataset_consumes_1_and_2' retrieved from /home/airflow/.local/lib/python3.12/site-packages/airflow/example_dags/example_datasets.py
[2025-04-06T01:31:12.672+0000] {logging_mixin.py:190} INFO - [2025-04-06T01:31:12.672+0000] {dag.py:3239} INFO - Sync 10 DAGs
[2025-04-06T01:31:12.682+0000] {logging_mixin.py:190} INFO - [2025-04-06T01:31:12.682+0000] {dag.py:4180} INFO - Setting next_dagrun for conditional_dataset_and_time_based_timetable to 2025-04-02 01:00:00+00:00, run_after=2025-04-02 01:00:00+00:00
[2025-04-06T01:31:12.683+0000] {logging_mixin.py:190} INFO - [2025-04-06T01:31:12.683+0000] {dag.py:4180} INFO - Setting next_dagrun for consume_1_and_2_with_dataset_expressions to None, run_after=None
[2025-04-06T01:31:12.684+0000] {logging_mixin.py:190} INFO - [2025-04-06T01:31:12.684+0000] {dag.py:4180} INFO - Setting next_dagrun for consume_1_or_2_with_dataset_expressions to None, run_after=None
[2025-04-06T01:31:12.685+0000] {logging_mixin.py:190} INFO - [2025-04-06T01:31:12.684+0000] {dag.py:4180} INFO - Setting next_dagrun for consume_1_or_both_2_and_3_with_dataset_expressions to None, run_after=None
[2025-04-06T01:31:12.685+0000] {logging_mixin.py:190} INFO - [2025-04-06T01:31:12.685+0000] {dag.py:4180} INFO - Setting next_dagrun for dataset_consumes_1 to None, run_after=None
[2025-04-06T01:31:12.685+0000] {logging_mixin.py:190} INFO - [2025-04-06T01:31:12.685+0000] {dag.py:4180} INFO - Setting next_dagrun for dataset_consumes_1_and_2 to None, run_after=None
[2025-04-06T01:31:12.686+0000] {logging_mixin.py:190} INFO - [2025-04-06T01:31:12.686+0000] {dag.py:4180} INFO - Setting next_dagrun for dataset_consumes_1_never_scheduled to None, run_after=None
[2025-04-06T01:31:12.686+0000] {logging_mixin.py:190} INFO - [2025-04-06T01:31:12.686+0000] {dag.py:4180} INFO - Setting next_dagrun for dataset_consumes_unknown_never_scheduled to None, run_after=None
[2025-04-06T01:31:12.687+0000] {logging_mixin.py:190} INFO - [2025-04-06T01:31:12.687+0000] {dag.py:4180} INFO - Setting next_dagrun for dataset_produces_1 to 2025-04-05 00:00:00+00:00, run_after=2025-04-06 00:00:00+00:00
[2025-04-06T01:31:12.688+0000] {logging_mixin.py:190} INFO - [2025-04-06T01:31:12.688+0000] {dag.py:4180} INFO - Setting next_dagrun for dataset_produces_2 to None, run_after=None
[2025-04-06T01:31:12.702+0000] {processor.py:208} INFO - Processing /home/airflow/.local/lib/python3.12/site-packages/airflow/example_dags/example_datasets.py took 0.368 seconds
[2025-04-06T01:31:43.477+0000] {processor.py:186} INFO - Started process (PID=753) to work on /home/airflow/.local/lib/python3.12/site-packages/airflow/example_dags/example_datasets.py
[2025-04-06T01:31:43.482+0000] {processor.py:914} INFO - Processing file /home/airflow/.local/lib/python3.12/site-packages/airflow/example_dags/example_datasets.py for tasks to queue
[2025-04-06T01:31:43.483+0000] {logging_mixin.py:190} INFO - [2025-04-06T01:31:43.483+0000] {dagbag.py:588} INFO - Filling up the DagBag from /home/airflow/.local/lib/python3.12/site-packages/airflow/example_dags/example_datasets.py
[2025-04-06T01:31:43.995+0000] {processor.py:925} INFO - DAG(s) 'dataset_produces_1', 'dataset_consumes_1_and_2', 'consume_1_and_2_with_dataset_expressions', 'dataset_produces_2', 'consume_1_or_2_with_dataset_expressions', 'dataset_consumes_1', 'conditional_dataset_and_time_based_timetable', 'dataset_consumes_1_never_scheduled', 'consume_1_or_both_2_and_3_with_dataset_expressions', 'dataset_consumes_unknown_never_scheduled' retrieved from /home/airflow/.local/lib/python3.12/site-packages/airflow/example_dags/example_datasets.py
[2025-04-06T01:31:44.026+0000] {logging_mixin.py:190} INFO - [2025-04-06T01:31:44.026+0000] {dag.py:3239} INFO - Sync 10 DAGs
[2025-04-06T01:31:44.039+0000] {logging_mixin.py:190} INFO - [2025-04-06T01:31:44.039+0000] {dag.py:4180} INFO - Setting next_dagrun for conditional_dataset_and_time_based_timetable to 2025-04-02 01:00:00+00:00, run_after=2025-04-02 01:00:00+00:00
[2025-04-06T01:31:44.046+0000] {logging_mixin.py:190} INFO - [2025-04-06T01:31:44.046+0000] {dag.py:4180} INFO - Setting next_dagrun for consume_1_and_2_with_dataset_expressions to None, run_after=None
[2025-04-06T01:31:44.050+0000] {logging_mixin.py:190} INFO - [2025-04-06T01:31:44.050+0000] {dag.py:4180} INFO - Setting next_dagrun for consume_1_or_2_with_dataset_expressions to None, run_after=None
[2025-04-06T01:31:44.051+0000] {logging_mixin.py:190} INFO - [2025-04-06T01:31:44.051+0000] {dag.py:4180} INFO - Setting next_dagrun for consume_1_or_both_2_and_3_with_dataset_expressions to None, run_after=None
[2025-04-06T01:31:44.052+0000] {logging_mixin.py:190} INFO - [2025-04-06T01:31:44.052+0000] {dag.py:4180} INFO - Setting next_dagrun for dataset_consumes_1 to None, run_after=None
[2025-04-06T01:31:44.053+0000] {logging_mixin.py:190} INFO - [2025-04-06T01:31:44.053+0000] {dag.py:4180} INFO - Setting next_dagrun for dataset_consumes_1_and_2 to None, run_after=None
[2025-04-06T01:31:44.053+0000] {logging_mixin.py:190} INFO - [2025-04-06T01:31:44.053+0000] {dag.py:4180} INFO - Setting next_dagrun for dataset_consumes_1_never_scheduled to None, run_after=None
[2025-04-06T01:31:44.054+0000] {logging_mixin.py:190} INFO - [2025-04-06T01:31:44.054+0000] {dag.py:4180} INFO - Setting next_dagrun for dataset_consumes_unknown_never_scheduled to None, run_after=None
[2025-04-06T01:31:44.056+0000] {logging_mixin.py:190} INFO - [2025-04-06T01:31:44.055+0000] {dag.py:4180} INFO - Setting next_dagrun for dataset_produces_1 to 2025-04-05 00:00:00+00:00, run_after=2025-04-06 00:00:00+00:00
[2025-04-06T01:31:44.056+0000] {logging_mixin.py:190} INFO - [2025-04-06T01:31:44.056+0000] {dag.py:4180} INFO - Setting next_dagrun for dataset_produces_2 to None, run_after=None
[2025-04-06T01:31:44.082+0000] {processor.py:208} INFO - Processing /home/airflow/.local/lib/python3.12/site-packages/airflow/example_dags/example_datasets.py took 0.608 seconds
[2025-04-06T01:32:14.316+0000] {processor.py:186} INFO - Started process (PID=816) to work on /home/airflow/.local/lib/python3.12/site-packages/airflow/example_dags/example_datasets.py
[2025-04-06T01:32:14.316+0000] {processor.py:914} INFO - Processing file /home/airflow/.local/lib/python3.12/site-packages/airflow/example_dags/example_datasets.py for tasks to queue
[2025-04-06T01:32:14.317+0000] {logging_mixin.py:190} INFO - [2025-04-06T01:32:14.317+0000] {dagbag.py:588} INFO - Filling up the DagBag from /home/airflow/.local/lib/python3.12/site-packages/airflow/example_dags/example_datasets.py
[2025-04-06T01:32:14.648+0000] {processor.py:925} INFO - DAG(s) 'dataset_produces_2', 'dataset_consumes_1', 'consume_1_or_2_with_dataset_expressions', 'dataset_consumes_unknown_never_scheduled', 'dataset_produces_1', 'consume_1_and_2_with_dataset_expressions', 'conditional_dataset_and_time_based_timetable', 'dataset_consumes_1_never_scheduled', 'consume_1_or_both_2_and_3_with_dataset_expressions', 'dataset_consumes_1_and_2' retrieved from /home/airflow/.local/lib/python3.12/site-packages/airflow/example_dags/example_datasets.py
[2025-04-06T01:32:14.670+0000] {logging_mixin.py:190} INFO - [2025-04-06T01:32:14.669+0000] {dag.py:3239} INFO - Sync 10 DAGs
[2025-04-06T01:32:14.681+0000] {logging_mixin.py:190} INFO - [2025-04-06T01:32:14.681+0000] {dag.py:4180} INFO - Setting next_dagrun for conditional_dataset_and_time_based_timetable to 2025-04-02 01:00:00+00:00, run_after=2025-04-02 01:00:00+00:00
[2025-04-06T01:32:14.683+0000] {logging_mixin.py:190} INFO - [2025-04-06T01:32:14.682+0000] {dag.py:4180} INFO - Setting next_dagrun for consume_1_and_2_with_dataset_expressions to None, run_after=None
[2025-04-06T01:32:14.684+0000] {logging_mixin.py:190} INFO - [2025-04-06T01:32:14.684+0000] {dag.py:4180} INFO - Setting next_dagrun for consume_1_or_2_with_dataset_expressions to None, run_after=None
[2025-04-06T01:32:14.685+0000] {logging_mixin.py:190} INFO - [2025-04-06T01:32:14.685+0000] {dag.py:4180} INFO - Setting next_dagrun for consume_1_or_both_2_and_3_with_dataset_expressions to None, run_after=None
[2025-04-06T01:32:14.686+0000] {logging_mixin.py:190} INFO - [2025-04-06T01:32:14.686+0000] {dag.py:4180} INFO - Setting next_dagrun for dataset_consumes_1 to None, run_after=None
[2025-04-06T01:32:14.688+0000] {logging_mixin.py:190} INFO - [2025-04-06T01:32:14.688+0000] {dag.py:4180} INFO - Setting next_dagrun for dataset_consumes_1_and_2 to None, run_after=None
[2025-04-06T01:32:14.688+0000] {logging_mixin.py:190} INFO - [2025-04-06T01:32:14.688+0000] {dag.py:4180} INFO - Setting next_dagrun for dataset_consumes_1_never_scheduled to None, run_after=None
[2025-04-06T01:32:14.689+0000] {logging_mixin.py:190} INFO - [2025-04-06T01:32:14.689+0000] {dag.py:4180} INFO - Setting next_dagrun for dataset_consumes_unknown_never_scheduled to None, run_after=None
[2025-04-06T01:32:14.690+0000] {logging_mixin.py:190} INFO - [2025-04-06T01:32:14.690+0000] {dag.py:4180} INFO - Setting next_dagrun for dataset_produces_1 to 2025-04-05 00:00:00+00:00, run_after=2025-04-06 00:00:00+00:00
[2025-04-06T01:32:14.691+0000] {logging_mixin.py:190} INFO - [2025-04-06T01:32:14.691+0000] {dag.py:4180} INFO - Setting next_dagrun for dataset_produces_2 to None, run_after=None
[2025-04-06T01:32:14.709+0000] {processor.py:208} INFO - Processing /home/airflow/.local/lib/python3.12/site-packages/airflow/example_dags/example_datasets.py took 0.396 seconds
[2025-04-06T01:32:45.613+0000] {processor.py:186} INFO - Started process (PID=879) to work on /home/airflow/.local/lib/python3.12/site-packages/airflow/example_dags/example_datasets.py
[2025-04-06T01:32:45.614+0000] {processor.py:914} INFO - Processing file /home/airflow/.local/lib/python3.12/site-packages/airflow/example_dags/example_datasets.py for tasks to queue
[2025-04-06T01:32:45.615+0000] {logging_mixin.py:190} INFO - [2025-04-06T01:32:45.614+0000] {dagbag.py:588} INFO - Filling up the DagBag from /home/airflow/.local/lib/python3.12/site-packages/airflow/example_dags/example_datasets.py
[2025-04-06T01:32:45.947+0000] {processor.py:925} INFO - DAG(s) 'consume_1_or_both_2_and_3_with_dataset_expressions', 'dataset_consumes_unknown_never_scheduled', 'dataset_consumes_1', 'consume_1_and_2_with_dataset_expressions', 'dataset_consumes_1_never_scheduled', 'dataset_consumes_1_and_2', 'dataset_produces_1', 'dataset_produces_2', 'consume_1_or_2_with_dataset_expressions', 'conditional_dataset_and_time_based_timetable' retrieved from /home/airflow/.local/lib/python3.12/site-packages/airflow/example_dags/example_datasets.py
[2025-04-06T01:32:45.967+0000] {logging_mixin.py:190} INFO - [2025-04-06T01:32:45.967+0000] {dag.py:3239} INFO - Sync 10 DAGs
[2025-04-06T01:32:45.981+0000] {logging_mixin.py:190} INFO - [2025-04-06T01:32:45.980+0000] {dag.py:4180} INFO - Setting next_dagrun for conditional_dataset_and_time_based_timetable to 2025-04-02 01:00:00+00:00, run_after=2025-04-02 01:00:00+00:00
[2025-04-06T01:32:45.983+0000] {logging_mixin.py:190} INFO - [2025-04-06T01:32:45.983+0000] {dag.py:4180} INFO - Setting next_dagrun for consume_1_and_2_with_dataset_expressions to None, run_after=None
[2025-04-06T01:32:45.987+0000] {logging_mixin.py:190} INFO - [2025-04-06T01:32:45.987+0000] {dag.py:4180} INFO - Setting next_dagrun for consume_1_or_2_with_dataset_expressions to None, run_after=None
[2025-04-06T01:32:45.987+0000] {logging_mixin.py:190} INFO - [2025-04-06T01:32:45.987+0000] {dag.py:4180} INFO - Setting next_dagrun for consume_1_or_both_2_and_3_with_dataset_expressions to None, run_after=None
[2025-04-06T01:32:45.989+0000] {logging_mixin.py:190} INFO - [2025-04-06T01:32:45.989+0000] {dag.py:4180} INFO - Setting next_dagrun for dataset_consumes_1 to None, run_after=None
[2025-04-06T01:32:45.990+0000] {logging_mixin.py:190} INFO - [2025-04-06T01:32:45.990+0000] {dag.py:4180} INFO - Setting next_dagrun for dataset_consumes_1_and_2 to None, run_after=None
[2025-04-06T01:32:45.990+0000] {logging_mixin.py:190} INFO - [2025-04-06T01:32:45.990+0000] {dag.py:4180} INFO - Setting next_dagrun for dataset_consumes_1_never_scheduled to None, run_after=None
[2025-04-06T01:32:45.991+0000] {logging_mixin.py:190} INFO - [2025-04-06T01:32:45.991+0000] {dag.py:4180} INFO - Setting next_dagrun for dataset_consumes_unknown_never_scheduled to None, run_after=None
[2025-04-06T01:32:45.992+0000] {logging_mixin.py:190} INFO - [2025-04-06T01:32:45.992+0000] {dag.py:4180} INFO - Setting next_dagrun for dataset_produces_1 to 2025-04-05 00:00:00+00:00, run_after=2025-04-06 00:00:00+00:00
[2025-04-06T01:32:45.992+0000] {logging_mixin.py:190} INFO - [2025-04-06T01:32:45.992+0000] {dag.py:4180} INFO - Setting next_dagrun for dataset_produces_2 to None, run_after=None
[2025-04-06T01:32:46.014+0000] {processor.py:208} INFO - Processing /home/airflow/.local/lib/python3.12/site-packages/airflow/example_dags/example_datasets.py took 0.405 seconds
[2025-04-06T01:33:17.746+0000] {processor.py:186} INFO - Started process (PID=942) to work on /home/airflow/.local/lib/python3.12/site-packages/airflow/example_dags/example_datasets.py
[2025-04-06T01:33:17.747+0000] {processor.py:914} INFO - Processing file /home/airflow/.local/lib/python3.12/site-packages/airflow/example_dags/example_datasets.py for tasks to queue
[2025-04-06T01:33:17.747+0000] {logging_mixin.py:190} INFO - [2025-04-06T01:33:17.747+0000] {dagbag.py:588} INFO - Filling up the DagBag from /home/airflow/.local/lib/python3.12/site-packages/airflow/example_dags/example_datasets.py
[2025-04-06T01:33:18.229+0000] {processor.py:925} INFO - DAG(s) 'dataset_produces_1', 'dataset_consumes_unknown_never_scheduled', 'consume_1_and_2_with_dataset_expressions', 'consume_1_or_both_2_and_3_with_dataset_expressions', 'dataset_consumes_1_and_2', 'conditional_dataset_and_time_based_timetable', 'dataset_produces_2', 'dataset_consumes_1', 'consume_1_or_2_with_dataset_expressions', 'dataset_consumes_1_never_scheduled' retrieved from /home/airflow/.local/lib/python3.12/site-packages/airflow/example_dags/example_datasets.py
[2025-04-06T01:33:18.257+0000] {logging_mixin.py:190} INFO - [2025-04-06T01:33:18.257+0000] {dag.py:3239} INFO - Sync 10 DAGs
[2025-04-06T01:33:18.271+0000] {logging_mixin.py:190} INFO - [2025-04-06T01:33:18.271+0000] {dag.py:4180} INFO - Setting next_dagrun for conditional_dataset_and_time_based_timetable to 2025-04-02 01:00:00+00:00, run_after=2025-04-02 01:00:00+00:00
[2025-04-06T01:33:18.278+0000] {logging_mixin.py:190} INFO - [2025-04-06T01:33:18.278+0000] {dag.py:4180} INFO - Setting next_dagrun for consume_1_and_2_with_dataset_expressions to None, run_after=None
[2025-04-06T01:33:18.280+0000] {logging_mixin.py:190} INFO - [2025-04-06T01:33:18.280+0000] {dag.py:4180} INFO - Setting next_dagrun for consume_1_or_2_with_dataset_expressions to None, run_after=None
[2025-04-06T01:33:18.281+0000] {logging_mixin.py:190} INFO - [2025-04-06T01:33:18.281+0000] {dag.py:4180} INFO - Setting next_dagrun for consume_1_or_both_2_and_3_with_dataset_expressions to None, run_after=None
[2025-04-06T01:33:18.282+0000] {logging_mixin.py:190} INFO - [2025-04-06T01:33:18.282+0000] {dag.py:4180} INFO - Setting next_dagrun for dataset_consumes_1 to None, run_after=None
[2025-04-06T01:33:18.283+0000] {logging_mixin.py:190} INFO - [2025-04-06T01:33:18.282+0000] {dag.py:4180} INFO - Setting next_dagrun for dataset_consumes_1_and_2 to None, run_after=None
[2025-04-06T01:33:18.284+0000] {logging_mixin.py:190} INFO - [2025-04-06T01:33:18.284+0000] {dag.py:4180} INFO - Setting next_dagrun for dataset_consumes_1_never_scheduled to None, run_after=None
[2025-04-06T01:33:18.284+0000] {logging_mixin.py:190} INFO - [2025-04-06T01:33:18.284+0000] {dag.py:4180} INFO - Setting next_dagrun for dataset_consumes_unknown_never_scheduled to None, run_after=None
[2025-04-06T01:33:18.285+0000] {logging_mixin.py:190} INFO - [2025-04-06T01:33:18.285+0000] {dag.py:4180} INFO - Setting next_dagrun for dataset_produces_1 to 2025-04-05 00:00:00+00:00, run_after=2025-04-06 00:00:00+00:00
[2025-04-06T01:33:18.286+0000] {logging_mixin.py:190} INFO - [2025-04-06T01:33:18.286+0000] {dag.py:4180} INFO - Setting next_dagrun for dataset_produces_2 to None, run_after=None
[2025-04-06T01:33:18.303+0000] {processor.py:208} INFO - Processing /home/airflow/.local/lib/python3.12/site-packages/airflow/example_dags/example_datasets.py took 0.561 seconds
[2025-04-06T01:33:49.196+0000] {processor.py:186} INFO - Started process (PID=1005) to work on /home/airflow/.local/lib/python3.12/site-packages/airflow/example_dags/example_datasets.py
[2025-04-06T01:33:49.201+0000] {processor.py:914} INFO - Processing file /home/airflow/.local/lib/python3.12/site-packages/airflow/example_dags/example_datasets.py for tasks to queue
[2025-04-06T01:33:49.203+0000] {logging_mixin.py:190} INFO - [2025-04-06T01:33:49.203+0000] {dagbag.py:588} INFO - Filling up the DagBag from /home/airflow/.local/lib/python3.12/site-packages/airflow/example_dags/example_datasets.py
[2025-04-06T01:33:49.575+0000] {processor.py:925} INFO - DAG(s) 'consume_1_and_2_with_dataset_expressions', 'consume_1_or_2_with_dataset_expressions', 'conditional_dataset_and_time_based_timetable', 'dataset_produces_2', 'dataset_consumes_1_never_scheduled', 'dataset_produces_1', 'dataset_consumes_1', 'consume_1_or_both_2_and_3_with_dataset_expressions', 'dataset_consumes_1_and_2', 'dataset_consumes_unknown_never_scheduled' retrieved from /home/airflow/.local/lib/python3.12/site-packages/airflow/example_dags/example_datasets.py
[2025-04-06T01:33:49.598+0000] {logging_mixin.py:190} INFO - [2025-04-06T01:33:49.598+0000] {dag.py:3239} INFO - Sync 10 DAGs
[2025-04-06T01:33:49.611+0000] {logging_mixin.py:190} INFO - [2025-04-06T01:33:49.611+0000] {dag.py:4180} INFO - Setting next_dagrun for conditional_dataset_and_time_based_timetable to 2025-04-02 01:00:00+00:00, run_after=2025-04-02 01:00:00+00:00
[2025-04-06T01:33:49.613+0000] {logging_mixin.py:190} INFO - [2025-04-06T01:33:49.613+0000] {dag.py:4180} INFO - Setting next_dagrun for consume_1_and_2_with_dataset_expressions to None, run_after=None
[2025-04-06T01:33:49.614+0000] {logging_mixin.py:190} INFO - [2025-04-06T01:33:49.614+0000] {dag.py:4180} INFO - Setting next_dagrun for consume_1_or_2_with_dataset_expressions to None, run_after=None
[2025-04-06T01:33:49.615+0000] {logging_mixin.py:190} INFO - [2025-04-06T01:33:49.615+0000] {dag.py:4180} INFO - Setting next_dagrun for consume_1_or_both_2_and_3_with_dataset_expressions to None, run_after=None
[2025-04-06T01:33:49.616+0000] {logging_mixin.py:190} INFO - [2025-04-06T01:33:49.615+0000] {dag.py:4180} INFO - Setting next_dagrun for dataset_consumes_1 to None, run_after=None
[2025-04-06T01:33:49.616+0000] {logging_mixin.py:190} INFO - [2025-04-06T01:33:49.616+0000] {dag.py:4180} INFO - Setting next_dagrun for dataset_consumes_1_and_2 to None, run_after=None
[2025-04-06T01:33:49.617+0000] {logging_mixin.py:190} INFO - [2025-04-06T01:33:49.617+0000] {dag.py:4180} INFO - Setting next_dagrun for dataset_consumes_1_never_scheduled to None, run_after=None
[2025-04-06T01:33:49.618+0000] {logging_mixin.py:190} INFO - [2025-04-06T01:33:49.618+0000] {dag.py:4180} INFO - Setting next_dagrun for dataset_consumes_unknown_never_scheduled to None, run_after=None
[2025-04-06T01:33:49.619+0000] {logging_mixin.py:190} INFO - [2025-04-06T01:33:49.619+0000] {dag.py:4180} INFO - Setting next_dagrun for dataset_produces_1 to 2025-04-05 00:00:00+00:00, run_after=2025-04-06 00:00:00+00:00
[2025-04-06T01:33:49.621+0000] {logging_mixin.py:190} INFO - [2025-04-06T01:33:49.621+0000] {dag.py:4180} INFO - Setting next_dagrun for dataset_produces_2 to None, run_after=None
[2025-04-06T01:33:49.642+0000] {processor.py:208} INFO - Processing /home/airflow/.local/lib/python3.12/site-packages/airflow/example_dags/example_datasets.py took 0.452 seconds
[2025-04-06T01:34:20.356+0000] {processor.py:186} INFO - Started process (PID=1068) to work on /home/airflow/.local/lib/python3.12/site-packages/airflow/example_dags/example_datasets.py
[2025-04-06T01:34:20.357+0000] {processor.py:914} INFO - Processing file /home/airflow/.local/lib/python3.12/site-packages/airflow/example_dags/example_datasets.py for tasks to queue
[2025-04-06T01:34:20.360+0000] {logging_mixin.py:190} INFO - [2025-04-06T01:34:20.360+0000] {dagbag.py:588} INFO - Filling up the DagBag from /home/airflow/.local/lib/python3.12/site-packages/airflow/example_dags/example_datasets.py
[2025-04-06T01:34:21.057+0000] {processor.py:925} INFO - DAG(s) 'dataset_consumes_1', 'consume_1_and_2_with_dataset_expressions', 'dataset_consumes_1_and_2', 'dataset_produces_2', 'conditional_dataset_and_time_based_timetable', 'consume_1_or_both_2_and_3_with_dataset_expressions', 'dataset_consumes_1_never_scheduled', 'consume_1_or_2_with_dataset_expressions', 'dataset_produces_1', 'dataset_consumes_unknown_never_scheduled' retrieved from /home/airflow/.local/lib/python3.12/site-packages/airflow/example_dags/example_datasets.py
[2025-04-06T01:34:21.099+0000] {logging_mixin.py:190} INFO - [2025-04-06T01:34:21.099+0000] {dag.py:3239} INFO - Sync 10 DAGs
[2025-04-06T01:34:21.136+0000] {logging_mixin.py:190} INFO - [2025-04-06T01:34:21.136+0000] {dag.py:4180} INFO - Setting next_dagrun for conditional_dataset_and_time_based_timetable to 2025-04-02 01:00:00+00:00, run_after=2025-04-02 01:00:00+00:00
[2025-04-06T01:34:21.144+0000] {logging_mixin.py:190} INFO - [2025-04-06T01:34:21.144+0000] {dag.py:4180} INFO - Setting next_dagrun for consume_1_and_2_with_dataset_expressions to None, run_after=None
[2025-04-06T01:34:21.147+0000] {logging_mixin.py:190} INFO - [2025-04-06T01:34:21.147+0000] {dag.py:4180} INFO - Setting next_dagrun for consume_1_or_2_with_dataset_expressions to None, run_after=None
[2025-04-06T01:34:21.149+0000] {logging_mixin.py:190} INFO - [2025-04-06T01:34:21.149+0000] {dag.py:4180} INFO - Setting next_dagrun for consume_1_or_both_2_and_3_with_dataset_expressions to None, run_after=None
[2025-04-06T01:34:21.151+0000] {logging_mixin.py:190} INFO - [2025-04-06T01:34:21.151+0000] {dag.py:4180} INFO - Setting next_dagrun for dataset_consumes_1 to None, run_after=None
[2025-04-06T01:34:21.153+0000] {logging_mixin.py:190} INFO - [2025-04-06T01:34:21.153+0000] {dag.py:4180} INFO - Setting next_dagrun for dataset_consumes_1_and_2 to None, run_after=None
[2025-04-06T01:34:21.155+0000] {logging_mixin.py:190} INFO - [2025-04-06T01:34:21.155+0000] {dag.py:4180} INFO - Setting next_dagrun for dataset_consumes_1_never_scheduled to None, run_after=None
[2025-04-06T01:34:21.156+0000] {logging_mixin.py:190} INFO - [2025-04-06T01:34:21.156+0000] {dag.py:4180} INFO - Setting next_dagrun for dataset_consumes_unknown_never_scheduled to None, run_after=None
[2025-04-06T01:34:21.157+0000] {logging_mixin.py:190} INFO - [2025-04-06T01:34:21.157+0000] {dag.py:4180} INFO - Setting next_dagrun for dataset_produces_1 to 2025-04-05 00:00:00+00:00, run_after=2025-04-06 00:00:00+00:00
[2025-04-06T01:34:21.161+0000] {logging_mixin.py:190} INFO - [2025-04-06T01:34:21.160+0000] {dag.py:4180} INFO - Setting next_dagrun for dataset_produces_2 to None, run_after=None
[2025-04-06T01:34:21.199+0000] {processor.py:208} INFO - Processing /home/airflow/.local/lib/python3.12/site-packages/airflow/example_dags/example_datasets.py took 0.847 seconds
[2025-04-06T01:34:51.671+0000] {processor.py:186} INFO - Started process (PID=1131) to work on /home/airflow/.local/lib/python3.12/site-packages/airflow/example_dags/example_datasets.py
[2025-04-06T01:34:51.672+0000] {processor.py:914} INFO - Processing file /home/airflow/.local/lib/python3.12/site-packages/airflow/example_dags/example_datasets.py for tasks to queue
[2025-04-06T01:34:51.673+0000] {logging_mixin.py:190} INFO - [2025-04-06T01:34:51.673+0000] {dagbag.py:588} INFO - Filling up the DagBag from /home/airflow/.local/lib/python3.12/site-packages/airflow/example_dags/example_datasets.py
[2025-04-06T01:34:52.127+0000] {processor.py:925} INFO - DAG(s) 'conditional_dataset_and_time_based_timetable', 'dataset_consumes_1_never_scheduled', 'dataset_consumes_1', 'dataset_consumes_unknown_never_scheduled', 'consume_1_and_2_with_dataset_expressions', 'dataset_produces_1', 'dataset_consumes_1_and_2', 'dataset_produces_2', 'consume_1_or_both_2_and_3_with_dataset_expressions', 'consume_1_or_2_with_dataset_expressions' retrieved from /home/airflow/.local/lib/python3.12/site-packages/airflow/example_dags/example_datasets.py
[2025-04-06T01:34:52.153+0000] {logging_mixin.py:190} INFO - [2025-04-06T01:34:52.153+0000] {dag.py:3239} INFO - Sync 10 DAGs
[2025-04-06T01:34:52.166+0000] {logging_mixin.py:190} INFO - [2025-04-06T01:34:52.166+0000] {dag.py:4180} INFO - Setting next_dagrun for conditional_dataset_and_time_based_timetable to 2025-04-02 01:00:00+00:00, run_after=2025-04-02 01:00:00+00:00
[2025-04-06T01:34:52.170+0000] {logging_mixin.py:190} INFO - [2025-04-06T01:34:52.169+0000] {dag.py:4180} INFO - Setting next_dagrun for consume_1_and_2_with_dataset_expressions to None, run_after=None
[2025-04-06T01:34:52.170+0000] {logging_mixin.py:190} INFO - [2025-04-06T01:34:52.170+0000] {dag.py:4180} INFO - Setting next_dagrun for consume_1_or_2_with_dataset_expressions to None, run_after=None
[2025-04-06T01:34:52.171+0000] {logging_mixin.py:190} INFO - [2025-04-06T01:34:52.171+0000] {dag.py:4180} INFO - Setting next_dagrun for consume_1_or_both_2_and_3_with_dataset_expressions to None, run_after=None
[2025-04-06T01:34:52.171+0000] {logging_mixin.py:190} INFO - [2025-04-06T01:34:52.171+0000] {dag.py:4180} INFO - Setting next_dagrun for dataset_consumes_1 to None, run_after=None
[2025-04-06T01:34:52.172+0000] {logging_mixin.py:190} INFO - [2025-04-06T01:34:52.172+0000] {dag.py:4180} INFO - Setting next_dagrun for dataset_consumes_1_and_2 to None, run_after=None
[2025-04-06T01:34:52.173+0000] {logging_mixin.py:190} INFO - [2025-04-06T01:34:52.172+0000] {dag.py:4180} INFO - Setting next_dagrun for dataset_consumes_1_never_scheduled to None, run_after=None
[2025-04-06T01:34:52.173+0000] {logging_mixin.py:190} INFO - [2025-04-06T01:34:52.173+0000] {dag.py:4180} INFO - Setting next_dagrun for dataset_consumes_unknown_never_scheduled to None, run_after=None
[2025-04-06T01:34:52.174+0000] {logging_mixin.py:190} INFO - [2025-04-06T01:34:52.174+0000] {dag.py:4180} INFO - Setting next_dagrun for dataset_produces_1 to 2025-04-05 00:00:00+00:00, run_after=2025-04-06 00:00:00+00:00
[2025-04-06T01:34:52.175+0000] {logging_mixin.py:190} INFO - [2025-04-06T01:34:52.175+0000] {dag.py:4180} INFO - Setting next_dagrun for dataset_produces_2 to None, run_after=None
[2025-04-06T01:34:52.192+0000] {processor.py:208} INFO - Processing /home/airflow/.local/lib/python3.12/site-packages/airflow/example_dags/example_datasets.py took 0.525 seconds
[2025-04-06T01:35:22.694+0000] {processor.py:186} INFO - Started process (PID=1194) to work on /home/airflow/.local/lib/python3.12/site-packages/airflow/example_dags/example_datasets.py
[2025-04-06T01:35:22.700+0000] {processor.py:914} INFO - Processing file /home/airflow/.local/lib/python3.12/site-packages/airflow/example_dags/example_datasets.py for tasks to queue
[2025-04-06T01:35:22.702+0000] {logging_mixin.py:190} INFO - [2025-04-06T01:35:22.702+0000] {dagbag.py:588} INFO - Filling up the DagBag from /home/airflow/.local/lib/python3.12/site-packages/airflow/example_dags/example_datasets.py
[2025-04-06T01:35:23.112+0000] {processor.py:925} INFO - DAG(s) 'dataset_consumes_1_and_2', 'consume_1_or_both_2_and_3_with_dataset_expressions', 'conditional_dataset_and_time_based_timetable', 'dataset_produces_1', 'consume_1_or_2_with_dataset_expressions', 'dataset_consumes_1_never_scheduled', 'dataset_produces_2', 'dataset_consumes_unknown_never_scheduled', 'dataset_consumes_1', 'consume_1_and_2_with_dataset_expressions' retrieved from /home/airflow/.local/lib/python3.12/site-packages/airflow/example_dags/example_datasets.py
[2025-04-06T01:35:23.136+0000] {logging_mixin.py:190} INFO - [2025-04-06T01:35:23.135+0000] {dag.py:3239} INFO - Sync 10 DAGs
[2025-04-06T01:35:23.150+0000] {logging_mixin.py:190} INFO - [2025-04-06T01:35:23.150+0000] {dag.py:4180} INFO - Setting next_dagrun for conditional_dataset_and_time_based_timetable to 2025-04-02 01:00:00+00:00, run_after=2025-04-02 01:00:00+00:00
[2025-04-06T01:35:23.153+0000] {logging_mixin.py:190} INFO - [2025-04-06T01:35:23.153+0000] {dag.py:4180} INFO - Setting next_dagrun for consume_1_and_2_with_dataset_expressions to None, run_after=None
[2025-04-06T01:35:23.154+0000] {logging_mixin.py:190} INFO - [2025-04-06T01:35:23.154+0000] {dag.py:4180} INFO - Setting next_dagrun for consume_1_or_2_with_dataset_expressions to None, run_after=None
[2025-04-06T01:35:23.155+0000] {logging_mixin.py:190} INFO - [2025-04-06T01:35:23.155+0000] {dag.py:4180} INFO - Setting next_dagrun for consume_1_or_both_2_and_3_with_dataset_expressions to None, run_after=None
[2025-04-06T01:35:23.155+0000] {logging_mixin.py:190} INFO - [2025-04-06T01:35:23.155+0000] {dag.py:4180} INFO - Setting next_dagrun for dataset_consumes_1 to None, run_after=None
[2025-04-06T01:35:23.156+0000] {logging_mixin.py:190} INFO - [2025-04-06T01:35:23.156+0000] {dag.py:4180} INFO - Setting next_dagrun for dataset_consumes_1_and_2 to None, run_after=None
[2025-04-06T01:35:23.156+0000] {logging_mixin.py:190} INFO - [2025-04-06T01:35:23.156+0000] {dag.py:4180} INFO - Setting next_dagrun for dataset_consumes_1_never_scheduled to None, run_after=None
[2025-04-06T01:35:23.157+0000] {logging_mixin.py:190} INFO - [2025-04-06T01:35:23.157+0000] {dag.py:4180} INFO - Setting next_dagrun for dataset_consumes_unknown_never_scheduled to None, run_after=None
[2025-04-06T01:35:23.158+0000] {logging_mixin.py:190} INFO - [2025-04-06T01:35:23.158+0000] {dag.py:4180} INFO - Setting next_dagrun for dataset_produces_1 to 2025-04-05 00:00:00+00:00, run_after=2025-04-06 00:00:00+00:00
[2025-04-06T01:35:23.159+0000] {logging_mixin.py:190} INFO - [2025-04-06T01:35:23.159+0000] {dag.py:4180} INFO - Setting next_dagrun for dataset_produces_2 to None, run_after=None
[2025-04-06T01:35:23.172+0000] {processor.py:208} INFO - Processing /home/airflow/.local/lib/python3.12/site-packages/airflow/example_dags/example_datasets.py took 0.485 seconds
[2025-04-06T01:35:53.255+0000] {processor.py:186} INFO - Started process (PID=1257) to work on /home/airflow/.local/lib/python3.12/site-packages/airflow/example_dags/example_datasets.py
[2025-04-06T01:35:53.259+0000] {processor.py:914} INFO - Processing file /home/airflow/.local/lib/python3.12/site-packages/airflow/example_dags/example_datasets.py for tasks to queue
[2025-04-06T01:35:53.259+0000] {logging_mixin.py:190} INFO - [2025-04-06T01:35:53.259+0000] {dagbag.py:588} INFO - Filling up the DagBag from /home/airflow/.local/lib/python3.12/site-packages/airflow/example_dags/example_datasets.py
[2025-04-06T01:35:53.645+0000] {processor.py:925} INFO - DAG(s) 'dataset_produces_1', 'conditional_dataset_and_time_based_timetable', 'dataset_consumes_unknown_never_scheduled', 'dataset_produces_2', 'dataset_consumes_1_never_scheduled', 'consume_1_or_2_with_dataset_expressions', 'consume_1_and_2_with_dataset_expressions', 'dataset_consumes_1_and_2', 'consume_1_or_both_2_and_3_with_dataset_expressions', 'dataset_consumes_1' retrieved from /home/airflow/.local/lib/python3.12/site-packages/airflow/example_dags/example_datasets.py
[2025-04-06T01:35:53.666+0000] {logging_mixin.py:190} INFO - [2025-04-06T01:35:53.666+0000] {dag.py:3239} INFO - Sync 10 DAGs
[2025-04-06T01:35:53.679+0000] {logging_mixin.py:190} INFO - [2025-04-06T01:35:53.679+0000] {dag.py:4180} INFO - Setting next_dagrun for conditional_dataset_and_time_based_timetable to 2025-04-02 01:00:00+00:00, run_after=2025-04-02 01:00:00+00:00
[2025-04-06T01:35:53.681+0000] {logging_mixin.py:190} INFO - [2025-04-06T01:35:53.681+0000] {dag.py:4180} INFO - Setting next_dagrun for consume_1_and_2_with_dataset_expressions to None, run_after=None
[2025-04-06T01:35:53.682+0000] {logging_mixin.py:190} INFO - [2025-04-06T01:35:53.681+0000] {dag.py:4180} INFO - Setting next_dagrun for consume_1_or_2_with_dataset_expressions to None, run_after=None
[2025-04-06T01:35:53.682+0000] {logging_mixin.py:190} INFO - [2025-04-06T01:35:53.682+0000] {dag.py:4180} INFO - Setting next_dagrun for consume_1_or_both_2_and_3_with_dataset_expressions to None, run_after=None
[2025-04-06T01:35:53.682+0000] {logging_mixin.py:190} INFO - [2025-04-06T01:35:53.682+0000] {dag.py:4180} INFO - Setting next_dagrun for dataset_consumes_1 to None, run_after=None
[2025-04-06T01:35:53.683+0000] {logging_mixin.py:190} INFO - [2025-04-06T01:35:53.683+0000] {dag.py:4180} INFO - Setting next_dagrun for dataset_consumes_1_and_2 to None, run_after=None
[2025-04-06T01:35:53.684+0000] {logging_mixin.py:190} INFO - [2025-04-06T01:35:53.684+0000] {dag.py:4180} INFO - Setting next_dagrun for dataset_consumes_1_never_scheduled to None, run_after=None
[2025-04-06T01:35:53.684+0000] {logging_mixin.py:190} INFO - [2025-04-06T01:35:53.684+0000] {dag.py:4180} INFO - Setting next_dagrun for dataset_consumes_unknown_never_scheduled to None, run_after=None
[2025-04-06T01:35:53.685+0000] {logging_mixin.py:190} INFO - [2025-04-06T01:35:53.685+0000] {dag.py:4180} INFO - Setting next_dagrun for dataset_produces_1 to 2025-04-05 00:00:00+00:00, run_after=2025-04-06 00:00:00+00:00
[2025-04-06T01:35:53.686+0000] {logging_mixin.py:190} INFO - [2025-04-06T01:35:53.686+0000] {dag.py:4180} INFO - Setting next_dagrun for dataset_produces_2 to None, run_after=None
[2025-04-06T01:35:53.701+0000] {processor.py:208} INFO - Processing /home/airflow/.local/lib/python3.12/site-packages/airflow/example_dags/example_datasets.py took 0.449 seconds
[2025-04-06T01:36:24.764+0000] {processor.py:186} INFO - Started process (PID=1320) to work on /home/airflow/.local/lib/python3.12/site-packages/airflow/example_dags/example_datasets.py
[2025-04-06T01:36:24.765+0000] {processor.py:914} INFO - Processing file /home/airflow/.local/lib/python3.12/site-packages/airflow/example_dags/example_datasets.py for tasks to queue
[2025-04-06T01:36:24.765+0000] {logging_mixin.py:190} INFO - [2025-04-06T01:36:24.765+0000] {dagbag.py:588} INFO - Filling up the DagBag from /home/airflow/.local/lib/python3.12/site-packages/airflow/example_dags/example_datasets.py
[2025-04-06T01:36:25.316+0000] {processor.py:925} INFO - DAG(s) 'consume_1_or_2_with_dataset_expressions', 'dataset_consumes_1_never_scheduled', 'conditional_dataset_and_time_based_timetable', 'dataset_consumes_unknown_never_scheduled', 'dataset_consumes_1_and_2', 'dataset_produces_2', 'consume_1_or_both_2_and_3_with_dataset_expressions', 'dataset_produces_1', 'consume_1_and_2_with_dataset_expressions', 'dataset_consumes_1' retrieved from /home/airflow/.local/lib/python3.12/site-packages/airflow/example_dags/example_datasets.py
[2025-04-06T01:36:25.374+0000] {logging_mixin.py:190} INFO - [2025-04-06T01:36:25.374+0000] {dag.py:3239} INFO - Sync 10 DAGs
[2025-04-06T01:36:25.392+0000] {logging_mixin.py:190} INFO - [2025-04-06T01:36:25.392+0000] {dag.py:4180} INFO - Setting next_dagrun for conditional_dataset_and_time_based_timetable to 2025-04-02 01:00:00+00:00, run_after=2025-04-02 01:00:00+00:00
[2025-04-06T01:36:25.397+0000] {logging_mixin.py:190} INFO - [2025-04-06T01:36:25.396+0000] {dag.py:4180} INFO - Setting next_dagrun for consume_1_and_2_with_dataset_expressions to None, run_after=None
[2025-04-06T01:36:25.403+0000] {logging_mixin.py:190} INFO - [2025-04-06T01:36:25.403+0000] {dag.py:4180} INFO - Setting next_dagrun for consume_1_or_2_with_dataset_expressions to None, run_after=None
[2025-04-06T01:36:25.405+0000] {logging_mixin.py:190} INFO - [2025-04-06T01:36:25.405+0000] {dag.py:4180} INFO - Setting next_dagrun for consume_1_or_both_2_and_3_with_dataset_expressions to None, run_after=None
[2025-04-06T01:36:25.406+0000] {logging_mixin.py:190} INFO - [2025-04-06T01:36:25.406+0000] {dag.py:4180} INFO - Setting next_dagrun for dataset_consumes_1 to None, run_after=None
[2025-04-06T01:36:25.407+0000] {logging_mixin.py:190} INFO - [2025-04-06T01:36:25.407+0000] {dag.py:4180} INFO - Setting next_dagrun for dataset_consumes_1_and_2 to None, run_after=None
[2025-04-06T01:36:25.408+0000] {logging_mixin.py:190} INFO - [2025-04-06T01:36:25.408+0000] {dag.py:4180} INFO - Setting next_dagrun for dataset_consumes_1_never_scheduled to None, run_after=None
[2025-04-06T01:36:25.409+0000] {logging_mixin.py:190} INFO - [2025-04-06T01:36:25.409+0000] {dag.py:4180} INFO - Setting next_dagrun for dataset_consumes_unknown_never_scheduled to None, run_after=None
[2025-04-06T01:36:25.410+0000] {logging_mixin.py:190} INFO - [2025-04-06T01:36:25.410+0000] {dag.py:4180} INFO - Setting next_dagrun for dataset_produces_1 to 2025-04-05 00:00:00+00:00, run_after=2025-04-06 00:00:00+00:00
[2025-04-06T01:36:25.411+0000] {logging_mixin.py:190} INFO - [2025-04-06T01:36:25.411+0000] {dag.py:4180} INFO - Setting next_dagrun for dataset_produces_2 to None, run_after=None
[2025-04-06T01:36:25.438+0000] {processor.py:208} INFO - Processing /home/airflow/.local/lib/python3.12/site-packages/airflow/example_dags/example_datasets.py took 0.678 seconds
