[2025-04-06T01:26:32.478+0000] {processor.py:186} INFO - Started process (PID=119) to work on /home/airflow/.local/lib/python3.12/site-packages/airflow/example_dags/example_latest_only_with_trigger.py
[2025-04-06T01:26:32.480+0000] {processor.py:914} INFO - Processing file /home/airflow/.local/lib/python3.12/site-packages/airflow/example_dags/example_latest_only_with_trigger.py for tasks to queue
[2025-04-06T01:26:32.481+0000] {logging_mixin.py:190} INFO - [2025-04-06T01:26:32.481+0000] {dagbag.py:588} INFO - Filling up the DagBag from /home/airflow/.local/lib/python3.12/site-packages/airflow/example_dags/example_latest_only_with_trigger.py
[2025-04-06T01:26:32.486+0000] {processor.py:925} INFO - DAG(s) 'latest_only_with_trigger' retrieved from /home/airflow/.local/lib/python3.12/site-packages/airflow/example_dags/example_latest_only_with_trigger.py
[2025-04-06T01:26:32.498+0000] {logging_mixin.py:190} INFO - [2025-04-06T01:26:32.498+0000] {dag.py:3239} INFO - Sync 1 DAGs
[2025-04-06T01:26:32.523+0000] {logging_mixin.py:190} INFO - [2025-04-06T01:26:32.522+0000] {dag.py:4180} INFO - Setting next_dagrun for latest_only_with_trigger to 2025-04-05 20:00:00+00:00, run_after=2025-04-06 00:00:00+00:00
[2025-04-06T01:26:32.545+0000] {processor.py:208} INFO - Processing /home/airflow/.local/lib/python3.12/site-packages/airflow/example_dags/example_latest_only_with_trigger.py took 0.071 seconds
[2025-04-06T01:27:03.026+0000] {processor.py:186} INFO - Started process (PID=183) to work on /home/airflow/.local/lib/python3.12/site-packages/airflow/example_dags/example_latest_only_with_trigger.py
[2025-04-06T01:27:03.027+0000] {processor.py:914} INFO - Processing file /home/airflow/.local/lib/python3.12/site-packages/airflow/example_dags/example_latest_only_with_trigger.py for tasks to queue
[2025-04-06T01:27:03.029+0000] {logging_mixin.py:190} INFO - [2025-04-06T01:27:03.028+0000] {dagbag.py:588} INFO - Filling up the DagBag from /home/airflow/.local/lib/python3.12/site-packages/airflow/example_dags/example_latest_only_with_trigger.py
[2025-04-06T01:27:03.033+0000] {processor.py:925} INFO - DAG(s) 'latest_only_with_trigger' retrieved from /home/airflow/.local/lib/python3.12/site-packages/airflow/example_dags/example_latest_only_with_trigger.py
[2025-04-06T01:27:03.045+0000] {logging_mixin.py:190} INFO - [2025-04-06T01:27:03.045+0000] {dag.py:3239} INFO - Sync 1 DAGs
[2025-04-06T01:27:03.057+0000] {logging_mixin.py:190} INFO - [2025-04-06T01:27:03.056+0000] {dag.py:4180} INFO - Setting next_dagrun for latest_only_with_trigger to 2025-04-05 20:00:00+00:00, run_after=2025-04-06 00:00:00+00:00
[2025-04-06T01:27:03.066+0000] {processor.py:208} INFO - Processing /home/airflow/.local/lib/python3.12/site-packages/airflow/example_dags/example_latest_only_with_trigger.py took 0.043 seconds
[2025-04-06T01:27:34.589+0000] {processor.py:186} INFO - Started process (PID=246) to work on /home/airflow/.local/lib/python3.12/site-packages/airflow/example_dags/example_latest_only_with_trigger.py
[2025-04-06T01:27:34.590+0000] {processor.py:914} INFO - Processing file /home/airflow/.local/lib/python3.12/site-packages/airflow/example_dags/example_latest_only_with_trigger.py for tasks to queue
[2025-04-06T01:27:34.591+0000] {logging_mixin.py:190} INFO - [2025-04-06T01:27:34.591+0000] {dagbag.py:588} INFO - Filling up the DagBag from /home/airflow/.local/lib/python3.12/site-packages/airflow/example_dags/example_latest_only_with_trigger.py
[2025-04-06T01:27:34.597+0000] {processor.py:925} INFO - DAG(s) 'latest_only_with_trigger' retrieved from /home/airflow/.local/lib/python3.12/site-packages/airflow/example_dags/example_latest_only_with_trigger.py
[2025-04-06T01:27:34.614+0000] {logging_mixin.py:190} INFO - [2025-04-06T01:27:34.614+0000] {dag.py:3239} INFO - Sync 1 DAGs
[2025-04-06T01:27:34.626+0000] {logging_mixin.py:190} INFO - [2025-04-06T01:27:34.626+0000] {dag.py:4180} INFO - Setting next_dagrun for latest_only_with_trigger to 2025-04-05 20:00:00+00:00, run_after=2025-04-06 00:00:00+00:00
[2025-04-06T01:27:34.638+0000] {processor.py:208} INFO - Processing /home/airflow/.local/lib/python3.12/site-packages/airflow/example_dags/example_latest_only_with_trigger.py took 0.053 seconds
[2025-04-06T01:28:05.266+0000] {processor.py:186} INFO - Started process (PID=309) to work on /home/airflow/.local/lib/python3.12/site-packages/airflow/example_dags/example_latest_only_with_trigger.py
[2025-04-06T01:28:05.267+0000] {processor.py:914} INFO - Processing file /home/airflow/.local/lib/python3.12/site-packages/airflow/example_dags/example_latest_only_with_trigger.py for tasks to queue
[2025-04-06T01:28:05.268+0000] {logging_mixin.py:190} INFO - [2025-04-06T01:28:05.268+0000] {dagbag.py:588} INFO - Filling up the DagBag from /home/airflow/.local/lib/python3.12/site-packages/airflow/example_dags/example_latest_only_with_trigger.py
[2025-04-06T01:28:05.273+0000] {processor.py:925} INFO - DAG(s) 'latest_only_with_trigger' retrieved from /home/airflow/.local/lib/python3.12/site-packages/airflow/example_dags/example_latest_only_with_trigger.py
[2025-04-06T01:28:05.284+0000] {logging_mixin.py:190} INFO - [2025-04-06T01:28:05.284+0000] {dag.py:3239} INFO - Sync 1 DAGs
[2025-04-06T01:28:05.295+0000] {logging_mixin.py:190} INFO - [2025-04-06T01:28:05.295+0000] {dag.py:4180} INFO - Setting next_dagrun for latest_only_with_trigger to 2025-04-05 20:00:00+00:00, run_after=2025-04-06 00:00:00+00:00
[2025-04-06T01:28:05.306+0000] {processor.py:208} INFO - Processing /home/airflow/.local/lib/python3.12/site-packages/airflow/example_dags/example_latest_only_with_trigger.py took 0.042 seconds
[2025-04-06T01:28:36.617+0000] {processor.py:186} INFO - Started process (PID=372) to work on /home/airflow/.local/lib/python3.12/site-packages/airflow/example_dags/example_latest_only_with_trigger.py
[2025-04-06T01:28:36.619+0000] {processor.py:914} INFO - Processing file /home/airflow/.local/lib/python3.12/site-packages/airflow/example_dags/example_latest_only_with_trigger.py for tasks to queue
[2025-04-06T01:28:36.620+0000] {logging_mixin.py:190} INFO - [2025-04-06T01:28:36.620+0000] {dagbag.py:588} INFO - Filling up the DagBag from /home/airflow/.local/lib/python3.12/site-packages/airflow/example_dags/example_latest_only_with_trigger.py
[2025-04-06T01:28:36.625+0000] {processor.py:925} INFO - DAG(s) 'latest_only_with_trigger' retrieved from /home/airflow/.local/lib/python3.12/site-packages/airflow/example_dags/example_latest_only_with_trigger.py
[2025-04-06T01:28:36.636+0000] {logging_mixin.py:190} INFO - [2025-04-06T01:28:36.636+0000] {dag.py:3239} INFO - Sync 1 DAGs
[2025-04-06T01:28:36.647+0000] {logging_mixin.py:190} INFO - [2025-04-06T01:28:36.647+0000] {dag.py:4180} INFO - Setting next_dagrun for latest_only_with_trigger to 2025-04-05 20:00:00+00:00, run_after=2025-04-06 00:00:00+00:00
[2025-04-06T01:28:36.659+0000] {processor.py:208} INFO - Processing /home/airflow/.local/lib/python3.12/site-packages/airflow/example_dags/example_latest_only_with_trigger.py took 0.045 seconds
[2025-04-06T01:29:07.472+0000] {processor.py:186} INFO - Started process (PID=435) to work on /home/airflow/.local/lib/python3.12/site-packages/airflow/example_dags/example_latest_only_with_trigger.py
[2025-04-06T01:29:07.473+0000] {processor.py:914} INFO - Processing file /home/airflow/.local/lib/python3.12/site-packages/airflow/example_dags/example_latest_only_with_trigger.py for tasks to queue
[2025-04-06T01:29:07.474+0000] {logging_mixin.py:190} INFO - [2025-04-06T01:29:07.474+0000] {dagbag.py:588} INFO - Filling up the DagBag from /home/airflow/.local/lib/python3.12/site-packages/airflow/example_dags/example_latest_only_with_trigger.py
[2025-04-06T01:29:07.481+0000] {processor.py:925} INFO - DAG(s) 'latest_only_with_trigger' retrieved from /home/airflow/.local/lib/python3.12/site-packages/airflow/example_dags/example_latest_only_with_trigger.py
[2025-04-06T01:29:07.499+0000] {logging_mixin.py:190} INFO - [2025-04-06T01:29:07.499+0000] {dag.py:3239} INFO - Sync 1 DAGs
[2025-04-06T01:29:07.512+0000] {logging_mixin.py:190} INFO - [2025-04-06T01:29:07.511+0000] {dag.py:4180} INFO - Setting next_dagrun for latest_only_with_trigger to 2025-04-05 20:00:00+00:00, run_after=2025-04-06 00:00:00+00:00
[2025-04-06T01:29:07.522+0000] {processor.py:208} INFO - Processing /home/airflow/.local/lib/python3.12/site-packages/airflow/example_dags/example_latest_only_with_trigger.py took 0.054 seconds
[2025-04-06T01:29:38.468+0000] {processor.py:186} INFO - Started process (PID=498) to work on /home/airflow/.local/lib/python3.12/site-packages/airflow/example_dags/example_latest_only_with_trigger.py
[2025-04-06T01:29:38.469+0000] {processor.py:914} INFO - Processing file /home/airflow/.local/lib/python3.12/site-packages/airflow/example_dags/example_latest_only_with_trigger.py for tasks to queue
[2025-04-06T01:29:38.471+0000] {logging_mixin.py:190} INFO - [2025-04-06T01:29:38.471+0000] {dagbag.py:588} INFO - Filling up the DagBag from /home/airflow/.local/lib/python3.12/site-packages/airflow/example_dags/example_latest_only_with_trigger.py
[2025-04-06T01:29:38.476+0000] {processor.py:925} INFO - DAG(s) 'latest_only_with_trigger' retrieved from /home/airflow/.local/lib/python3.12/site-packages/airflow/example_dags/example_latest_only_with_trigger.py
[2025-04-06T01:29:38.488+0000] {logging_mixin.py:190} INFO - [2025-04-06T01:29:38.488+0000] {dag.py:3239} INFO - Sync 1 DAGs
[2025-04-06T01:29:38.501+0000] {logging_mixin.py:190} INFO - [2025-04-06T01:29:38.501+0000] {dag.py:4180} INFO - Setting next_dagrun for latest_only_with_trigger to 2025-04-05 20:00:00+00:00, run_after=2025-04-06 00:00:00+00:00
[2025-04-06T01:29:38.512+0000] {processor.py:208} INFO - Processing /home/airflow/.local/lib/python3.12/site-packages/airflow/example_dags/example_latest_only_with_trigger.py took 0.049 seconds
[2025-04-06T01:30:09.307+0000] {processor.py:186} INFO - Started process (PID=561) to work on /home/airflow/.local/lib/python3.12/site-packages/airflow/example_dags/example_latest_only_with_trigger.py
[2025-04-06T01:30:09.308+0000] {processor.py:914} INFO - Processing file /home/airflow/.local/lib/python3.12/site-packages/airflow/example_dags/example_latest_only_with_trigger.py for tasks to queue
[2025-04-06T01:30:09.308+0000] {logging_mixin.py:190} INFO - [2025-04-06T01:30:09.308+0000] {dagbag.py:588} INFO - Filling up the DagBag from /home/airflow/.local/lib/python3.12/site-packages/airflow/example_dags/example_latest_only_with_trigger.py
[2025-04-06T01:30:09.313+0000] {processor.py:925} INFO - DAG(s) 'latest_only_with_trigger' retrieved from /home/airflow/.local/lib/python3.12/site-packages/airflow/example_dags/example_latest_only_with_trigger.py
[2025-04-06T01:30:09.331+0000] {logging_mixin.py:190} INFO - [2025-04-06T01:30:09.331+0000] {dag.py:3239} INFO - Sync 1 DAGs
[2025-04-06T01:30:09.344+0000] {logging_mixin.py:190} INFO - [2025-04-06T01:30:09.344+0000] {dag.py:4180} INFO - Setting next_dagrun for latest_only_with_trigger to 2025-04-05 20:00:00+00:00, run_after=2025-04-06 00:00:00+00:00
[2025-04-06T01:30:09.353+0000] {processor.py:208} INFO - Processing /home/airflow/.local/lib/python3.12/site-packages/airflow/example_dags/example_latest_only_with_trigger.py took 0.049 seconds
[2025-04-06T01:30:40.386+0000] {processor.py:186} INFO - Started process (PID=624) to work on /home/airflow/.local/lib/python3.12/site-packages/airflow/example_dags/example_latest_only_with_trigger.py
[2025-04-06T01:30:40.388+0000] {processor.py:914} INFO - Processing file /home/airflow/.local/lib/python3.12/site-packages/airflow/example_dags/example_latest_only_with_trigger.py for tasks to queue
[2025-04-06T01:30:40.388+0000] {logging_mixin.py:190} INFO - [2025-04-06T01:30:40.388+0000] {dagbag.py:588} INFO - Filling up the DagBag from /home/airflow/.local/lib/python3.12/site-packages/airflow/example_dags/example_latest_only_with_trigger.py
[2025-04-06T01:30:40.395+0000] {processor.py:925} INFO - DAG(s) 'latest_only_with_trigger' retrieved from /home/airflow/.local/lib/python3.12/site-packages/airflow/example_dags/example_latest_only_with_trigger.py
[2025-04-06T01:30:40.407+0000] {logging_mixin.py:190} INFO - [2025-04-06T01:30:40.407+0000] {dag.py:3239} INFO - Sync 1 DAGs
[2025-04-06T01:30:40.421+0000] {logging_mixin.py:190} INFO - [2025-04-06T01:30:40.420+0000] {dag.py:4180} INFO - Setting next_dagrun for latest_only_with_trigger to 2025-04-05 20:00:00+00:00, run_after=2025-04-06 00:00:00+00:00
[2025-04-06T01:30:40.431+0000] {processor.py:208} INFO - Processing /home/airflow/.local/lib/python3.12/site-packages/airflow/example_dags/example_latest_only_with_trigger.py took 0.047 seconds
[2025-04-06T01:31:11.687+0000] {processor.py:186} INFO - Started process (PID=687) to work on /home/airflow/.local/lib/python3.12/site-packages/airflow/example_dags/example_latest_only_with_trigger.py
[2025-04-06T01:31:11.690+0000] {processor.py:914} INFO - Processing file /home/airflow/.local/lib/python3.12/site-packages/airflow/example_dags/example_latest_only_with_trigger.py for tasks to queue
[2025-04-06T01:31:11.691+0000] {logging_mixin.py:190} INFO - [2025-04-06T01:31:11.691+0000] {dagbag.py:588} INFO - Filling up the DagBag from /home/airflow/.local/lib/python3.12/site-packages/airflow/example_dags/example_latest_only_with_trigger.py
[2025-04-06T01:31:11.696+0000] {processor.py:925} INFO - DAG(s) 'latest_only_with_trigger' retrieved from /home/airflow/.local/lib/python3.12/site-packages/airflow/example_dags/example_latest_only_with_trigger.py
[2025-04-06T01:31:11.707+0000] {logging_mixin.py:190} INFO - [2025-04-06T01:31:11.707+0000] {dag.py:3239} INFO - Sync 1 DAGs
[2025-04-06T01:31:11.718+0000] {logging_mixin.py:190} INFO - [2025-04-06T01:31:11.718+0000] {dag.py:4180} INFO - Setting next_dagrun for latest_only_with_trigger to 2025-04-05 20:00:00+00:00, run_after=2025-04-06 00:00:00+00:00
[2025-04-06T01:31:11.727+0000] {processor.py:208} INFO - Processing /home/airflow/.local/lib/python3.12/site-packages/airflow/example_dags/example_latest_only_with_trigger.py took 0.043 seconds
[2025-04-06T01:31:43.361+0000] {processor.py:186} INFO - Started process (PID=750) to work on /home/airflow/.local/lib/python3.12/site-packages/airflow/example_dags/example_latest_only_with_trigger.py
[2025-04-06T01:31:43.362+0000] {processor.py:914} INFO - Processing file /home/airflow/.local/lib/python3.12/site-packages/airflow/example_dags/example_latest_only_with_trigger.py for tasks to queue
[2025-04-06T01:31:43.363+0000] {logging_mixin.py:190} INFO - [2025-04-06T01:31:43.362+0000] {dagbag.py:588} INFO - Filling up the DagBag from /home/airflow/.local/lib/python3.12/site-packages/airflow/example_dags/example_latest_only_with_trigger.py
[2025-04-06T01:31:43.368+0000] {processor.py:925} INFO - DAG(s) 'latest_only_with_trigger' retrieved from /home/airflow/.local/lib/python3.12/site-packages/airflow/example_dags/example_latest_only_with_trigger.py
[2025-04-06T01:31:43.380+0000] {logging_mixin.py:190} INFO - [2025-04-06T01:31:43.380+0000] {dag.py:3239} INFO - Sync 1 DAGs
[2025-04-06T01:31:43.392+0000] {logging_mixin.py:190} INFO - [2025-04-06T01:31:43.391+0000] {dag.py:4180} INFO - Setting next_dagrun for latest_only_with_trigger to 2025-04-05 20:00:00+00:00, run_after=2025-04-06 00:00:00+00:00
[2025-04-06T01:31:43.402+0000] {processor.py:208} INFO - Processing /home/airflow/.local/lib/python3.12/site-packages/airflow/example_dags/example_latest_only_with_trigger.py took 0.045 seconds
[2025-04-06T01:32:14.217+0000] {processor.py:186} INFO - Started process (PID=813) to work on /home/airflow/.local/lib/python3.12/site-packages/airflow/example_dags/example_latest_only_with_trigger.py
[2025-04-06T01:32:14.219+0000] {processor.py:914} INFO - Processing file /home/airflow/.local/lib/python3.12/site-packages/airflow/example_dags/example_latest_only_with_trigger.py for tasks to queue
[2025-04-06T01:32:14.219+0000] {logging_mixin.py:190} INFO - [2025-04-06T01:32:14.219+0000] {dagbag.py:588} INFO - Filling up the DagBag from /home/airflow/.local/lib/python3.12/site-packages/airflow/example_dags/example_latest_only_with_trigger.py
[2025-04-06T01:32:14.225+0000] {processor.py:925} INFO - DAG(s) 'latest_only_with_trigger' retrieved from /home/airflow/.local/lib/python3.12/site-packages/airflow/example_dags/example_latest_only_with_trigger.py
[2025-04-06T01:32:14.239+0000] {logging_mixin.py:190} INFO - [2025-04-06T01:32:14.239+0000] {dag.py:3239} INFO - Sync 1 DAGs
[2025-04-06T01:32:14.253+0000] {logging_mixin.py:190} INFO - [2025-04-06T01:32:14.253+0000] {dag.py:4180} INFO - Setting next_dagrun for latest_only_with_trigger to 2025-04-05 20:00:00+00:00, run_after=2025-04-06 00:00:00+00:00
[2025-04-06T01:32:14.263+0000] {processor.py:208} INFO - Processing /home/airflow/.local/lib/python3.12/site-packages/airflow/example_dags/example_latest_only_with_trigger.py took 0.049 seconds
[2025-04-06T01:32:45.500+0000] {processor.py:186} INFO - Started process (PID=876) to work on /home/airflow/.local/lib/python3.12/site-packages/airflow/example_dags/example_latest_only_with_trigger.py
[2025-04-06T01:32:45.501+0000] {processor.py:914} INFO - Processing file /home/airflow/.local/lib/python3.12/site-packages/airflow/example_dags/example_latest_only_with_trigger.py for tasks to queue
[2025-04-06T01:32:45.501+0000] {logging_mixin.py:190} INFO - [2025-04-06T01:32:45.501+0000] {dagbag.py:588} INFO - Filling up the DagBag from /home/airflow/.local/lib/python3.12/site-packages/airflow/example_dags/example_latest_only_with_trigger.py
[2025-04-06T01:32:45.507+0000] {processor.py:925} INFO - DAG(s) 'latest_only_with_trigger' retrieved from /home/airflow/.local/lib/python3.12/site-packages/airflow/example_dags/example_latest_only_with_trigger.py
[2025-04-06T01:32:45.521+0000] {logging_mixin.py:190} INFO - [2025-04-06T01:32:45.520+0000] {dag.py:3239} INFO - Sync 1 DAGs
[2025-04-06T01:32:45.534+0000] {logging_mixin.py:190} INFO - [2025-04-06T01:32:45.534+0000] {dag.py:4180} INFO - Setting next_dagrun for latest_only_with_trigger to 2025-04-05 20:00:00+00:00, run_after=2025-04-06 00:00:00+00:00
[2025-04-06T01:32:45.543+0000] {processor.py:208} INFO - Processing /home/airflow/.local/lib/python3.12/site-packages/airflow/example_dags/example_latest_only_with_trigger.py took 0.047 seconds
[2025-04-06T01:33:17.621+0000] {processor.py:186} INFO - Started process (PID=939) to work on /home/airflow/.local/lib/python3.12/site-packages/airflow/example_dags/example_latest_only_with_trigger.py
[2025-04-06T01:33:17.622+0000] {processor.py:914} INFO - Processing file /home/airflow/.local/lib/python3.12/site-packages/airflow/example_dags/example_latest_only_with_trigger.py for tasks to queue
[2025-04-06T01:33:17.622+0000] {logging_mixin.py:190} INFO - [2025-04-06T01:33:17.622+0000] {dagbag.py:588} INFO - Filling up the DagBag from /home/airflow/.local/lib/python3.12/site-packages/airflow/example_dags/example_latest_only_with_trigger.py
[2025-04-06T01:33:17.629+0000] {processor.py:925} INFO - DAG(s) 'latest_only_with_trigger' retrieved from /home/airflow/.local/lib/python3.12/site-packages/airflow/example_dags/example_latest_only_with_trigger.py
[2025-04-06T01:33:17.640+0000] {logging_mixin.py:190} INFO - [2025-04-06T01:33:17.640+0000] {dag.py:3239} INFO - Sync 1 DAGs
[2025-04-06T01:33:17.659+0000] {logging_mixin.py:190} INFO - [2025-04-06T01:33:17.659+0000] {dag.py:4180} INFO - Setting next_dagrun for latest_only_with_trigger to 2025-04-05 20:00:00+00:00, run_after=2025-04-06 00:00:00+00:00
[2025-04-06T01:33:17.671+0000] {processor.py:208} INFO - Processing /home/airflow/.local/lib/python3.12/site-packages/airflow/example_dags/example_latest_only_with_trigger.py took 0.053 seconds
[2025-04-06T01:33:48.109+0000] {processor.py:186} INFO - Started process (PID=1002) to work on /home/airflow/.local/lib/python3.12/site-packages/airflow/example_dags/example_latest_only_with_trigger.py
[2025-04-06T01:33:48.111+0000] {processor.py:914} INFO - Processing file /home/airflow/.local/lib/python3.12/site-packages/airflow/example_dags/example_latest_only_with_trigger.py for tasks to queue
[2025-04-06T01:33:48.112+0000] {logging_mixin.py:190} INFO - [2025-04-06T01:33:48.112+0000] {dagbag.py:588} INFO - Filling up the DagBag from /home/airflow/.local/lib/python3.12/site-packages/airflow/example_dags/example_latest_only_with_trigger.py
[2025-04-06T01:33:48.117+0000] {processor.py:925} INFO - DAG(s) 'latest_only_with_trigger' retrieved from /home/airflow/.local/lib/python3.12/site-packages/airflow/example_dags/example_latest_only_with_trigger.py
[2025-04-06T01:33:48.130+0000] {logging_mixin.py:190} INFO - [2025-04-06T01:33:48.130+0000] {dag.py:3239} INFO - Sync 1 DAGs
[2025-04-06T01:33:48.145+0000] {logging_mixin.py:190} INFO - [2025-04-06T01:33:48.145+0000] {dag.py:4180} INFO - Setting next_dagrun for latest_only_with_trigger to 2025-04-05 20:00:00+00:00, run_after=2025-04-06 00:00:00+00:00
[2025-04-06T01:33:48.157+0000] {processor.py:208} INFO - Processing /home/airflow/.local/lib/python3.12/site-packages/airflow/example_dags/example_latest_only_with_trigger.py took 0.051 seconds
[2025-04-06T01:34:20.230+0000] {processor.py:186} INFO - Started process (PID=1065) to work on /home/airflow/.local/lib/python3.12/site-packages/airflow/example_dags/example_latest_only_with_trigger.py
[2025-04-06T01:34:20.231+0000] {processor.py:914} INFO - Processing file /home/airflow/.local/lib/python3.12/site-packages/airflow/example_dags/example_latest_only_with_trigger.py for tasks to queue
[2025-04-06T01:34:20.235+0000] {logging_mixin.py:190} INFO - [2025-04-06T01:34:20.235+0000] {dagbag.py:588} INFO - Filling up the DagBag from /home/airflow/.local/lib/python3.12/site-packages/airflow/example_dags/example_latest_only_with_trigger.py
[2025-04-06T01:34:20.241+0000] {processor.py:925} INFO - DAG(s) 'latest_only_with_trigger' retrieved from /home/airflow/.local/lib/python3.12/site-packages/airflow/example_dags/example_latest_only_with_trigger.py
[2025-04-06T01:34:20.256+0000] {logging_mixin.py:190} INFO - [2025-04-06T01:34:20.255+0000] {dag.py:3239} INFO - Sync 1 DAGs
[2025-04-06T01:34:20.270+0000] {logging_mixin.py:190} INFO - [2025-04-06T01:34:20.270+0000] {dag.py:4180} INFO - Setting next_dagrun for latest_only_with_trigger to 2025-04-05 20:00:00+00:00, run_after=2025-04-06 00:00:00+00:00
[2025-04-06T01:34:20.283+0000] {processor.py:208} INFO - Processing /home/airflow/.local/lib/python3.12/site-packages/airflow/example_dags/example_latest_only_with_trigger.py took 0.056 seconds
[2025-04-06T01:34:50.595+0000] {processor.py:186} INFO - Started process (PID=1128) to work on /home/airflow/.local/lib/python3.12/site-packages/airflow/example_dags/example_latest_only_with_trigger.py
[2025-04-06T01:34:50.598+0000] {processor.py:914} INFO - Processing file /home/airflow/.local/lib/python3.12/site-packages/airflow/example_dags/example_latest_only_with_trigger.py for tasks to queue
[2025-04-06T01:34:50.599+0000] {logging_mixin.py:190} INFO - [2025-04-06T01:34:50.598+0000] {dagbag.py:588} INFO - Filling up the DagBag from /home/airflow/.local/lib/python3.12/site-packages/airflow/example_dags/example_latest_only_with_trigger.py
[2025-04-06T01:34:50.603+0000] {processor.py:925} INFO - DAG(s) 'latest_only_with_trigger' retrieved from /home/airflow/.local/lib/python3.12/site-packages/airflow/example_dags/example_latest_only_with_trigger.py
[2025-04-06T01:34:50.614+0000] {logging_mixin.py:190} INFO - [2025-04-06T01:34:50.614+0000] {dag.py:3239} INFO - Sync 1 DAGs
[2025-04-06T01:34:50.629+0000] {logging_mixin.py:190} INFO - [2025-04-06T01:34:50.629+0000] {dag.py:4180} INFO - Setting next_dagrun for latest_only_with_trigger to 2025-04-05 20:00:00+00:00, run_after=2025-04-06 00:00:00+00:00
[2025-04-06T01:34:50.638+0000] {processor.py:208} INFO - Processing /home/airflow/.local/lib/python3.12/site-packages/airflow/example_dags/example_latest_only_with_trigger.py took 0.046 seconds
[2025-04-06T01:35:21.611+0000] {processor.py:186} INFO - Started process (PID=1191) to work on /home/airflow/.local/lib/python3.12/site-packages/airflow/example_dags/example_latest_only_with_trigger.py
[2025-04-06T01:35:21.613+0000] {processor.py:914} INFO - Processing file /home/airflow/.local/lib/python3.12/site-packages/airflow/example_dags/example_latest_only_with_trigger.py for tasks to queue
[2025-04-06T01:35:21.614+0000] {logging_mixin.py:190} INFO - [2025-04-06T01:35:21.613+0000] {dagbag.py:588} INFO - Filling up the DagBag from /home/airflow/.local/lib/python3.12/site-packages/airflow/example_dags/example_latest_only_with_trigger.py
[2025-04-06T01:35:21.618+0000] {processor.py:925} INFO - DAG(s) 'latest_only_with_trigger' retrieved from /home/airflow/.local/lib/python3.12/site-packages/airflow/example_dags/example_latest_only_with_trigger.py
[2025-04-06T01:35:21.629+0000] {logging_mixin.py:190} INFO - [2025-04-06T01:35:21.629+0000] {dag.py:3239} INFO - Sync 1 DAGs
[2025-04-06T01:35:21.641+0000] {logging_mixin.py:190} INFO - [2025-04-06T01:35:21.641+0000] {dag.py:4180} INFO - Setting next_dagrun for latest_only_with_trigger to 2025-04-05 20:00:00+00:00, run_after=2025-04-06 00:00:00+00:00
[2025-04-06T01:35:21.656+0000] {processor.py:208} INFO - Processing /home/airflow/.local/lib/python3.12/site-packages/airflow/example_dags/example_latest_only_with_trigger.py took 0.049 seconds
[2025-04-06T01:35:53.176+0000] {processor.py:186} INFO - Started process (PID=1254) to work on /home/airflow/.local/lib/python3.12/site-packages/airflow/example_dags/example_latest_only_with_trigger.py
[2025-04-06T01:35:53.177+0000] {processor.py:914} INFO - Processing file /home/airflow/.local/lib/python3.12/site-packages/airflow/example_dags/example_latest_only_with_trigger.py for tasks to queue
[2025-04-06T01:35:53.178+0000] {logging_mixin.py:190} INFO - [2025-04-06T01:35:53.178+0000] {dagbag.py:588} INFO - Filling up the DagBag from /home/airflow/.local/lib/python3.12/site-packages/airflow/example_dags/example_latest_only_with_trigger.py
[2025-04-06T01:35:53.185+0000] {processor.py:925} INFO - DAG(s) 'latest_only_with_trigger' retrieved from /home/airflow/.local/lib/python3.12/site-packages/airflow/example_dags/example_latest_only_with_trigger.py
[2025-04-06T01:35:53.197+0000] {logging_mixin.py:190} INFO - [2025-04-06T01:35:53.197+0000] {dag.py:3239} INFO - Sync 1 DAGs
[2025-04-06T01:35:53.209+0000] {logging_mixin.py:190} INFO - [2025-04-06T01:35:53.209+0000] {dag.py:4180} INFO - Setting next_dagrun for latest_only_with_trigger to 2025-04-05 20:00:00+00:00, run_after=2025-04-06 00:00:00+00:00
[2025-04-06T01:35:53.217+0000] {processor.py:208} INFO - Processing /home/airflow/.local/lib/python3.12/site-packages/airflow/example_dags/example_latest_only_with_trigger.py took 0.047 seconds
[2025-04-06T01:36:24.641+0000] {processor.py:186} INFO - Started process (PID=1317) to work on /home/airflow/.local/lib/python3.12/site-packages/airflow/example_dags/example_latest_only_with_trigger.py
[2025-04-06T01:36:24.642+0000] {processor.py:914} INFO - Processing file /home/airflow/.local/lib/python3.12/site-packages/airflow/example_dags/example_latest_only_with_trigger.py for tasks to queue
[2025-04-06T01:36:24.644+0000] {logging_mixin.py:190} INFO - [2025-04-06T01:36:24.644+0000] {dagbag.py:588} INFO - Filling up the DagBag from /home/airflow/.local/lib/python3.12/site-packages/airflow/example_dags/example_latest_only_with_trigger.py
[2025-04-06T01:36:24.651+0000] {processor.py:925} INFO - DAG(s) 'latest_only_with_trigger' retrieved from /home/airflow/.local/lib/python3.12/site-packages/airflow/example_dags/example_latest_only_with_trigger.py
[2025-04-06T01:36:24.671+0000] {logging_mixin.py:190} INFO - [2025-04-06T01:36:24.670+0000] {dag.py:3239} INFO - Sync 1 DAGs
[2025-04-06T01:36:24.684+0000] {logging_mixin.py:190} INFO - [2025-04-06T01:36:24.684+0000] {dag.py:4180} INFO - Setting next_dagrun for latest_only_with_trigger to 2025-04-05 20:00:00+00:00, run_after=2025-04-06 00:00:00+00:00
[2025-04-06T01:36:24.694+0000] {processor.py:208} INFO - Processing /home/airflow/.local/lib/python3.12/site-packages/airflow/example_dags/example_latest_only_with_trigger.py took 0.057 seconds
