[2025-04-06T01:26:32.028+0000] {processor.py:186} INFO - Started process (PID=111) to work on /home/airflow/.local/lib/python3.12/site-packages/airflow/example_dags/example_skip_dag.py
[2025-04-06T01:26:32.029+0000] {processor.py:914} INFO - Processing file /home/airflow/.local/lib/python3.12/site-packages/airflow/example_dags/example_skip_dag.py for tasks to queue
[2025-04-06T01:26:32.030+0000] {logging_mixin.py:190} INFO - [2025-04-06T01:26:32.030+0000] {dagbag.py:588} INFO - Filling up the DagBag from /home/airflow/.local/lib/python3.12/site-packages/airflow/example_dags/example_skip_dag.py
[2025-04-06T01:26:32.036+0000] {processor.py:925} INFO - DAG(s) 'example_skip_dag' retrieved from /home/airflow/.local/lib/python3.12/site-packages/airflow/example_dags/example_skip_dag.py
[2025-04-06T01:26:32.053+0000] {logging_mixin.py:190} INFO - [2025-04-06T01:26:32.053+0000] {dag.py:3239} INFO - Sync 1 DAGs
[2025-04-06T01:26:32.071+0000] {logging_mixin.py:190} INFO - [2025-04-06T01:26:32.071+0000] {dag.py:4180} INFO - Setting next_dagrun for example_skip_dag to 2025-04-05 00:00:00+00:00, run_after=2025-04-06 00:00:00+00:00
[2025-04-06T01:26:32.082+0000] {processor.py:208} INFO - Processing /home/airflow/.local/lib/python3.12/site-packages/airflow/example_dags/example_skip_dag.py took 0.057 seconds
[2025-04-06T01:27:02.726+0000] {processor.py:186} INFO - Started process (PID=175) to work on /home/airflow/.local/lib/python3.12/site-packages/airflow/example_dags/example_skip_dag.py
[2025-04-06T01:27:02.729+0000] {processor.py:914} INFO - Processing file /home/airflow/.local/lib/python3.12/site-packages/airflow/example_dags/example_skip_dag.py for tasks to queue
[2025-04-06T01:27:02.730+0000] {logging_mixin.py:190} INFO - [2025-04-06T01:27:02.730+0000] {dagbag.py:588} INFO - Filling up the DagBag from /home/airflow/.local/lib/python3.12/site-packages/airflow/example_dags/example_skip_dag.py
[2025-04-06T01:27:02.735+0000] {processor.py:925} INFO - DAG(s) 'example_skip_dag' retrieved from /home/airflow/.local/lib/python3.12/site-packages/airflow/example_dags/example_skip_dag.py
[2025-04-06T01:27:02.748+0000] {logging_mixin.py:190} INFO - [2025-04-06T01:27:02.748+0000] {dag.py:3239} INFO - Sync 1 DAGs
[2025-04-06T01:27:02.762+0000] {logging_mixin.py:190} INFO - [2025-04-06T01:27:02.762+0000] {dag.py:4180} INFO - Setting next_dagrun for example_skip_dag to 2025-04-05 00:00:00+00:00, run_after=2025-04-06 00:00:00+00:00
[2025-04-06T01:27:02.772+0000] {processor.py:208} INFO - Processing /home/airflow/.local/lib/python3.12/site-packages/airflow/example_dags/example_skip_dag.py took 0.049 seconds
[2025-04-06T01:27:34.302+0000] {processor.py:186} INFO - Started process (PID=238) to work on /home/airflow/.local/lib/python3.12/site-packages/airflow/example_dags/example_skip_dag.py
[2025-04-06T01:27:34.302+0000] {processor.py:914} INFO - Processing file /home/airflow/.local/lib/python3.12/site-packages/airflow/example_dags/example_skip_dag.py for tasks to queue
[2025-04-06T01:27:34.303+0000] {logging_mixin.py:190} INFO - [2025-04-06T01:27:34.303+0000] {dagbag.py:588} INFO - Filling up the DagBag from /home/airflow/.local/lib/python3.12/site-packages/airflow/example_dags/example_skip_dag.py
[2025-04-06T01:27:34.311+0000] {processor.py:925} INFO - DAG(s) 'example_skip_dag' retrieved from /home/airflow/.local/lib/python3.12/site-packages/airflow/example_dags/example_skip_dag.py
[2025-04-06T01:27:34.326+0000] {logging_mixin.py:190} INFO - [2025-04-06T01:27:34.326+0000] {dag.py:3239} INFO - Sync 1 DAGs
[2025-04-06T01:27:34.339+0000] {logging_mixin.py:190} INFO - [2025-04-06T01:27:34.339+0000] {dag.py:4180} INFO - Setting next_dagrun for example_skip_dag to 2025-04-05 00:00:00+00:00, run_after=2025-04-06 00:00:00+00:00
[2025-04-06T01:27:34.354+0000] {processor.py:208} INFO - Processing /home/airflow/.local/lib/python3.12/site-packages/airflow/example_dags/example_skip_dag.py took 0.056 seconds
[2025-04-06T01:28:04.972+0000] {processor.py:186} INFO - Started process (PID=301) to work on /home/airflow/.local/lib/python3.12/site-packages/airflow/example_dags/example_skip_dag.py
[2025-04-06T01:28:04.973+0000] {processor.py:914} INFO - Processing file /home/airflow/.local/lib/python3.12/site-packages/airflow/example_dags/example_skip_dag.py for tasks to queue
[2025-04-06T01:28:04.978+0000] {logging_mixin.py:190} INFO - [2025-04-06T01:28:04.978+0000] {dagbag.py:588} INFO - Filling up the DagBag from /home/airflow/.local/lib/python3.12/site-packages/airflow/example_dags/example_skip_dag.py
[2025-04-06T01:28:04.983+0000] {processor.py:925} INFO - DAG(s) 'example_skip_dag' retrieved from /home/airflow/.local/lib/python3.12/site-packages/airflow/example_dags/example_skip_dag.py
[2025-04-06T01:28:04.999+0000] {logging_mixin.py:190} INFO - [2025-04-06T01:28:04.999+0000] {dag.py:3239} INFO - Sync 1 DAGs
[2025-04-06T01:28:05.012+0000] {logging_mixin.py:190} INFO - [2025-04-06T01:28:05.012+0000] {dag.py:4180} INFO - Setting next_dagrun for example_skip_dag to 2025-04-05 00:00:00+00:00, run_after=2025-04-06 00:00:00+00:00
[2025-04-06T01:28:05.027+0000] {processor.py:208} INFO - Processing /home/airflow/.local/lib/python3.12/site-packages/airflow/example_dags/example_skip_dag.py took 0.058 seconds
[2025-04-06T01:28:36.344+0000] {processor.py:186} INFO - Started process (PID=364) to work on /home/airflow/.local/lib/python3.12/site-packages/airflow/example_dags/example_skip_dag.py
[2025-04-06T01:28:36.344+0000] {processor.py:914} INFO - Processing file /home/airflow/.local/lib/python3.12/site-packages/airflow/example_dags/example_skip_dag.py for tasks to queue
[2025-04-06T01:28:36.345+0000] {logging_mixin.py:190} INFO - [2025-04-06T01:28:36.345+0000] {dagbag.py:588} INFO - Filling up the DagBag from /home/airflow/.local/lib/python3.12/site-packages/airflow/example_dags/example_skip_dag.py
[2025-04-06T01:28:36.350+0000] {processor.py:925} INFO - DAG(s) 'example_skip_dag' retrieved from /home/airflow/.local/lib/python3.12/site-packages/airflow/example_dags/example_skip_dag.py
[2025-04-06T01:28:36.363+0000] {logging_mixin.py:190} INFO - [2025-04-06T01:28:36.363+0000] {dag.py:3239} INFO - Sync 1 DAGs
[2025-04-06T01:28:36.377+0000] {logging_mixin.py:190} INFO - [2025-04-06T01:28:36.377+0000] {dag.py:4180} INFO - Setting next_dagrun for example_skip_dag to 2025-04-05 00:00:00+00:00, run_after=2025-04-06 00:00:00+00:00
[2025-04-06T01:28:36.388+0000] {processor.py:208} INFO - Processing /home/airflow/.local/lib/python3.12/site-packages/airflow/example_dags/example_skip_dag.py took 0.048 seconds
[2025-04-06T01:29:07.225+0000] {processor.py:186} INFO - Started process (PID=427) to work on /home/airflow/.local/lib/python3.12/site-packages/airflow/example_dags/example_skip_dag.py
[2025-04-06T01:29:07.227+0000] {processor.py:914} INFO - Processing file /home/airflow/.local/lib/python3.12/site-packages/airflow/example_dags/example_skip_dag.py for tasks to queue
[2025-04-06T01:29:07.228+0000] {logging_mixin.py:190} INFO - [2025-04-06T01:29:07.228+0000] {dagbag.py:588} INFO - Filling up the DagBag from /home/airflow/.local/lib/python3.12/site-packages/airflow/example_dags/example_skip_dag.py
[2025-04-06T01:29:07.234+0000] {processor.py:925} INFO - DAG(s) 'example_skip_dag' retrieved from /home/airflow/.local/lib/python3.12/site-packages/airflow/example_dags/example_skip_dag.py
[2025-04-06T01:29:07.245+0000] {logging_mixin.py:190} INFO - [2025-04-06T01:29:07.245+0000] {dag.py:3239} INFO - Sync 1 DAGs
[2025-04-06T01:29:07.257+0000] {logging_mixin.py:190} INFO - [2025-04-06T01:29:07.257+0000] {dag.py:4180} INFO - Setting next_dagrun for example_skip_dag to 2025-04-05 00:00:00+00:00, run_after=2025-04-06 00:00:00+00:00
[2025-04-06T01:29:07.272+0000] {processor.py:208} INFO - Processing /home/airflow/.local/lib/python3.12/site-packages/airflow/example_dags/example_skip_dag.py took 0.051 seconds
[2025-04-06T01:29:38.186+0000] {processor.py:186} INFO - Started process (PID=490) to work on /home/airflow/.local/lib/python3.12/site-packages/airflow/example_dags/example_skip_dag.py
[2025-04-06T01:29:38.188+0000] {processor.py:914} INFO - Processing file /home/airflow/.local/lib/python3.12/site-packages/airflow/example_dags/example_skip_dag.py for tasks to queue
[2025-04-06T01:29:38.189+0000] {logging_mixin.py:190} INFO - [2025-04-06T01:29:38.189+0000] {dagbag.py:588} INFO - Filling up the DagBag from /home/airflow/.local/lib/python3.12/site-packages/airflow/example_dags/example_skip_dag.py
[2025-04-06T01:29:38.193+0000] {processor.py:925} INFO - DAG(s) 'example_skip_dag' retrieved from /home/airflow/.local/lib/python3.12/site-packages/airflow/example_dags/example_skip_dag.py
[2025-04-06T01:29:38.207+0000] {logging_mixin.py:190} INFO - [2025-04-06T01:29:38.206+0000] {dag.py:3239} INFO - Sync 1 DAGs
[2025-04-06T01:29:38.217+0000] {logging_mixin.py:190} INFO - [2025-04-06T01:29:38.217+0000] {dag.py:4180} INFO - Setting next_dagrun for example_skip_dag to 2025-04-05 00:00:00+00:00, run_after=2025-04-06 00:00:00+00:00
[2025-04-06T01:29:38.226+0000] {processor.py:208} INFO - Processing /home/airflow/.local/lib/python3.12/site-packages/airflow/example_dags/example_skip_dag.py took 0.043 seconds
[2025-04-06T01:30:09.085+0000] {processor.py:186} INFO - Started process (PID=553) to work on /home/airflow/.local/lib/python3.12/site-packages/airflow/example_dags/example_skip_dag.py
[2025-04-06T01:30:09.086+0000] {processor.py:914} INFO - Processing file /home/airflow/.local/lib/python3.12/site-packages/airflow/example_dags/example_skip_dag.py for tasks to queue
[2025-04-06T01:30:09.086+0000] {logging_mixin.py:190} INFO - [2025-04-06T01:30:09.086+0000] {dagbag.py:588} INFO - Filling up the DagBag from /home/airflow/.local/lib/python3.12/site-packages/airflow/example_dags/example_skip_dag.py
[2025-04-06T01:30:09.091+0000] {processor.py:925} INFO - DAG(s) 'example_skip_dag' retrieved from /home/airflow/.local/lib/python3.12/site-packages/airflow/example_dags/example_skip_dag.py
[2025-04-06T01:30:09.103+0000] {logging_mixin.py:190} INFO - [2025-04-06T01:30:09.103+0000] {dag.py:3239} INFO - Sync 1 DAGs
[2025-04-06T01:30:09.116+0000] {logging_mixin.py:190} INFO - [2025-04-06T01:30:09.115+0000] {dag.py:4180} INFO - Setting next_dagrun for example_skip_dag to 2025-04-05 00:00:00+00:00, run_after=2025-04-06 00:00:00+00:00
[2025-04-06T01:30:09.125+0000] {processor.py:208} INFO - Processing /home/airflow/.local/lib/python3.12/site-packages/airflow/example_dags/example_skip_dag.py took 0.043 seconds
[2025-04-06T01:30:40.161+0000] {processor.py:186} INFO - Started process (PID=616) to work on /home/airflow/.local/lib/python3.12/site-packages/airflow/example_dags/example_skip_dag.py
[2025-04-06T01:30:40.162+0000] {processor.py:914} INFO - Processing file /home/airflow/.local/lib/python3.12/site-packages/airflow/example_dags/example_skip_dag.py for tasks to queue
[2025-04-06T01:30:40.163+0000] {logging_mixin.py:190} INFO - [2025-04-06T01:30:40.163+0000] {dagbag.py:588} INFO - Filling up the DagBag from /home/airflow/.local/lib/python3.12/site-packages/airflow/example_dags/example_skip_dag.py
[2025-04-06T01:30:40.168+0000] {processor.py:925} INFO - DAG(s) 'example_skip_dag' retrieved from /home/airflow/.local/lib/python3.12/site-packages/airflow/example_dags/example_skip_dag.py
[2025-04-06T01:30:40.181+0000] {logging_mixin.py:190} INFO - [2025-04-06T01:30:40.181+0000] {dag.py:3239} INFO - Sync 1 DAGs
[2025-04-06T01:30:40.192+0000] {logging_mixin.py:190} INFO - [2025-04-06T01:30:40.192+0000] {dag.py:4180} INFO - Setting next_dagrun for example_skip_dag to 2025-04-05 00:00:00+00:00, run_after=2025-04-06 00:00:00+00:00
[2025-04-06T01:30:40.206+0000] {processor.py:208} INFO - Processing /home/airflow/.local/lib/python3.12/site-packages/airflow/example_dags/example_skip_dag.py took 0.048 seconds
[2025-04-06T01:31:11.434+0000] {processor.py:186} INFO - Started process (PID=679) to work on /home/airflow/.local/lib/python3.12/site-packages/airflow/example_dags/example_skip_dag.py
[2025-04-06T01:31:11.435+0000] {processor.py:914} INFO - Processing file /home/airflow/.local/lib/python3.12/site-packages/airflow/example_dags/example_skip_dag.py for tasks to queue
[2025-04-06T01:31:11.437+0000] {logging_mixin.py:190} INFO - [2025-04-06T01:31:11.436+0000] {dagbag.py:588} INFO - Filling up the DagBag from /home/airflow/.local/lib/python3.12/site-packages/airflow/example_dags/example_skip_dag.py
[2025-04-06T01:31:11.443+0000] {processor.py:925} INFO - DAG(s) 'example_skip_dag' retrieved from /home/airflow/.local/lib/python3.12/site-packages/airflow/example_dags/example_skip_dag.py
[2025-04-06T01:31:11.460+0000] {logging_mixin.py:190} INFO - [2025-04-06T01:31:11.460+0000] {dag.py:3239} INFO - Sync 1 DAGs
[2025-04-06T01:31:11.476+0000] {logging_mixin.py:190} INFO - [2025-04-06T01:31:11.476+0000] {dag.py:4180} INFO - Setting next_dagrun for example_skip_dag to 2025-04-05 00:00:00+00:00, run_after=2025-04-06 00:00:00+00:00
[2025-04-06T01:31:11.487+0000] {processor.py:208} INFO - Processing /home/airflow/.local/lib/python3.12/site-packages/airflow/example_dags/example_skip_dag.py took 0.057 seconds
[2025-04-06T01:31:43.086+0000] {processor.py:186} INFO - Started process (PID=742) to work on /home/airflow/.local/lib/python3.12/site-packages/airflow/example_dags/example_skip_dag.py
[2025-04-06T01:31:43.088+0000] {processor.py:914} INFO - Processing file /home/airflow/.local/lib/python3.12/site-packages/airflow/example_dags/example_skip_dag.py for tasks to queue
[2025-04-06T01:31:43.088+0000] {logging_mixin.py:190} INFO - [2025-04-06T01:31:43.088+0000] {dagbag.py:588} INFO - Filling up the DagBag from /home/airflow/.local/lib/python3.12/site-packages/airflow/example_dags/example_skip_dag.py
[2025-04-06T01:31:43.095+0000] {processor.py:925} INFO - DAG(s) 'example_skip_dag' retrieved from /home/airflow/.local/lib/python3.12/site-packages/airflow/example_dags/example_skip_dag.py
[2025-04-06T01:31:43.111+0000] {logging_mixin.py:190} INFO - [2025-04-06T01:31:43.111+0000] {dag.py:3239} INFO - Sync 1 DAGs
[2025-04-06T01:31:43.134+0000] {logging_mixin.py:190} INFO - [2025-04-06T01:31:43.134+0000] {dag.py:4180} INFO - Setting next_dagrun for example_skip_dag to 2025-04-05 00:00:00+00:00, run_after=2025-04-06 00:00:00+00:00
[2025-04-06T01:31:43.149+0000] {processor.py:208} INFO - Processing /home/airflow/.local/lib/python3.12/site-packages/airflow/example_dags/example_skip_dag.py took 0.067 seconds
[2025-04-06T01:32:13.981+0000] {processor.py:186} INFO - Started process (PID=805) to work on /home/airflow/.local/lib/python3.12/site-packages/airflow/example_dags/example_skip_dag.py
[2025-04-06T01:32:13.982+0000] {processor.py:914} INFO - Processing file /home/airflow/.local/lib/python3.12/site-packages/airflow/example_dags/example_skip_dag.py for tasks to queue
[2025-04-06T01:32:13.983+0000] {logging_mixin.py:190} INFO - [2025-04-06T01:32:13.983+0000] {dagbag.py:588} INFO - Filling up the DagBag from /home/airflow/.local/lib/python3.12/site-packages/airflow/example_dags/example_skip_dag.py
[2025-04-06T01:32:13.990+0000] {processor.py:925} INFO - DAG(s) 'example_skip_dag' retrieved from /home/airflow/.local/lib/python3.12/site-packages/airflow/example_dags/example_skip_dag.py
[2025-04-06T01:32:14.009+0000] {logging_mixin.py:190} INFO - [2025-04-06T01:32:14.009+0000] {dag.py:3239} INFO - Sync 1 DAGs
[2025-04-06T01:32:14.022+0000] {logging_mixin.py:190} INFO - [2025-04-06T01:32:14.022+0000] {dag.py:4180} INFO - Setting next_dagrun for example_skip_dag to 2025-04-05 00:00:00+00:00, run_after=2025-04-06 00:00:00+00:00
[2025-04-06T01:32:14.031+0000] {processor.py:208} INFO - Processing /home/airflow/.local/lib/python3.12/site-packages/airflow/example_dags/example_skip_dag.py took 0.056 seconds
[2025-04-06T01:32:45.240+0000] {processor.py:186} INFO - Started process (PID=868) to work on /home/airflow/.local/lib/python3.12/site-packages/airflow/example_dags/example_skip_dag.py
[2025-04-06T01:32:45.241+0000] {processor.py:914} INFO - Processing file /home/airflow/.local/lib/python3.12/site-packages/airflow/example_dags/example_skip_dag.py for tasks to queue
[2025-04-06T01:32:45.242+0000] {logging_mixin.py:190} INFO - [2025-04-06T01:32:45.242+0000] {dagbag.py:588} INFO - Filling up the DagBag from /home/airflow/.local/lib/python3.12/site-packages/airflow/example_dags/example_skip_dag.py
[2025-04-06T01:32:45.247+0000] {processor.py:925} INFO - DAG(s) 'example_skip_dag' retrieved from /home/airflow/.local/lib/python3.12/site-packages/airflow/example_dags/example_skip_dag.py
[2025-04-06T01:32:45.258+0000] {logging_mixin.py:190} INFO - [2025-04-06T01:32:45.258+0000] {dag.py:3239} INFO - Sync 1 DAGs
[2025-04-06T01:32:45.270+0000] {logging_mixin.py:190} INFO - [2025-04-06T01:32:45.270+0000] {dag.py:4180} INFO - Setting next_dagrun for example_skip_dag to 2025-04-05 00:00:00+00:00, run_after=2025-04-06 00:00:00+00:00
[2025-04-06T01:32:45.278+0000] {processor.py:208} INFO - Processing /home/airflow/.local/lib/python3.12/site-packages/airflow/example_dags/example_skip_dag.py took 0.042 seconds
[2025-04-06T01:33:17.336+0000] {processor.py:186} INFO - Started process (PID=931) to work on /home/airflow/.local/lib/python3.12/site-packages/airflow/example_dags/example_skip_dag.py
[2025-04-06T01:33:17.337+0000] {processor.py:914} INFO - Processing file /home/airflow/.local/lib/python3.12/site-packages/airflow/example_dags/example_skip_dag.py for tasks to queue
[2025-04-06T01:33:17.338+0000] {logging_mixin.py:190} INFO - [2025-04-06T01:33:17.338+0000] {dagbag.py:588} INFO - Filling up the DagBag from /home/airflow/.local/lib/python3.12/site-packages/airflow/example_dags/example_skip_dag.py
[2025-04-06T01:33:17.348+0000] {processor.py:925} INFO - DAG(s) 'example_skip_dag' retrieved from /home/airflow/.local/lib/python3.12/site-packages/airflow/example_dags/example_skip_dag.py
[2025-04-06T01:33:17.366+0000] {logging_mixin.py:190} INFO - [2025-04-06T01:33:17.366+0000] {dag.py:3239} INFO - Sync 1 DAGs
[2025-04-06T01:33:17.382+0000] {logging_mixin.py:190} INFO - [2025-04-06T01:33:17.382+0000] {dag.py:4180} INFO - Setting next_dagrun for example_skip_dag to 2025-04-05 00:00:00+00:00, run_after=2025-04-06 00:00:00+00:00
[2025-04-06T01:33:17.395+0000] {processor.py:208} INFO - Processing /home/airflow/.local/lib/python3.12/site-packages/airflow/example_dags/example_skip_dag.py took 0.065 seconds
[2025-04-06T01:33:47.846+0000] {processor.py:186} INFO - Started process (PID=994) to work on /home/airflow/.local/lib/python3.12/site-packages/airflow/example_dags/example_skip_dag.py
[2025-04-06T01:33:47.847+0000] {processor.py:914} INFO - Processing file /home/airflow/.local/lib/python3.12/site-packages/airflow/example_dags/example_skip_dag.py for tasks to queue
[2025-04-06T01:33:47.848+0000] {logging_mixin.py:190} INFO - [2025-04-06T01:33:47.848+0000] {dagbag.py:588} INFO - Filling up the DagBag from /home/airflow/.local/lib/python3.12/site-packages/airflow/example_dags/example_skip_dag.py
[2025-04-06T01:33:47.854+0000] {processor.py:925} INFO - DAG(s) 'example_skip_dag' retrieved from /home/airflow/.local/lib/python3.12/site-packages/airflow/example_dags/example_skip_dag.py
[2025-04-06T01:33:47.866+0000] {logging_mixin.py:190} INFO - [2025-04-06T01:33:47.866+0000] {dag.py:3239} INFO - Sync 1 DAGs
[2025-04-06T01:33:47.879+0000] {logging_mixin.py:190} INFO - [2025-04-06T01:33:47.879+0000] {dag.py:4180} INFO - Setting next_dagrun for example_skip_dag to 2025-04-05 00:00:00+00:00, run_after=2025-04-06 00:00:00+00:00
[2025-04-06T01:33:47.890+0000] {processor.py:208} INFO - Processing /home/airflow/.local/lib/python3.12/site-packages/airflow/example_dags/example_skip_dag.py took 0.048 seconds
[2025-04-06T01:34:19.850+0000] {processor.py:186} INFO - Started process (PID=1057) to work on /home/airflow/.local/lib/python3.12/site-packages/airflow/example_dags/example_skip_dag.py
[2025-04-06T01:34:19.851+0000] {processor.py:914} INFO - Processing file /home/airflow/.local/lib/python3.12/site-packages/airflow/example_dags/example_skip_dag.py for tasks to queue
[2025-04-06T01:34:19.852+0000] {logging_mixin.py:190} INFO - [2025-04-06T01:34:19.852+0000] {dagbag.py:588} INFO - Filling up the DagBag from /home/airflow/.local/lib/python3.12/site-packages/airflow/example_dags/example_skip_dag.py
[2025-04-06T01:34:19.862+0000] {processor.py:925} INFO - DAG(s) 'example_skip_dag' retrieved from /home/airflow/.local/lib/python3.12/site-packages/airflow/example_dags/example_skip_dag.py
[2025-04-06T01:34:19.906+0000] {logging_mixin.py:190} INFO - [2025-04-06T01:34:19.906+0000] {dag.py:3239} INFO - Sync 1 DAGs
[2025-04-06T01:34:19.929+0000] {logging_mixin.py:190} INFO - [2025-04-06T01:34:19.929+0000] {dag.py:4180} INFO - Setting next_dagrun for example_skip_dag to 2025-04-05 00:00:00+00:00, run_after=2025-04-06 00:00:00+00:00
[2025-04-06T01:34:19.954+0000] {processor.py:208} INFO - Processing /home/airflow/.local/lib/python3.12/site-packages/airflow/example_dags/example_skip_dag.py took 0.111 seconds
[2025-04-06T01:34:50.368+0000] {processor.py:186} INFO - Started process (PID=1120) to work on /home/airflow/.local/lib/python3.12/site-packages/airflow/example_dags/example_skip_dag.py
[2025-04-06T01:34:50.368+0000] {processor.py:914} INFO - Processing file /home/airflow/.local/lib/python3.12/site-packages/airflow/example_dags/example_skip_dag.py for tasks to queue
[2025-04-06T01:34:50.369+0000] {logging_mixin.py:190} INFO - [2025-04-06T01:34:50.369+0000] {dagbag.py:588} INFO - Filling up the DagBag from /home/airflow/.local/lib/python3.12/site-packages/airflow/example_dags/example_skip_dag.py
[2025-04-06T01:34:50.375+0000] {processor.py:925} INFO - DAG(s) 'example_skip_dag' retrieved from /home/airflow/.local/lib/python3.12/site-packages/airflow/example_dags/example_skip_dag.py
[2025-04-06T01:34:50.386+0000] {logging_mixin.py:190} INFO - [2025-04-06T01:34:50.386+0000] {dag.py:3239} INFO - Sync 1 DAGs
[2025-04-06T01:34:50.398+0000] {logging_mixin.py:190} INFO - [2025-04-06T01:34:50.398+0000] {dag.py:4180} INFO - Setting next_dagrun for example_skip_dag to 2025-04-05 00:00:00+00:00, run_after=2025-04-06 00:00:00+00:00
[2025-04-06T01:34:50.408+0000] {processor.py:208} INFO - Processing /home/airflow/.local/lib/python3.12/site-packages/airflow/example_dags/example_skip_dag.py took 0.043 seconds
[2025-04-06T01:35:21.299+0000] {processor.py:186} INFO - Started process (PID=1183) to work on /home/airflow/.local/lib/python3.12/site-packages/airflow/example_dags/example_skip_dag.py
[2025-04-06T01:35:21.302+0000] {processor.py:914} INFO - Processing file /home/airflow/.local/lib/python3.12/site-packages/airflow/example_dags/example_skip_dag.py for tasks to queue
[2025-04-06T01:35:21.302+0000] {logging_mixin.py:190} INFO - [2025-04-06T01:35:21.302+0000] {dagbag.py:588} INFO - Filling up the DagBag from /home/airflow/.local/lib/python3.12/site-packages/airflow/example_dags/example_skip_dag.py
[2025-04-06T01:35:21.308+0000] {processor.py:925} INFO - DAG(s) 'example_skip_dag' retrieved from /home/airflow/.local/lib/python3.12/site-packages/airflow/example_dags/example_skip_dag.py
[2025-04-06T01:35:21.324+0000] {logging_mixin.py:190} INFO - [2025-04-06T01:35:21.324+0000] {dag.py:3239} INFO - Sync 1 DAGs
[2025-04-06T01:35:21.338+0000] {logging_mixin.py:190} INFO - [2025-04-06T01:35:21.338+0000] {dag.py:4180} INFO - Setting next_dagrun for example_skip_dag to 2025-04-05 00:00:00+00:00, run_after=2025-04-06 00:00:00+00:00
[2025-04-06T01:35:21.346+0000] {processor.py:208} INFO - Processing /home/airflow/.local/lib/python3.12/site-packages/airflow/example_dags/example_skip_dag.py took 0.050 seconds
[2025-04-06T01:35:52.889+0000] {processor.py:186} INFO - Started process (PID=1246) to work on /home/airflow/.local/lib/python3.12/site-packages/airflow/example_dags/example_skip_dag.py
[2025-04-06T01:35:52.890+0000] {processor.py:914} INFO - Processing file /home/airflow/.local/lib/python3.12/site-packages/airflow/example_dags/example_skip_dag.py for tasks to queue
[2025-04-06T01:35:52.891+0000] {logging_mixin.py:190} INFO - [2025-04-06T01:35:52.891+0000] {dagbag.py:588} INFO - Filling up the DagBag from /home/airflow/.local/lib/python3.12/site-packages/airflow/example_dags/example_skip_dag.py
[2025-04-06T01:35:52.895+0000] {processor.py:925} INFO - DAG(s) 'example_skip_dag' retrieved from /home/airflow/.local/lib/python3.12/site-packages/airflow/example_dags/example_skip_dag.py
[2025-04-06T01:35:52.906+0000] {logging_mixin.py:190} INFO - [2025-04-06T01:35:52.906+0000] {dag.py:3239} INFO - Sync 1 DAGs
[2025-04-06T01:35:52.918+0000] {logging_mixin.py:190} INFO - [2025-04-06T01:35:52.917+0000] {dag.py:4180} INFO - Setting next_dagrun for example_skip_dag to 2025-04-05 00:00:00+00:00, run_after=2025-04-06 00:00:00+00:00
[2025-04-06T01:35:52.929+0000] {processor.py:208} INFO - Processing /home/airflow/.local/lib/python3.12/site-packages/airflow/example_dags/example_skip_dag.py took 0.044 seconds
[2025-04-06T01:36:24.372+0000] {processor.py:186} INFO - Started process (PID=1309) to work on /home/airflow/.local/lib/python3.12/site-packages/airflow/example_dags/example_skip_dag.py
[2025-04-06T01:36:24.373+0000] {processor.py:914} INFO - Processing file /home/airflow/.local/lib/python3.12/site-packages/airflow/example_dags/example_skip_dag.py for tasks to queue
[2025-04-06T01:36:24.375+0000] {logging_mixin.py:190} INFO - [2025-04-06T01:36:24.375+0000] {dagbag.py:588} INFO - Filling up the DagBag from /home/airflow/.local/lib/python3.12/site-packages/airflow/example_dags/example_skip_dag.py
[2025-04-06T01:36:24.381+0000] {processor.py:925} INFO - DAG(s) 'example_skip_dag' retrieved from /home/airflow/.local/lib/python3.12/site-packages/airflow/example_dags/example_skip_dag.py
[2025-04-06T01:36:24.392+0000] {logging_mixin.py:190} INFO - [2025-04-06T01:36:24.392+0000] {dag.py:3239} INFO - Sync 1 DAGs
[2025-04-06T01:36:24.406+0000] {logging_mixin.py:190} INFO - [2025-04-06T01:36:24.406+0000] {dag.py:4180} INFO - Setting next_dagrun for example_skip_dag to 2025-04-05 00:00:00+00:00, run_after=2025-04-06 00:00:00+00:00
[2025-04-06T01:36:24.417+0000] {processor.py:208} INFO - Processing /home/airflow/.local/lib/python3.12/site-packages/airflow/example_dags/example_skip_dag.py took 0.047 seconds
