[2025-04-06T01:26:33.305+0000] {processor.py:186} INFO - Started process (PID=126) to work on /home/airflow/.local/lib/python3.12/site-packages/airflow/example_dags/example_dataset_alias.py
[2025-04-06T01:26:33.308+0000] {processor.py:914} INFO - Processing file /home/airflow/.local/lib/python3.12/site-packages/airflow/example_dags/example_dataset_alias.py for tasks to queue
[2025-04-06T01:26:33.309+0000] {logging_mixin.py:190} INFO - [2025-04-06T01:26:33.309+0000] {dagbag.py:588} INFO - Filling up the DagBag from /home/airflow/.local/lib/python3.12/site-packages/airflow/example_dags/example_dataset_alias.py
[2025-04-06T01:26:33.796+0000] {processor.py:925} INFO - DAG(s) 'dataset_alias_example_alias_consumer', 'dataset_s3_bucket_producer', 'dataset_alias_example_alias_producer', 'dataset_s3_bucket_consumer' retrieved from /home/airflow/.local/lib/python3.12/site-packages/airflow/example_dags/example_dataset_alias.py
[2025-04-06T01:26:33.805+0000] {logging_mixin.py:190} INFO - [2025-04-06T01:26:33.804+0000] {dag.py:3239} INFO - Sync 4 DAGs
[2025-04-06T01:26:33.815+0000] {logging_mixin.py:190} INFO - [2025-04-06T01:26:33.814+0000] {dag.py:4180} INFO - Setting next_dagrun for dataset_alias_example_alias_consumer to None, run_after=None
[2025-04-06T01:26:33.816+0000] {logging_mixin.py:190} INFO - [2025-04-06T01:26:33.816+0000] {dag.py:4180} INFO - Setting next_dagrun for dataset_alias_example_alias_producer to None, run_after=None
[2025-04-06T01:26:33.816+0000] {logging_mixin.py:190} INFO - [2025-04-06T01:26:33.816+0000] {dag.py:4180} INFO - Setting next_dagrun for dataset_s3_bucket_consumer to None, run_after=None
[2025-04-06T01:26:33.817+0000] {logging_mixin.py:190} INFO - [2025-04-06T01:26:33.817+0000] {dag.py:4180} INFO - Setting next_dagrun for dataset_s3_bucket_producer to None, run_after=None
[2025-04-06T01:26:33.826+0000] {processor.py:208} INFO - Processing /home/airflow/.local/lib/python3.12/site-packages/airflow/example_dags/example_dataset_alias.py took 0.525 seconds
[2025-04-06T01:27:04.713+0000] {processor.py:186} INFO - Started process (PID=190) to work on /home/airflow/.local/lib/python3.12/site-packages/airflow/example_dags/example_dataset_alias.py
[2025-04-06T01:27:04.714+0000] {processor.py:914} INFO - Processing file /home/airflow/.local/lib/python3.12/site-packages/airflow/example_dags/example_dataset_alias.py for tasks to queue
[2025-04-06T01:27:04.715+0000] {logging_mixin.py:190} INFO - [2025-04-06T01:27:04.715+0000] {dagbag.py:588} INFO - Filling up the DagBag from /home/airflow/.local/lib/python3.12/site-packages/airflow/example_dags/example_dataset_alias.py
[2025-04-06T01:27:05.157+0000] {processor.py:925} INFO - DAG(s) 'dataset_alias_example_alias_consumer', 'dataset_s3_bucket_producer', 'dataset_s3_bucket_consumer', 'dataset_alias_example_alias_producer' retrieved from /home/airflow/.local/lib/python3.12/site-packages/airflow/example_dags/example_dataset_alias.py
[2025-04-06T01:27:05.166+0000] {logging_mixin.py:190} INFO - [2025-04-06T01:27:05.165+0000] {dag.py:3239} INFO - Sync 4 DAGs
[2025-04-06T01:27:05.174+0000] {logging_mixin.py:190} INFO - [2025-04-06T01:27:05.174+0000] {dag.py:4180} INFO - Setting next_dagrun for dataset_alias_example_alias_consumer to None, run_after=None
[2025-04-06T01:27:05.175+0000] {logging_mixin.py:190} INFO - [2025-04-06T01:27:05.175+0000] {dag.py:4180} INFO - Setting next_dagrun for dataset_alias_example_alias_producer to None, run_after=None
[2025-04-06T01:27:05.176+0000] {logging_mixin.py:190} INFO - [2025-04-06T01:27:05.176+0000] {dag.py:4180} INFO - Setting next_dagrun for dataset_s3_bucket_consumer to None, run_after=None
[2025-04-06T01:27:05.176+0000] {logging_mixin.py:190} INFO - [2025-04-06T01:27:05.176+0000] {dag.py:4180} INFO - Setting next_dagrun for dataset_s3_bucket_producer to None, run_after=None
[2025-04-06T01:27:05.184+0000] {processor.py:208} INFO - Processing /home/airflow/.local/lib/python3.12/site-packages/airflow/example_dags/example_dataset_alias.py took 0.474 seconds
[2025-04-06T01:27:35.415+0000] {processor.py:186} INFO - Started process (PID=253) to work on /home/airflow/.local/lib/python3.12/site-packages/airflow/example_dags/example_dataset_alias.py
[2025-04-06T01:27:35.423+0000] {processor.py:914} INFO - Processing file /home/airflow/.local/lib/python3.12/site-packages/airflow/example_dags/example_dataset_alias.py for tasks to queue
[2025-04-06T01:27:35.423+0000] {logging_mixin.py:190} INFO - [2025-04-06T01:27:35.423+0000] {dagbag.py:588} INFO - Filling up the DagBag from /home/airflow/.local/lib/python3.12/site-packages/airflow/example_dags/example_dataset_alias.py
[2025-04-06T01:27:35.875+0000] {processor.py:925} INFO - DAG(s) 'dataset_s3_bucket_producer', 'dataset_alias_example_alias_producer', 'dataset_alias_example_alias_consumer', 'dataset_s3_bucket_consumer' retrieved from /home/airflow/.local/lib/python3.12/site-packages/airflow/example_dags/example_dataset_alias.py
[2025-04-06T01:27:35.884+0000] {logging_mixin.py:190} INFO - [2025-04-06T01:27:35.884+0000] {dag.py:3239} INFO - Sync 4 DAGs
[2025-04-06T01:27:35.894+0000] {logging_mixin.py:190} INFO - [2025-04-06T01:27:35.894+0000] {dag.py:4180} INFO - Setting next_dagrun for dataset_alias_example_alias_consumer to None, run_after=None
[2025-04-06T01:27:35.895+0000] {logging_mixin.py:190} INFO - [2025-04-06T01:27:35.895+0000] {dag.py:4180} INFO - Setting next_dagrun for dataset_alias_example_alias_producer to None, run_after=None
[2025-04-06T01:27:35.896+0000] {logging_mixin.py:190} INFO - [2025-04-06T01:27:35.896+0000] {dag.py:4180} INFO - Setting next_dagrun for dataset_s3_bucket_consumer to None, run_after=None
[2025-04-06T01:27:35.896+0000] {logging_mixin.py:190} INFO - [2025-04-06T01:27:35.896+0000] {dag.py:4180} INFO - Setting next_dagrun for dataset_s3_bucket_producer to None, run_after=None
[2025-04-06T01:27:35.905+0000] {processor.py:208} INFO - Processing /home/airflow/.local/lib/python3.12/site-packages/airflow/example_dags/example_dataset_alias.py took 0.495 seconds
[2025-04-06T01:28:06.046+0000] {processor.py:186} INFO - Started process (PID=322) to work on /home/airflow/.local/lib/python3.12/site-packages/airflow/example_dags/example_dataset_alias.py
[2025-04-06T01:28:06.047+0000] {processor.py:914} INFO - Processing file /home/airflow/.local/lib/python3.12/site-packages/airflow/example_dags/example_dataset_alias.py for tasks to queue
[2025-04-06T01:28:06.048+0000] {logging_mixin.py:190} INFO - [2025-04-06T01:28:06.047+0000] {dagbag.py:588} INFO - Filling up the DagBag from /home/airflow/.local/lib/python3.12/site-packages/airflow/example_dags/example_dataset_alias.py
[2025-04-06T01:28:06.402+0000] {processor.py:925} INFO - DAG(s) 'dataset_alias_example_alias_consumer', 'dataset_alias_example_alias_producer', 'dataset_s3_bucket_consumer', 'dataset_s3_bucket_producer' retrieved from /home/airflow/.local/lib/python3.12/site-packages/airflow/example_dags/example_dataset_alias.py
[2025-04-06T01:28:06.410+0000] {logging_mixin.py:190} INFO - [2025-04-06T01:28:06.410+0000] {dag.py:3239} INFO - Sync 4 DAGs
[2025-04-06T01:28:06.419+0000] {logging_mixin.py:190} INFO - [2025-04-06T01:28:06.419+0000] {dag.py:4180} INFO - Setting next_dagrun for dataset_alias_example_alias_consumer to None, run_after=None
[2025-04-06T01:28:06.420+0000] {logging_mixin.py:190} INFO - [2025-04-06T01:28:06.420+0000] {dag.py:4180} INFO - Setting next_dagrun for dataset_alias_example_alias_producer to None, run_after=None
[2025-04-06T01:28:06.421+0000] {logging_mixin.py:190} INFO - [2025-04-06T01:28:06.421+0000] {dag.py:4180} INFO - Setting next_dagrun for dataset_s3_bucket_consumer to None, run_after=None
[2025-04-06T01:28:06.422+0000] {logging_mixin.py:190} INFO - [2025-04-06T01:28:06.421+0000] {dag.py:4180} INFO - Setting next_dagrun for dataset_s3_bucket_producer to None, run_after=None
[2025-04-06T01:28:06.432+0000] {processor.py:208} INFO - Processing /home/airflow/.local/lib/python3.12/site-packages/airflow/example_dags/example_dataset_alias.py took 0.389 seconds
[2025-04-06T01:28:37.520+0000] {processor.py:186} INFO - Started process (PID=385) to work on /home/airflow/.local/lib/python3.12/site-packages/airflow/example_dags/example_dataset_alias.py
[2025-04-06T01:28:37.521+0000] {processor.py:914} INFO - Processing file /home/airflow/.local/lib/python3.12/site-packages/airflow/example_dags/example_dataset_alias.py for tasks to queue
[2025-04-06T01:28:37.522+0000] {logging_mixin.py:190} INFO - [2025-04-06T01:28:37.522+0000] {dagbag.py:588} INFO - Filling up the DagBag from /home/airflow/.local/lib/python3.12/site-packages/airflow/example_dags/example_dataset_alias.py
[2025-04-06T01:28:37.931+0000] {processor.py:925} INFO - DAG(s) 'dataset_alias_example_alias_producer', 'dataset_s3_bucket_consumer', 'dataset_s3_bucket_producer', 'dataset_alias_example_alias_consumer' retrieved from /home/airflow/.local/lib/python3.12/site-packages/airflow/example_dags/example_dataset_alias.py
[2025-04-06T01:28:37.940+0000] {logging_mixin.py:190} INFO - [2025-04-06T01:28:37.940+0000] {dag.py:3239} INFO - Sync 4 DAGs
[2025-04-06T01:28:37.949+0000] {logging_mixin.py:190} INFO - [2025-04-06T01:28:37.949+0000] {dag.py:4180} INFO - Setting next_dagrun for dataset_alias_example_alias_consumer to None, run_after=None
[2025-04-06T01:28:37.951+0000] {logging_mixin.py:190} INFO - [2025-04-06T01:28:37.951+0000] {dag.py:4180} INFO - Setting next_dagrun for dataset_alias_example_alias_producer to None, run_after=None
[2025-04-06T01:28:37.951+0000] {logging_mixin.py:190} INFO - [2025-04-06T01:28:37.951+0000] {dag.py:4180} INFO - Setting next_dagrun for dataset_s3_bucket_consumer to None, run_after=None
[2025-04-06T01:28:37.952+0000] {logging_mixin.py:190} INFO - [2025-04-06T01:28:37.952+0000] {dag.py:4180} INFO - Setting next_dagrun for dataset_s3_bucket_producer to None, run_after=None
[2025-04-06T01:28:37.960+0000] {processor.py:208} INFO - Processing /home/airflow/.local/lib/python3.12/site-packages/airflow/example_dags/example_dataset_alias.py took 0.444 seconds
[2025-04-06T01:29:08.285+0000] {processor.py:186} INFO - Started process (PID=448) to work on /home/airflow/.local/lib/python3.12/site-packages/airflow/example_dags/example_dataset_alias.py
[2025-04-06T01:29:08.286+0000] {processor.py:914} INFO - Processing file /home/airflow/.local/lib/python3.12/site-packages/airflow/example_dags/example_dataset_alias.py for tasks to queue
[2025-04-06T01:29:08.287+0000] {logging_mixin.py:190} INFO - [2025-04-06T01:29:08.287+0000] {dagbag.py:588} INFO - Filling up the DagBag from /home/airflow/.local/lib/python3.12/site-packages/airflow/example_dags/example_dataset_alias.py
[2025-04-06T01:29:08.850+0000] {processor.py:925} INFO - DAG(s) 'dataset_s3_bucket_producer', 'dataset_alias_example_alias_consumer', 'dataset_s3_bucket_consumer', 'dataset_alias_example_alias_producer' retrieved from /home/airflow/.local/lib/python3.12/site-packages/airflow/example_dags/example_dataset_alias.py
[2025-04-06T01:29:08.871+0000] {logging_mixin.py:190} INFO - [2025-04-06T01:29:08.871+0000] {dag.py:3239} INFO - Sync 4 DAGs
[2025-04-06T01:29:08.884+0000] {logging_mixin.py:190} INFO - [2025-04-06T01:29:08.884+0000] {dag.py:4180} INFO - Setting next_dagrun for dataset_alias_example_alias_consumer to None, run_after=None
[2025-04-06T01:29:08.885+0000] {logging_mixin.py:190} INFO - [2025-04-06T01:29:08.885+0000] {dag.py:4180} INFO - Setting next_dagrun for dataset_alias_example_alias_producer to None, run_after=None
[2025-04-06T01:29:08.886+0000] {logging_mixin.py:190} INFO - [2025-04-06T01:29:08.886+0000] {dag.py:4180} INFO - Setting next_dagrun for dataset_s3_bucket_consumer to None, run_after=None
[2025-04-06T01:29:08.887+0000] {logging_mixin.py:190} INFO - [2025-04-06T01:29:08.887+0000] {dag.py:4180} INFO - Setting next_dagrun for dataset_s3_bucket_producer to None, run_after=None
[2025-04-06T01:29:08.901+0000] {processor.py:208} INFO - Processing /home/airflow/.local/lib/python3.12/site-packages/airflow/example_dags/example_dataset_alias.py took 0.623 seconds
[2025-04-06T01:29:39.342+0000] {processor.py:186} INFO - Started process (PID=511) to work on /home/airflow/.local/lib/python3.12/site-packages/airflow/example_dags/example_dataset_alias.py
[2025-04-06T01:29:39.345+0000] {processor.py:914} INFO - Processing file /home/airflow/.local/lib/python3.12/site-packages/airflow/example_dags/example_dataset_alias.py for tasks to queue
[2025-04-06T01:29:39.346+0000] {logging_mixin.py:190} INFO - [2025-04-06T01:29:39.346+0000] {dagbag.py:588} INFO - Filling up the DagBag from /home/airflow/.local/lib/python3.12/site-packages/airflow/example_dags/example_dataset_alias.py
[2025-04-06T01:29:39.762+0000] {processor.py:925} INFO - DAG(s) 'dataset_s3_bucket_consumer', 'dataset_alias_example_alias_producer', 'dataset_s3_bucket_producer', 'dataset_alias_example_alias_consumer' retrieved from /home/airflow/.local/lib/python3.12/site-packages/airflow/example_dags/example_dataset_alias.py
[2025-04-06T01:29:39.777+0000] {logging_mixin.py:190} INFO - [2025-04-06T01:29:39.777+0000] {dag.py:3239} INFO - Sync 4 DAGs
[2025-04-06T01:29:39.791+0000] {logging_mixin.py:190} INFO - [2025-04-06T01:29:39.791+0000] {dag.py:4180} INFO - Setting next_dagrun for dataset_alias_example_alias_consumer to None, run_after=None
[2025-04-06T01:29:39.793+0000] {logging_mixin.py:190} INFO - [2025-04-06T01:29:39.793+0000] {dag.py:4180} INFO - Setting next_dagrun for dataset_alias_example_alias_producer to None, run_after=None
[2025-04-06T01:29:39.793+0000] {logging_mixin.py:190} INFO - [2025-04-06T01:29:39.793+0000] {dag.py:4180} INFO - Setting next_dagrun for dataset_s3_bucket_consumer to None, run_after=None
[2025-04-06T01:29:39.797+0000] {logging_mixin.py:190} INFO - [2025-04-06T01:29:39.797+0000] {dag.py:4180} INFO - Setting next_dagrun for dataset_s3_bucket_producer to None, run_after=None
[2025-04-06T01:29:39.809+0000] {processor.py:208} INFO - Processing /home/airflow/.local/lib/python3.12/site-packages/airflow/example_dags/example_dataset_alias.py took 0.479 seconds
[2025-04-06T01:30:09.844+0000] {processor.py:186} INFO - Started process (PID=573) to work on /home/airflow/.local/lib/python3.12/site-packages/airflow/example_dags/example_dataset_alias.py
[2025-04-06T01:30:09.844+0000] {processor.py:914} INFO - Processing file /home/airflow/.local/lib/python3.12/site-packages/airflow/example_dags/example_dataset_alias.py for tasks to queue
[2025-04-06T01:30:09.845+0000] {logging_mixin.py:190} INFO - [2025-04-06T01:30:09.845+0000] {dagbag.py:588} INFO - Filling up the DagBag from /home/airflow/.local/lib/python3.12/site-packages/airflow/example_dags/example_dataset_alias.py
[2025-04-06T01:30:10.305+0000] {processor.py:925} INFO - DAG(s) 'dataset_alias_example_alias_consumer', 'dataset_s3_bucket_consumer', 'dataset_s3_bucket_producer', 'dataset_alias_example_alias_producer' retrieved from /home/airflow/.local/lib/python3.12/site-packages/airflow/example_dags/example_dataset_alias.py
[2025-04-06T01:30:10.315+0000] {logging_mixin.py:190} INFO - [2025-04-06T01:30:10.315+0000] {dag.py:3239} INFO - Sync 4 DAGs
[2025-04-06T01:30:10.330+0000] {logging_mixin.py:190} INFO - [2025-04-06T01:30:10.329+0000] {dag.py:4180} INFO - Setting next_dagrun for dataset_alias_example_alias_consumer to None, run_after=None
[2025-04-06T01:30:10.332+0000] {logging_mixin.py:190} INFO - [2025-04-06T01:30:10.331+0000] {dag.py:4180} INFO - Setting next_dagrun for dataset_alias_example_alias_producer to None, run_after=None
[2025-04-06T01:30:10.332+0000] {logging_mixin.py:190} INFO - [2025-04-06T01:30:10.332+0000] {dag.py:4180} INFO - Setting next_dagrun for dataset_s3_bucket_consumer to None, run_after=None
[2025-04-06T01:30:10.333+0000] {logging_mixin.py:190} INFO - [2025-04-06T01:30:10.333+0000] {dag.py:4180} INFO - Setting next_dagrun for dataset_s3_bucket_producer to None, run_after=None
[2025-04-06T01:30:10.344+0000] {processor.py:208} INFO - Processing /home/airflow/.local/lib/python3.12/site-packages/airflow/example_dags/example_dataset_alias.py took 0.504 seconds
[2025-04-06T01:30:40.812+0000] {processor.py:186} INFO - Started process (PID=636) to work on /home/airflow/.local/lib/python3.12/site-packages/airflow/example_dags/example_dataset_alias.py
[2025-04-06T01:30:40.813+0000] {processor.py:914} INFO - Processing file /home/airflow/.local/lib/python3.12/site-packages/airflow/example_dags/example_dataset_alias.py for tasks to queue
[2025-04-06T01:30:40.813+0000] {logging_mixin.py:190} INFO - [2025-04-06T01:30:40.813+0000] {dagbag.py:588} INFO - Filling up the DagBag from /home/airflow/.local/lib/python3.12/site-packages/airflow/example_dags/example_dataset_alias.py
[2025-04-06T01:30:41.118+0000] {processor.py:925} INFO - DAG(s) 'dataset_s3_bucket_consumer', 'dataset_alias_example_alias_consumer', 'dataset_alias_example_alias_producer', 'dataset_s3_bucket_producer' retrieved from /home/airflow/.local/lib/python3.12/site-packages/airflow/example_dags/example_dataset_alias.py
[2025-04-06T01:30:41.125+0000] {logging_mixin.py:190} INFO - [2025-04-06T01:30:41.125+0000] {dag.py:3239} INFO - Sync 4 DAGs
[2025-04-06T01:30:41.134+0000] {logging_mixin.py:190} INFO - [2025-04-06T01:30:41.134+0000] {dag.py:4180} INFO - Setting next_dagrun for dataset_alias_example_alias_consumer to None, run_after=None
[2025-04-06T01:30:41.135+0000] {logging_mixin.py:190} INFO - [2025-04-06T01:30:41.135+0000] {dag.py:4180} INFO - Setting next_dagrun for dataset_alias_example_alias_producer to None, run_after=None
[2025-04-06T01:30:41.136+0000] {logging_mixin.py:190} INFO - [2025-04-06T01:30:41.136+0000] {dag.py:4180} INFO - Setting next_dagrun for dataset_s3_bucket_consumer to None, run_after=None
[2025-04-06T01:30:41.136+0000] {logging_mixin.py:190} INFO - [2025-04-06T01:30:41.136+0000] {dag.py:4180} INFO - Setting next_dagrun for dataset_s3_bucket_producer to None, run_after=None
[2025-04-06T01:30:41.144+0000] {processor.py:208} INFO - Processing /home/airflow/.local/lib/python3.12/site-packages/airflow/example_dags/example_dataset_alias.py took 0.335 seconds
[2025-04-06T01:31:11.915+0000] {processor.py:186} INFO - Started process (PID=693) to work on /home/airflow/.local/lib/python3.12/site-packages/airflow/example_dags/example_dataset_alias.py
[2025-04-06T01:31:11.916+0000] {processor.py:914} INFO - Processing file /home/airflow/.local/lib/python3.12/site-packages/airflow/example_dags/example_dataset_alias.py for tasks to queue
[2025-04-06T01:31:11.916+0000] {logging_mixin.py:190} INFO - [2025-04-06T01:31:11.916+0000] {dagbag.py:588} INFO - Filling up the DagBag from /home/airflow/.local/lib/python3.12/site-packages/airflow/example_dags/example_dataset_alias.py
[2025-04-06T01:31:12.293+0000] {processor.py:925} INFO - DAG(s) 'dataset_alias_example_alias_producer', 'dataset_s3_bucket_consumer', 'dataset_alias_example_alias_consumer', 'dataset_s3_bucket_producer' retrieved from /home/airflow/.local/lib/python3.12/site-packages/airflow/example_dags/example_dataset_alias.py
[2025-04-06T01:31:12.304+0000] {logging_mixin.py:190} INFO - [2025-04-06T01:31:12.303+0000] {dag.py:3239} INFO - Sync 4 DAGs
[2025-04-06T01:31:12.313+0000] {logging_mixin.py:190} INFO - [2025-04-06T01:31:12.313+0000] {dag.py:4180} INFO - Setting next_dagrun for dataset_alias_example_alias_consumer to None, run_after=None
[2025-04-06T01:31:12.315+0000] {logging_mixin.py:190} INFO - [2025-04-06T01:31:12.315+0000] {dag.py:4180} INFO - Setting next_dagrun for dataset_alias_example_alias_producer to None, run_after=None
[2025-04-06T01:31:12.316+0000] {logging_mixin.py:190} INFO - [2025-04-06T01:31:12.316+0000] {dag.py:4180} INFO - Setting next_dagrun for dataset_s3_bucket_consumer to None, run_after=None
[2025-04-06T01:31:12.317+0000] {logging_mixin.py:190} INFO - [2025-04-06T01:31:12.317+0000] {dag.py:4180} INFO - Setting next_dagrun for dataset_s3_bucket_producer to None, run_after=None
[2025-04-06T01:31:12.327+0000] {processor.py:208} INFO - Processing /home/airflow/.local/lib/python3.12/site-packages/airflow/example_dags/example_dataset_alias.py took 0.415 seconds
[2025-04-06T01:31:44.179+0000] {processor.py:186} INFO - Started process (PID=757) to work on /home/airflow/.local/lib/python3.12/site-packages/airflow/example_dags/example_dataset_alias.py
[2025-04-06T01:31:44.180+0000] {processor.py:914} INFO - Processing file /home/airflow/.local/lib/python3.12/site-packages/airflow/example_dags/example_dataset_alias.py for tasks to queue
[2025-04-06T01:31:44.181+0000] {logging_mixin.py:190} INFO - [2025-04-06T01:31:44.181+0000] {dagbag.py:588} INFO - Filling up the DagBag from /home/airflow/.local/lib/python3.12/site-packages/airflow/example_dags/example_dataset_alias.py
[2025-04-06T01:31:44.610+0000] {processor.py:925} INFO - DAG(s) 'dataset_s3_bucket_producer', 'dataset_s3_bucket_consumer', 'dataset_alias_example_alias_producer', 'dataset_alias_example_alias_consumer' retrieved from /home/airflow/.local/lib/python3.12/site-packages/airflow/example_dags/example_dataset_alias.py
[2025-04-06T01:31:44.619+0000] {logging_mixin.py:190} INFO - [2025-04-06T01:31:44.619+0000] {dag.py:3239} INFO - Sync 4 DAGs
[2025-04-06T01:31:44.630+0000] {logging_mixin.py:190} INFO - [2025-04-06T01:31:44.630+0000] {dag.py:4180} INFO - Setting next_dagrun for dataset_alias_example_alias_consumer to None, run_after=None
[2025-04-06T01:31:44.631+0000] {logging_mixin.py:190} INFO - [2025-04-06T01:31:44.631+0000] {dag.py:4180} INFO - Setting next_dagrun for dataset_alias_example_alias_producer to None, run_after=None
[2025-04-06T01:31:44.632+0000] {logging_mixin.py:190} INFO - [2025-04-06T01:31:44.632+0000] {dag.py:4180} INFO - Setting next_dagrun for dataset_s3_bucket_consumer to None, run_after=None
[2025-04-06T01:31:44.633+0000] {logging_mixin.py:190} INFO - [2025-04-06T01:31:44.633+0000] {dag.py:4180} INFO - Setting next_dagrun for dataset_s3_bucket_producer to None, run_after=None
[2025-04-06T01:31:44.642+0000] {processor.py:208} INFO - Processing /home/airflow/.local/lib/python3.12/site-packages/airflow/example_dags/example_dataset_alias.py took 0.466 seconds
[2025-04-06T01:32:14.777+0000] {processor.py:186} INFO - Started process (PID=821) to work on /home/airflow/.local/lib/python3.12/site-packages/airflow/example_dags/example_dataset_alias.py
[2025-04-06T01:32:14.780+0000] {processor.py:914} INFO - Processing file /home/airflow/.local/lib/python3.12/site-packages/airflow/example_dags/example_dataset_alias.py for tasks to queue
[2025-04-06T01:32:14.781+0000] {logging_mixin.py:190} INFO - [2025-04-06T01:32:14.781+0000] {dagbag.py:588} INFO - Filling up the DagBag from /home/airflow/.local/lib/python3.12/site-packages/airflow/example_dags/example_dataset_alias.py
[2025-04-06T01:32:15.250+0000] {processor.py:925} INFO - DAG(s) 'dataset_alias_example_alias_producer', 'dataset_s3_bucket_producer', 'dataset_alias_example_alias_consumer', 'dataset_s3_bucket_consumer' retrieved from /home/airflow/.local/lib/python3.12/site-packages/airflow/example_dags/example_dataset_alias.py
[2025-04-06T01:32:15.259+0000] {logging_mixin.py:190} INFO - [2025-04-06T01:32:15.258+0000] {dag.py:3239} INFO - Sync 4 DAGs
[2025-04-06T01:32:15.270+0000] {logging_mixin.py:190} INFO - [2025-04-06T01:32:15.269+0000] {dag.py:4180} INFO - Setting next_dagrun for dataset_alias_example_alias_consumer to None, run_after=None
[2025-04-06T01:32:15.271+0000] {logging_mixin.py:190} INFO - [2025-04-06T01:32:15.271+0000] {dag.py:4180} INFO - Setting next_dagrun for dataset_alias_example_alias_producer to None, run_after=None
[2025-04-06T01:32:15.271+0000] {logging_mixin.py:190} INFO - [2025-04-06T01:32:15.271+0000] {dag.py:4180} INFO - Setting next_dagrun for dataset_s3_bucket_consumer to None, run_after=None
[2025-04-06T01:32:15.272+0000] {logging_mixin.py:190} INFO - [2025-04-06T01:32:15.272+0000] {dag.py:4180} INFO - Setting next_dagrun for dataset_s3_bucket_producer to None, run_after=None
[2025-04-06T01:32:15.281+0000] {processor.py:208} INFO - Processing /home/airflow/.local/lib/python3.12/site-packages/airflow/example_dags/example_dataset_alias.py took 0.507 seconds
[2025-04-06T01:32:46.228+0000] {processor.py:186} INFO - Started process (PID=889) to work on /home/airflow/.local/lib/python3.12/site-packages/airflow/example_dags/example_dataset_alias.py
[2025-04-06T01:32:46.228+0000] {processor.py:914} INFO - Processing file /home/airflow/.local/lib/python3.12/site-packages/airflow/example_dags/example_dataset_alias.py for tasks to queue
[2025-04-06T01:32:46.229+0000] {logging_mixin.py:190} INFO - [2025-04-06T01:32:46.228+0000] {dagbag.py:588} INFO - Filling up the DagBag from /home/airflow/.local/lib/python3.12/site-packages/airflow/example_dags/example_dataset_alias.py
[2025-04-06T01:32:46.541+0000] {processor.py:925} INFO - DAG(s) 'dataset_alias_example_alias_producer', 'dataset_s3_bucket_producer', 'dataset_s3_bucket_consumer', 'dataset_alias_example_alias_consumer' retrieved from /home/airflow/.local/lib/python3.12/site-packages/airflow/example_dags/example_dataset_alias.py
[2025-04-06T01:32:46.549+0000] {logging_mixin.py:190} INFO - [2025-04-06T01:32:46.548+0000] {dag.py:3239} INFO - Sync 4 DAGs
[2025-04-06T01:32:46.557+0000] {logging_mixin.py:190} INFO - [2025-04-06T01:32:46.557+0000] {dag.py:4180} INFO - Setting next_dagrun for dataset_alias_example_alias_consumer to None, run_after=None
[2025-04-06T01:32:46.558+0000] {logging_mixin.py:190} INFO - [2025-04-06T01:32:46.558+0000] {dag.py:4180} INFO - Setting next_dagrun for dataset_alias_example_alias_producer to None, run_after=None
[2025-04-06T01:32:46.559+0000] {logging_mixin.py:190} INFO - [2025-04-06T01:32:46.559+0000] {dag.py:4180} INFO - Setting next_dagrun for dataset_s3_bucket_consumer to None, run_after=None
[2025-04-06T01:32:46.559+0000] {logging_mixin.py:190} INFO - [2025-04-06T01:32:46.559+0000] {dag.py:4180} INFO - Setting next_dagrun for dataset_s3_bucket_producer to None, run_after=None
[2025-04-06T01:32:46.567+0000] {processor.py:208} INFO - Processing /home/airflow/.local/lib/python3.12/site-packages/airflow/example_dags/example_dataset_alias.py took 0.342 seconds
[2025-04-06T01:33:18.391+0000] {processor.py:186} INFO - Started process (PID=946) to work on /home/airflow/.local/lib/python3.12/site-packages/airflow/example_dags/example_dataset_alias.py
[2025-04-06T01:33:18.392+0000] {processor.py:914} INFO - Processing file /home/airflow/.local/lib/python3.12/site-packages/airflow/example_dags/example_dataset_alias.py for tasks to queue
[2025-04-06T01:33:18.393+0000] {logging_mixin.py:190} INFO - [2025-04-06T01:33:18.393+0000] {dagbag.py:588} INFO - Filling up the DagBag from /home/airflow/.local/lib/python3.12/site-packages/airflow/example_dags/example_dataset_alias.py
[2025-04-06T01:33:18.743+0000] {processor.py:925} INFO - DAG(s) 'dataset_alias_example_alias_consumer', 'dataset_alias_example_alias_producer', 'dataset_s3_bucket_producer', 'dataset_s3_bucket_consumer' retrieved from /home/airflow/.local/lib/python3.12/site-packages/airflow/example_dags/example_dataset_alias.py
[2025-04-06T01:33:18.752+0000] {logging_mixin.py:190} INFO - [2025-04-06T01:33:18.752+0000] {dag.py:3239} INFO - Sync 4 DAGs
[2025-04-06T01:33:18.763+0000] {logging_mixin.py:190} INFO - [2025-04-06T01:33:18.763+0000] {dag.py:4180} INFO - Setting next_dagrun for dataset_alias_example_alias_consumer to None, run_after=None
[2025-04-06T01:33:18.765+0000] {logging_mixin.py:190} INFO - [2025-04-06T01:33:18.765+0000] {dag.py:4180} INFO - Setting next_dagrun for dataset_alias_example_alias_producer to None, run_after=None
[2025-04-06T01:33:18.766+0000] {logging_mixin.py:190} INFO - [2025-04-06T01:33:18.765+0000] {dag.py:4180} INFO - Setting next_dagrun for dataset_s3_bucket_consumer to None, run_after=None
[2025-04-06T01:33:18.766+0000] {logging_mixin.py:190} INFO - [2025-04-06T01:33:18.766+0000] {dag.py:4180} INFO - Setting next_dagrun for dataset_s3_bucket_producer to None, run_after=None
[2025-04-06T01:33:18.775+0000] {processor.py:208} INFO - Processing /home/airflow/.local/lib/python3.12/site-packages/airflow/example_dags/example_dataset_alias.py took 0.389 seconds
[2025-04-06T01:33:49.717+0000] {processor.py:186} INFO - Started process (PID=1009) to work on /home/airflow/.local/lib/python3.12/site-packages/airflow/example_dags/example_dataset_alias.py
[2025-04-06T01:33:49.718+0000] {processor.py:914} INFO - Processing file /home/airflow/.local/lib/python3.12/site-packages/airflow/example_dags/example_dataset_alias.py for tasks to queue
[2025-04-06T01:33:49.719+0000] {logging_mixin.py:190} INFO - [2025-04-06T01:33:49.719+0000] {dagbag.py:588} INFO - Filling up the DagBag from /home/airflow/.local/lib/python3.12/site-packages/airflow/example_dags/example_dataset_alias.py
[2025-04-06T01:33:50.071+0000] {processor.py:925} INFO - DAG(s) 'dataset_s3_bucket_consumer', 'dataset_s3_bucket_producer', 'dataset_alias_example_alias_consumer', 'dataset_alias_example_alias_producer' retrieved from /home/airflow/.local/lib/python3.12/site-packages/airflow/example_dags/example_dataset_alias.py
[2025-04-06T01:33:50.081+0000] {logging_mixin.py:190} INFO - [2025-04-06T01:33:50.081+0000] {dag.py:3239} INFO - Sync 4 DAGs
[2025-04-06T01:33:50.090+0000] {logging_mixin.py:190} INFO - [2025-04-06T01:33:50.090+0000] {dag.py:4180} INFO - Setting next_dagrun for dataset_alias_example_alias_consumer to None, run_after=None
[2025-04-06T01:33:50.091+0000] {logging_mixin.py:190} INFO - [2025-04-06T01:33:50.091+0000] {dag.py:4180} INFO - Setting next_dagrun for dataset_alias_example_alias_producer to None, run_after=None
[2025-04-06T01:33:50.091+0000] {logging_mixin.py:190} INFO - [2025-04-06T01:33:50.091+0000] {dag.py:4180} INFO - Setting next_dagrun for dataset_s3_bucket_consumer to None, run_after=None
[2025-04-06T01:33:50.092+0000] {logging_mixin.py:190} INFO - [2025-04-06T01:33:50.092+0000] {dag.py:4180} INFO - Setting next_dagrun for dataset_s3_bucket_producer to None, run_after=None
[2025-04-06T01:33:50.100+0000] {processor.py:208} INFO - Processing /home/airflow/.local/lib/python3.12/site-packages/airflow/example_dags/example_dataset_alias.py took 0.386 seconds
[2025-04-06T01:34:21.319+0000] {processor.py:186} INFO - Started process (PID=1072) to work on /home/airflow/.local/lib/python3.12/site-packages/airflow/example_dags/example_dataset_alias.py
[2025-04-06T01:34:21.320+0000] {processor.py:914} INFO - Processing file /home/airflow/.local/lib/python3.12/site-packages/airflow/example_dags/example_dataset_alias.py for tasks to queue
[2025-04-06T01:34:21.323+0000] {logging_mixin.py:190} INFO - [2025-04-06T01:34:21.322+0000] {dagbag.py:588} INFO - Filling up the DagBag from /home/airflow/.local/lib/python3.12/site-packages/airflow/example_dags/example_dataset_alias.py
[2025-04-06T01:34:21.786+0000] {processor.py:925} INFO - DAG(s) 'dataset_alias_example_alias_producer', 'dataset_alias_example_alias_consumer', 'dataset_s3_bucket_consumer', 'dataset_s3_bucket_producer' retrieved from /home/airflow/.local/lib/python3.12/site-packages/airflow/example_dags/example_dataset_alias.py
[2025-04-06T01:34:21.795+0000] {logging_mixin.py:190} INFO - [2025-04-06T01:34:21.795+0000] {dag.py:3239} INFO - Sync 4 DAGs
[2025-04-06T01:34:21.804+0000] {logging_mixin.py:190} INFO - [2025-04-06T01:34:21.804+0000] {dag.py:4180} INFO - Setting next_dagrun for dataset_alias_example_alias_consumer to None, run_after=None
[2025-04-06T01:34:21.805+0000] {logging_mixin.py:190} INFO - [2025-04-06T01:34:21.805+0000] {dag.py:4180} INFO - Setting next_dagrun for dataset_alias_example_alias_producer to None, run_after=None
[2025-04-06T01:34:21.806+0000] {logging_mixin.py:190} INFO - [2025-04-06T01:34:21.806+0000] {dag.py:4180} INFO - Setting next_dagrun for dataset_s3_bucket_consumer to None, run_after=None
[2025-04-06T01:34:21.807+0000] {logging_mixin.py:190} INFO - [2025-04-06T01:34:21.807+0000] {dag.py:4180} INFO - Setting next_dagrun for dataset_s3_bucket_producer to None, run_after=None
[2025-04-06T01:34:21.815+0000] {processor.py:208} INFO - Processing /home/airflow/.local/lib/python3.12/site-packages/airflow/example_dags/example_dataset_alias.py took 0.501 seconds
[2025-04-06T01:34:52.416+0000] {processor.py:186} INFO - Started process (PID=1141) to work on /home/airflow/.local/lib/python3.12/site-packages/airflow/example_dags/example_dataset_alias.py
[2025-04-06T01:34:52.417+0000] {processor.py:914} INFO - Processing file /home/airflow/.local/lib/python3.12/site-packages/airflow/example_dags/example_dataset_alias.py for tasks to queue
[2025-04-06T01:34:52.417+0000] {logging_mixin.py:190} INFO - [2025-04-06T01:34:52.417+0000] {dagbag.py:588} INFO - Filling up the DagBag from /home/airflow/.local/lib/python3.12/site-packages/airflow/example_dags/example_dataset_alias.py
[2025-04-06T01:34:52.822+0000] {processor.py:925} INFO - DAG(s) 'dataset_s3_bucket_producer', 'dataset_alias_example_alias_producer', 'dataset_alias_example_alias_consumer', 'dataset_s3_bucket_consumer' retrieved from /home/airflow/.local/lib/python3.12/site-packages/airflow/example_dags/example_dataset_alias.py
[2025-04-06T01:34:52.831+0000] {logging_mixin.py:190} INFO - [2025-04-06T01:34:52.831+0000] {dag.py:3239} INFO - Sync 4 DAGs
[2025-04-06T01:34:52.841+0000] {logging_mixin.py:190} INFO - [2025-04-06T01:34:52.841+0000] {dag.py:4180} INFO - Setting next_dagrun for dataset_alias_example_alias_consumer to None, run_after=None
[2025-04-06T01:34:52.843+0000] {logging_mixin.py:190} INFO - [2025-04-06T01:34:52.843+0000] {dag.py:4180} INFO - Setting next_dagrun for dataset_alias_example_alias_producer to None, run_after=None
[2025-04-06T01:34:52.844+0000] {logging_mixin.py:190} INFO - [2025-04-06T01:34:52.844+0000] {dag.py:4180} INFO - Setting next_dagrun for dataset_s3_bucket_consumer to None, run_after=None
[2025-04-06T01:34:52.844+0000] {logging_mixin.py:190} INFO - [2025-04-06T01:34:52.844+0000] {dag.py:4180} INFO - Setting next_dagrun for dataset_s3_bucket_producer to None, run_after=None
[2025-04-06T01:34:52.853+0000] {processor.py:208} INFO - Processing /home/airflow/.local/lib/python3.12/site-packages/airflow/example_dags/example_dataset_alias.py took 0.442 seconds
[2025-04-06T01:35:23.374+0000] {processor.py:186} INFO - Started process (PID=1204) to work on /home/airflow/.local/lib/python3.12/site-packages/airflow/example_dags/example_dataset_alias.py
[2025-04-06T01:35:23.375+0000] {processor.py:914} INFO - Processing file /home/airflow/.local/lib/python3.12/site-packages/airflow/example_dags/example_dataset_alias.py for tasks to queue
[2025-04-06T01:35:23.376+0000] {logging_mixin.py:190} INFO - [2025-04-06T01:35:23.376+0000] {dagbag.py:588} INFO - Filling up the DagBag from /home/airflow/.local/lib/python3.12/site-packages/airflow/example_dags/example_dataset_alias.py
[2025-04-06T01:35:23.751+0000] {processor.py:925} INFO - DAG(s) 'dataset_alias_example_alias_consumer', 'dataset_s3_bucket_producer', 'dataset_s3_bucket_consumer', 'dataset_alias_example_alias_producer' retrieved from /home/airflow/.local/lib/python3.12/site-packages/airflow/example_dags/example_dataset_alias.py
[2025-04-06T01:35:23.760+0000] {logging_mixin.py:190} INFO - [2025-04-06T01:35:23.760+0000] {dag.py:3239} INFO - Sync 4 DAGs
[2025-04-06T01:35:23.771+0000] {logging_mixin.py:190} INFO - [2025-04-06T01:35:23.770+0000] {dag.py:4180} INFO - Setting next_dagrun for dataset_alias_example_alias_consumer to None, run_after=None
[2025-04-06T01:35:23.772+0000] {logging_mixin.py:190} INFO - [2025-04-06T01:35:23.772+0000] {dag.py:4180} INFO - Setting next_dagrun for dataset_alias_example_alias_producer to None, run_after=None
[2025-04-06T01:35:23.773+0000] {logging_mixin.py:190} INFO - [2025-04-06T01:35:23.773+0000] {dag.py:4180} INFO - Setting next_dagrun for dataset_s3_bucket_consumer to None, run_after=None
[2025-04-06T01:35:23.773+0000] {logging_mixin.py:190} INFO - [2025-04-06T01:35:23.773+0000] {dag.py:4180} INFO - Setting next_dagrun for dataset_s3_bucket_producer to None, run_after=None
[2025-04-06T01:35:23.782+0000] {processor.py:208} INFO - Processing /home/airflow/.local/lib/python3.12/site-packages/airflow/example_dags/example_dataset_alias.py took 0.411 seconds
[2025-04-06T01:35:53.891+0000] {processor.py:186} INFO - Started process (PID=1267) to work on /home/airflow/.local/lib/python3.12/site-packages/airflow/example_dags/example_dataset_alias.py
[2025-04-06T01:35:53.893+0000] {processor.py:914} INFO - Processing file /home/airflow/.local/lib/python3.12/site-packages/airflow/example_dags/example_dataset_alias.py for tasks to queue
[2025-04-06T01:35:53.894+0000] {logging_mixin.py:190} INFO - [2025-04-06T01:35:53.894+0000] {dagbag.py:588} INFO - Filling up the DagBag from /home/airflow/.local/lib/python3.12/site-packages/airflow/example_dags/example_dataset_alias.py
[2025-04-06T01:35:54.258+0000] {processor.py:925} INFO - DAG(s) 'dataset_s3_bucket_consumer', 'dataset_alias_example_alias_producer', 'dataset_s3_bucket_producer', 'dataset_alias_example_alias_consumer' retrieved from /home/airflow/.local/lib/python3.12/site-packages/airflow/example_dags/example_dataset_alias.py
[2025-04-06T01:35:54.266+0000] {logging_mixin.py:190} INFO - [2025-04-06T01:35:54.266+0000] {dag.py:3239} INFO - Sync 4 DAGs
[2025-04-06T01:35:54.276+0000] {logging_mixin.py:190} INFO - [2025-04-06T01:35:54.276+0000] {dag.py:4180} INFO - Setting next_dagrun for dataset_alias_example_alias_consumer to None, run_after=None
[2025-04-06T01:35:54.277+0000] {logging_mixin.py:190} INFO - [2025-04-06T01:35:54.277+0000] {dag.py:4180} INFO - Setting next_dagrun for dataset_alias_example_alias_producer to None, run_after=None
[2025-04-06T01:35:54.277+0000] {logging_mixin.py:190} INFO - [2025-04-06T01:35:54.277+0000] {dag.py:4180} INFO - Setting next_dagrun for dataset_s3_bucket_consumer to None, run_after=None
[2025-04-06T01:35:54.278+0000] {logging_mixin.py:190} INFO - [2025-04-06T01:35:54.278+0000] {dag.py:4180} INFO - Setting next_dagrun for dataset_s3_bucket_producer to None, run_after=None
[2025-04-06T01:35:54.286+0000] {processor.py:208} INFO - Processing /home/airflow/.local/lib/python3.12/site-packages/airflow/example_dags/example_dataset_alias.py took 0.399 seconds
[2025-04-06T01:36:25.550+0000] {processor.py:186} INFO - Started process (PID=1324) to work on /home/airflow/.local/lib/python3.12/site-packages/airflow/example_dags/example_dataset_alias.py
[2025-04-06T01:36:25.551+0000] {processor.py:914} INFO - Processing file /home/airflow/.local/lib/python3.12/site-packages/airflow/example_dags/example_dataset_alias.py for tasks to queue
[2025-04-06T01:36:25.552+0000] {logging_mixin.py:190} INFO - [2025-04-06T01:36:25.551+0000] {dagbag.py:588} INFO - Filling up the DagBag from /home/airflow/.local/lib/python3.12/site-packages/airflow/example_dags/example_dataset_alias.py
[2025-04-06T01:36:26.159+0000] {processor.py:925} INFO - DAG(s) 'dataset_alias_example_alias_consumer', 'dataset_s3_bucket_producer', 'dataset_alias_example_alias_producer', 'dataset_s3_bucket_consumer' retrieved from /home/airflow/.local/lib/python3.12/site-packages/airflow/example_dags/example_dataset_alias.py
[2025-04-06T01:36:26.167+0000] {logging_mixin.py:190} INFO - [2025-04-06T01:36:26.167+0000] {dag.py:3239} INFO - Sync 4 DAGs
[2025-04-06T01:36:26.176+0000] {logging_mixin.py:190} INFO - [2025-04-06T01:36:26.176+0000] {dag.py:4180} INFO - Setting next_dagrun for dataset_alias_example_alias_consumer to None, run_after=None
[2025-04-06T01:36:26.177+0000] {logging_mixin.py:190} INFO - [2025-04-06T01:36:26.177+0000] {dag.py:4180} INFO - Setting next_dagrun for dataset_alias_example_alias_producer to None, run_after=None
[2025-04-06T01:36:26.179+0000] {logging_mixin.py:190} INFO - [2025-04-06T01:36:26.179+0000] {dag.py:4180} INFO - Setting next_dagrun for dataset_s3_bucket_consumer to None, run_after=None
[2025-04-06T01:36:26.179+0000] {logging_mixin.py:190} INFO - [2025-04-06T01:36:26.179+0000] {dag.py:4180} INFO - Setting next_dagrun for dataset_s3_bucket_producer to None, run_after=None
[2025-04-06T01:36:26.187+0000] {processor.py:208} INFO - Processing /home/airflow/.local/lib/python3.12/site-packages/airflow/example_dags/example_dataset_alias.py took 0.641 seconds
