[2025-04-06T01:26:31.532+0000] {processor.py:186} INFO - Started process (PID=103) to work on /home/airflow/.local/lib/python3.12/site-packages/airflow/example_dags/example_bash_operator.py
[2025-04-06T01:26:31.533+0000] {processor.py:914} INFO - Processing file /home/airflow/.local/lib/python3.12/site-packages/airflow/example_dags/example_bash_operator.py for tasks to queue
[2025-04-06T01:26:31.534+0000] {logging_mixin.py:190} INFO - [2025-04-06T01:26:31.534+0000] {dagbag.py:588} INFO - Filling up the DagBag from /home/airflow/.local/lib/python3.12/site-packages/airflow/example_dags/example_bash_operator.py
[2025-04-06T01:26:31.545+0000] {processor.py:925} INFO - DAG(s) 'example_bash_operator' retrieved from /home/airflow/.local/lib/python3.12/site-packages/airflow/example_dags/example_bash_operator.py
[2025-04-06T01:26:31.584+0000] {logging_mixin.py:190} INFO - [2025-04-06T01:26:31.582+0000] {dag.py:3239} INFO - Sync 1 DAGs
[2025-04-06T01:26:31.641+0000] {logging_mixin.py:190} INFO - [2025-04-06T01:26:31.641+0000] {dag.py:4180} INFO - Setting next_dagrun for example_bash_operator to 2025-04-05 00:00:00+00:00, run_after=2025-04-06 00:00:00+00:00
[2025-04-06T01:26:31.660+0000] {processor.py:208} INFO - Processing /home/airflow/.local/lib/python3.12/site-packages/airflow/example_dags/example_bash_operator.py took 0.132 seconds
[2025-04-06T01:27:02.488+0000] {processor.py:186} INFO - Started process (PID=167) to work on /home/airflow/.local/lib/python3.12/site-packages/airflow/example_dags/example_bash_operator.py
[2025-04-06T01:27:02.489+0000] {processor.py:914} INFO - Processing file /home/airflow/.local/lib/python3.12/site-packages/airflow/example_dags/example_bash_operator.py for tasks to queue
[2025-04-06T01:27:02.491+0000] {logging_mixin.py:190} INFO - [2025-04-06T01:27:02.490+0000] {dagbag.py:588} INFO - Filling up the DagBag from /home/airflow/.local/lib/python3.12/site-packages/airflow/example_dags/example_bash_operator.py
[2025-04-06T01:27:02.502+0000] {processor.py:925} INFO - DAG(s) 'example_bash_operator' retrieved from /home/airflow/.local/lib/python3.12/site-packages/airflow/example_dags/example_bash_operator.py
[2025-04-06T01:27:02.520+0000] {logging_mixin.py:190} INFO - [2025-04-06T01:27:02.520+0000] {dag.py:3239} INFO - Sync 1 DAGs
[2025-04-06T01:27:02.535+0000] {logging_mixin.py:190} INFO - [2025-04-06T01:27:02.535+0000] {dag.py:4180} INFO - Setting next_dagrun for example_bash_operator to 2025-04-05 00:00:00+00:00, run_after=2025-04-06 00:00:00+00:00
[2025-04-06T01:27:02.546+0000] {processor.py:208} INFO - Processing /home/airflow/.local/lib/python3.12/site-packages/airflow/example_dags/example_bash_operator.py took 0.062 seconds
[2025-04-06T01:27:34.032+0000] {processor.py:186} INFO - Started process (PID=230) to work on /home/airflow/.local/lib/python3.12/site-packages/airflow/example_dags/example_bash_operator.py
[2025-04-06T01:27:34.032+0000] {processor.py:914} INFO - Processing file /home/airflow/.local/lib/python3.12/site-packages/airflow/example_dags/example_bash_operator.py for tasks to queue
[2025-04-06T01:27:34.033+0000] {logging_mixin.py:190} INFO - [2025-04-06T01:27:34.032+0000] {dagbag.py:588} INFO - Filling up the DagBag from /home/airflow/.local/lib/python3.12/site-packages/airflow/example_dags/example_bash_operator.py
[2025-04-06T01:27:34.039+0000] {processor.py:925} INFO - DAG(s) 'example_bash_operator' retrieved from /home/airflow/.local/lib/python3.12/site-packages/airflow/example_dags/example_bash_operator.py
[2025-04-06T01:27:34.051+0000] {logging_mixin.py:190} INFO - [2025-04-06T01:27:34.051+0000] {dag.py:3239} INFO - Sync 1 DAGs
[2025-04-06T01:27:34.062+0000] {logging_mixin.py:190} INFO - [2025-04-06T01:27:34.062+0000] {dag.py:4180} INFO - Setting next_dagrun for example_bash_operator to 2025-04-05 00:00:00+00:00, run_after=2025-04-06 00:00:00+00:00
[2025-04-06T01:27:34.070+0000] {processor.py:208} INFO - Processing /home/airflow/.local/lib/python3.12/site-packages/airflow/example_dags/example_bash_operator.py took 0.041 seconds
[2025-04-06T01:28:04.738+0000] {processor.py:186} INFO - Started process (PID=293) to work on /home/airflow/.local/lib/python3.12/site-packages/airflow/example_dags/example_bash_operator.py
[2025-04-06T01:28:04.740+0000] {processor.py:914} INFO - Processing file /home/airflow/.local/lib/python3.12/site-packages/airflow/example_dags/example_bash_operator.py for tasks to queue
[2025-04-06T01:28:04.742+0000] {logging_mixin.py:190} INFO - [2025-04-06T01:28:04.742+0000] {dagbag.py:588} INFO - Filling up the DagBag from /home/airflow/.local/lib/python3.12/site-packages/airflow/example_dags/example_bash_operator.py
[2025-04-06T01:28:04.749+0000] {processor.py:925} INFO - DAG(s) 'example_bash_operator' retrieved from /home/airflow/.local/lib/python3.12/site-packages/airflow/example_dags/example_bash_operator.py
[2025-04-06T01:28:04.770+0000] {logging_mixin.py:190} INFO - [2025-04-06T01:28:04.770+0000] {dag.py:3239} INFO - Sync 1 DAGs
[2025-04-06T01:28:04.782+0000] {logging_mixin.py:190} INFO - [2025-04-06T01:28:04.782+0000] {dag.py:4180} INFO - Setting next_dagrun for example_bash_operator to 2025-04-05 00:00:00+00:00, run_after=2025-04-06 00:00:00+00:00
[2025-04-06T01:28:04.789+0000] {processor.py:208} INFO - Processing /home/airflow/.local/lib/python3.12/site-packages/airflow/example_dags/example_bash_operator.py took 0.054 seconds
[2025-04-06T01:28:36.080+0000] {processor.py:186} INFO - Started process (PID=356) to work on /home/airflow/.local/lib/python3.12/site-packages/airflow/example_dags/example_bash_operator.py
[2025-04-06T01:28:36.080+0000] {processor.py:914} INFO - Processing file /home/airflow/.local/lib/python3.12/site-packages/airflow/example_dags/example_bash_operator.py for tasks to queue
[2025-04-06T01:28:36.081+0000] {logging_mixin.py:190} INFO - [2025-04-06T01:28:36.081+0000] {dagbag.py:588} INFO - Filling up the DagBag from /home/airflow/.local/lib/python3.12/site-packages/airflow/example_dags/example_bash_operator.py
[2025-04-06T01:28:36.091+0000] {processor.py:925} INFO - DAG(s) 'example_bash_operator' retrieved from /home/airflow/.local/lib/python3.12/site-packages/airflow/example_dags/example_bash_operator.py
[2025-04-06T01:28:36.113+0000] {logging_mixin.py:190} INFO - [2025-04-06T01:28:36.113+0000] {dag.py:3239} INFO - Sync 1 DAGs
[2025-04-06T01:28:36.130+0000] {logging_mixin.py:190} INFO - [2025-04-06T01:28:36.130+0000] {dag.py:4180} INFO - Setting next_dagrun for example_bash_operator to 2025-04-05 00:00:00+00:00, run_after=2025-04-06 00:00:00+00:00
[2025-04-06T01:28:36.142+0000] {processor.py:208} INFO - Processing /home/airflow/.local/lib/python3.12/site-packages/airflow/example_dags/example_bash_operator.py took 0.066 seconds
[2025-04-06T01:29:06.959+0000] {processor.py:186} INFO - Started process (PID=419) to work on /home/airflow/.local/lib/python3.12/site-packages/airflow/example_dags/example_bash_operator.py
[2025-04-06T01:29:06.960+0000] {processor.py:914} INFO - Processing file /home/airflow/.local/lib/python3.12/site-packages/airflow/example_dags/example_bash_operator.py for tasks to queue
[2025-04-06T01:29:06.961+0000] {logging_mixin.py:190} INFO - [2025-04-06T01:29:06.961+0000] {dagbag.py:588} INFO - Filling up the DagBag from /home/airflow/.local/lib/python3.12/site-packages/airflow/example_dags/example_bash_operator.py
[2025-04-06T01:29:06.969+0000] {processor.py:925} INFO - DAG(s) 'example_bash_operator' retrieved from /home/airflow/.local/lib/python3.12/site-packages/airflow/example_dags/example_bash_operator.py
[2025-04-06T01:29:06.985+0000] {logging_mixin.py:190} INFO - [2025-04-06T01:29:06.984+0000] {dag.py:3239} INFO - Sync 1 DAGs
[2025-04-06T01:29:06.999+0000] {logging_mixin.py:190} INFO - [2025-04-06T01:29:06.999+0000] {dag.py:4180} INFO - Setting next_dagrun for example_bash_operator to 2025-04-05 00:00:00+00:00, run_after=2025-04-06 00:00:00+00:00
[2025-04-06T01:29:07.012+0000] {processor.py:208} INFO - Processing /home/airflow/.local/lib/python3.12/site-packages/airflow/example_dags/example_bash_operator.py took 0.056 seconds
[2025-04-06T01:29:37.955+0000] {processor.py:186} INFO - Started process (PID=482) to work on /home/airflow/.local/lib/python3.12/site-packages/airflow/example_dags/example_bash_operator.py
[2025-04-06T01:29:37.957+0000] {processor.py:914} INFO - Processing file /home/airflow/.local/lib/python3.12/site-packages/airflow/example_dags/example_bash_operator.py for tasks to queue
[2025-04-06T01:29:37.958+0000] {logging_mixin.py:190} INFO - [2025-04-06T01:29:37.958+0000] {dagbag.py:588} INFO - Filling up the DagBag from /home/airflow/.local/lib/python3.12/site-packages/airflow/example_dags/example_bash_operator.py
[2025-04-06T01:29:37.965+0000] {processor.py:925} INFO - DAG(s) 'example_bash_operator' retrieved from /home/airflow/.local/lib/python3.12/site-packages/airflow/example_dags/example_bash_operator.py
[2025-04-06T01:29:37.979+0000] {logging_mixin.py:190} INFO - [2025-04-06T01:29:37.979+0000] {dag.py:3239} INFO - Sync 1 DAGs
[2025-04-06T01:29:37.991+0000] {logging_mixin.py:190} INFO - [2025-04-06T01:29:37.991+0000] {dag.py:4180} INFO - Setting next_dagrun for example_bash_operator to 2025-04-05 00:00:00+00:00, run_after=2025-04-06 00:00:00+00:00
[2025-04-06T01:29:38.004+0000] {processor.py:208} INFO - Processing /home/airflow/.local/lib/python3.12/site-packages/airflow/example_dags/example_bash_operator.py took 0.052 seconds
[2025-04-06T01:30:08.816+0000] {processor.py:186} INFO - Started process (PID=545) to work on /home/airflow/.local/lib/python3.12/site-packages/airflow/example_dags/example_bash_operator.py
[2025-04-06T01:30:08.817+0000] {processor.py:914} INFO - Processing file /home/airflow/.local/lib/python3.12/site-packages/airflow/example_dags/example_bash_operator.py for tasks to queue
[2025-04-06T01:30:08.818+0000] {logging_mixin.py:190} INFO - [2025-04-06T01:30:08.818+0000] {dagbag.py:588} INFO - Filling up the DagBag from /home/airflow/.local/lib/python3.12/site-packages/airflow/example_dags/example_bash_operator.py
[2025-04-06T01:30:08.829+0000] {processor.py:925} INFO - DAG(s) 'example_bash_operator' retrieved from /home/airflow/.local/lib/python3.12/site-packages/airflow/example_dags/example_bash_operator.py
[2025-04-06T01:30:08.848+0000] {logging_mixin.py:190} INFO - [2025-04-06T01:30:08.848+0000] {dag.py:3239} INFO - Sync 1 DAGs
[2025-04-06T01:30:08.860+0000] {logging_mixin.py:190} INFO - [2025-04-06T01:30:08.860+0000] {dag.py:4180} INFO - Setting next_dagrun for example_bash_operator to 2025-04-05 00:00:00+00:00, run_after=2025-04-06 00:00:00+00:00
[2025-04-06T01:30:08.872+0000] {processor.py:208} INFO - Processing /home/airflow/.local/lib/python3.12/site-packages/airflow/example_dags/example_bash_operator.py took 0.058 seconds
[2025-04-06T01:30:39.936+0000] {processor.py:186} INFO - Started process (PID=608) to work on /home/airflow/.local/lib/python3.12/site-packages/airflow/example_dags/example_bash_operator.py
[2025-04-06T01:30:39.937+0000] {processor.py:914} INFO - Processing file /home/airflow/.local/lib/python3.12/site-packages/airflow/example_dags/example_bash_operator.py for tasks to queue
[2025-04-06T01:30:39.937+0000] {logging_mixin.py:190} INFO - [2025-04-06T01:30:39.937+0000] {dagbag.py:588} INFO - Filling up the DagBag from /home/airflow/.local/lib/python3.12/site-packages/airflow/example_dags/example_bash_operator.py
[2025-04-06T01:30:39.944+0000] {processor.py:925} INFO - DAG(s) 'example_bash_operator' retrieved from /home/airflow/.local/lib/python3.12/site-packages/airflow/example_dags/example_bash_operator.py
[2025-04-06T01:30:39.957+0000] {logging_mixin.py:190} INFO - [2025-04-06T01:30:39.957+0000] {dag.py:3239} INFO - Sync 1 DAGs
[2025-04-06T01:30:39.968+0000] {logging_mixin.py:190} INFO - [2025-04-06T01:30:39.968+0000] {dag.py:4180} INFO - Setting next_dagrun for example_bash_operator to 2025-04-05 00:00:00+00:00, run_after=2025-04-06 00:00:00+00:00
[2025-04-06T01:30:39.981+0000] {processor.py:208} INFO - Processing /home/airflow/.local/lib/python3.12/site-packages/airflow/example_dags/example_bash_operator.py took 0.049 seconds
[2025-04-06T01:31:11.198+0000] {processor.py:186} INFO - Started process (PID=671) to work on /home/airflow/.local/lib/python3.12/site-packages/airflow/example_dags/example_bash_operator.py
[2025-04-06T01:31:11.198+0000] {processor.py:914} INFO - Processing file /home/airflow/.local/lib/python3.12/site-packages/airflow/example_dags/example_bash_operator.py for tasks to queue
[2025-04-06T01:31:11.199+0000] {logging_mixin.py:190} INFO - [2025-04-06T01:31:11.199+0000] {dagbag.py:588} INFO - Filling up the DagBag from /home/airflow/.local/lib/python3.12/site-packages/airflow/example_dags/example_bash_operator.py
[2025-04-06T01:31:11.206+0000] {processor.py:925} INFO - DAG(s) 'example_bash_operator' retrieved from /home/airflow/.local/lib/python3.12/site-packages/airflow/example_dags/example_bash_operator.py
[2025-04-06T01:31:11.220+0000] {logging_mixin.py:190} INFO - [2025-04-06T01:31:11.220+0000] {dag.py:3239} INFO - Sync 1 DAGs
[2025-04-06T01:31:11.235+0000] {logging_mixin.py:190} INFO - [2025-04-06T01:31:11.235+0000] {dag.py:4180} INFO - Setting next_dagrun for example_bash_operator to 2025-04-05 00:00:00+00:00, run_after=2025-04-06 00:00:00+00:00
[2025-04-06T01:31:11.247+0000] {processor.py:208} INFO - Processing /home/airflow/.local/lib/python3.12/site-packages/airflow/example_dags/example_bash_operator.py took 0.052 seconds
[2025-04-06T01:31:42.779+0000] {processor.py:186} INFO - Started process (PID=734) to work on /home/airflow/.local/lib/python3.12/site-packages/airflow/example_dags/example_bash_operator.py
[2025-04-06T01:31:42.780+0000] {processor.py:914} INFO - Processing file /home/airflow/.local/lib/python3.12/site-packages/airflow/example_dags/example_bash_operator.py for tasks to queue
[2025-04-06T01:31:42.781+0000] {logging_mixin.py:190} INFO - [2025-04-06T01:31:42.781+0000] {dagbag.py:588} INFO - Filling up the DagBag from /home/airflow/.local/lib/python3.12/site-packages/airflow/example_dags/example_bash_operator.py
[2025-04-06T01:31:42.789+0000] {processor.py:925} INFO - DAG(s) 'example_bash_operator' retrieved from /home/airflow/.local/lib/python3.12/site-packages/airflow/example_dags/example_bash_operator.py
[2025-04-06T01:31:42.804+0000] {logging_mixin.py:190} INFO - [2025-04-06T01:31:42.804+0000] {dag.py:3239} INFO - Sync 1 DAGs
[2025-04-06T01:31:42.820+0000] {logging_mixin.py:190} INFO - [2025-04-06T01:31:42.820+0000] {dag.py:4180} INFO - Setting next_dagrun for example_bash_operator to 2025-04-05 00:00:00+00:00, run_after=2025-04-06 00:00:00+00:00
[2025-04-06T01:31:42.830+0000] {processor.py:208} INFO - Processing /home/airflow/.local/lib/python3.12/site-packages/airflow/example_dags/example_bash_operator.py took 0.054 seconds
[2025-04-06T01:32:13.703+0000] {processor.py:186} INFO - Started process (PID=797) to work on /home/airflow/.local/lib/python3.12/site-packages/airflow/example_dags/example_bash_operator.py
[2025-04-06T01:32:13.705+0000] {processor.py:914} INFO - Processing file /home/airflow/.local/lib/python3.12/site-packages/airflow/example_dags/example_bash_operator.py for tasks to queue
[2025-04-06T01:32:13.706+0000] {logging_mixin.py:190} INFO - [2025-04-06T01:32:13.705+0000] {dagbag.py:588} INFO - Filling up the DagBag from /home/airflow/.local/lib/python3.12/site-packages/airflow/example_dags/example_bash_operator.py
[2025-04-06T01:32:13.713+0000] {processor.py:925} INFO - DAG(s) 'example_bash_operator' retrieved from /home/airflow/.local/lib/python3.12/site-packages/airflow/example_dags/example_bash_operator.py
[2025-04-06T01:32:13.727+0000] {logging_mixin.py:190} INFO - [2025-04-06T01:32:13.727+0000] {dag.py:3239} INFO - Sync 1 DAGs
[2025-04-06T01:32:13.742+0000] {logging_mixin.py:190} INFO - [2025-04-06T01:32:13.741+0000] {dag.py:4180} INFO - Setting next_dagrun for example_bash_operator to 2025-04-05 00:00:00+00:00, run_after=2025-04-06 00:00:00+00:00
[2025-04-06T01:32:13.754+0000] {processor.py:208} INFO - Processing /home/airflow/.local/lib/python3.12/site-packages/airflow/example_dags/example_bash_operator.py took 0.055 seconds
[2025-04-06T01:32:44.961+0000] {processor.py:186} INFO - Started process (PID=860) to work on /home/airflow/.local/lib/python3.12/site-packages/airflow/example_dags/example_bash_operator.py
[2025-04-06T01:32:44.963+0000] {processor.py:914} INFO - Processing file /home/airflow/.local/lib/python3.12/site-packages/airflow/example_dags/example_bash_operator.py for tasks to queue
[2025-04-06T01:32:44.964+0000] {logging_mixin.py:190} INFO - [2025-04-06T01:32:44.964+0000] {dagbag.py:588} INFO - Filling up the DagBag from /home/airflow/.local/lib/python3.12/site-packages/airflow/example_dags/example_bash_operator.py
[2025-04-06T01:32:44.970+0000] {processor.py:925} INFO - DAG(s) 'example_bash_operator' retrieved from /home/airflow/.local/lib/python3.12/site-packages/airflow/example_dags/example_bash_operator.py
[2025-04-06T01:32:44.982+0000] {logging_mixin.py:190} INFO - [2025-04-06T01:32:44.982+0000] {dag.py:3239} INFO - Sync 1 DAGs
[2025-04-06T01:32:44.995+0000] {logging_mixin.py:190} INFO - [2025-04-06T01:32:44.994+0000] {dag.py:4180} INFO - Setting next_dagrun for example_bash_operator to 2025-04-05 00:00:00+00:00, run_after=2025-04-06 00:00:00+00:00
[2025-04-06T01:32:45.014+0000] {processor.py:208} INFO - Processing /home/airflow/.local/lib/python3.12/site-packages/airflow/example_dags/example_bash_operator.py took 0.056 seconds
[2025-04-06T01:33:16.854+0000] {processor.py:186} INFO - Started process (PID=923) to work on /home/airflow/.local/lib/python3.12/site-packages/airflow/example_dags/example_bash_operator.py
[2025-04-06T01:33:16.855+0000] {processor.py:914} INFO - Processing file /home/airflow/.local/lib/python3.12/site-packages/airflow/example_dags/example_bash_operator.py for tasks to queue
[2025-04-06T01:33:16.857+0000] {logging_mixin.py:190} INFO - [2025-04-06T01:33:16.856+0000] {dagbag.py:588} INFO - Filling up the DagBag from /home/airflow/.local/lib/python3.12/site-packages/airflow/example_dags/example_bash_operator.py
[2025-04-06T01:33:16.872+0000] {processor.py:925} INFO - DAG(s) 'example_bash_operator' retrieved from /home/airflow/.local/lib/python3.12/site-packages/airflow/example_dags/example_bash_operator.py
[2025-04-06T01:33:16.906+0000] {logging_mixin.py:190} INFO - [2025-04-06T01:33:16.906+0000] {dag.py:3239} INFO - Sync 1 DAGs
[2025-04-06T01:33:16.938+0000] {logging_mixin.py:190} INFO - [2025-04-06T01:33:16.938+0000] {dag.py:4180} INFO - Setting next_dagrun for example_bash_operator to 2025-04-05 00:00:00+00:00, run_after=2025-04-06 00:00:00+00:00
[2025-04-06T01:33:16.967+0000] {processor.py:208} INFO - Processing /home/airflow/.local/lib/python3.12/site-packages/airflow/example_dags/example_bash_operator.py took 0.126 seconds
[2025-04-06T01:33:47.551+0000] {processor.py:186} INFO - Started process (PID=986) to work on /home/airflow/.local/lib/python3.12/site-packages/airflow/example_dags/example_bash_operator.py
[2025-04-06T01:33:47.553+0000] {processor.py:914} INFO - Processing file /home/airflow/.local/lib/python3.12/site-packages/airflow/example_dags/example_bash_operator.py for tasks to queue
[2025-04-06T01:33:47.555+0000] {logging_mixin.py:190} INFO - [2025-04-06T01:33:47.554+0000] {dagbag.py:588} INFO - Filling up the DagBag from /home/airflow/.local/lib/python3.12/site-packages/airflow/example_dags/example_bash_operator.py
[2025-04-06T01:33:47.563+0000] {processor.py:925} INFO - DAG(s) 'example_bash_operator' retrieved from /home/airflow/.local/lib/python3.12/site-packages/airflow/example_dags/example_bash_operator.py
[2025-04-06T01:33:47.578+0000] {logging_mixin.py:190} INFO - [2025-04-06T01:33:47.578+0000] {dag.py:3239} INFO - Sync 1 DAGs
[2025-04-06T01:33:47.598+0000] {logging_mixin.py:190} INFO - [2025-04-06T01:33:47.598+0000] {dag.py:4180} INFO - Setting next_dagrun for example_bash_operator to 2025-04-05 00:00:00+00:00, run_after=2025-04-06 00:00:00+00:00
[2025-04-06T01:33:47.608+0000] {processor.py:208} INFO - Processing /home/airflow/.local/lib/python3.12/site-packages/airflow/example_dags/example_bash_operator.py took 0.060 seconds
[2025-04-06T01:34:19.235+0000] {processor.py:186} INFO - Started process (PID=1049) to work on /home/airflow/.local/lib/python3.12/site-packages/airflow/example_dags/example_bash_operator.py
[2025-04-06T01:34:19.235+0000] {processor.py:914} INFO - Processing file /home/airflow/.local/lib/python3.12/site-packages/airflow/example_dags/example_bash_operator.py for tasks to queue
[2025-04-06T01:34:19.236+0000] {logging_mixin.py:190} INFO - [2025-04-06T01:34:19.236+0000] {dagbag.py:588} INFO - Filling up the DagBag from /home/airflow/.local/lib/python3.12/site-packages/airflow/example_dags/example_bash_operator.py
[2025-04-06T01:34:19.243+0000] {processor.py:925} INFO - DAG(s) 'example_bash_operator' retrieved from /home/airflow/.local/lib/python3.12/site-packages/airflow/example_dags/example_bash_operator.py
[2025-04-06T01:34:19.260+0000] {logging_mixin.py:190} INFO - [2025-04-06T01:34:19.260+0000] {dag.py:3239} INFO - Sync 1 DAGs
[2025-04-06T01:34:19.272+0000] {logging_mixin.py:190} INFO - [2025-04-06T01:34:19.272+0000] {dag.py:4180} INFO - Setting next_dagrun for example_bash_operator to 2025-04-05 00:00:00+00:00, run_after=2025-04-06 00:00:00+00:00
[2025-04-06T01:34:19.282+0000] {processor.py:208} INFO - Processing /home/airflow/.local/lib/python3.12/site-packages/airflow/example_dags/example_bash_operator.py took 0.051 seconds
[2025-04-06T01:34:50.105+0000] {processor.py:186} INFO - Started process (PID=1112) to work on /home/airflow/.local/lib/python3.12/site-packages/airflow/example_dags/example_bash_operator.py
[2025-04-06T01:34:50.106+0000] {processor.py:914} INFO - Processing file /home/airflow/.local/lib/python3.12/site-packages/airflow/example_dags/example_bash_operator.py for tasks to queue
[2025-04-06T01:34:50.106+0000] {logging_mixin.py:190} INFO - [2025-04-06T01:34:50.106+0000] {dagbag.py:588} INFO - Filling up the DagBag from /home/airflow/.local/lib/python3.12/site-packages/airflow/example_dags/example_bash_operator.py
[2025-04-06T01:34:50.113+0000] {processor.py:925} INFO - DAG(s) 'example_bash_operator' retrieved from /home/airflow/.local/lib/python3.12/site-packages/airflow/example_dags/example_bash_operator.py
[2025-04-06T01:34:50.126+0000] {logging_mixin.py:190} INFO - [2025-04-06T01:34:50.126+0000] {dag.py:3239} INFO - Sync 1 DAGs
[2025-04-06T01:34:50.138+0000] {logging_mixin.py:190} INFO - [2025-04-06T01:34:50.138+0000] {dag.py:4180} INFO - Setting next_dagrun for example_bash_operator to 2025-04-05 00:00:00+00:00, run_after=2025-04-06 00:00:00+00:00
[2025-04-06T01:34:50.150+0000] {processor.py:208} INFO - Processing /home/airflow/.local/lib/python3.12/site-packages/airflow/example_dags/example_bash_operator.py took 0.048 seconds
[2025-04-06T01:35:21.040+0000] {processor.py:186} INFO - Started process (PID=1175) to work on /home/airflow/.local/lib/python3.12/site-packages/airflow/example_dags/example_bash_operator.py
[2025-04-06T01:35:21.041+0000] {processor.py:914} INFO - Processing file /home/airflow/.local/lib/python3.12/site-packages/airflow/example_dags/example_bash_operator.py for tasks to queue
[2025-04-06T01:35:21.042+0000] {logging_mixin.py:190} INFO - [2025-04-06T01:35:21.042+0000] {dagbag.py:588} INFO - Filling up the DagBag from /home/airflow/.local/lib/python3.12/site-packages/airflow/example_dags/example_bash_operator.py
[2025-04-06T01:35:21.051+0000] {processor.py:925} INFO - DAG(s) 'example_bash_operator' retrieved from /home/airflow/.local/lib/python3.12/site-packages/airflow/example_dags/example_bash_operator.py
[2025-04-06T01:35:21.070+0000] {logging_mixin.py:190} INFO - [2025-04-06T01:35:21.070+0000] {dag.py:3239} INFO - Sync 1 DAGs
[2025-04-06T01:35:21.084+0000] {logging_mixin.py:190} INFO - [2025-04-06T01:35:21.084+0000] {dag.py:4180} INFO - Setting next_dagrun for example_bash_operator to 2025-04-05 00:00:00+00:00, run_after=2025-04-06 00:00:00+00:00
[2025-04-06T01:35:21.094+0000] {processor.py:208} INFO - Processing /home/airflow/.local/lib/python3.12/site-packages/airflow/example_dags/example_bash_operator.py took 0.056 seconds
[2025-04-06T01:35:52.648+0000] {processor.py:186} INFO - Started process (PID=1238) to work on /home/airflow/.local/lib/python3.12/site-packages/airflow/example_dags/example_bash_operator.py
[2025-04-06T01:35:52.649+0000] {processor.py:914} INFO - Processing file /home/airflow/.local/lib/python3.12/site-packages/airflow/example_dags/example_bash_operator.py for tasks to queue
[2025-04-06T01:35:52.650+0000] {logging_mixin.py:190} INFO - [2025-04-06T01:35:52.650+0000] {dagbag.py:588} INFO - Filling up the DagBag from /home/airflow/.local/lib/python3.12/site-packages/airflow/example_dags/example_bash_operator.py
[2025-04-06T01:35:52.661+0000] {processor.py:925} INFO - DAG(s) 'example_bash_operator' retrieved from /home/airflow/.local/lib/python3.12/site-packages/airflow/example_dags/example_bash_operator.py
[2025-04-06T01:35:52.679+0000] {logging_mixin.py:190} INFO - [2025-04-06T01:35:52.678+0000] {dag.py:3239} INFO - Sync 1 DAGs
[2025-04-06T01:35:52.694+0000] {logging_mixin.py:190} INFO - [2025-04-06T01:35:52.693+0000] {dag.py:4180} INFO - Setting next_dagrun for example_bash_operator to 2025-04-05 00:00:00+00:00, run_after=2025-04-06 00:00:00+00:00
[2025-04-06T01:35:52.702+0000] {processor.py:208} INFO - Processing /home/airflow/.local/lib/python3.12/site-packages/airflow/example_dags/example_bash_operator.py took 0.057 seconds
[2025-04-06T01:36:24.114+0000] {processor.py:186} INFO - Started process (PID=1301) to work on /home/airflow/.local/lib/python3.12/site-packages/airflow/example_dags/example_bash_operator.py
[2025-04-06T01:36:24.115+0000] {processor.py:914} INFO - Processing file /home/airflow/.local/lib/python3.12/site-packages/airflow/example_dags/example_bash_operator.py for tasks to queue
[2025-04-06T01:36:24.116+0000] {logging_mixin.py:190} INFO - [2025-04-06T01:36:24.115+0000] {dagbag.py:588} INFO - Filling up the DagBag from /home/airflow/.local/lib/python3.12/site-packages/airflow/example_dags/example_bash_operator.py
[2025-04-06T01:36:24.123+0000] {processor.py:925} INFO - DAG(s) 'example_bash_operator' retrieved from /home/airflow/.local/lib/python3.12/site-packages/airflow/example_dags/example_bash_operator.py
[2025-04-06T01:36:24.138+0000] {logging_mixin.py:190} INFO - [2025-04-06T01:36:24.138+0000] {dag.py:3239} INFO - Sync 1 DAGs
[2025-04-06T01:36:24.154+0000] {logging_mixin.py:190} INFO - [2025-04-06T01:36:24.154+0000] {dag.py:4180} INFO - Setting next_dagrun for example_bash_operator to 2025-04-05 00:00:00+00:00, run_after=2025-04-06 00:00:00+00:00
[2025-04-06T01:36:24.165+0000] {processor.py:208} INFO - Processing /home/airflow/.local/lib/python3.12/site-packages/airflow/example_dags/example_bash_operator.py took 0.055 seconds
