[2025-04-06T01:26:33.347+0000] {processor.py:186} INFO - Started process (PID=127) to work on /home/airflow/.local/lib/python3.12/site-packages/airflow/example_dags/example_display_name.py
[2025-04-06T01:26:33.347+0000] {processor.py:914} INFO - Processing file /home/airflow/.local/lib/python3.12/site-packages/airflow/example_dags/example_display_name.py for tasks to queue
[2025-04-06T01:26:33.350+0000] {logging_mixin.py:190} INFO - [2025-04-06T01:26:33.349+0000] {dagbag.py:588} INFO - Filling up the DagBag from /home/airflow/.local/lib/python3.12/site-packages/airflow/example_dags/example_display_name.py
[2025-04-06T01:26:33.358+0000] {processor.py:925} INFO - DAG(s) 'example_display_name' retrieved from /home/airflow/.local/lib/python3.12/site-packages/airflow/example_dags/example_display_name.py
[2025-04-06T01:26:33.374+0000] {logging_mixin.py:190} INFO - [2025-04-06T01:26:33.373+0000] {dag.py:3239} INFO - Sync 1 DAGs
[2025-04-06T01:26:33.389+0000] {logging_mixin.py:190} INFO - [2025-04-06T01:26:33.389+0000] {dag.py:4180} INFO - Setting next_dagrun for example_display_name to None, run_after=None
[2025-04-06T01:26:33.424+0000] {processor.py:208} INFO - Processing /home/airflow/.local/lib/python3.12/site-packages/airflow/example_dags/example_display_name.py took 0.081 seconds
[2025-04-06T01:27:04.745+0000] {processor.py:186} INFO - Started process (PID=191) to work on /home/airflow/.local/lib/python3.12/site-packages/airflow/example_dags/example_display_name.py
[2025-04-06T01:27:04.746+0000] {processor.py:914} INFO - Processing file /home/airflow/.local/lib/python3.12/site-packages/airflow/example_dags/example_display_name.py for tasks to queue
[2025-04-06T01:27:04.747+0000] {logging_mixin.py:190} INFO - [2025-04-06T01:27:04.746+0000] {dagbag.py:588} INFO - Filling up the DagBag from /home/airflow/.local/lib/python3.12/site-packages/airflow/example_dags/example_display_name.py
[2025-04-06T01:27:04.751+0000] {processor.py:925} INFO - DAG(s) 'example_display_name' retrieved from /home/airflow/.local/lib/python3.12/site-packages/airflow/example_dags/example_display_name.py
[2025-04-06T01:27:04.760+0000] {logging_mixin.py:190} INFO - [2025-04-06T01:27:04.760+0000] {dag.py:3239} INFO - Sync 1 DAGs
[2025-04-06T01:27:04.766+0000] {logging_mixin.py:190} INFO - [2025-04-06T01:27:04.766+0000] {dag.py:4180} INFO - Setting next_dagrun for example_display_name to None, run_after=None
[2025-04-06T01:27:04.774+0000] {processor.py:208} INFO - Processing /home/airflow/.local/lib/python3.12/site-packages/airflow/example_dags/example_display_name.py took 0.032 seconds
[2025-04-06T01:27:35.455+0000] {processor.py:186} INFO - Started process (PID=254) to work on /home/airflow/.local/lib/python3.12/site-packages/airflow/example_dags/example_display_name.py
[2025-04-06T01:27:35.456+0000] {processor.py:914} INFO - Processing file /home/airflow/.local/lib/python3.12/site-packages/airflow/example_dags/example_display_name.py for tasks to queue
[2025-04-06T01:27:35.457+0000] {logging_mixin.py:190} INFO - [2025-04-06T01:27:35.457+0000] {dagbag.py:588} INFO - Filling up the DagBag from /home/airflow/.local/lib/python3.12/site-packages/airflow/example_dags/example_display_name.py
[2025-04-06T01:27:35.461+0000] {processor.py:925} INFO - DAG(s) 'example_display_name' retrieved from /home/airflow/.local/lib/python3.12/site-packages/airflow/example_dags/example_display_name.py
[2025-04-06T01:27:35.471+0000] {logging_mixin.py:190} INFO - [2025-04-06T01:27:35.471+0000] {dag.py:3239} INFO - Sync 1 DAGs
[2025-04-06T01:27:35.478+0000] {logging_mixin.py:190} INFO - [2025-04-06T01:27:35.478+0000] {dag.py:4180} INFO - Setting next_dagrun for example_display_name to None, run_after=None
[2025-04-06T01:27:35.486+0000] {processor.py:208} INFO - Processing /home/airflow/.local/lib/python3.12/site-packages/airflow/example_dags/example_display_name.py took 0.035 seconds
[2025-04-06T01:28:05.928+0000] {processor.py:186} INFO - Started process (PID=316) to work on /home/airflow/.local/lib/python3.12/site-packages/airflow/example_dags/example_display_name.py
[2025-04-06T01:28:05.932+0000] {processor.py:914} INFO - Processing file /home/airflow/.local/lib/python3.12/site-packages/airflow/example_dags/example_display_name.py for tasks to queue
[2025-04-06T01:28:05.934+0000] {logging_mixin.py:190} INFO - [2025-04-06T01:28:05.934+0000] {dagbag.py:588} INFO - Filling up the DagBag from /home/airflow/.local/lib/python3.12/site-packages/airflow/example_dags/example_display_name.py
[2025-04-06T01:28:05.939+0000] {processor.py:925} INFO - DAG(s) 'example_display_name' retrieved from /home/airflow/.local/lib/python3.12/site-packages/airflow/example_dags/example_display_name.py
[2025-04-06T01:28:05.953+0000] {logging_mixin.py:190} INFO - [2025-04-06T01:28:05.953+0000] {dag.py:3239} INFO - Sync 1 DAGs
[2025-04-06T01:28:05.963+0000] {logging_mixin.py:190} INFO - [2025-04-06T01:28:05.962+0000] {dag.py:4180} INFO - Setting next_dagrun for example_display_name to None, run_after=None
[2025-04-06T01:28:05.974+0000] {processor.py:208} INFO - Processing /home/airflow/.local/lib/python3.12/site-packages/airflow/example_dags/example_display_name.py took 0.049 seconds
[2025-04-06T01:28:37.325+0000] {processor.py:186} INFO - Started process (PID=379) to work on /home/airflow/.local/lib/python3.12/site-packages/airflow/example_dags/example_display_name.py
[2025-04-06T01:28:37.325+0000] {processor.py:914} INFO - Processing file /home/airflow/.local/lib/python3.12/site-packages/airflow/example_dags/example_display_name.py for tasks to queue
[2025-04-06T01:28:37.326+0000] {logging_mixin.py:190} INFO - [2025-04-06T01:28:37.326+0000] {dagbag.py:588} INFO - Filling up the DagBag from /home/airflow/.local/lib/python3.12/site-packages/airflow/example_dags/example_display_name.py
[2025-04-06T01:28:37.330+0000] {processor.py:925} INFO - DAG(s) 'example_display_name' retrieved from /home/airflow/.local/lib/python3.12/site-packages/airflow/example_dags/example_display_name.py
[2025-04-06T01:28:37.341+0000] {logging_mixin.py:190} INFO - [2025-04-06T01:28:37.341+0000] {dag.py:3239} INFO - Sync 1 DAGs
[2025-04-06T01:28:37.348+0000] {logging_mixin.py:190} INFO - [2025-04-06T01:28:37.348+0000] {dag.py:4180} INFO - Setting next_dagrun for example_display_name to None, run_after=None
[2025-04-06T01:28:37.357+0000] {processor.py:208} INFO - Processing /home/airflow/.local/lib/python3.12/site-packages/airflow/example_dags/example_display_name.py took 0.035 seconds
[2025-04-06T01:29:07.825+0000] {processor.py:186} INFO - Started process (PID=441) to work on /home/airflow/.local/lib/python3.12/site-packages/airflow/example_dags/example_display_name.py
[2025-04-06T01:29:07.825+0000] {processor.py:914} INFO - Processing file /home/airflow/.local/lib/python3.12/site-packages/airflow/example_dags/example_display_name.py for tasks to queue
[2025-04-06T01:29:07.826+0000] {logging_mixin.py:190} INFO - [2025-04-06T01:29:07.826+0000] {dagbag.py:588} INFO - Filling up the DagBag from /home/airflow/.local/lib/python3.12/site-packages/airflow/example_dags/example_display_name.py
[2025-04-06T01:29:07.831+0000] {processor.py:925} INFO - DAG(s) 'example_display_name' retrieved from /home/airflow/.local/lib/python3.12/site-packages/airflow/example_dags/example_display_name.py
[2025-04-06T01:29:07.842+0000] {logging_mixin.py:190} INFO - [2025-04-06T01:29:07.842+0000] {dag.py:3239} INFO - Sync 1 DAGs
[2025-04-06T01:29:07.854+0000] {logging_mixin.py:190} INFO - [2025-04-06T01:29:07.854+0000] {dag.py:4180} INFO - Setting next_dagrun for example_display_name to None, run_after=None
[2025-04-06T01:29:07.865+0000] {processor.py:208} INFO - Processing /home/airflow/.local/lib/python3.12/site-packages/airflow/example_dags/example_display_name.py took 0.045 seconds
[2025-04-06T01:29:38.666+0000] {processor.py:186} INFO - Started process (PID=503) to work on /home/airflow/.local/lib/python3.12/site-packages/airflow/example_dags/example_display_name.py
[2025-04-06T01:29:38.667+0000] {processor.py:914} INFO - Processing file /home/airflow/.local/lib/python3.12/site-packages/airflow/example_dags/example_display_name.py for tasks to queue
[2025-04-06T01:29:38.667+0000] {logging_mixin.py:190} INFO - [2025-04-06T01:29:38.667+0000] {dagbag.py:588} INFO - Filling up the DagBag from /home/airflow/.local/lib/python3.12/site-packages/airflow/example_dags/example_display_name.py
[2025-04-06T01:29:38.673+0000] {processor.py:925} INFO - DAG(s) 'example_display_name' retrieved from /home/airflow/.local/lib/python3.12/site-packages/airflow/example_dags/example_display_name.py
[2025-04-06T01:29:38.687+0000] {logging_mixin.py:190} INFO - [2025-04-06T01:29:38.686+0000] {dag.py:3239} INFO - Sync 1 DAGs
[2025-04-06T01:29:38.696+0000] {logging_mixin.py:190} INFO - [2025-04-06T01:29:38.696+0000] {dag.py:4180} INFO - Setting next_dagrun for example_display_name to None, run_after=None
[2025-04-06T01:29:38.706+0000] {processor.py:208} INFO - Processing /home/airflow/.local/lib/python3.12/site-packages/airflow/example_dags/example_display_name.py took 0.044 seconds
[2025-04-06T01:30:09.548+0000] {processor.py:186} INFO - Started process (PID=567) to work on /home/airflow/.local/lib/python3.12/site-packages/airflow/example_dags/example_display_name.py
[2025-04-06T01:30:09.549+0000] {processor.py:914} INFO - Processing file /home/airflow/.local/lib/python3.12/site-packages/airflow/example_dags/example_display_name.py for tasks to queue
[2025-04-06T01:30:09.550+0000] {logging_mixin.py:190} INFO - [2025-04-06T01:30:09.550+0000] {dagbag.py:588} INFO - Filling up the DagBag from /home/airflow/.local/lib/python3.12/site-packages/airflow/example_dags/example_display_name.py
[2025-04-06T01:30:09.555+0000] {processor.py:925} INFO - DAG(s) 'example_display_name' retrieved from /home/airflow/.local/lib/python3.12/site-packages/airflow/example_dags/example_display_name.py
[2025-04-06T01:30:09.565+0000] {logging_mixin.py:190} INFO - [2025-04-06T01:30:09.565+0000] {dag.py:3239} INFO - Sync 1 DAGs
[2025-04-06T01:30:09.574+0000] {logging_mixin.py:190} INFO - [2025-04-06T01:30:09.574+0000] {dag.py:4180} INFO - Setting next_dagrun for example_display_name to None, run_after=None
[2025-04-06T01:30:09.582+0000] {processor.py:208} INFO - Processing /home/airflow/.local/lib/python3.12/site-packages/airflow/example_dags/example_display_name.py took 0.038 seconds
[2025-04-06T01:30:40.633+0000] {processor.py:186} INFO - Started process (PID=630) to work on /home/airflow/.local/lib/python3.12/site-packages/airflow/example_dags/example_display_name.py
[2025-04-06T01:30:40.633+0000] {processor.py:914} INFO - Processing file /home/airflow/.local/lib/python3.12/site-packages/airflow/example_dags/example_display_name.py for tasks to queue
[2025-04-06T01:30:40.634+0000] {logging_mixin.py:190} INFO - [2025-04-06T01:30:40.634+0000] {dagbag.py:588} INFO - Filling up the DagBag from /home/airflow/.local/lib/python3.12/site-packages/airflow/example_dags/example_display_name.py
[2025-04-06T01:30:40.638+0000] {processor.py:925} INFO - DAG(s) 'example_display_name' retrieved from /home/airflow/.local/lib/python3.12/site-packages/airflow/example_dags/example_display_name.py
[2025-04-06T01:30:40.648+0000] {logging_mixin.py:190} INFO - [2025-04-06T01:30:40.648+0000] {dag.py:3239} INFO - Sync 1 DAGs
[2025-04-06T01:30:40.655+0000] {logging_mixin.py:190} INFO - [2025-04-06T01:30:40.655+0000] {dag.py:4180} INFO - Setting next_dagrun for example_display_name to None, run_after=None
[2025-04-06T01:30:40.664+0000] {processor.py:208} INFO - Processing /home/airflow/.local/lib/python3.12/site-packages/airflow/example_dags/example_display_name.py took 0.035 seconds
[2025-04-06T01:31:12.158+0000] {processor.py:186} INFO - Started process (PID=694) to work on /home/airflow/.local/lib/python3.12/site-packages/airflow/example_dags/example_display_name.py
[2025-04-06T01:31:12.159+0000] {processor.py:914} INFO - Processing file /home/airflow/.local/lib/python3.12/site-packages/airflow/example_dags/example_display_name.py for tasks to queue
[2025-04-06T01:31:12.160+0000] {logging_mixin.py:190} INFO - [2025-04-06T01:31:12.160+0000] {dagbag.py:588} INFO - Filling up the DagBag from /home/airflow/.local/lib/python3.12/site-packages/airflow/example_dags/example_display_name.py
[2025-04-06T01:31:12.164+0000] {processor.py:925} INFO - DAG(s) 'example_display_name' retrieved from /home/airflow/.local/lib/python3.12/site-packages/airflow/example_dags/example_display_name.py
[2025-04-06T01:31:12.175+0000] {logging_mixin.py:190} INFO - [2025-04-06T01:31:12.175+0000] {dag.py:3239} INFO - Sync 1 DAGs
[2025-04-06T01:31:12.182+0000] {logging_mixin.py:190} INFO - [2025-04-06T01:31:12.182+0000] {dag.py:4180} INFO - Setting next_dagrun for example_display_name to None, run_after=None
[2025-04-06T01:31:12.192+0000] {processor.py:208} INFO - Processing /home/airflow/.local/lib/python3.12/site-packages/airflow/example_dags/example_display_name.py took 0.037 seconds
[2025-04-06T01:31:44.209+0000] {processor.py:186} INFO - Started process (PID=758) to work on /home/airflow/.local/lib/python3.12/site-packages/airflow/example_dags/example_display_name.py
[2025-04-06T01:31:44.212+0000] {processor.py:914} INFO - Processing file /home/airflow/.local/lib/python3.12/site-packages/airflow/example_dags/example_display_name.py for tasks to queue
[2025-04-06T01:31:44.216+0000] {logging_mixin.py:190} INFO - [2025-04-06T01:31:44.215+0000] {dagbag.py:588} INFO - Filling up the DagBag from /home/airflow/.local/lib/python3.12/site-packages/airflow/example_dags/example_display_name.py
[2025-04-06T01:31:44.223+0000] {processor.py:925} INFO - DAG(s) 'example_display_name' retrieved from /home/airflow/.local/lib/python3.12/site-packages/airflow/example_dags/example_display_name.py
[2025-04-06T01:31:44.242+0000] {logging_mixin.py:190} INFO - [2025-04-06T01:31:44.242+0000] {dag.py:3239} INFO - Sync 1 DAGs
[2025-04-06T01:31:44.251+0000] {logging_mixin.py:190} INFO - [2025-04-06T01:31:44.251+0000] {dag.py:4180} INFO - Setting next_dagrun for example_display_name to None, run_after=None
[2025-04-06T01:31:44.259+0000] {processor.py:208} INFO - Processing /home/airflow/.local/lib/python3.12/site-packages/airflow/example_dags/example_display_name.py took 0.058 seconds
[2025-04-06T01:32:14.766+0000] {processor.py:186} INFO - Started process (PID=820) to work on /home/airflow/.local/lib/python3.12/site-packages/airflow/example_dags/example_display_name.py
[2025-04-06T01:32:14.767+0000] {processor.py:914} INFO - Processing file /home/airflow/.local/lib/python3.12/site-packages/airflow/example_dags/example_display_name.py for tasks to queue
[2025-04-06T01:32:14.768+0000] {logging_mixin.py:190} INFO - [2025-04-06T01:32:14.767+0000] {dagbag.py:588} INFO - Filling up the DagBag from /home/airflow/.local/lib/python3.12/site-packages/airflow/example_dags/example_display_name.py
[2025-04-06T01:32:14.771+0000] {processor.py:925} INFO - DAG(s) 'example_display_name' retrieved from /home/airflow/.local/lib/python3.12/site-packages/airflow/example_dags/example_display_name.py
[2025-04-06T01:32:14.781+0000] {logging_mixin.py:190} INFO - [2025-04-06T01:32:14.781+0000] {dag.py:3239} INFO - Sync 1 DAGs
[2025-04-06T01:32:14.788+0000] {logging_mixin.py:190} INFO - [2025-04-06T01:32:14.788+0000] {dag.py:4180} INFO - Setting next_dagrun for example_display_name to None, run_after=None
[2025-04-06T01:32:14.795+0000] {processor.py:208} INFO - Processing /home/airflow/.local/lib/python3.12/site-packages/airflow/example_dags/example_display_name.py took 0.032 seconds
[2025-04-06T01:32:46.086+0000] {processor.py:186} INFO - Started process (PID=883) to work on /home/airflow/.local/lib/python3.12/site-packages/airflow/example_dags/example_display_name.py
[2025-04-06T01:32:46.087+0000] {processor.py:914} INFO - Processing file /home/airflow/.local/lib/python3.12/site-packages/airflow/example_dags/example_display_name.py for tasks to queue
[2025-04-06T01:32:46.089+0000] {logging_mixin.py:190} INFO - [2025-04-06T01:32:46.088+0000] {dagbag.py:588} INFO - Filling up the DagBag from /home/airflow/.local/lib/python3.12/site-packages/airflow/example_dags/example_display_name.py
[2025-04-06T01:32:46.093+0000] {processor.py:925} INFO - DAG(s) 'example_display_name' retrieved from /home/airflow/.local/lib/python3.12/site-packages/airflow/example_dags/example_display_name.py
[2025-04-06T01:32:46.105+0000] {logging_mixin.py:190} INFO - [2025-04-06T01:32:46.105+0000] {dag.py:3239} INFO - Sync 1 DAGs
[2025-04-06T01:32:46.112+0000] {logging_mixin.py:190} INFO - [2025-04-06T01:32:46.112+0000] {dag.py:4180} INFO - Setting next_dagrun for example_display_name to None, run_after=None
[2025-04-06T01:32:46.123+0000] {processor.py:208} INFO - Processing /home/airflow/.local/lib/python3.12/site-packages/airflow/example_dags/example_display_name.py took 0.040 seconds
[2025-04-06T01:33:18.414+0000] {processor.py:186} INFO - Started process (PID=947) to work on /home/airflow/.local/lib/python3.12/site-packages/airflow/example_dags/example_display_name.py
[2025-04-06T01:33:18.415+0000] {processor.py:914} INFO - Processing file /home/airflow/.local/lib/python3.12/site-packages/airflow/example_dags/example_display_name.py for tasks to queue
[2025-04-06T01:33:18.418+0000] {logging_mixin.py:190} INFO - [2025-04-06T01:33:18.417+0000] {dagbag.py:588} INFO - Filling up the DagBag from /home/airflow/.local/lib/python3.12/site-packages/airflow/example_dags/example_display_name.py
[2025-04-06T01:33:18.422+0000] {processor.py:925} INFO - DAG(s) 'example_display_name' retrieved from /home/airflow/.local/lib/python3.12/site-packages/airflow/example_dags/example_display_name.py
[2025-04-06T01:33:18.437+0000] {logging_mixin.py:190} INFO - [2025-04-06T01:33:18.437+0000] {dag.py:3239} INFO - Sync 1 DAGs
[2025-04-06T01:33:18.445+0000] {logging_mixin.py:190} INFO - [2025-04-06T01:33:18.445+0000] {dag.py:4180} INFO - Setting next_dagrun for example_display_name to None, run_after=None
[2025-04-06T01:33:18.456+0000] {processor.py:208} INFO - Processing /home/airflow/.local/lib/python3.12/site-packages/airflow/example_dags/example_display_name.py took 0.046 seconds
[2025-04-06T01:33:49.729+0000] {processor.py:186} INFO - Started process (PID=1010) to work on /home/airflow/.local/lib/python3.12/site-packages/airflow/example_dags/example_display_name.py
[2025-04-06T01:33:49.730+0000] {processor.py:914} INFO - Processing file /home/airflow/.local/lib/python3.12/site-packages/airflow/example_dags/example_display_name.py for tasks to queue
[2025-04-06T01:33:49.732+0000] {logging_mixin.py:190} INFO - [2025-04-06T01:33:49.731+0000] {dagbag.py:588} INFO - Filling up the DagBag from /home/airflow/.local/lib/python3.12/site-packages/airflow/example_dags/example_display_name.py
[2025-04-06T01:33:49.737+0000] {processor.py:925} INFO - DAG(s) 'example_display_name' retrieved from /home/airflow/.local/lib/python3.12/site-packages/airflow/example_dags/example_display_name.py
[2025-04-06T01:33:49.747+0000] {logging_mixin.py:190} INFO - [2025-04-06T01:33:49.747+0000] {dag.py:3239} INFO - Sync 1 DAGs
[2025-04-06T01:33:49.754+0000] {logging_mixin.py:190} INFO - [2025-04-06T01:33:49.754+0000] {dag.py:4180} INFO - Setting next_dagrun for example_display_name to None, run_after=None
[2025-04-06T01:33:49.763+0000] {processor.py:208} INFO - Processing /home/airflow/.local/lib/python3.12/site-packages/airflow/example_dags/example_display_name.py took 0.037 seconds
[2025-04-06T01:34:21.352+0000] {processor.py:186} INFO - Started process (PID=1073) to work on /home/airflow/.local/lib/python3.12/site-packages/airflow/example_dags/example_display_name.py
[2025-04-06T01:34:21.353+0000] {processor.py:914} INFO - Processing file /home/airflow/.local/lib/python3.12/site-packages/airflow/example_dags/example_display_name.py for tasks to queue
[2025-04-06T01:34:21.354+0000] {logging_mixin.py:190} INFO - [2025-04-06T01:34:21.354+0000] {dagbag.py:588} INFO - Filling up the DagBag from /home/airflow/.local/lib/python3.12/site-packages/airflow/example_dags/example_display_name.py
[2025-04-06T01:34:21.365+0000] {processor.py:925} INFO - DAG(s) 'example_display_name' retrieved from /home/airflow/.local/lib/python3.12/site-packages/airflow/example_dags/example_display_name.py
[2025-04-06T01:34:21.382+0000] {logging_mixin.py:190} INFO - [2025-04-06T01:34:21.382+0000] {dag.py:3239} INFO - Sync 1 DAGs
[2025-04-06T01:34:21.396+0000] {logging_mixin.py:190} INFO - [2025-04-06T01:34:21.396+0000] {dag.py:4180} INFO - Setting next_dagrun for example_display_name to None, run_after=None
[2025-04-06T01:34:21.407+0000] {processor.py:208} INFO - Processing /home/airflow/.local/lib/python3.12/site-packages/airflow/example_dags/example_display_name.py took 0.060 seconds
[2025-04-06T01:34:52.273+0000] {processor.py:186} INFO - Started process (PID=1135) to work on /home/airflow/.local/lib/python3.12/site-packages/airflow/example_dags/example_display_name.py
[2025-04-06T01:34:52.273+0000] {processor.py:914} INFO - Processing file /home/airflow/.local/lib/python3.12/site-packages/airflow/example_dags/example_display_name.py for tasks to queue
[2025-04-06T01:34:52.274+0000] {logging_mixin.py:190} INFO - [2025-04-06T01:34:52.274+0000] {dagbag.py:588} INFO - Filling up the DagBag from /home/airflow/.local/lib/python3.12/site-packages/airflow/example_dags/example_display_name.py
[2025-04-06T01:34:52.281+0000] {processor.py:925} INFO - DAG(s) 'example_display_name' retrieved from /home/airflow/.local/lib/python3.12/site-packages/airflow/example_dags/example_display_name.py
[2025-04-06T01:34:52.294+0000] {logging_mixin.py:190} INFO - [2025-04-06T01:34:52.294+0000] {dag.py:3239} INFO - Sync 1 DAGs
[2025-04-06T01:34:52.302+0000] {logging_mixin.py:190} INFO - [2025-04-06T01:34:52.302+0000] {dag.py:4180} INFO - Setting next_dagrun for example_display_name to None, run_after=None
[2025-04-06T01:34:52.324+0000] {processor.py:208} INFO - Processing /home/airflow/.local/lib/python3.12/site-packages/airflow/example_dags/example_display_name.py took 0.055 seconds
[2025-04-06T01:35:23.266+0000] {processor.py:186} INFO - Started process (PID=1198) to work on /home/airflow/.local/lib/python3.12/site-packages/airflow/example_dags/example_display_name.py
[2025-04-06T01:35:23.267+0000] {processor.py:914} INFO - Processing file /home/airflow/.local/lib/python3.12/site-packages/airflow/example_dags/example_display_name.py for tasks to queue
[2025-04-06T01:35:23.268+0000] {logging_mixin.py:190} INFO - [2025-04-06T01:35:23.268+0000] {dagbag.py:588} INFO - Filling up the DagBag from /home/airflow/.local/lib/python3.12/site-packages/airflow/example_dags/example_display_name.py
[2025-04-06T01:35:23.274+0000] {processor.py:925} INFO - DAG(s) 'example_display_name' retrieved from /home/airflow/.local/lib/python3.12/site-packages/airflow/example_dags/example_display_name.py
[2025-04-06T01:35:23.286+0000] {logging_mixin.py:190} INFO - [2025-04-06T01:35:23.286+0000] {dag.py:3239} INFO - Sync 1 DAGs
[2025-04-06T01:35:23.294+0000] {logging_mixin.py:190} INFO - [2025-04-06T01:35:23.294+0000] {dag.py:4180} INFO - Setting next_dagrun for example_display_name to None, run_after=None
[2025-04-06T01:35:23.305+0000] {processor.py:208} INFO - Processing /home/airflow/.local/lib/python3.12/site-packages/airflow/example_dags/example_display_name.py took 0.043 seconds
[2025-04-06T01:35:53.778+0000] {processor.py:186} INFO - Started process (PID=1261) to work on /home/airflow/.local/lib/python3.12/site-packages/airflow/example_dags/example_display_name.py
[2025-04-06T01:35:53.778+0000] {processor.py:914} INFO - Processing file /home/airflow/.local/lib/python3.12/site-packages/airflow/example_dags/example_display_name.py for tasks to queue
[2025-04-06T01:35:53.779+0000] {logging_mixin.py:190} INFO - [2025-04-06T01:35:53.779+0000] {dagbag.py:588} INFO - Filling up the DagBag from /home/airflow/.local/lib/python3.12/site-packages/airflow/example_dags/example_display_name.py
[2025-04-06T01:35:53.783+0000] {processor.py:925} INFO - DAG(s) 'example_display_name' retrieved from /home/airflow/.local/lib/python3.12/site-packages/airflow/example_dags/example_display_name.py
[2025-04-06T01:35:53.796+0000] {logging_mixin.py:190} INFO - [2025-04-06T01:35:53.795+0000] {dag.py:3239} INFO - Sync 1 DAGs
[2025-04-06T01:35:53.804+0000] {logging_mixin.py:190} INFO - [2025-04-06T01:35:53.804+0000] {dag.py:4180} INFO - Setting next_dagrun for example_display_name to None, run_after=None
[2025-04-06T01:35:53.813+0000] {processor.py:208} INFO - Processing /home/airflow/.local/lib/python3.12/site-packages/airflow/example_dags/example_display_name.py took 0.038 seconds
[2025-04-06T01:36:25.582+0000] {processor.py:186} INFO - Started process (PID=1325) to work on /home/airflow/.local/lib/python3.12/site-packages/airflow/example_dags/example_display_name.py
[2025-04-06T01:36:25.583+0000] {processor.py:914} INFO - Processing file /home/airflow/.local/lib/python3.12/site-packages/airflow/example_dags/example_display_name.py for tasks to queue
[2025-04-06T01:36:25.584+0000] {logging_mixin.py:190} INFO - [2025-04-06T01:36:25.584+0000] {dagbag.py:588} INFO - Filling up the DagBag from /home/airflow/.local/lib/python3.12/site-packages/airflow/example_dags/example_display_name.py
[2025-04-06T01:36:25.588+0000] {processor.py:925} INFO - DAG(s) 'example_display_name' retrieved from /home/airflow/.local/lib/python3.12/site-packages/airflow/example_dags/example_display_name.py
[2025-04-06T01:36:25.600+0000] {logging_mixin.py:190} INFO - [2025-04-06T01:36:25.600+0000] {dag.py:3239} INFO - Sync 1 DAGs
[2025-04-06T01:36:25.609+0000] {logging_mixin.py:190} INFO - [2025-04-06T01:36:25.609+0000] {dag.py:4180} INFO - Setting next_dagrun for example_display_name to None, run_after=None
[2025-04-06T01:36:25.618+0000] {processor.py:208} INFO - Processing /home/airflow/.local/lib/python3.12/site-packages/airflow/example_dags/example_display_name.py took 0.040 seconds
