[2025-04-06T01:26:31.106+0000] {processor.py:186} INFO - Started process (PID=96) to work on /home/airflow/.local/lib/python3.12/site-packages/airflow/example_dags/example_sla_dag.py
[2025-04-06T01:26:31.106+0000] {processor.py:914} INFO - Processing file /home/airflow/.local/lib/python3.12/site-packages/airflow/example_dags/example_sla_dag.py for tasks to queue
[2025-04-06T01:26:31.108+0000] {logging_mixin.py:190} INFO - [2025-04-06T01:26:31.108+0000] {dagbag.py:588} INFO - Filling up the DagBag from /home/airflow/.local/lib/python3.12/site-packages/airflow/example_dags/example_sla_dag.py
[2025-04-06T01:26:31.115+0000] {processor.py:925} INFO - DAG(s) 'example_sla_dag' retrieved from /home/airflow/.local/lib/python3.12/site-packages/airflow/example_dags/example_sla_dag.py
[2025-04-06T01:26:31.133+0000] {logging_mixin.py:190} INFO - [2025-04-06T01:26:31.133+0000] {dag.py:3239} INFO - Sync 1 DAGs
[2025-04-06T01:26:31.149+0000] {logging_mixin.py:190} INFO - [2025-04-06T01:26:31.149+0000] {dag.py:4180} INFO - Setting next_dagrun for example_sla_dag to 2025-04-06 01:24:00+00:00, run_after=2025-04-06 01:26:00+00:00
[2025-04-06T01:26:31.161+0000] {processor.py:208} INFO - Processing /home/airflow/.local/lib/python3.12/site-packages/airflow/example_dags/example_sla_dag.py took 0.059 seconds
[2025-04-06T01:27:02.283+0000] {processor.py:186} INFO - Started process (PID=160) to work on /home/airflow/.local/lib/python3.12/site-packages/airflow/example_dags/example_sla_dag.py
[2025-04-06T01:27:02.284+0000] {processor.py:914} INFO - Processing file /home/airflow/.local/lib/python3.12/site-packages/airflow/example_dags/example_sla_dag.py for tasks to queue
[2025-04-06T01:27:02.285+0000] {logging_mixin.py:190} INFO - [2025-04-06T01:27:02.285+0000] {dagbag.py:588} INFO - Filling up the DagBag from /home/airflow/.local/lib/python3.12/site-packages/airflow/example_dags/example_sla_dag.py
[2025-04-06T01:27:02.290+0000] {processor.py:925} INFO - DAG(s) 'example_sla_dag' retrieved from /home/airflow/.local/lib/python3.12/site-packages/airflow/example_dags/example_sla_dag.py
[2025-04-06T01:27:02.299+0000] {logging_mixin.py:190} INFO - [2025-04-06T01:27:02.299+0000] {dag.py:3239} INFO - Sync 1 DAGs
[2025-04-06T01:27:02.311+0000] {logging_mixin.py:190} INFO - [2025-04-06T01:27:02.311+0000] {dag.py:4180} INFO - Setting next_dagrun for example_sla_dag to 2025-04-06 01:24:00+00:00, run_after=2025-04-06 01:26:00+00:00
[2025-04-06T01:27:02.318+0000] {processor.py:208} INFO - Processing /home/airflow/.local/lib/python3.12/site-packages/airflow/example_dags/example_sla_dag.py took 0.038 seconds
[2025-04-06T01:27:33.772+0000] {processor.py:186} INFO - Started process (PID=223) to work on /home/airflow/.local/lib/python3.12/site-packages/airflow/example_dags/example_sla_dag.py
[2025-04-06T01:27:33.773+0000] {processor.py:914} INFO - Processing file /home/airflow/.local/lib/python3.12/site-packages/airflow/example_dags/example_sla_dag.py for tasks to queue
[2025-04-06T01:27:33.774+0000] {logging_mixin.py:190} INFO - [2025-04-06T01:27:33.774+0000] {dagbag.py:588} INFO - Filling up the DagBag from /home/airflow/.local/lib/python3.12/site-packages/airflow/example_dags/example_sla_dag.py
[2025-04-06T01:27:33.784+0000] {processor.py:925} INFO - DAG(s) 'example_sla_dag' retrieved from /home/airflow/.local/lib/python3.12/site-packages/airflow/example_dags/example_sla_dag.py
[2025-04-06T01:27:33.802+0000] {logging_mixin.py:190} INFO - [2025-04-06T01:27:33.802+0000] {dag.py:3239} INFO - Sync 1 DAGs
[2025-04-06T01:27:33.819+0000] {logging_mixin.py:190} INFO - [2025-04-06T01:27:33.819+0000] {dag.py:4180} INFO - Setting next_dagrun for example_sla_dag to 2025-04-06 01:24:00+00:00, run_after=2025-04-06 01:26:00+00:00
[2025-04-06T01:27:33.831+0000] {processor.py:208} INFO - Processing /home/airflow/.local/lib/python3.12/site-packages/airflow/example_dags/example_sla_dag.py took 0.065 seconds
[2025-04-06T01:28:04.477+0000] {processor.py:186} INFO - Started process (PID=286) to work on /home/airflow/.local/lib/python3.12/site-packages/airflow/example_dags/example_sla_dag.py
[2025-04-06T01:28:04.481+0000] {processor.py:914} INFO - Processing file /home/airflow/.local/lib/python3.12/site-packages/airflow/example_dags/example_sla_dag.py for tasks to queue
[2025-04-06T01:28:04.481+0000] {logging_mixin.py:190} INFO - [2025-04-06T01:28:04.481+0000] {dagbag.py:588} INFO - Filling up the DagBag from /home/airflow/.local/lib/python3.12/site-packages/airflow/example_dags/example_sla_dag.py
[2025-04-06T01:28:04.487+0000] {processor.py:925} INFO - DAG(s) 'example_sla_dag' retrieved from /home/airflow/.local/lib/python3.12/site-packages/airflow/example_dags/example_sla_dag.py
[2025-04-06T01:28:04.501+0000] {logging_mixin.py:190} INFO - [2025-04-06T01:28:04.501+0000] {dag.py:3239} INFO - Sync 1 DAGs
[2025-04-06T01:28:04.515+0000] {logging_mixin.py:190} INFO - [2025-04-06T01:28:04.515+0000] {dag.py:4180} INFO - Setting next_dagrun for example_sla_dag to 2025-04-06 01:26:00+00:00, run_after=2025-04-06 01:28:00+00:00
[2025-04-06T01:28:04.526+0000] {processor.py:208} INFO - Processing /home/airflow/.local/lib/python3.12/site-packages/airflow/example_dags/example_sla_dag.py took 0.052 seconds
[2025-04-06T01:28:35.810+0000] {processor.py:186} INFO - Started process (PID=349) to work on /home/airflow/.local/lib/python3.12/site-packages/airflow/example_dags/example_sla_dag.py
[2025-04-06T01:28:35.811+0000] {processor.py:914} INFO - Processing file /home/airflow/.local/lib/python3.12/site-packages/airflow/example_dags/example_sla_dag.py for tasks to queue
[2025-04-06T01:28:35.812+0000] {logging_mixin.py:190} INFO - [2025-04-06T01:28:35.812+0000] {dagbag.py:588} INFO - Filling up the DagBag from /home/airflow/.local/lib/python3.12/site-packages/airflow/example_dags/example_sla_dag.py
[2025-04-06T01:28:35.818+0000] {processor.py:925} INFO - DAG(s) 'example_sla_dag' retrieved from /home/airflow/.local/lib/python3.12/site-packages/airflow/example_dags/example_sla_dag.py
[2025-04-06T01:28:35.846+0000] {logging_mixin.py:190} INFO - [2025-04-06T01:28:35.846+0000] {dag.py:3239} INFO - Sync 1 DAGs
[2025-04-06T01:28:35.860+0000] {logging_mixin.py:190} INFO - [2025-04-06T01:28:35.860+0000] {dag.py:4180} INFO - Setting next_dagrun for example_sla_dag to 2025-04-06 01:26:00+00:00, run_after=2025-04-06 01:28:00+00:00
[2025-04-06T01:28:35.871+0000] {processor.py:208} INFO - Processing /home/airflow/.local/lib/python3.12/site-packages/airflow/example_dags/example_sla_dag.py took 0.064 seconds
[2025-04-06T01:29:06.687+0000] {processor.py:186} INFO - Started process (PID=412) to work on /home/airflow/.local/lib/python3.12/site-packages/airflow/example_dags/example_sla_dag.py
[2025-04-06T01:29:06.691+0000] {processor.py:914} INFO - Processing file /home/airflow/.local/lib/python3.12/site-packages/airflow/example_dags/example_sla_dag.py for tasks to queue
[2025-04-06T01:29:06.693+0000] {logging_mixin.py:190} INFO - [2025-04-06T01:29:06.693+0000] {dagbag.py:588} INFO - Filling up the DagBag from /home/airflow/.local/lib/python3.12/site-packages/airflow/example_dags/example_sla_dag.py
[2025-04-06T01:29:06.703+0000] {processor.py:925} INFO - DAG(s) 'example_sla_dag' retrieved from /home/airflow/.local/lib/python3.12/site-packages/airflow/example_dags/example_sla_dag.py
[2025-04-06T01:29:06.717+0000] {logging_mixin.py:190} INFO - [2025-04-06T01:29:06.716+0000] {dag.py:3239} INFO - Sync 1 DAGs
[2025-04-06T01:29:06.732+0000] {logging_mixin.py:190} INFO - [2025-04-06T01:29:06.732+0000] {dag.py:4180} INFO - Setting next_dagrun for example_sla_dag to 2025-04-06 01:26:00+00:00, run_after=2025-04-06 01:28:00+00:00
[2025-04-06T01:29:06.744+0000] {processor.py:208} INFO - Processing /home/airflow/.local/lib/python3.12/site-packages/airflow/example_dags/example_sla_dag.py took 0.062 seconds
[2025-04-06T01:29:37.700+0000] {processor.py:186} INFO - Started process (PID=475) to work on /home/airflow/.local/lib/python3.12/site-packages/airflow/example_dags/example_sla_dag.py
[2025-04-06T01:29:37.701+0000] {processor.py:914} INFO - Processing file /home/airflow/.local/lib/python3.12/site-packages/airflow/example_dags/example_sla_dag.py for tasks to queue
[2025-04-06T01:29:37.702+0000] {logging_mixin.py:190} INFO - [2025-04-06T01:29:37.701+0000] {dagbag.py:588} INFO - Filling up the DagBag from /home/airflow/.local/lib/python3.12/site-packages/airflow/example_dags/example_sla_dag.py
[2025-04-06T01:29:37.708+0000] {processor.py:925} INFO - DAG(s) 'example_sla_dag' retrieved from /home/airflow/.local/lib/python3.12/site-packages/airflow/example_dags/example_sla_dag.py
[2025-04-06T01:29:37.749+0000] {logging_mixin.py:190} INFO - [2025-04-06T01:29:37.748+0000] {dag.py:3239} INFO - Sync 1 DAGs
[2025-04-06T01:29:37.770+0000] {logging_mixin.py:190} INFO - [2025-04-06T01:29:37.770+0000] {dag.py:4180} INFO - Setting next_dagrun for example_sla_dag to 2025-04-06 01:26:00+00:00, run_after=2025-04-06 01:28:00+00:00
[2025-04-06T01:29:37.780+0000] {processor.py:208} INFO - Processing /home/airflow/.local/lib/python3.12/site-packages/airflow/example_dags/example_sla_dag.py took 0.084 seconds
[2025-04-06T01:30:08.528+0000] {processor.py:186} INFO - Started process (PID=538) to work on /home/airflow/.local/lib/python3.12/site-packages/airflow/example_dags/example_sla_dag.py
[2025-04-06T01:30:08.529+0000] {processor.py:914} INFO - Processing file /home/airflow/.local/lib/python3.12/site-packages/airflow/example_dags/example_sla_dag.py for tasks to queue
[2025-04-06T01:30:08.529+0000] {logging_mixin.py:190} INFO - [2025-04-06T01:30:08.529+0000] {dagbag.py:588} INFO - Filling up the DagBag from /home/airflow/.local/lib/python3.12/site-packages/airflow/example_dags/example_sla_dag.py
[2025-04-06T01:30:08.541+0000] {processor.py:925} INFO - DAG(s) 'example_sla_dag' retrieved from /home/airflow/.local/lib/python3.12/site-packages/airflow/example_dags/example_sla_dag.py
[2025-04-06T01:30:08.557+0000] {logging_mixin.py:190} INFO - [2025-04-06T01:30:08.556+0000] {dag.py:3239} INFO - Sync 1 DAGs
[2025-04-06T01:30:08.569+0000] {logging_mixin.py:190} INFO - [2025-04-06T01:30:08.569+0000] {dag.py:4180} INFO - Setting next_dagrun for example_sla_dag to 2025-04-06 01:28:00+00:00, run_after=2025-04-06 01:30:00+00:00
[2025-04-06T01:30:08.581+0000] {processor.py:208} INFO - Processing /home/airflow/.local/lib/python3.12/site-packages/airflow/example_dags/example_sla_dag.py took 0.060 seconds
[2025-04-06T01:30:39.685+0000] {processor.py:186} INFO - Started process (PID=601) to work on /home/airflow/.local/lib/python3.12/site-packages/airflow/example_dags/example_sla_dag.py
[2025-04-06T01:30:39.686+0000] {processor.py:914} INFO - Processing file /home/airflow/.local/lib/python3.12/site-packages/airflow/example_dags/example_sla_dag.py for tasks to queue
[2025-04-06T01:30:39.687+0000] {logging_mixin.py:190} INFO - [2025-04-06T01:30:39.687+0000] {dagbag.py:588} INFO - Filling up the DagBag from /home/airflow/.local/lib/python3.12/site-packages/airflow/example_dags/example_sla_dag.py
[2025-04-06T01:30:39.693+0000] {processor.py:925} INFO - DAG(s) 'example_sla_dag' retrieved from /home/airflow/.local/lib/python3.12/site-packages/airflow/example_dags/example_sla_dag.py
[2025-04-06T01:30:39.706+0000] {logging_mixin.py:190} INFO - [2025-04-06T01:30:39.705+0000] {dag.py:3239} INFO - Sync 1 DAGs
[2025-04-06T01:30:39.724+0000] {logging_mixin.py:190} INFO - [2025-04-06T01:30:39.723+0000] {dag.py:4180} INFO - Setting next_dagrun for example_sla_dag to 2025-04-06 01:28:00+00:00, run_after=2025-04-06 01:30:00+00:00
[2025-04-06T01:30:39.732+0000] {processor.py:208} INFO - Processing /home/airflow/.local/lib/python3.12/site-packages/airflow/example_dags/example_sla_dag.py took 0.050 seconds
[2025-04-06T01:31:10.987+0000] {processor.py:186} INFO - Started process (PID=664) to work on /home/airflow/.local/lib/python3.12/site-packages/airflow/example_dags/example_sla_dag.py
[2025-04-06T01:31:10.988+0000] {processor.py:914} INFO - Processing file /home/airflow/.local/lib/python3.12/site-packages/airflow/example_dags/example_sla_dag.py for tasks to queue
[2025-04-06T01:31:10.989+0000] {logging_mixin.py:190} INFO - [2025-04-06T01:31:10.989+0000] {dagbag.py:588} INFO - Filling up the DagBag from /home/airflow/.local/lib/python3.12/site-packages/airflow/example_dags/example_sla_dag.py
[2025-04-06T01:31:10.996+0000] {processor.py:925} INFO - DAG(s) 'example_sla_dag' retrieved from /home/airflow/.local/lib/python3.12/site-packages/airflow/example_dags/example_sla_dag.py
[2025-04-06T01:31:11.011+0000] {logging_mixin.py:190} INFO - [2025-04-06T01:31:11.011+0000] {dag.py:3239} INFO - Sync 1 DAGs
[2025-04-06T01:31:11.023+0000] {logging_mixin.py:190} INFO - [2025-04-06T01:31:11.023+0000] {dag.py:4180} INFO - Setting next_dagrun for example_sla_dag to 2025-04-06 01:28:00+00:00, run_after=2025-04-06 01:30:00+00:00
[2025-04-06T01:31:11.034+0000] {processor.py:208} INFO - Processing /home/airflow/.local/lib/python3.12/site-packages/airflow/example_dags/example_sla_dag.py took 0.049 seconds
[2025-04-06T01:31:42.478+0000] {processor.py:186} INFO - Started process (PID=727) to work on /home/airflow/.local/lib/python3.12/site-packages/airflow/example_dags/example_sla_dag.py
[2025-04-06T01:31:42.479+0000] {processor.py:914} INFO - Processing file /home/airflow/.local/lib/python3.12/site-packages/airflow/example_dags/example_sla_dag.py for tasks to queue
[2025-04-06T01:31:42.480+0000] {logging_mixin.py:190} INFO - [2025-04-06T01:31:42.479+0000] {dagbag.py:588} INFO - Filling up the DagBag from /home/airflow/.local/lib/python3.12/site-packages/airflow/example_dags/example_sla_dag.py
[2025-04-06T01:31:42.486+0000] {processor.py:925} INFO - DAG(s) 'example_sla_dag' retrieved from /home/airflow/.local/lib/python3.12/site-packages/airflow/example_dags/example_sla_dag.py
[2025-04-06T01:31:42.499+0000] {logging_mixin.py:190} INFO - [2025-04-06T01:31:42.499+0000] {dag.py:3239} INFO - Sync 1 DAGs
[2025-04-06T01:31:42.513+0000] {logging_mixin.py:190} INFO - [2025-04-06T01:31:42.512+0000] {dag.py:4180} INFO - Setting next_dagrun for example_sla_dag to 2025-04-06 01:28:00+00:00, run_after=2025-04-06 01:30:00+00:00
[2025-04-06T01:31:42.521+0000] {processor.py:208} INFO - Processing /home/airflow/.local/lib/python3.12/site-packages/airflow/example_dags/example_sla_dag.py took 0.047 seconds
[2025-04-06T01:32:13.432+0000] {processor.py:186} INFO - Started process (PID=790) to work on /home/airflow/.local/lib/python3.12/site-packages/airflow/example_dags/example_sla_dag.py
[2025-04-06T01:32:13.433+0000] {processor.py:914} INFO - Processing file /home/airflow/.local/lib/python3.12/site-packages/airflow/example_dags/example_sla_dag.py for tasks to queue
[2025-04-06T01:32:13.433+0000] {logging_mixin.py:190} INFO - [2025-04-06T01:32:13.433+0000] {dagbag.py:588} INFO - Filling up the DagBag from /home/airflow/.local/lib/python3.12/site-packages/airflow/example_dags/example_sla_dag.py
[2025-04-06T01:32:13.440+0000] {processor.py:925} INFO - DAG(s) 'example_sla_dag' retrieved from /home/airflow/.local/lib/python3.12/site-packages/airflow/example_dags/example_sla_dag.py
[2025-04-06T01:32:13.452+0000] {logging_mixin.py:190} INFO - [2025-04-06T01:32:13.451+0000] {dag.py:3239} INFO - Sync 1 DAGs
[2025-04-06T01:32:13.465+0000] {logging_mixin.py:190} INFO - [2025-04-06T01:32:13.465+0000] {dag.py:4180} INFO - Setting next_dagrun for example_sla_dag to 2025-04-06 01:30:00+00:00, run_after=2025-04-06 01:32:00+00:00
[2025-04-06T01:32:13.473+0000] {processor.py:208} INFO - Processing /home/airflow/.local/lib/python3.12/site-packages/airflow/example_dags/example_sla_dag.py took 0.045 seconds
[2025-04-06T01:32:44.684+0000] {processor.py:186} INFO - Started process (PID=853) to work on /home/airflow/.local/lib/python3.12/site-packages/airflow/example_dags/example_sla_dag.py
[2025-04-06T01:32:44.685+0000] {processor.py:914} INFO - Processing file /home/airflow/.local/lib/python3.12/site-packages/airflow/example_dags/example_sla_dag.py for tasks to queue
[2025-04-06T01:32:44.685+0000] {logging_mixin.py:190} INFO - [2025-04-06T01:32:44.685+0000] {dagbag.py:588} INFO - Filling up the DagBag from /home/airflow/.local/lib/python3.12/site-packages/airflow/example_dags/example_sla_dag.py
[2025-04-06T01:32:44.691+0000] {processor.py:925} INFO - DAG(s) 'example_sla_dag' retrieved from /home/airflow/.local/lib/python3.12/site-packages/airflow/example_dags/example_sla_dag.py
[2025-04-06T01:32:44.702+0000] {logging_mixin.py:190} INFO - [2025-04-06T01:32:44.701+0000] {dag.py:3239} INFO - Sync 1 DAGs
[2025-04-06T01:32:44.716+0000] {logging_mixin.py:190} INFO - [2025-04-06T01:32:44.716+0000] {dag.py:4180} INFO - Setting next_dagrun for example_sla_dag to 2025-04-06 01:30:00+00:00, run_after=2025-04-06 01:32:00+00:00
[2025-04-06T01:32:44.724+0000] {processor.py:208} INFO - Processing /home/airflow/.local/lib/python3.12/site-packages/airflow/example_dags/example_sla_dag.py took 0.044 seconds
[2025-04-06T01:33:16.333+0000] {processor.py:186} INFO - Started process (PID=916) to work on /home/airflow/.local/lib/python3.12/site-packages/airflow/example_dags/example_sla_dag.py
[2025-04-06T01:33:16.333+0000] {processor.py:914} INFO - Processing file /home/airflow/.local/lib/python3.12/site-packages/airflow/example_dags/example_sla_dag.py for tasks to queue
[2025-04-06T01:33:16.334+0000] {logging_mixin.py:190} INFO - [2025-04-06T01:33:16.334+0000] {dagbag.py:588} INFO - Filling up the DagBag from /home/airflow/.local/lib/python3.12/site-packages/airflow/example_dags/example_sla_dag.py
[2025-04-06T01:33:16.340+0000] {processor.py:925} INFO - DAG(s) 'example_sla_dag' retrieved from /home/airflow/.local/lib/python3.12/site-packages/airflow/example_dags/example_sla_dag.py
[2025-04-06T01:33:16.349+0000] {logging_mixin.py:190} INFO - [2025-04-06T01:33:16.349+0000] {dag.py:3239} INFO - Sync 1 DAGs
[2025-04-06T01:33:16.366+0000] {logging_mixin.py:190} INFO - [2025-04-06T01:33:16.366+0000] {dag.py:4180} INFO - Setting next_dagrun for example_sla_dag to 2025-04-06 01:30:00+00:00, run_after=2025-04-06 01:32:00+00:00
[2025-04-06T01:33:16.379+0000] {processor.py:208} INFO - Processing /home/airflow/.local/lib/python3.12/site-packages/airflow/example_dags/example_sla_dag.py took 0.051 seconds
[2025-04-06T01:33:47.323+0000] {processor.py:186} INFO - Started process (PID=979) to work on /home/airflow/.local/lib/python3.12/site-packages/airflow/example_dags/example_sla_dag.py
[2025-04-06T01:33:47.324+0000] {processor.py:914} INFO - Processing file /home/airflow/.local/lib/python3.12/site-packages/airflow/example_dags/example_sla_dag.py for tasks to queue
[2025-04-06T01:33:47.326+0000] {logging_mixin.py:190} INFO - [2025-04-06T01:33:47.326+0000] {dagbag.py:588} INFO - Filling up the DagBag from /home/airflow/.local/lib/python3.12/site-packages/airflow/example_dags/example_sla_dag.py
[2025-04-06T01:33:47.336+0000] {processor.py:925} INFO - DAG(s) 'example_sla_dag' retrieved from /home/airflow/.local/lib/python3.12/site-packages/airflow/example_dags/example_sla_dag.py
[2025-04-06T01:33:47.347+0000] {logging_mixin.py:190} INFO - [2025-04-06T01:33:47.347+0000] {dag.py:3239} INFO - Sync 1 DAGs
[2025-04-06T01:33:47.360+0000] {logging_mixin.py:190} INFO - [2025-04-06T01:33:47.360+0000] {dag.py:4180} INFO - Setting next_dagrun for example_sla_dag to 2025-04-06 01:30:00+00:00, run_after=2025-04-06 01:32:00+00:00
[2025-04-06T01:33:47.368+0000] {processor.py:208} INFO - Processing /home/airflow/.local/lib/python3.12/site-packages/airflow/example_dags/example_sla_dag.py took 0.048 seconds
[2025-04-06T01:34:19.009+0000] {processor.py:186} INFO - Started process (PID=1042) to work on /home/airflow/.local/lib/python3.12/site-packages/airflow/example_dags/example_sla_dag.py
[2025-04-06T01:34:19.010+0000] {processor.py:914} INFO - Processing file /home/airflow/.local/lib/python3.12/site-packages/airflow/example_dags/example_sla_dag.py for tasks to queue
[2025-04-06T01:34:19.011+0000] {logging_mixin.py:190} INFO - [2025-04-06T01:34:19.011+0000] {dagbag.py:588} INFO - Filling up the DagBag from /home/airflow/.local/lib/python3.12/site-packages/airflow/example_dags/example_sla_dag.py
[2025-04-06T01:34:19.018+0000] {processor.py:925} INFO - DAG(s) 'example_sla_dag' retrieved from /home/airflow/.local/lib/python3.12/site-packages/airflow/example_dags/example_sla_dag.py
[2025-04-06T01:34:19.030+0000] {logging_mixin.py:190} INFO - [2025-04-06T01:34:19.030+0000] {dag.py:3239} INFO - Sync 1 DAGs
[2025-04-06T01:34:19.043+0000] {logging_mixin.py:190} INFO - [2025-04-06T01:34:19.043+0000] {dag.py:4180} INFO - Setting next_dagrun for example_sla_dag to 2025-04-06 01:32:00+00:00, run_after=2025-04-06 01:34:00+00:00
[2025-04-06T01:34:19.052+0000] {processor.py:208} INFO - Processing /home/airflow/.local/lib/python3.12/site-packages/airflow/example_dags/example_sla_dag.py took 0.048 seconds
[2025-04-06T01:34:49.877+0000] {processor.py:186} INFO - Started process (PID=1105) to work on /home/airflow/.local/lib/python3.12/site-packages/airflow/example_dags/example_sla_dag.py
[2025-04-06T01:34:49.878+0000] {processor.py:914} INFO - Processing file /home/airflow/.local/lib/python3.12/site-packages/airflow/example_dags/example_sla_dag.py for tasks to queue
[2025-04-06T01:34:49.879+0000] {logging_mixin.py:190} INFO - [2025-04-06T01:34:49.879+0000] {dagbag.py:588} INFO - Filling up the DagBag from /home/airflow/.local/lib/python3.12/site-packages/airflow/example_dags/example_sla_dag.py
[2025-04-06T01:34:49.886+0000] {processor.py:925} INFO - DAG(s) 'example_sla_dag' retrieved from /home/airflow/.local/lib/python3.12/site-packages/airflow/example_dags/example_sla_dag.py
[2025-04-06T01:34:49.902+0000] {logging_mixin.py:190} INFO - [2025-04-06T01:34:49.902+0000] {dag.py:3239} INFO - Sync 1 DAGs
[2025-04-06T01:34:49.918+0000] {logging_mixin.py:190} INFO - [2025-04-06T01:34:49.918+0000] {dag.py:4180} INFO - Setting next_dagrun for example_sla_dag to 2025-04-06 01:32:00+00:00, run_after=2025-04-06 01:34:00+00:00
[2025-04-06T01:34:49.929+0000] {processor.py:208} INFO - Processing /home/airflow/.local/lib/python3.12/site-packages/airflow/example_dags/example_sla_dag.py took 0.057 seconds
[2025-04-06T01:35:20.827+0000] {processor.py:186} INFO - Started process (PID=1168) to work on /home/airflow/.local/lib/python3.12/site-packages/airflow/example_dags/example_sla_dag.py
[2025-04-06T01:35:20.829+0000] {processor.py:914} INFO - Processing file /home/airflow/.local/lib/python3.12/site-packages/airflow/example_dags/example_sla_dag.py for tasks to queue
[2025-04-06T01:35:20.830+0000] {logging_mixin.py:190} INFO - [2025-04-06T01:35:20.830+0000] {dagbag.py:588} INFO - Filling up the DagBag from /home/airflow/.local/lib/python3.12/site-packages/airflow/example_dags/example_sla_dag.py
[2025-04-06T01:35:20.835+0000] {processor.py:925} INFO - DAG(s) 'example_sla_dag' retrieved from /home/airflow/.local/lib/python3.12/site-packages/airflow/example_dags/example_sla_dag.py
[2025-04-06T01:35:20.848+0000] {logging_mixin.py:190} INFO - [2025-04-06T01:35:20.848+0000] {dag.py:3239} INFO - Sync 1 DAGs
[2025-04-06T01:35:20.870+0000] {logging_mixin.py:190} INFO - [2025-04-06T01:35:20.869+0000] {dag.py:4180} INFO - Setting next_dagrun for example_sla_dag to 2025-04-06 01:32:00+00:00, run_after=2025-04-06 01:34:00+00:00
[2025-04-06T01:35:20.881+0000] {processor.py:208} INFO - Processing /home/airflow/.local/lib/python3.12/site-packages/airflow/example_dags/example_sla_dag.py took 0.057 seconds
[2025-04-06T01:35:52.429+0000] {processor.py:186} INFO - Started process (PID=1231) to work on /home/airflow/.local/lib/python3.12/site-packages/airflow/example_dags/example_sla_dag.py
[2025-04-06T01:35:52.430+0000] {processor.py:914} INFO - Processing file /home/airflow/.local/lib/python3.12/site-packages/airflow/example_dags/example_sla_dag.py for tasks to queue
[2025-04-06T01:35:52.431+0000] {logging_mixin.py:190} INFO - [2025-04-06T01:35:52.431+0000] {dagbag.py:588} INFO - Filling up the DagBag from /home/airflow/.local/lib/python3.12/site-packages/airflow/example_dags/example_sla_dag.py
[2025-04-06T01:35:52.439+0000] {processor.py:925} INFO - DAG(s) 'example_sla_dag' retrieved from /home/airflow/.local/lib/python3.12/site-packages/airflow/example_dags/example_sla_dag.py
[2025-04-06T01:35:52.454+0000] {logging_mixin.py:190} INFO - [2025-04-06T01:35:52.454+0000] {dag.py:3239} INFO - Sync 1 DAGs
[2025-04-06T01:35:52.470+0000] {logging_mixin.py:190} INFO - [2025-04-06T01:35:52.470+0000] {dag.py:4180} INFO - Setting next_dagrun for example_sla_dag to 2025-04-06 01:32:00+00:00, run_after=2025-04-06 01:34:00+00:00
[2025-04-06T01:35:52.482+0000] {processor.py:208} INFO - Processing /home/airflow/.local/lib/python3.12/site-packages/airflow/example_dags/example_sla_dag.py took 0.057 seconds
[2025-04-06T01:36:23.854+0000] {processor.py:186} INFO - Started process (PID=1294) to work on /home/airflow/.local/lib/python3.12/site-packages/airflow/example_dags/example_sla_dag.py
[2025-04-06T01:36:23.855+0000] {processor.py:914} INFO - Processing file /home/airflow/.local/lib/python3.12/site-packages/airflow/example_dags/example_sla_dag.py for tasks to queue
[2025-04-06T01:36:23.856+0000] {logging_mixin.py:190} INFO - [2025-04-06T01:36:23.856+0000] {dagbag.py:588} INFO - Filling up the DagBag from /home/airflow/.local/lib/python3.12/site-packages/airflow/example_dags/example_sla_dag.py
[2025-04-06T01:36:23.862+0000] {processor.py:925} INFO - DAG(s) 'example_sla_dag' retrieved from /home/airflow/.local/lib/python3.12/site-packages/airflow/example_dags/example_sla_dag.py
[2025-04-06T01:36:23.872+0000] {logging_mixin.py:190} INFO - [2025-04-06T01:36:23.872+0000] {dag.py:3239} INFO - Sync 1 DAGs
[2025-04-06T01:36:23.883+0000] {logging_mixin.py:190} INFO - [2025-04-06T01:36:23.883+0000] {dag.py:4180} INFO - Setting next_dagrun for example_sla_dag to 2025-04-06 01:34:00+00:00, run_after=2025-04-06 01:36:00+00:00
[2025-04-06T01:36:23.891+0000] {processor.py:208} INFO - Processing /home/airflow/.local/lib/python3.12/site-packages/airflow/example_dags/example_sla_dag.py took 0.041 seconds
