[2025-04-06T01:26:32.573+0000] {processor.py:186} INFO - Started process (PID=121) to work on /home/airflow/.local/lib/python3.12/site-packages/airflow/example_dags/example_inlet_event_extra.py
[2025-04-06T01:26:32.574+0000] {processor.py:914} INFO - Processing file /home/airflow/.local/lib/python3.12/site-packages/airflow/example_dags/example_inlet_event_extra.py for tasks to queue
[2025-04-06T01:26:32.577+0000] {logging_mixin.py:190} INFO - [2025-04-06T01:26:32.577+0000] {dagbag.py:588} INFO - Filling up the DagBag from /home/airflow/.local/lib/python3.12/site-packages/airflow/example_dags/example_inlet_event_extra.py
[2025-04-06T01:26:33.125+0000] {processor.py:925} INFO - DAG(s) 'read_dataset_event_from_classic', 'read_dataset_event' retrieved from /home/airflow/.local/lib/python3.12/site-packages/airflow/example_dags/example_inlet_event_extra.py
[2025-04-06T01:26:33.145+0000] {logging_mixin.py:190} INFO - [2025-04-06T01:26:33.145+0000] {dag.py:3239} INFO - Sync 2 DAGs
[2025-04-06T01:26:33.158+0000] {logging_mixin.py:190} INFO - [2025-04-06T01:26:33.158+0000] {dag.py:4180} INFO - Setting next_dagrun for read_dataset_event to 2025-04-05 00:00:00+00:00, run_after=2025-04-06 00:00:00+00:00
[2025-04-06T01:26:33.162+0000] {logging_mixin.py:190} INFO - [2025-04-06T01:26:33.162+0000] {dag.py:4180} INFO - Setting next_dagrun for read_dataset_event_from_classic to 2025-04-05 00:00:00+00:00, run_after=2025-04-06 00:00:00+00:00
[2025-04-06T01:26:33.174+0000] {processor.py:208} INFO - Processing /home/airflow/.local/lib/python3.12/site-packages/airflow/example_dags/example_inlet_event_extra.py took 0.606 seconds
[2025-04-06T01:27:04.133+0000] {processor.py:186} INFO - Started process (PID=185) to work on /home/airflow/.local/lib/python3.12/site-packages/airflow/example_dags/example_inlet_event_extra.py
[2025-04-06T01:27:04.136+0000] {processor.py:914} INFO - Processing file /home/airflow/.local/lib/python3.12/site-packages/airflow/example_dags/example_inlet_event_extra.py for tasks to queue
[2025-04-06T01:27:04.141+0000] {logging_mixin.py:190} INFO - [2025-04-06T01:27:04.140+0000] {dagbag.py:588} INFO - Filling up the DagBag from /home/airflow/.local/lib/python3.12/site-packages/airflow/example_dags/example_inlet_event_extra.py
[2025-04-06T01:27:04.577+0000] {processor.py:925} INFO - DAG(s) 'read_dataset_event', 'read_dataset_event_from_classic' retrieved from /home/airflow/.local/lib/python3.12/site-packages/airflow/example_dags/example_inlet_event_extra.py
[2025-04-06T01:27:04.590+0000] {logging_mixin.py:190} INFO - [2025-04-06T01:27:04.590+0000] {dag.py:3239} INFO - Sync 2 DAGs
[2025-04-06T01:27:04.600+0000] {logging_mixin.py:190} INFO - [2025-04-06T01:27:04.600+0000] {dag.py:4180} INFO - Setting next_dagrun for read_dataset_event to 2025-04-05 00:00:00+00:00, run_after=2025-04-06 00:00:00+00:00
[2025-04-06T01:27:04.605+0000] {logging_mixin.py:190} INFO - [2025-04-06T01:27:04.605+0000] {dag.py:4180} INFO - Setting next_dagrun for read_dataset_event_from_classic to 2025-04-05 00:00:00+00:00, run_after=2025-04-06 00:00:00+00:00
[2025-04-06T01:27:04.618+0000] {processor.py:208} INFO - Processing /home/airflow/.local/lib/python3.12/site-packages/airflow/example_dags/example_inlet_event_extra.py took 0.497 seconds
[2025-04-06T01:27:34.657+0000] {processor.py:186} INFO - Started process (PID=248) to work on /home/airflow/.local/lib/python3.12/site-packages/airflow/example_dags/example_inlet_event_extra.py
[2025-04-06T01:27:34.658+0000] {processor.py:914} INFO - Processing file /home/airflow/.local/lib/python3.12/site-packages/airflow/example_dags/example_inlet_event_extra.py for tasks to queue
[2025-04-06T01:27:34.659+0000] {logging_mixin.py:190} INFO - [2025-04-06T01:27:34.658+0000] {dagbag.py:588} INFO - Filling up the DagBag from /home/airflow/.local/lib/python3.12/site-packages/airflow/example_dags/example_inlet_event_extra.py
[2025-04-06T01:27:35.171+0000] {processor.py:925} INFO - DAG(s) 'read_dataset_event_from_classic', 'read_dataset_event' retrieved from /home/airflow/.local/lib/python3.12/site-packages/airflow/example_dags/example_inlet_event_extra.py
[2025-04-06T01:27:35.187+0000] {logging_mixin.py:190} INFO - [2025-04-06T01:27:35.187+0000] {dag.py:3239} INFO - Sync 2 DAGs
[2025-04-06T01:27:35.203+0000] {logging_mixin.py:190} INFO - [2025-04-06T01:27:35.203+0000] {dag.py:4180} INFO - Setting next_dagrun for read_dataset_event to 2025-04-05 00:00:00+00:00, run_after=2025-04-06 00:00:00+00:00
[2025-04-06T01:27:35.206+0000] {logging_mixin.py:190} INFO - [2025-04-06T01:27:35.206+0000] {dag.py:4180} INFO - Setting next_dagrun for read_dataset_event_from_classic to 2025-04-05 00:00:00+00:00, run_after=2025-04-06 00:00:00+00:00
[2025-04-06T01:27:35.216+0000] {processor.py:208} INFO - Processing /home/airflow/.local/lib/python3.12/site-packages/airflow/example_dags/example_inlet_event_extra.py took 0.562 seconds
[2025-04-06T01:28:05.358+0000] {processor.py:186} INFO - Started process (PID=311) to work on /home/airflow/.local/lib/python3.12/site-packages/airflow/example_dags/example_inlet_event_extra.py
[2025-04-06T01:28:05.361+0000] {processor.py:914} INFO - Processing file /home/airflow/.local/lib/python3.12/site-packages/airflow/example_dags/example_inlet_event_extra.py for tasks to queue
[2025-04-06T01:28:05.362+0000] {logging_mixin.py:190} INFO - [2025-04-06T01:28:05.362+0000] {dagbag.py:588} INFO - Filling up the DagBag from /home/airflow/.local/lib/python3.12/site-packages/airflow/example_dags/example_inlet_event_extra.py
[2025-04-06T01:28:05.769+0000] {processor.py:925} INFO - DAG(s) 'read_dataset_event_from_classic', 'read_dataset_event' retrieved from /home/airflow/.local/lib/python3.12/site-packages/airflow/example_dags/example_inlet_event_extra.py
[2025-04-06T01:28:05.796+0000] {logging_mixin.py:190} INFO - [2025-04-06T01:28:05.795+0000] {dag.py:3239} INFO - Sync 2 DAGs
[2025-04-06T01:28:05.820+0000] {logging_mixin.py:190} INFO - [2025-04-06T01:28:05.819+0000] {dag.py:4180} INFO - Setting next_dagrun for read_dataset_event to 2025-04-05 00:00:00+00:00, run_after=2025-04-06 00:00:00+00:00
[2025-04-06T01:28:05.823+0000] {logging_mixin.py:190} INFO - [2025-04-06T01:28:05.823+0000] {dag.py:4180} INFO - Setting next_dagrun for read_dataset_event_from_classic to 2025-04-05 00:00:00+00:00, run_after=2025-04-06 00:00:00+00:00
[2025-04-06T01:28:05.831+0000] {processor.py:208} INFO - Processing /home/airflow/.local/lib/python3.12/site-packages/airflow/example_dags/example_inlet_event_extra.py took 0.476 seconds
[2025-04-06T01:28:36.675+0000] {processor.py:186} INFO - Started process (PID=374) to work on /home/airflow/.local/lib/python3.12/site-packages/airflow/example_dags/example_inlet_event_extra.py
[2025-04-06T01:28:36.675+0000] {processor.py:914} INFO - Processing file /home/airflow/.local/lib/python3.12/site-packages/airflow/example_dags/example_inlet_event_extra.py for tasks to queue
[2025-04-06T01:28:36.676+0000] {logging_mixin.py:190} INFO - [2025-04-06T01:28:36.676+0000] {dagbag.py:588} INFO - Filling up the DagBag from /home/airflow/.local/lib/python3.12/site-packages/airflow/example_dags/example_inlet_event_extra.py
[2025-04-06T01:28:37.055+0000] {processor.py:925} INFO - DAG(s) 'read_dataset_event_from_classic', 'read_dataset_event' retrieved from /home/airflow/.local/lib/python3.12/site-packages/airflow/example_dags/example_inlet_event_extra.py
[2025-04-06T01:28:37.066+0000] {logging_mixin.py:190} INFO - [2025-04-06T01:28:37.066+0000] {dag.py:3239} INFO - Sync 2 DAGs
[2025-04-06T01:28:37.078+0000] {logging_mixin.py:190} INFO - [2025-04-06T01:28:37.078+0000] {dag.py:4180} INFO - Setting next_dagrun for read_dataset_event to 2025-04-05 00:00:00+00:00, run_after=2025-04-06 00:00:00+00:00
[2025-04-06T01:28:37.080+0000] {logging_mixin.py:190} INFO - [2025-04-06T01:28:37.080+0000] {dag.py:4180} INFO - Setting next_dagrun for read_dataset_event_from_classic to 2025-04-05 00:00:00+00:00, run_after=2025-04-06 00:00:00+00:00
[2025-04-06T01:28:37.087+0000] {processor.py:208} INFO - Processing /home/airflow/.local/lib/python3.12/site-packages/airflow/example_dags/example_inlet_event_extra.py took 0.416 seconds
[2025-04-06T01:29:07.541+0000] {processor.py:186} INFO - Started process (PID=437) to work on /home/airflow/.local/lib/python3.12/site-packages/airflow/example_dags/example_inlet_event_extra.py
[2025-04-06T01:29:07.542+0000] {processor.py:914} INFO - Processing file /home/airflow/.local/lib/python3.12/site-packages/airflow/example_dags/example_inlet_event_extra.py for tasks to queue
[2025-04-06T01:29:07.543+0000] {logging_mixin.py:190} INFO - [2025-04-06T01:29:07.543+0000] {dagbag.py:588} INFO - Filling up the DagBag from /home/airflow/.local/lib/python3.12/site-packages/airflow/example_dags/example_inlet_event_extra.py
[2025-04-06T01:29:08.040+0000] {processor.py:925} INFO - DAG(s) 'read_dataset_event', 'read_dataset_event_from_classic' retrieved from /home/airflow/.local/lib/python3.12/site-packages/airflow/example_dags/example_inlet_event_extra.py
[2025-04-06T01:29:08.080+0000] {logging_mixin.py:190} INFO - [2025-04-06T01:29:08.079+0000] {dag.py:3239} INFO - Sync 2 DAGs
[2025-04-06T01:29:08.205+0000] {logging_mixin.py:190} INFO - [2025-04-06T01:29:08.204+0000] {dag.py:4180} INFO - Setting next_dagrun for read_dataset_event to 2025-04-05 00:00:00+00:00, run_after=2025-04-06 00:00:00+00:00
[2025-04-06T01:29:08.208+0000] {logging_mixin.py:190} INFO - [2025-04-06T01:29:08.208+0000] {dag.py:4180} INFO - Setting next_dagrun for read_dataset_event_from_classic to 2025-04-05 00:00:00+00:00, run_after=2025-04-06 00:00:00+00:00
[2025-04-06T01:29:08.222+0000] {processor.py:208} INFO - Processing /home/airflow/.local/lib/python3.12/site-packages/airflow/example_dags/example_inlet_event_extra.py took 0.685 seconds
[2025-04-06T01:29:38.710+0000] {processor.py:186} INFO - Started process (PID=505) to work on /home/airflow/.local/lib/python3.12/site-packages/airflow/example_dags/example_inlet_event_extra.py
[2025-04-06T01:29:38.711+0000] {processor.py:914} INFO - Processing file /home/airflow/.local/lib/python3.12/site-packages/airflow/example_dags/example_inlet_event_extra.py for tasks to queue
[2025-04-06T01:29:38.711+0000] {logging_mixin.py:190} INFO - [2025-04-06T01:29:38.711+0000] {dagbag.py:588} INFO - Filling up the DagBag from /home/airflow/.local/lib/python3.12/site-packages/airflow/example_dags/example_inlet_event_extra.py
[2025-04-06T01:29:39.230+0000] {processor.py:925} INFO - DAG(s) 'read_dataset_event', 'read_dataset_event_from_classic' retrieved from /home/airflow/.local/lib/python3.12/site-packages/airflow/example_dags/example_inlet_event_extra.py
[2025-04-06T01:29:39.247+0000] {logging_mixin.py:190} INFO - [2025-04-06T01:29:39.247+0000] {dag.py:3239} INFO - Sync 2 DAGs
[2025-04-06T01:29:39.282+0000] {logging_mixin.py:190} INFO - [2025-04-06T01:29:39.282+0000] {dag.py:4180} INFO - Setting next_dagrun for read_dataset_event to 2025-04-05 00:00:00+00:00, run_after=2025-04-06 00:00:00+00:00
[2025-04-06T01:29:39.287+0000] {logging_mixin.py:190} INFO - [2025-04-06T01:29:39.287+0000] {dag.py:4180} INFO - Setting next_dagrun for read_dataset_event_from_classic to 2025-04-05 00:00:00+00:00, run_after=2025-04-06 00:00:00+00:00
[2025-04-06T01:29:39.299+0000] {processor.py:208} INFO - Processing /home/airflow/.local/lib/python3.12/site-packages/airflow/example_dags/example_inlet_event_extra.py took 0.593 seconds
[2025-04-06T01:30:09.418+0000] {processor.py:186} INFO - Started process (PID=564) to work on /home/airflow/.local/lib/python3.12/site-packages/airflow/example_dags/example_inlet_event_extra.py
[2025-04-06T01:30:09.418+0000] {processor.py:914} INFO - Processing file /home/airflow/.local/lib/python3.12/site-packages/airflow/example_dags/example_inlet_event_extra.py for tasks to queue
[2025-04-06T01:30:09.419+0000] {logging_mixin.py:190} INFO - [2025-04-06T01:30:09.419+0000] {dagbag.py:588} INFO - Filling up the DagBag from /home/airflow/.local/lib/python3.12/site-packages/airflow/example_dags/example_inlet_event_extra.py
[2025-04-06T01:30:09.795+0000] {processor.py:925} INFO - DAG(s) 'read_dataset_event', 'read_dataset_event_from_classic' retrieved from /home/airflow/.local/lib/python3.12/site-packages/airflow/example_dags/example_inlet_event_extra.py
[2025-04-06T01:30:09.803+0000] {logging_mixin.py:190} INFO - [2025-04-06T01:30:09.803+0000] {dag.py:3239} INFO - Sync 2 DAGs
[2025-04-06T01:30:09.813+0000] {logging_mixin.py:190} INFO - [2025-04-06T01:30:09.813+0000] {dag.py:4180} INFO - Setting next_dagrun for read_dataset_event to 2025-04-05 00:00:00+00:00, run_after=2025-04-06 00:00:00+00:00
[2025-04-06T01:30:09.815+0000] {logging_mixin.py:190} INFO - [2025-04-06T01:30:09.815+0000] {dag.py:4180} INFO - Setting next_dagrun for read_dataset_event_from_classic to 2025-04-05 00:00:00+00:00, run_after=2025-04-06 00:00:00+00:00
[2025-04-06T01:30:09.821+0000] {processor.py:208} INFO - Processing /home/airflow/.local/lib/python3.12/site-packages/airflow/example_dags/example_inlet_event_extra.py took 0.407 seconds
[2025-04-06T01:30:40.451+0000] {processor.py:186} INFO - Started process (PID=626) to work on /home/airflow/.local/lib/python3.12/site-packages/airflow/example_dags/example_inlet_event_extra.py
[2025-04-06T01:30:40.455+0000] {processor.py:914} INFO - Processing file /home/airflow/.local/lib/python3.12/site-packages/airflow/example_dags/example_inlet_event_extra.py for tasks to queue
[2025-04-06T01:30:40.456+0000] {logging_mixin.py:190} INFO - [2025-04-06T01:30:40.456+0000] {dagbag.py:588} INFO - Filling up the DagBag from /home/airflow/.local/lib/python3.12/site-packages/airflow/example_dags/example_inlet_event_extra.py
[2025-04-06T01:30:40.816+0000] {processor.py:925} INFO - DAG(s) 'read_dataset_event_from_classic', 'read_dataset_event' retrieved from /home/airflow/.local/lib/python3.12/site-packages/airflow/example_dags/example_inlet_event_extra.py
[2025-04-06T01:30:40.829+0000] {logging_mixin.py:190} INFO - [2025-04-06T01:30:40.829+0000] {dag.py:3239} INFO - Sync 2 DAGs
[2025-04-06T01:30:40.838+0000] {logging_mixin.py:190} INFO - [2025-04-06T01:30:40.838+0000] {dag.py:4180} INFO - Setting next_dagrun for read_dataset_event to 2025-04-05 00:00:00+00:00, run_after=2025-04-06 00:00:00+00:00
[2025-04-06T01:30:40.841+0000] {logging_mixin.py:190} INFO - [2025-04-06T01:30:40.841+0000] {dag.py:4180} INFO - Setting next_dagrun for read_dataset_event_from_classic to 2025-04-05 00:00:00+00:00, run_after=2025-04-06 00:00:00+00:00
[2025-04-06T01:30:40.850+0000] {processor.py:208} INFO - Processing /home/airflow/.local/lib/python3.12/site-packages/airflow/example_dags/example_inlet_event_extra.py took 0.404 seconds
[2025-04-06T01:31:11.742+0000] {processor.py:186} INFO - Started process (PID=689) to work on /home/airflow/.local/lib/python3.12/site-packages/airflow/example_dags/example_inlet_event_extra.py
[2025-04-06T01:31:11.744+0000] {processor.py:914} INFO - Processing file /home/airflow/.local/lib/python3.12/site-packages/airflow/example_dags/example_inlet_event_extra.py for tasks to queue
[2025-04-06T01:31:11.745+0000] {logging_mixin.py:190} INFO - [2025-04-06T01:31:11.745+0000] {dagbag.py:588} INFO - Filling up the DagBag from /home/airflow/.local/lib/python3.12/site-packages/airflow/example_dags/example_inlet_event_extra.py
[2025-04-06T01:31:12.103+0000] {processor.py:925} INFO - DAG(s) 'read_dataset_event_from_classic', 'read_dataset_event' retrieved from /home/airflow/.local/lib/python3.12/site-packages/airflow/example_dags/example_inlet_event_extra.py
[2025-04-06T01:31:12.118+0000] {logging_mixin.py:190} INFO - [2025-04-06T01:31:12.118+0000] {dag.py:3239} INFO - Sync 2 DAGs
[2025-04-06T01:31:12.130+0000] {logging_mixin.py:190} INFO - [2025-04-06T01:31:12.129+0000] {dag.py:4180} INFO - Setting next_dagrun for read_dataset_event to 2025-04-05 00:00:00+00:00, run_after=2025-04-06 00:00:00+00:00
[2025-04-06T01:31:12.133+0000] {logging_mixin.py:190} INFO - [2025-04-06T01:31:12.133+0000] {dag.py:4180} INFO - Setting next_dagrun for read_dataset_event_from_classic to 2025-04-05 00:00:00+00:00, run_after=2025-04-06 00:00:00+00:00
[2025-04-06T01:31:12.141+0000] {processor.py:208} INFO - Processing /home/airflow/.local/lib/python3.12/site-packages/airflow/example_dags/example_inlet_event_extra.py took 0.402 seconds
[2025-04-06T01:31:43.472+0000] {processor.py:186} INFO - Started process (PID=752) to work on /home/airflow/.local/lib/python3.12/site-packages/airflow/example_dags/example_inlet_event_extra.py
[2025-04-06T01:31:43.473+0000] {processor.py:914} INFO - Processing file /home/airflow/.local/lib/python3.12/site-packages/airflow/example_dags/example_inlet_event_extra.py for tasks to queue
[2025-04-06T01:31:43.474+0000] {logging_mixin.py:190} INFO - [2025-04-06T01:31:43.473+0000] {dagbag.py:588} INFO - Filling up the DagBag from /home/airflow/.local/lib/python3.12/site-packages/airflow/example_dags/example_inlet_event_extra.py
[2025-04-06T01:31:43.993+0000] {processor.py:925} INFO - DAG(s) 'read_dataset_event_from_classic', 'read_dataset_event' retrieved from /home/airflow/.local/lib/python3.12/site-packages/airflow/example_dags/example_inlet_event_extra.py
[2025-04-06T01:31:44.012+0000] {logging_mixin.py:190} INFO - [2025-04-06T01:31:44.012+0000] {dag.py:3239} INFO - Sync 2 DAGs
[2025-04-06T01:31:44.025+0000] {logging_mixin.py:190} INFO - [2025-04-06T01:31:44.025+0000] {dag.py:4180} INFO - Setting next_dagrun for read_dataset_event to 2025-04-05 00:00:00+00:00, run_after=2025-04-06 00:00:00+00:00
[2025-04-06T01:31:44.030+0000] {logging_mixin.py:190} INFO - [2025-04-06T01:31:44.030+0000] {dag.py:4180} INFO - Setting next_dagrun for read_dataset_event_from_classic to 2025-04-05 00:00:00+00:00, run_after=2025-04-06 00:00:00+00:00
[2025-04-06T01:31:44.039+0000] {processor.py:208} INFO - Processing /home/airflow/.local/lib/python3.12/site-packages/airflow/example_dags/example_inlet_event_extra.py took 0.570 seconds
[2025-04-06T01:32:14.280+0000] {processor.py:186} INFO - Started process (PID=815) to work on /home/airflow/.local/lib/python3.12/site-packages/airflow/example_dags/example_inlet_event_extra.py
[2025-04-06T01:32:14.283+0000] {processor.py:914} INFO - Processing file /home/airflow/.local/lib/python3.12/site-packages/airflow/example_dags/example_inlet_event_extra.py for tasks to queue
[2025-04-06T01:32:14.284+0000] {logging_mixin.py:190} INFO - [2025-04-06T01:32:14.284+0000] {dagbag.py:588} INFO - Filling up the DagBag from /home/airflow/.local/lib/python3.12/site-packages/airflow/example_dags/example_inlet_event_extra.py
[2025-04-06T01:32:14.618+0000] {processor.py:925} INFO - DAG(s) 'read_dataset_event', 'read_dataset_event_from_classic' retrieved from /home/airflow/.local/lib/python3.12/site-packages/airflow/example_dags/example_inlet_event_extra.py
[2025-04-06T01:32:14.630+0000] {logging_mixin.py:190} INFO - [2025-04-06T01:32:14.630+0000] {dag.py:3239} INFO - Sync 2 DAGs
[2025-04-06T01:32:14.640+0000] {logging_mixin.py:190} INFO - [2025-04-06T01:32:14.640+0000] {dag.py:4180} INFO - Setting next_dagrun for read_dataset_event to 2025-04-05 00:00:00+00:00, run_after=2025-04-06 00:00:00+00:00
[2025-04-06T01:32:14.642+0000] {logging_mixin.py:190} INFO - [2025-04-06T01:32:14.642+0000] {dag.py:4180} INFO - Setting next_dagrun for read_dataset_event_from_classic to 2025-04-05 00:00:00+00:00, run_after=2025-04-06 00:00:00+00:00
[2025-04-06T01:32:14.648+0000] {processor.py:208} INFO - Processing /home/airflow/.local/lib/python3.12/site-packages/airflow/example_dags/example_inlet_event_extra.py took 0.371 seconds
[2025-04-06T01:32:45.558+0000] {processor.py:186} INFO - Started process (PID=878) to work on /home/airflow/.local/lib/python3.12/site-packages/airflow/example_dags/example_inlet_event_extra.py
[2025-04-06T01:32:45.559+0000] {processor.py:914} INFO - Processing file /home/airflow/.local/lib/python3.12/site-packages/airflow/example_dags/example_inlet_event_extra.py for tasks to queue
[2025-04-06T01:32:45.561+0000] {logging_mixin.py:190} INFO - [2025-04-06T01:32:45.560+0000] {dagbag.py:588} INFO - Filling up the DagBag from /home/airflow/.local/lib/python3.12/site-packages/airflow/example_dags/example_inlet_event_extra.py
[2025-04-06T01:32:45.929+0000] {processor.py:925} INFO - DAG(s) 'read_dataset_event', 'read_dataset_event_from_classic' retrieved from /home/airflow/.local/lib/python3.12/site-packages/airflow/example_dags/example_inlet_event_extra.py
[2025-04-06T01:32:45.941+0000] {logging_mixin.py:190} INFO - [2025-04-06T01:32:45.941+0000] {dag.py:3239} INFO - Sync 2 DAGs
[2025-04-06T01:32:45.952+0000] {logging_mixin.py:190} INFO - [2025-04-06T01:32:45.952+0000] {dag.py:4180} INFO - Setting next_dagrun for read_dataset_event to 2025-04-05 00:00:00+00:00, run_after=2025-04-06 00:00:00+00:00
[2025-04-06T01:32:45.957+0000] {logging_mixin.py:190} INFO - [2025-04-06T01:32:45.957+0000] {dag.py:4180} INFO - Setting next_dagrun for read_dataset_event_from_classic to 2025-04-05 00:00:00+00:00, run_after=2025-04-06 00:00:00+00:00
[2025-04-06T01:32:45.965+0000] {processor.py:208} INFO - Processing /home/airflow/.local/lib/python3.12/site-packages/airflow/example_dags/example_inlet_event_extra.py took 0.411 seconds
[2025-04-06T01:33:17.692+0000] {processor.py:186} INFO - Started process (PID=941) to work on /home/airflow/.local/lib/python3.12/site-packages/airflow/example_dags/example_inlet_event_extra.py
[2025-04-06T01:33:17.692+0000] {processor.py:914} INFO - Processing file /home/airflow/.local/lib/python3.12/site-packages/airflow/example_dags/example_inlet_event_extra.py for tasks to queue
[2025-04-06T01:33:17.693+0000] {logging_mixin.py:190} INFO - [2025-04-06T01:33:17.693+0000] {dagbag.py:588} INFO - Filling up the DagBag from /home/airflow/.local/lib/python3.12/site-packages/airflow/example_dags/example_inlet_event_extra.py
[2025-04-06T01:33:18.228+0000] {processor.py:925} INFO - DAG(s) 'read_dataset_event_from_classic', 'read_dataset_event' retrieved from /home/airflow/.local/lib/python3.12/site-packages/airflow/example_dags/example_inlet_event_extra.py
[2025-04-06T01:33:18.243+0000] {logging_mixin.py:190} INFO - [2025-04-06T01:33:18.243+0000] {dag.py:3239} INFO - Sync 2 DAGs
[2025-04-06T01:33:18.255+0000] {logging_mixin.py:190} INFO - [2025-04-06T01:33:18.255+0000] {dag.py:4180} INFO - Setting next_dagrun for read_dataset_event to 2025-04-05 00:00:00+00:00, run_after=2025-04-06 00:00:00+00:00
[2025-04-06T01:33:18.257+0000] {logging_mixin.py:190} INFO - [2025-04-06T01:33:18.257+0000] {dag.py:4180} INFO - Setting next_dagrun for read_dataset_event_from_classic to 2025-04-05 00:00:00+00:00, run_after=2025-04-06 00:00:00+00:00
[2025-04-06T01:33:18.268+0000] {processor.py:208} INFO - Processing /home/airflow/.local/lib/python3.12/site-packages/airflow/example_dags/example_inlet_event_extra.py took 0.580 seconds
[2025-04-06T01:33:49.190+0000] {processor.py:186} INFO - Started process (PID=1004) to work on /home/airflow/.local/lib/python3.12/site-packages/airflow/example_dags/example_inlet_event_extra.py
[2025-04-06T01:33:49.192+0000] {processor.py:914} INFO - Processing file /home/airflow/.local/lib/python3.12/site-packages/airflow/example_dags/example_inlet_event_extra.py for tasks to queue
[2025-04-06T01:33:49.193+0000] {logging_mixin.py:190} INFO - [2025-04-06T01:33:49.192+0000] {dagbag.py:588} INFO - Filling up the DagBag from /home/airflow/.local/lib/python3.12/site-packages/airflow/example_dags/example_inlet_event_extra.py
[2025-04-06T01:33:49.561+0000] {processor.py:925} INFO - DAG(s) 'read_dataset_event_from_classic', 'read_dataset_event' retrieved from /home/airflow/.local/lib/python3.12/site-packages/airflow/example_dags/example_inlet_event_extra.py
[2025-04-06T01:33:49.572+0000] {logging_mixin.py:190} INFO - [2025-04-06T01:33:49.571+0000] {dag.py:3239} INFO - Sync 2 DAGs
[2025-04-06T01:33:49.583+0000] {logging_mixin.py:190} INFO - [2025-04-06T01:33:49.583+0000] {dag.py:4180} INFO - Setting next_dagrun for read_dataset_event to 2025-04-05 00:00:00+00:00, run_after=2025-04-06 00:00:00+00:00
[2025-04-06T01:33:49.589+0000] {logging_mixin.py:190} INFO - [2025-04-06T01:33:49.589+0000] {dag.py:4180} INFO - Setting next_dagrun for read_dataset_event_from_classic to 2025-04-05 00:00:00+00:00, run_after=2025-04-06 00:00:00+00:00
[2025-04-06T01:33:49.598+0000] {processor.py:208} INFO - Processing /home/airflow/.local/lib/python3.12/site-packages/airflow/example_dags/example_inlet_event_extra.py took 0.415 seconds
[2025-04-06T01:34:20.301+0000] {processor.py:186} INFO - Started process (PID=1067) to work on /home/airflow/.local/lib/python3.12/site-packages/airflow/example_dags/example_inlet_event_extra.py
[2025-04-06T01:34:20.306+0000] {processor.py:914} INFO - Processing file /home/airflow/.local/lib/python3.12/site-packages/airflow/example_dags/example_inlet_event_extra.py for tasks to queue
[2025-04-06T01:34:20.307+0000] {logging_mixin.py:190} INFO - [2025-04-06T01:34:20.307+0000] {dagbag.py:588} INFO - Filling up the DagBag from /home/airflow/.local/lib/python3.12/site-packages/airflow/example_dags/example_inlet_event_extra.py
[2025-04-06T01:34:21.039+0000] {processor.py:925} INFO - DAG(s) 'read_dataset_event_from_classic', 'read_dataset_event' retrieved from /home/airflow/.local/lib/python3.12/site-packages/airflow/example_dags/example_inlet_event_extra.py
[2025-04-06T01:34:21.062+0000] {logging_mixin.py:190} INFO - [2025-04-06T01:34:21.062+0000] {dag.py:3239} INFO - Sync 2 DAGs
[2025-04-06T01:34:21.078+0000] {logging_mixin.py:190} INFO - [2025-04-06T01:34:21.078+0000] {dag.py:4180} INFO - Setting next_dagrun for read_dataset_event to 2025-04-05 00:00:00+00:00, run_after=2025-04-06 00:00:00+00:00
[2025-04-06T01:34:21.083+0000] {logging_mixin.py:190} INFO - [2025-04-06T01:34:21.083+0000] {dag.py:4180} INFO - Setting next_dagrun for read_dataset_event_from_classic to 2025-04-05 00:00:00+00:00, run_after=2025-04-06 00:00:00+00:00
[2025-04-06T01:34:21.105+0000] {processor.py:208} INFO - Processing /home/airflow/.local/lib/python3.12/site-packages/airflow/example_dags/example_inlet_event_extra.py took 0.807 seconds
[2025-04-06T01:34:51.668+0000] {processor.py:186} INFO - Started process (PID=1130) to work on /home/airflow/.local/lib/python3.12/site-packages/airflow/example_dags/example_inlet_event_extra.py
[2025-04-06T01:34:51.670+0000] {processor.py:914} INFO - Processing file /home/airflow/.local/lib/python3.12/site-packages/airflow/example_dags/example_inlet_event_extra.py for tasks to queue
[2025-04-06T01:34:51.671+0000] {logging_mixin.py:190} INFO - [2025-04-06T01:34:51.671+0000] {dagbag.py:588} INFO - Filling up the DagBag from /home/airflow/.local/lib/python3.12/site-packages/airflow/example_dags/example_inlet_event_extra.py
[2025-04-06T01:34:52.124+0000] {processor.py:925} INFO - DAG(s) 'read_dataset_event', 'read_dataset_event_from_classic' retrieved from /home/airflow/.local/lib/python3.12/site-packages/airflow/example_dags/example_inlet_event_extra.py
[2025-04-06T01:34:52.136+0000] {logging_mixin.py:190} INFO - [2025-04-06T01:34:52.136+0000] {dag.py:3239} INFO - Sync 2 DAGs
[2025-04-06T01:34:52.149+0000] {logging_mixin.py:190} INFO - [2025-04-06T01:34:52.149+0000] {dag.py:4180} INFO - Setting next_dagrun for read_dataset_event to 2025-04-05 00:00:00+00:00, run_after=2025-04-06 00:00:00+00:00
[2025-04-06T01:34:52.152+0000] {logging_mixin.py:190} INFO - [2025-04-06T01:34:52.152+0000] {dag.py:4180} INFO - Setting next_dagrun for read_dataset_event_from_classic to 2025-04-05 00:00:00+00:00, run_after=2025-04-06 00:00:00+00:00
[2025-04-06T01:34:52.161+0000] {processor.py:208} INFO - Processing /home/airflow/.local/lib/python3.12/site-packages/airflow/example_dags/example_inlet_event_extra.py took 0.500 seconds
[2025-04-06T01:35:22.686+0000] {processor.py:186} INFO - Started process (PID=1193) to work on /home/airflow/.local/lib/python3.12/site-packages/airflow/example_dags/example_inlet_event_extra.py
[2025-04-06T01:35:22.688+0000] {processor.py:914} INFO - Processing file /home/airflow/.local/lib/python3.12/site-packages/airflow/example_dags/example_inlet_event_extra.py for tasks to queue
[2025-04-06T01:35:22.690+0000] {logging_mixin.py:190} INFO - [2025-04-06T01:35:22.689+0000] {dagbag.py:588} INFO - Filling up the DagBag from /home/airflow/.local/lib/python3.12/site-packages/airflow/example_dags/example_inlet_event_extra.py
[2025-04-06T01:35:23.110+0000] {processor.py:925} INFO - DAG(s) 'read_dataset_event', 'read_dataset_event_from_classic' retrieved from /home/airflow/.local/lib/python3.12/site-packages/airflow/example_dags/example_inlet_event_extra.py
[2025-04-06T01:35:23.121+0000] {logging_mixin.py:190} INFO - [2025-04-06T01:35:23.121+0000] {dag.py:3239} INFO - Sync 2 DAGs
[2025-04-06T01:35:23.132+0000] {logging_mixin.py:190} INFO - [2025-04-06T01:35:23.132+0000] {dag.py:4180} INFO - Setting next_dagrun for read_dataset_event to 2025-04-05 00:00:00+00:00, run_after=2025-04-06 00:00:00+00:00
[2025-04-06T01:35:23.136+0000] {logging_mixin.py:190} INFO - [2025-04-06T01:35:23.136+0000] {dag.py:4180} INFO - Setting next_dagrun for read_dataset_event_from_classic to 2025-04-05 00:00:00+00:00, run_after=2025-04-06 00:00:00+00:00
[2025-04-06T01:35:23.148+0000] {processor.py:208} INFO - Processing /home/airflow/.local/lib/python3.12/site-packages/airflow/example_dags/example_inlet_event_extra.py took 0.468 seconds
[2025-04-06T01:35:53.232+0000] {processor.py:186} INFO - Started process (PID=1256) to work on /home/airflow/.local/lib/python3.12/site-packages/airflow/example_dags/example_inlet_event_extra.py
[2025-04-06T01:35:53.233+0000] {processor.py:914} INFO - Processing file /home/airflow/.local/lib/python3.12/site-packages/airflow/example_dags/example_inlet_event_extra.py for tasks to queue
[2025-04-06T01:35:53.234+0000] {logging_mixin.py:190} INFO - [2025-04-06T01:35:53.234+0000] {dagbag.py:588} INFO - Filling up the DagBag from /home/airflow/.local/lib/python3.12/site-packages/airflow/example_dags/example_inlet_event_extra.py
[2025-04-06T01:35:53.633+0000] {processor.py:925} INFO - DAG(s) 'read_dataset_event_from_classic', 'read_dataset_event' retrieved from /home/airflow/.local/lib/python3.12/site-packages/airflow/example_dags/example_inlet_event_extra.py
[2025-04-06T01:35:53.646+0000] {logging_mixin.py:190} INFO - [2025-04-06T01:35:53.646+0000] {dag.py:3239} INFO - Sync 2 DAGs
[2025-04-06T01:35:53.657+0000] {logging_mixin.py:190} INFO - [2025-04-06T01:35:53.657+0000] {dag.py:4180} INFO - Setting next_dagrun for read_dataset_event to 2025-04-05 00:00:00+00:00, run_after=2025-04-06 00:00:00+00:00
[2025-04-06T01:35:53.660+0000] {logging_mixin.py:190} INFO - [2025-04-06T01:35:53.659+0000] {dag.py:4180} INFO - Setting next_dagrun for read_dataset_event_from_classic to 2025-04-05 00:00:00+00:00, run_after=2025-04-06 00:00:00+00:00
[2025-04-06T01:35:53.669+0000] {processor.py:208} INFO - Processing /home/airflow/.local/lib/python3.12/site-packages/airflow/example_dags/example_inlet_event_extra.py took 0.441 seconds
[2025-04-06T01:36:24.712+0000] {processor.py:186} INFO - Started process (PID=1319) to work on /home/airflow/.local/lib/python3.12/site-packages/airflow/example_dags/example_inlet_event_extra.py
[2025-04-06T01:36:24.713+0000] {processor.py:914} INFO - Processing file /home/airflow/.local/lib/python3.12/site-packages/airflow/example_dags/example_inlet_event_extra.py for tasks to queue
[2025-04-06T01:36:24.714+0000] {logging_mixin.py:190} INFO - [2025-04-06T01:36:24.714+0000] {dagbag.py:588} INFO - Filling up the DagBag from /home/airflow/.local/lib/python3.12/site-packages/airflow/example_dags/example_inlet_event_extra.py
[2025-04-06T01:36:25.315+0000] {processor.py:925} INFO - DAG(s) 'read_dataset_event_from_classic', 'read_dataset_event' retrieved from /home/airflow/.local/lib/python3.12/site-packages/airflow/example_dags/example_inlet_event_extra.py
[2025-04-06T01:36:25.363+0000] {logging_mixin.py:190} INFO - [2025-04-06T01:36:25.362+0000] {dag.py:3239} INFO - Sync 2 DAGs
[2025-04-06T01:36:25.376+0000] {logging_mixin.py:190} INFO - [2025-04-06T01:36:25.376+0000] {dag.py:4180} INFO - Setting next_dagrun for read_dataset_event to 2025-04-05 00:00:00+00:00, run_after=2025-04-06 00:00:00+00:00
[2025-04-06T01:36:25.381+0000] {logging_mixin.py:190} INFO - [2025-04-06T01:36:25.380+0000] {dag.py:4180} INFO - Setting next_dagrun for read_dataset_event_from_classic to 2025-04-05 00:00:00+00:00, run_after=2025-04-06 00:00:00+00:00
[2025-04-06T01:36:25.393+0000] {processor.py:208} INFO - Processing /home/airflow/.local/lib/python3.12/site-packages/airflow/example_dags/example_inlet_event_extra.py took 0.685 seconds
