[2025-04-05T11:23:25.031+0000] {processor.py:186} INFO - Started process (PID=93) to work on /home/airflow/.local/lib/python3.12/site-packages/airflow/example_dags/example_branch_labels.py
[2025-04-05T11:23:25.032+0000] {processor.py:914} INFO - Processing file /home/airflow/.local/lib/python3.12/site-packages/airflow/example_dags/example_branch_labels.py for tasks to queue
[2025-04-05T11:23:25.033+0000] {logging_mixin.py:190} INFO - [2025-04-05T11:23:25.033+0000] {dagbag.py:588} INFO - Filling up the DagBag from /home/airflow/.local/lib/python3.12/site-packages/airflow/example_dags/example_branch_labels.py
[2025-04-05T11:23:25.041+0000] {processor.py:925} INFO - DAG(s) 'example_branch_labels' retrieved from /home/airflow/.local/lib/python3.12/site-packages/airflow/example_dags/example_branch_labels.py
[2025-04-05T11:23:25.128+0000] {logging_mixin.py:190} INFO - [2025-04-05T11:23:25.127+0000] {override.py:1912} INFO - Created Permission View: can edit on DAG:example_branch_labels
[2025-04-05T11:23:25.134+0000] {logging_mixin.py:190} INFO - [2025-04-05T11:23:25.134+0000] {override.py:1912} INFO - Created Permission View: can read on DAG:example_branch_labels
[2025-04-05T11:23:25.137+0000] {logging_mixin.py:190} INFO - [2025-04-05T11:23:25.137+0000] {override.py:1912} INFO - Created Permission View: can delete on DAG:example_branch_labels
[2025-04-05T11:23:25.140+0000] {logging_mixin.py:190} INFO - [2025-04-05T11:23:25.140+0000] {override.py:1912} INFO - Created Permission View: menu access on DAG Run:example_branch_labels
[2025-04-05T11:23:25.143+0000] {logging_mixin.py:190} INFO - [2025-04-05T11:23:25.143+0000] {override.py:1912} INFO - Created Permission View: can read on DAG Run:example_branch_labels
[2025-04-05T11:23:25.146+0000] {logging_mixin.py:190} INFO - [2025-04-05T11:23:25.146+0000] {override.py:1912} INFO - Created Permission View: can create on DAG Run:example_branch_labels
[2025-04-05T11:23:25.150+0000] {logging_mixin.py:190} INFO - [2025-04-05T11:23:25.149+0000] {override.py:1912} INFO - Created Permission View: can delete on DAG Run:example_branch_labels
[2025-04-05T11:23:25.150+0000] {logging_mixin.py:190} INFO - [2025-04-05T11:23:25.150+0000] {dag.py:3239} INFO - Sync 1 DAGs
[2025-04-05T11:23:25.158+0000] {logging_mixin.py:190} INFO - [2025-04-05T11:23:25.157+0000] {dag.py:3262} INFO - Creating ORM DAG for example_branch_labels
[2025-04-05T11:23:25.164+0000] {logging_mixin.py:190} INFO - [2025-04-05T11:23:25.164+0000] {dag.py:4180} INFO - Setting next_dagrun for example_branch_labels to 2025-04-04 00:00:00+00:00, run_after=2025-04-05 00:00:00+00:00
[2025-04-05T11:23:25.172+0000] {processor.py:208} INFO - Processing /home/airflow/.local/lib/python3.12/site-packages/airflow/example_dags/example_branch_labels.py took 0.144 seconds
[2025-04-05T11:23:55.799+0000] {processor.py:186} INFO - Started process (PID=155) to work on /home/airflow/.local/lib/python3.12/site-packages/airflow/example_dags/example_branch_labels.py
[2025-04-05T11:23:55.800+0000] {processor.py:914} INFO - Processing file /home/airflow/.local/lib/python3.12/site-packages/airflow/example_dags/example_branch_labels.py for tasks to queue
[2025-04-05T11:23:55.802+0000] {logging_mixin.py:190} INFO - [2025-04-05T11:23:55.801+0000] {dagbag.py:588} INFO - Filling up the DagBag from /home/airflow/.local/lib/python3.12/site-packages/airflow/example_dags/example_branch_labels.py
[2025-04-05T11:23:55.809+0000] {processor.py:925} INFO - DAG(s) 'example_branch_labels' retrieved from /home/airflow/.local/lib/python3.12/site-packages/airflow/example_dags/example_branch_labels.py
[2025-04-05T11:23:55.834+0000] {logging_mixin.py:190} INFO - [2025-04-05T11:23:55.834+0000] {dag.py:3239} INFO - Sync 1 DAGs
[2025-04-05T11:23:55.863+0000] {logging_mixin.py:190} INFO - [2025-04-05T11:23:55.863+0000] {dag.py:4180} INFO - Setting next_dagrun for example_branch_labels to 2025-04-04 00:00:00+00:00, run_after=2025-04-05 00:00:00+00:00
[2025-04-05T11:23:55.904+0000] {processor.py:208} INFO - Processing /home/airflow/.local/lib/python3.12/site-packages/airflow/example_dags/example_branch_labels.py took 0.111 seconds
[2025-04-05T11:24:26.530+0000] {processor.py:186} INFO - Started process (PID=218) to work on /home/airflow/.local/lib/python3.12/site-packages/airflow/example_dags/example_branch_labels.py
[2025-04-05T11:24:26.534+0000] {processor.py:914} INFO - Processing file /home/airflow/.local/lib/python3.12/site-packages/airflow/example_dags/example_branch_labels.py for tasks to queue
[2025-04-05T11:24:26.536+0000] {logging_mixin.py:190} INFO - [2025-04-05T11:24:26.536+0000] {dagbag.py:588} INFO - Filling up the DagBag from /home/airflow/.local/lib/python3.12/site-packages/airflow/example_dags/example_branch_labels.py
[2025-04-05T11:24:26.542+0000] {processor.py:925} INFO - DAG(s) 'example_branch_labels' retrieved from /home/airflow/.local/lib/python3.12/site-packages/airflow/example_dags/example_branch_labels.py
[2025-04-05T11:24:26.554+0000] {logging_mixin.py:190} INFO - [2025-04-05T11:24:26.554+0000] {dag.py:3239} INFO - Sync 1 DAGs
[2025-04-05T11:24:26.566+0000] {logging_mixin.py:190} INFO - [2025-04-05T11:24:26.566+0000] {dag.py:4180} INFO - Setting next_dagrun for example_branch_labels to 2025-04-04 00:00:00+00:00, run_after=2025-04-05 00:00:00+00:00
[2025-04-05T11:24:26.574+0000] {processor.py:208} INFO - Processing /home/airflow/.local/lib/python3.12/site-packages/airflow/example_dags/example_branch_labels.py took 0.053 seconds
[2025-04-05T11:24:57.886+0000] {processor.py:186} INFO - Started process (PID=282) to work on /home/airflow/.local/lib/python3.12/site-packages/airflow/example_dags/example_branch_labels.py
[2025-04-05T11:24:57.887+0000] {processor.py:914} INFO - Processing file /home/airflow/.local/lib/python3.12/site-packages/airflow/example_dags/example_branch_labels.py for tasks to queue
[2025-04-05T11:24:57.888+0000] {logging_mixin.py:190} INFO - [2025-04-05T11:24:57.888+0000] {dagbag.py:588} INFO - Filling up the DagBag from /home/airflow/.local/lib/python3.12/site-packages/airflow/example_dags/example_branch_labels.py
[2025-04-05T11:24:57.894+0000] {processor.py:925} INFO - DAG(s) 'example_branch_labels' retrieved from /home/airflow/.local/lib/python3.12/site-packages/airflow/example_dags/example_branch_labels.py
[2025-04-05T11:24:57.904+0000] {logging_mixin.py:190} INFO - [2025-04-05T11:24:57.904+0000] {dag.py:3239} INFO - Sync 1 DAGs
[2025-04-05T11:24:57.916+0000] {logging_mixin.py:190} INFO - [2025-04-05T11:24:57.915+0000] {dag.py:4180} INFO - Setting next_dagrun for example_branch_labels to 2025-04-04 00:00:00+00:00, run_after=2025-04-05 00:00:00+00:00
[2025-04-05T11:24:57.924+0000] {processor.py:208} INFO - Processing /home/airflow/.local/lib/python3.12/site-packages/airflow/example_dags/example_branch_labels.py took 0.043 seconds
[2025-04-05T11:25:29.256+0000] {processor.py:186} INFO - Started process (PID=345) to work on /home/airflow/.local/lib/python3.12/site-packages/airflow/example_dags/example_branch_labels.py
[2025-04-05T11:25:29.257+0000] {processor.py:914} INFO - Processing file /home/airflow/.local/lib/python3.12/site-packages/airflow/example_dags/example_branch_labels.py for tasks to queue
[2025-04-05T11:25:29.259+0000] {logging_mixin.py:190} INFO - [2025-04-05T11:25:29.259+0000] {dagbag.py:588} INFO - Filling up the DagBag from /home/airflow/.local/lib/python3.12/site-packages/airflow/example_dags/example_branch_labels.py
[2025-04-05T11:25:29.265+0000] {processor.py:925} INFO - DAG(s) 'example_branch_labels' retrieved from /home/airflow/.local/lib/python3.12/site-packages/airflow/example_dags/example_branch_labels.py
[2025-04-05T11:25:29.279+0000] {logging_mixin.py:190} INFO - [2025-04-05T11:25:29.279+0000] {dag.py:3239} INFO - Sync 1 DAGs
[2025-04-05T11:25:29.292+0000] {logging_mixin.py:190} INFO - [2025-04-05T11:25:29.292+0000] {dag.py:4180} INFO - Setting next_dagrun for example_branch_labels to 2025-04-04 00:00:00+00:00, run_after=2025-04-05 00:00:00+00:00
[2025-04-05T11:25:29.301+0000] {processor.py:208} INFO - Processing /home/airflow/.local/lib/python3.12/site-packages/airflow/example_dags/example_branch_labels.py took 0.049 seconds
[2025-04-05T11:26:01.051+0000] {processor.py:186} INFO - Started process (PID=408) to work on /home/airflow/.local/lib/python3.12/site-packages/airflow/example_dags/example_branch_labels.py
[2025-04-05T11:26:01.053+0000] {processor.py:914} INFO - Processing file /home/airflow/.local/lib/python3.12/site-packages/airflow/example_dags/example_branch_labels.py for tasks to queue
[2025-04-05T11:26:01.056+0000] {logging_mixin.py:190} INFO - [2025-04-05T11:26:01.056+0000] {dagbag.py:588} INFO - Filling up the DagBag from /home/airflow/.local/lib/python3.12/site-packages/airflow/example_dags/example_branch_labels.py
[2025-04-05T11:26:01.066+0000] {processor.py:925} INFO - DAG(s) 'example_branch_labels' retrieved from /home/airflow/.local/lib/python3.12/site-packages/airflow/example_dags/example_branch_labels.py
[2025-04-05T11:26:01.081+0000] {logging_mixin.py:190} INFO - [2025-04-05T11:26:01.081+0000] {dag.py:3239} INFO - Sync 1 DAGs
[2025-04-05T11:26:01.095+0000] {logging_mixin.py:190} INFO - [2025-04-05T11:26:01.095+0000] {dag.py:4180} INFO - Setting next_dagrun for example_branch_labels to 2025-04-04 00:00:00+00:00, run_after=2025-04-05 00:00:00+00:00
[2025-04-05T11:26:01.104+0000] {processor.py:208} INFO - Processing /home/airflow/.local/lib/python3.12/site-packages/airflow/example_dags/example_branch_labels.py took 0.063 seconds
[2025-04-05T11:26:31.677+0000] {processor.py:186} INFO - Started process (PID=471) to work on /home/airflow/.local/lib/python3.12/site-packages/airflow/example_dags/example_branch_labels.py
[2025-04-05T11:26:31.679+0000] {processor.py:914} INFO - Processing file /home/airflow/.local/lib/python3.12/site-packages/airflow/example_dags/example_branch_labels.py for tasks to queue
[2025-04-05T11:26:31.681+0000] {logging_mixin.py:190} INFO - [2025-04-05T11:26:31.680+0000] {dagbag.py:588} INFO - Filling up the DagBag from /home/airflow/.local/lib/python3.12/site-packages/airflow/example_dags/example_branch_labels.py
[2025-04-05T11:26:31.686+0000] {processor.py:925} INFO - DAG(s) 'example_branch_labels' retrieved from /home/airflow/.local/lib/python3.12/site-packages/airflow/example_dags/example_branch_labels.py
[2025-04-05T11:26:31.699+0000] {logging_mixin.py:190} INFO - [2025-04-05T11:26:31.699+0000] {dag.py:3239} INFO - Sync 1 DAGs
[2025-04-05T11:26:31.711+0000] {logging_mixin.py:190} INFO - [2025-04-05T11:26:31.711+0000] {dag.py:4180} INFO - Setting next_dagrun for example_branch_labels to 2025-04-04 00:00:00+00:00, run_after=2025-04-05 00:00:00+00:00
[2025-04-05T11:26:31.719+0000] {processor.py:208} INFO - Processing /home/airflow/.local/lib/python3.12/site-packages/airflow/example_dags/example_branch_labels.py took 0.046 seconds
[2025-04-05T11:27:03.248+0000] {processor.py:186} INFO - Started process (PID=534) to work on /home/airflow/.local/lib/python3.12/site-packages/airflow/example_dags/example_branch_labels.py
[2025-04-05T11:27:03.248+0000] {processor.py:914} INFO - Processing file /home/airflow/.local/lib/python3.12/site-packages/airflow/example_dags/example_branch_labels.py for tasks to queue
[2025-04-05T11:27:03.251+0000] {logging_mixin.py:190} INFO - [2025-04-05T11:27:03.250+0000] {dagbag.py:588} INFO - Filling up the DagBag from /home/airflow/.local/lib/python3.12/site-packages/airflow/example_dags/example_branch_labels.py
[2025-04-05T11:27:03.258+0000] {processor.py:925} INFO - DAG(s) 'example_branch_labels' retrieved from /home/airflow/.local/lib/python3.12/site-packages/airflow/example_dags/example_branch_labels.py
[2025-04-05T11:27:03.280+0000] {logging_mixin.py:190} INFO - [2025-04-05T11:27:03.280+0000] {dag.py:3239} INFO - Sync 1 DAGs
[2025-04-05T11:27:03.302+0000] {logging_mixin.py:190} INFO - [2025-04-05T11:27:03.302+0000] {dag.py:4180} INFO - Setting next_dagrun for example_branch_labels to 2025-04-04 00:00:00+00:00, run_after=2025-04-05 00:00:00+00:00
[2025-04-05T11:27:03.313+0000] {processor.py:208} INFO - Processing /home/airflow/.local/lib/python3.12/site-packages/airflow/example_dags/example_branch_labels.py took 0.071 seconds
[2025-04-05T11:31:59.001+0000] {processor.py:186} INFO - Started process (PID=93) to work on /home/airflow/.local/lib/python3.12/site-packages/airflow/example_dags/example_branch_labels.py
[2025-04-05T11:31:59.002+0000] {processor.py:914} INFO - Processing file /home/airflow/.local/lib/python3.12/site-packages/airflow/example_dags/example_branch_labels.py for tasks to queue
[2025-04-05T11:31:59.006+0000] {logging_mixin.py:190} INFO - [2025-04-05T11:31:59.005+0000] {dagbag.py:588} INFO - Filling up the DagBag from /home/airflow/.local/lib/python3.12/site-packages/airflow/example_dags/example_branch_labels.py
[2025-04-05T11:31:59.027+0000] {processor.py:925} INFO - DAG(s) 'example_branch_labels' retrieved from /home/airflow/.local/lib/python3.12/site-packages/airflow/example_dags/example_branch_labels.py
[2025-04-05T11:31:59.053+0000] {logging_mixin.py:190} INFO - [2025-04-05T11:31:59.053+0000] {dag.py:3239} INFO - Sync 1 DAGs
[2025-04-05T11:31:59.070+0000] {logging_mixin.py:190} INFO - [2025-04-05T11:31:59.070+0000] {dag.py:4180} INFO - Setting next_dagrun for example_branch_labels to 2025-04-04 00:00:00+00:00, run_after=2025-04-05 00:00:00+00:00
[2025-04-05T11:31:59.081+0000] {processor.py:208} INFO - Processing /home/airflow/.local/lib/python3.12/site-packages/airflow/example_dags/example_branch_labels.py took 0.084 seconds
[2025-04-05T11:32:29.342+0000] {processor.py:186} INFO - Started process (PID=155) to work on /home/airflow/.local/lib/python3.12/site-packages/airflow/example_dags/example_branch_labels.py
[2025-04-05T11:32:29.343+0000] {processor.py:914} INFO - Processing file /home/airflow/.local/lib/python3.12/site-packages/airflow/example_dags/example_branch_labels.py for tasks to queue
[2025-04-05T11:32:29.344+0000] {logging_mixin.py:190} INFO - [2025-04-05T11:32:29.344+0000] {dagbag.py:588} INFO - Filling up the DagBag from /home/airflow/.local/lib/python3.12/site-packages/airflow/example_dags/example_branch_labels.py
[2025-04-05T11:32:29.352+0000] {processor.py:925} INFO - DAG(s) 'example_branch_labels' retrieved from /home/airflow/.local/lib/python3.12/site-packages/airflow/example_dags/example_branch_labels.py
[2025-04-05T11:32:29.364+0000] {logging_mixin.py:190} INFO - [2025-04-05T11:32:29.364+0000] {dag.py:3239} INFO - Sync 1 DAGs
[2025-04-05T11:32:29.378+0000] {logging_mixin.py:190} INFO - [2025-04-05T11:32:29.377+0000] {dag.py:4180} INFO - Setting next_dagrun for example_branch_labels to 2025-04-04 00:00:00+00:00, run_after=2025-04-05 00:00:00+00:00
[2025-04-05T11:32:29.386+0000] {processor.py:208} INFO - Processing /home/airflow/.local/lib/python3.12/site-packages/airflow/example_dags/example_branch_labels.py took 0.049 seconds
[2025-04-05T11:39:07.583+0000] {processor.py:186} INFO - Started process (PID=98) to work on /home/airflow/.local/lib/python3.12/site-packages/airflow/example_dags/example_branch_labels.py
[2025-04-05T11:39:07.584+0000] {processor.py:914} INFO - Processing file /home/airflow/.local/lib/python3.12/site-packages/airflow/example_dags/example_branch_labels.py for tasks to queue
[2025-04-05T11:39:07.586+0000] {logging_mixin.py:190} INFO - [2025-04-05T11:39:07.586+0000] {dagbag.py:588} INFO - Filling up the DagBag from /home/airflow/.local/lib/python3.12/site-packages/airflow/example_dags/example_branch_labels.py
[2025-04-05T11:39:07.596+0000] {processor.py:925} INFO - DAG(s) 'example_branch_labels' retrieved from /home/airflow/.local/lib/python3.12/site-packages/airflow/example_dags/example_branch_labels.py
[2025-04-05T11:39:07.662+0000] {logging_mixin.py:190} INFO - [2025-04-05T11:39:07.661+0000] {dag.py:3239} INFO - Sync 1 DAGs
[2025-04-05T11:39:07.702+0000] {logging_mixin.py:190} INFO - [2025-04-05T11:39:07.701+0000] {dag.py:4180} INFO - Setting next_dagrun for example_branch_labels to 2025-04-04 00:00:00+00:00, run_after=2025-04-05 00:00:00+00:00
[2025-04-05T11:39:07.729+0000] {processor.py:208} INFO - Processing /home/airflow/.local/lib/python3.12/site-packages/airflow/example_dags/example_branch_labels.py took 0.149 seconds
[2025-04-05T11:39:38.822+0000] {processor.py:186} INFO - Started process (PID=161) to work on /home/airflow/.local/lib/python3.12/site-packages/airflow/example_dags/example_branch_labels.py
[2025-04-05T11:39:38.830+0000] {processor.py:914} INFO - Processing file /home/airflow/.local/lib/python3.12/site-packages/airflow/example_dags/example_branch_labels.py for tasks to queue
[2025-04-05T11:39:38.833+0000] {logging_mixin.py:190} INFO - [2025-04-05T11:39:38.833+0000] {dagbag.py:588} INFO - Filling up the DagBag from /home/airflow/.local/lib/python3.12/site-packages/airflow/example_dags/example_branch_labels.py
[2025-04-05T11:39:38.844+0000] {processor.py:925} INFO - DAG(s) 'example_branch_labels' retrieved from /home/airflow/.local/lib/python3.12/site-packages/airflow/example_dags/example_branch_labels.py
[2025-04-05T11:39:38.866+0000] {logging_mixin.py:190} INFO - [2025-04-05T11:39:38.866+0000] {dag.py:3239} INFO - Sync 1 DAGs
[2025-04-05T11:39:38.914+0000] {logging_mixin.py:190} INFO - [2025-04-05T11:39:38.913+0000] {dag.py:4180} INFO - Setting next_dagrun for example_branch_labels to 2025-04-04 00:00:00+00:00, run_after=2025-04-05 00:00:00+00:00
[2025-04-05T11:39:38.929+0000] {processor.py:208} INFO - Processing /home/airflow/.local/lib/python3.12/site-packages/airflow/example_dags/example_branch_labels.py took 0.125 seconds
[2025-04-05T11:40:09.020+0000] {processor.py:186} INFO - Started process (PID=224) to work on /home/airflow/.local/lib/python3.12/site-packages/airflow/example_dags/example_branch_labels.py
[2025-04-05T11:40:09.020+0000] {processor.py:914} INFO - Processing file /home/airflow/.local/lib/python3.12/site-packages/airflow/example_dags/example_branch_labels.py for tasks to queue
[2025-04-05T11:40:09.021+0000] {logging_mixin.py:190} INFO - [2025-04-05T11:40:09.021+0000] {dagbag.py:588} INFO - Filling up the DagBag from /home/airflow/.local/lib/python3.12/site-packages/airflow/example_dags/example_branch_labels.py
[2025-04-05T11:40:09.027+0000] {processor.py:925} INFO - DAG(s) 'example_branch_labels' retrieved from /home/airflow/.local/lib/python3.12/site-packages/airflow/example_dags/example_branch_labels.py
[2025-04-05T11:40:09.039+0000] {logging_mixin.py:190} INFO - [2025-04-05T11:40:09.039+0000] {dag.py:3239} INFO - Sync 1 DAGs
[2025-04-05T11:40:09.051+0000] {logging_mixin.py:190} INFO - [2025-04-05T11:40:09.051+0000] {dag.py:4180} INFO - Setting next_dagrun for example_branch_labels to 2025-04-04 00:00:00+00:00, run_after=2025-04-05 00:00:00+00:00
[2025-04-05T11:40:09.059+0000] {processor.py:208} INFO - Processing /home/airflow/.local/lib/python3.12/site-packages/airflow/example_dags/example_branch_labels.py took 0.042 seconds
[2025-04-05T11:40:39.217+0000] {processor.py:186} INFO - Started process (PID=286) to work on /home/airflow/.local/lib/python3.12/site-packages/airflow/example_dags/example_branch_labels.py
[2025-04-05T11:40:39.217+0000] {processor.py:914} INFO - Processing file /home/airflow/.local/lib/python3.12/site-packages/airflow/example_dags/example_branch_labels.py for tasks to queue
[2025-04-05T11:40:39.219+0000] {logging_mixin.py:190} INFO - [2025-04-05T11:40:39.219+0000] {dagbag.py:588} INFO - Filling up the DagBag from /home/airflow/.local/lib/python3.12/site-packages/airflow/example_dags/example_branch_labels.py
[2025-04-05T11:40:39.226+0000] {processor.py:925} INFO - DAG(s) 'example_branch_labels' retrieved from /home/airflow/.local/lib/python3.12/site-packages/airflow/example_dags/example_branch_labels.py
[2025-04-05T11:40:39.241+0000] {logging_mixin.py:190} INFO - [2025-04-05T11:40:39.241+0000] {dag.py:3239} INFO - Sync 1 DAGs
[2025-04-05T11:40:39.257+0000] {logging_mixin.py:190} INFO - [2025-04-05T11:40:39.257+0000] {dag.py:4180} INFO - Setting next_dagrun for example_branch_labels to 2025-04-04 00:00:00+00:00, run_after=2025-04-05 00:00:00+00:00
[2025-04-05T11:40:39.271+0000] {processor.py:208} INFO - Processing /home/airflow/.local/lib/python3.12/site-packages/airflow/example_dags/example_branch_labels.py took 0.058 seconds
[2025-04-05T11:41:09.804+0000] {processor.py:186} INFO - Started process (PID=349) to work on /home/airflow/.local/lib/python3.12/site-packages/airflow/example_dags/example_branch_labels.py
[2025-04-05T11:41:09.806+0000] {processor.py:914} INFO - Processing file /home/airflow/.local/lib/python3.12/site-packages/airflow/example_dags/example_branch_labels.py for tasks to queue
[2025-04-05T11:41:09.807+0000] {logging_mixin.py:190} INFO - [2025-04-05T11:41:09.807+0000] {dagbag.py:588} INFO - Filling up the DagBag from /home/airflow/.local/lib/python3.12/site-packages/airflow/example_dags/example_branch_labels.py
[2025-04-05T11:41:09.816+0000] {processor.py:925} INFO - DAG(s) 'example_branch_labels' retrieved from /home/airflow/.local/lib/python3.12/site-packages/airflow/example_dags/example_branch_labels.py
[2025-04-05T11:41:09.835+0000] {logging_mixin.py:190} INFO - [2025-04-05T11:41:09.835+0000] {dag.py:3239} INFO - Sync 1 DAGs
[2025-04-05T11:41:09.855+0000] {logging_mixin.py:190} INFO - [2025-04-05T11:41:09.854+0000] {dag.py:4180} INFO - Setting next_dagrun for example_branch_labels to 2025-04-04 00:00:00+00:00, run_after=2025-04-05 00:00:00+00:00
[2025-04-05T11:41:09.871+0000] {processor.py:208} INFO - Processing /home/airflow/.local/lib/python3.12/site-packages/airflow/example_dags/example_branch_labels.py took 0.071 seconds
[2025-04-05T11:41:40.384+0000] {processor.py:186} INFO - Started process (PID=412) to work on /home/airflow/.local/lib/python3.12/site-packages/airflow/example_dags/example_branch_labels.py
[2025-04-05T11:41:40.385+0000] {processor.py:914} INFO - Processing file /home/airflow/.local/lib/python3.12/site-packages/airflow/example_dags/example_branch_labels.py for tasks to queue
[2025-04-05T11:41:40.387+0000] {logging_mixin.py:190} INFO - [2025-04-05T11:41:40.387+0000] {dagbag.py:588} INFO - Filling up the DagBag from /home/airflow/.local/lib/python3.12/site-packages/airflow/example_dags/example_branch_labels.py
[2025-04-05T11:41:40.394+0000] {processor.py:925} INFO - DAG(s) 'example_branch_labels' retrieved from /home/airflow/.local/lib/python3.12/site-packages/airflow/example_dags/example_branch_labels.py
[2025-04-05T11:41:40.415+0000] {logging_mixin.py:190} INFO - [2025-04-05T11:41:40.415+0000] {dag.py:3239} INFO - Sync 1 DAGs
[2025-04-05T11:41:40.444+0000] {logging_mixin.py:190} INFO - [2025-04-05T11:41:40.443+0000] {dag.py:4180} INFO - Setting next_dagrun for example_branch_labels to 2025-04-04 00:00:00+00:00, run_after=2025-04-05 00:00:00+00:00
[2025-04-05T11:41:40.456+0000] {processor.py:208} INFO - Processing /home/airflow/.local/lib/python3.12/site-packages/airflow/example_dags/example_branch_labels.py took 0.077 seconds
[2025-04-05T11:42:10.549+0000] {processor.py:186} INFO - Started process (PID=475) to work on /home/airflow/.local/lib/python3.12/site-packages/airflow/example_dags/example_branch_labels.py
[2025-04-05T11:42:10.550+0000] {processor.py:914} INFO - Processing file /home/airflow/.local/lib/python3.12/site-packages/airflow/example_dags/example_branch_labels.py for tasks to queue
[2025-04-05T11:42:10.552+0000] {logging_mixin.py:190} INFO - [2025-04-05T11:42:10.552+0000] {dagbag.py:588} INFO - Filling up the DagBag from /home/airflow/.local/lib/python3.12/site-packages/airflow/example_dags/example_branch_labels.py
[2025-04-05T11:42:10.561+0000] {processor.py:925} INFO - DAG(s) 'example_branch_labels' retrieved from /home/airflow/.local/lib/python3.12/site-packages/airflow/example_dags/example_branch_labels.py
[2025-04-05T11:42:10.577+0000] {logging_mixin.py:190} INFO - [2025-04-05T11:42:10.577+0000] {dag.py:3239} INFO - Sync 1 DAGs
[2025-04-05T11:42:10.590+0000] {logging_mixin.py:190} INFO - [2025-04-05T11:42:10.590+0000] {dag.py:4180} INFO - Setting next_dagrun for example_branch_labels to 2025-04-04 00:00:00+00:00, run_after=2025-04-05 00:00:00+00:00
[2025-04-05T11:42:10.605+0000] {processor.py:208} INFO - Processing /home/airflow/.local/lib/python3.12/site-packages/airflow/example_dags/example_branch_labels.py took 0.061 seconds
[2025-04-05T11:42:41.180+0000] {processor.py:186} INFO - Started process (PID=538) to work on /home/airflow/.local/lib/python3.12/site-packages/airflow/example_dags/example_branch_labels.py
[2025-04-05T11:42:41.181+0000] {processor.py:914} INFO - Processing file /home/airflow/.local/lib/python3.12/site-packages/airflow/example_dags/example_branch_labels.py for tasks to queue
[2025-04-05T11:42:41.183+0000] {logging_mixin.py:190} INFO - [2025-04-05T11:42:41.183+0000] {dagbag.py:588} INFO - Filling up the DagBag from /home/airflow/.local/lib/python3.12/site-packages/airflow/example_dags/example_branch_labels.py
[2025-04-05T11:42:41.192+0000] {processor.py:925} INFO - DAG(s) 'example_branch_labels' retrieved from /home/airflow/.local/lib/python3.12/site-packages/airflow/example_dags/example_branch_labels.py
[2025-04-05T11:42:41.208+0000] {logging_mixin.py:190} INFO - [2025-04-05T11:42:41.207+0000] {dag.py:3239} INFO - Sync 1 DAGs
[2025-04-05T11:42:41.222+0000] {logging_mixin.py:190} INFO - [2025-04-05T11:42:41.222+0000] {dag.py:4180} INFO - Setting next_dagrun for example_branch_labels to 2025-04-04 00:00:00+00:00, run_after=2025-04-05 00:00:00+00:00
[2025-04-05T11:42:41.236+0000] {processor.py:208} INFO - Processing /home/airflow/.local/lib/python3.12/site-packages/airflow/example_dags/example_branch_labels.py took 0.059 seconds
[2025-04-05T11:44:51.099+0000] {processor.py:186} INFO - Started process (PID=92) to work on /home/airflow/.local/lib/python3.12/site-packages/airflow/example_dags/example_branch_labels.py
[2025-04-05T11:44:51.100+0000] {processor.py:914} INFO - Processing file /home/airflow/.local/lib/python3.12/site-packages/airflow/example_dags/example_branch_labels.py for tasks to queue
[2025-04-05T11:44:51.102+0000] {logging_mixin.py:190} INFO - [2025-04-05T11:44:51.102+0000] {dagbag.py:588} INFO - Filling up the DagBag from /home/airflow/.local/lib/python3.12/site-packages/airflow/example_dags/example_branch_labels.py
[2025-04-05T11:44:51.112+0000] {processor.py:925} INFO - DAG(s) 'example_branch_labels' retrieved from /home/airflow/.local/lib/python3.12/site-packages/airflow/example_dags/example_branch_labels.py
[2025-04-05T11:44:51.160+0000] {logging_mixin.py:190} INFO - [2025-04-05T11:44:51.160+0000] {dag.py:3239} INFO - Sync 1 DAGs
[2025-04-05T11:44:51.190+0000] {logging_mixin.py:190} INFO - [2025-04-05T11:44:51.190+0000] {dag.py:4180} INFO - Setting next_dagrun for example_branch_labels to 2025-04-04 00:00:00+00:00, run_after=2025-04-05 00:00:00+00:00
[2025-04-05T11:44:51.207+0000] {processor.py:208} INFO - Processing /home/airflow/.local/lib/python3.12/site-packages/airflow/example_dags/example_branch_labels.py took 0.116 seconds
[2025-04-05T11:45:21.802+0000] {processor.py:186} INFO - Started process (PID=155) to work on /home/airflow/.local/lib/python3.12/site-packages/airflow/example_dags/example_branch_labels.py
[2025-04-05T11:45:21.802+0000] {processor.py:914} INFO - Processing file /home/airflow/.local/lib/python3.12/site-packages/airflow/example_dags/example_branch_labels.py for tasks to queue
[2025-04-05T11:45:21.804+0000] {logging_mixin.py:190} INFO - [2025-04-05T11:45:21.804+0000] {dagbag.py:588} INFO - Filling up the DagBag from /home/airflow/.local/lib/python3.12/site-packages/airflow/example_dags/example_branch_labels.py
[2025-04-05T11:45:21.809+0000] {processor.py:925} INFO - DAG(s) 'example_branch_labels' retrieved from /home/airflow/.local/lib/python3.12/site-packages/airflow/example_dags/example_branch_labels.py
[2025-04-05T11:45:21.823+0000] {logging_mixin.py:190} INFO - [2025-04-05T11:45:21.822+0000] {dag.py:3239} INFO - Sync 1 DAGs
[2025-04-05T11:45:21.846+0000] {logging_mixin.py:190} INFO - [2025-04-05T11:45:21.846+0000] {dag.py:4180} INFO - Setting next_dagrun for example_branch_labels to 2025-04-04 00:00:00+00:00, run_after=2025-04-05 00:00:00+00:00
[2025-04-05T11:45:21.859+0000] {processor.py:208} INFO - Processing /home/airflow/.local/lib/python3.12/site-packages/airflow/example_dags/example_branch_labels.py took 0.063 seconds
[2025-04-05T11:45:52.649+0000] {processor.py:186} INFO - Started process (PID=218) to work on /home/airflow/.local/lib/python3.12/site-packages/airflow/example_dags/example_branch_labels.py
[2025-04-05T11:45:52.652+0000] {processor.py:914} INFO - Processing file /home/airflow/.local/lib/python3.12/site-packages/airflow/example_dags/example_branch_labels.py for tasks to queue
[2025-04-05T11:45:52.654+0000] {logging_mixin.py:190} INFO - [2025-04-05T11:45:52.654+0000] {dagbag.py:588} INFO - Filling up the DagBag from /home/airflow/.local/lib/python3.12/site-packages/airflow/example_dags/example_branch_labels.py
[2025-04-05T11:45:52.661+0000] {processor.py:925} INFO - DAG(s) 'example_branch_labels' retrieved from /home/airflow/.local/lib/python3.12/site-packages/airflow/example_dags/example_branch_labels.py
[2025-04-05T11:45:52.675+0000] {logging_mixin.py:190} INFO - [2025-04-05T11:45:52.674+0000] {dag.py:3239} INFO - Sync 1 DAGs
[2025-04-05T11:45:52.686+0000] {logging_mixin.py:190} INFO - [2025-04-05T11:45:52.686+0000] {dag.py:4180} INFO - Setting next_dagrun for example_branch_labels to 2025-04-04 00:00:00+00:00, run_after=2025-04-05 00:00:00+00:00
[2025-04-05T11:45:52.695+0000] {processor.py:208} INFO - Processing /home/airflow/.local/lib/python3.12/site-packages/airflow/example_dags/example_branch_labels.py took 0.049 seconds
[2025-04-05T11:46:23.301+0000] {processor.py:186} INFO - Started process (PID=282) to work on /home/airflow/.local/lib/python3.12/site-packages/airflow/example_dags/example_branch_labels.py
[2025-04-05T11:46:23.302+0000] {processor.py:914} INFO - Processing file /home/airflow/.local/lib/python3.12/site-packages/airflow/example_dags/example_branch_labels.py for tasks to queue
[2025-04-05T11:46:23.305+0000] {logging_mixin.py:190} INFO - [2025-04-05T11:46:23.305+0000] {dagbag.py:588} INFO - Filling up the DagBag from /home/airflow/.local/lib/python3.12/site-packages/airflow/example_dags/example_branch_labels.py
[2025-04-05T11:46:23.315+0000] {processor.py:925} INFO - DAG(s) 'example_branch_labels' retrieved from /home/airflow/.local/lib/python3.12/site-packages/airflow/example_dags/example_branch_labels.py
[2025-04-05T11:46:23.332+0000] {logging_mixin.py:190} INFO - [2025-04-05T11:46:23.332+0000] {dag.py:3239} INFO - Sync 1 DAGs
[2025-04-05T11:46:23.348+0000] {logging_mixin.py:190} INFO - [2025-04-05T11:46:23.347+0000] {dag.py:4180} INFO - Setting next_dagrun for example_branch_labels to 2025-04-04 00:00:00+00:00, run_after=2025-04-05 00:00:00+00:00
[2025-04-05T11:46:23.356+0000] {processor.py:208} INFO - Processing /home/airflow/.local/lib/python3.12/site-packages/airflow/example_dags/example_branch_labels.py took 0.059 seconds
[2025-04-05T11:46:54.019+0000] {processor.py:186} INFO - Started process (PID=345) to work on /home/airflow/.local/lib/python3.12/site-packages/airflow/example_dags/example_branch_labels.py
[2025-04-05T11:46:54.020+0000] {processor.py:914} INFO - Processing file /home/airflow/.local/lib/python3.12/site-packages/airflow/example_dags/example_branch_labels.py for tasks to queue
[2025-04-05T11:46:54.021+0000] {logging_mixin.py:190} INFO - [2025-04-05T11:46:54.021+0000] {dagbag.py:588} INFO - Filling up the DagBag from /home/airflow/.local/lib/python3.12/site-packages/airflow/example_dags/example_branch_labels.py
[2025-04-05T11:46:54.026+0000] {processor.py:925} INFO - DAG(s) 'example_branch_labels' retrieved from /home/airflow/.local/lib/python3.12/site-packages/airflow/example_dags/example_branch_labels.py
[2025-04-05T11:46:54.036+0000] {logging_mixin.py:190} INFO - [2025-04-05T11:46:54.036+0000] {dag.py:3239} INFO - Sync 1 DAGs
[2025-04-05T11:46:54.047+0000] {logging_mixin.py:190} INFO - [2025-04-05T11:46:54.046+0000] {dag.py:4180} INFO - Setting next_dagrun for example_branch_labels to 2025-04-04 00:00:00+00:00, run_after=2025-04-05 00:00:00+00:00
[2025-04-05T11:46:54.055+0000] {processor.py:208} INFO - Processing /home/airflow/.local/lib/python3.12/site-packages/airflow/example_dags/example_branch_labels.py took 0.040 seconds
[2025-04-05T11:47:24.093+0000] {processor.py:186} INFO - Started process (PID=409) to work on /home/airflow/.local/lib/python3.12/site-packages/airflow/example_dags/example_branch_labels.py
[2025-04-05T11:47:24.094+0000] {processor.py:914} INFO - Processing file /home/airflow/.local/lib/python3.12/site-packages/airflow/example_dags/example_branch_labels.py for tasks to queue
[2025-04-05T11:47:24.096+0000] {logging_mixin.py:190} INFO - [2025-04-05T11:47:24.096+0000] {dagbag.py:588} INFO - Filling up the DagBag from /home/airflow/.local/lib/python3.12/site-packages/airflow/example_dags/example_branch_labels.py
[2025-04-05T11:47:24.101+0000] {processor.py:925} INFO - DAG(s) 'example_branch_labels' retrieved from /home/airflow/.local/lib/python3.12/site-packages/airflow/example_dags/example_branch_labels.py
[2025-04-05T11:47:24.114+0000] {logging_mixin.py:190} INFO - [2025-04-05T11:47:24.114+0000] {dag.py:3239} INFO - Sync 1 DAGs
[2025-04-05T11:47:24.127+0000] {logging_mixin.py:190} INFO - [2025-04-05T11:47:24.127+0000] {dag.py:4180} INFO - Setting next_dagrun for example_branch_labels to 2025-04-04 00:00:00+00:00, run_after=2025-04-05 00:00:00+00:00
[2025-04-05T11:47:24.136+0000] {processor.py:208} INFO - Processing /home/airflow/.local/lib/python3.12/site-packages/airflow/example_dags/example_branch_labels.py took 0.046 seconds
[2025-04-05T11:50:04.663+0000] {processor.py:186} INFO - Started process (PID=100) to work on /home/airflow/.local/lib/python3.12/site-packages/airflow/example_dags/example_branch_labels.py
[2025-04-05T11:50:04.665+0000] {processor.py:914} INFO - Processing file /home/airflow/.local/lib/python3.12/site-packages/airflow/example_dags/example_branch_labels.py for tasks to queue
[2025-04-05T11:50:04.667+0000] {logging_mixin.py:190} INFO - [2025-04-05T11:50:04.666+0000] {dagbag.py:588} INFO - Filling up the DagBag from /home/airflow/.local/lib/python3.12/site-packages/airflow/example_dags/example_branch_labels.py
[2025-04-05T11:50:04.676+0000] {processor.py:925} INFO - DAG(s) 'example_branch_labels' retrieved from /home/airflow/.local/lib/python3.12/site-packages/airflow/example_dags/example_branch_labels.py
[2025-04-05T11:50:04.712+0000] {logging_mixin.py:190} INFO - [2025-04-05T11:50:04.712+0000] {dag.py:3239} INFO - Sync 1 DAGs
[2025-04-05T11:50:04.737+0000] {logging_mixin.py:190} INFO - [2025-04-05T11:50:04.737+0000] {dag.py:4180} INFO - Setting next_dagrun for example_branch_labels to 2025-04-04 00:00:00+00:00, run_after=2025-04-05 00:00:00+00:00
[2025-04-05T11:50:04.756+0000] {processor.py:208} INFO - Processing /home/airflow/.local/lib/python3.12/site-packages/airflow/example_dags/example_branch_labels.py took 0.116 seconds
[2025-04-05T11:50:34.937+0000] {processor.py:186} INFO - Started process (PID=163) to work on /home/airflow/.local/lib/python3.12/site-packages/airflow/example_dags/example_branch_labels.py
[2025-04-05T11:50:34.937+0000] {processor.py:914} INFO - Processing file /home/airflow/.local/lib/python3.12/site-packages/airflow/example_dags/example_branch_labels.py for tasks to queue
[2025-04-05T11:50:34.939+0000] {logging_mixin.py:190} INFO - [2025-04-05T11:50:34.939+0000] {dagbag.py:588} INFO - Filling up the DagBag from /home/airflow/.local/lib/python3.12/site-packages/airflow/example_dags/example_branch_labels.py
[2025-04-05T11:50:34.944+0000] {processor.py:925} INFO - DAG(s) 'example_branch_labels' retrieved from /home/airflow/.local/lib/python3.12/site-packages/airflow/example_dags/example_branch_labels.py
[2025-04-05T11:50:34.955+0000] {logging_mixin.py:190} INFO - [2025-04-05T11:50:34.954+0000] {dag.py:3239} INFO - Sync 1 DAGs
[2025-04-05T11:50:34.968+0000] {logging_mixin.py:190} INFO - [2025-04-05T11:50:34.967+0000] {dag.py:4180} INFO - Setting next_dagrun for example_branch_labels to 2025-04-04 00:00:00+00:00, run_after=2025-04-05 00:00:00+00:00
[2025-04-05T11:50:34.976+0000] {processor.py:208} INFO - Processing /home/airflow/.local/lib/python3.12/site-packages/airflow/example_dags/example_branch_labels.py took 0.042 seconds
[2025-04-05T11:51:05.998+0000] {processor.py:186} INFO - Started process (PID=227) to work on /home/airflow/.local/lib/python3.12/site-packages/airflow/example_dags/example_branch_labels.py
[2025-04-05T11:51:05.999+0000] {processor.py:914} INFO - Processing file /home/airflow/.local/lib/python3.12/site-packages/airflow/example_dags/example_branch_labels.py for tasks to queue
[2025-04-05T11:51:06.000+0000] {logging_mixin.py:190} INFO - [2025-04-05T11:51:06.000+0000] {dagbag.py:588} INFO - Filling up the DagBag from /home/airflow/.local/lib/python3.12/site-packages/airflow/example_dags/example_branch_labels.py
[2025-04-05T11:51:06.006+0000] {processor.py:925} INFO - DAG(s) 'example_branch_labels' retrieved from /home/airflow/.local/lib/python3.12/site-packages/airflow/example_dags/example_branch_labels.py
[2025-04-05T11:51:06.019+0000] {logging_mixin.py:190} INFO - [2025-04-05T11:51:06.019+0000] {dag.py:3239} INFO - Sync 1 DAGs
[2025-04-05T11:51:06.040+0000] {logging_mixin.py:190} INFO - [2025-04-05T11:51:06.040+0000] {dag.py:4180} INFO - Setting next_dagrun for example_branch_labels to 2025-04-04 00:00:00+00:00, run_after=2025-04-05 00:00:00+00:00
[2025-04-05T11:51:06.053+0000] {processor.py:208} INFO - Processing /home/airflow/.local/lib/python3.12/site-packages/airflow/example_dags/example_branch_labels.py took 0.060 seconds
[2025-04-05T11:51:36.104+0000] {processor.py:186} INFO - Started process (PID=290) to work on /home/airflow/.local/lib/python3.12/site-packages/airflow/example_dags/example_branch_labels.py
[2025-04-05T11:51:36.106+0000] {processor.py:914} INFO - Processing file /home/airflow/.local/lib/python3.12/site-packages/airflow/example_dags/example_branch_labels.py for tasks to queue
[2025-04-05T11:51:36.107+0000] {logging_mixin.py:190} INFO - [2025-04-05T11:51:36.107+0000] {dagbag.py:588} INFO - Filling up the DagBag from /home/airflow/.local/lib/python3.12/site-packages/airflow/example_dags/example_branch_labels.py
[2025-04-05T11:51:36.112+0000] {processor.py:925} INFO - DAG(s) 'example_branch_labels' retrieved from /home/airflow/.local/lib/python3.12/site-packages/airflow/example_dags/example_branch_labels.py
[2025-04-05T11:51:36.125+0000] {logging_mixin.py:190} INFO - [2025-04-05T11:51:36.125+0000] {dag.py:3239} INFO - Sync 1 DAGs
[2025-04-05T11:51:36.136+0000] {logging_mixin.py:190} INFO - [2025-04-05T11:51:36.136+0000] {dag.py:4180} INFO - Setting next_dagrun for example_branch_labels to 2025-04-04 00:00:00+00:00, run_after=2025-04-05 00:00:00+00:00
[2025-04-05T11:51:36.144+0000] {processor.py:208} INFO - Processing /home/airflow/.local/lib/python3.12/site-packages/airflow/example_dags/example_branch_labels.py took 0.044 seconds
[2025-04-05T11:52:06.363+0000] {processor.py:186} INFO - Started process (PID=354) to work on /home/airflow/.local/lib/python3.12/site-packages/airflow/example_dags/example_branch_labels.py
[2025-04-05T11:52:06.366+0000] {processor.py:914} INFO - Processing file /home/airflow/.local/lib/python3.12/site-packages/airflow/example_dags/example_branch_labels.py for tasks to queue
[2025-04-05T11:52:06.368+0000] {logging_mixin.py:190} INFO - [2025-04-05T11:52:06.368+0000] {dagbag.py:588} INFO - Filling up the DagBag from /home/airflow/.local/lib/python3.12/site-packages/airflow/example_dags/example_branch_labels.py
[2025-04-05T11:52:06.376+0000] {processor.py:925} INFO - DAG(s) 'example_branch_labels' retrieved from /home/airflow/.local/lib/python3.12/site-packages/airflow/example_dags/example_branch_labels.py
[2025-04-05T11:52:06.394+0000] {logging_mixin.py:190} INFO - [2025-04-05T11:52:06.394+0000] {dag.py:3239} INFO - Sync 1 DAGs
[2025-04-05T11:52:06.416+0000] {logging_mixin.py:190} INFO - [2025-04-05T11:52:06.416+0000] {dag.py:4180} INFO - Setting next_dagrun for example_branch_labels to 2025-04-04 00:00:00+00:00, run_after=2025-04-05 00:00:00+00:00
[2025-04-05T11:52:06.428+0000] {processor.py:208} INFO - Processing /home/airflow/.local/lib/python3.12/site-packages/airflow/example_dags/example_branch_labels.py took 0.071 seconds
[2025-04-05T12:07:22.296+0000] {processor.py:186} INFO - Started process (PID=87) to work on /home/airflow/.local/lib/python3.12/site-packages/airflow/example_dags/example_branch_labels.py
[2025-04-05T12:07:22.297+0000] {processor.py:914} INFO - Processing file /home/airflow/.local/lib/python3.12/site-packages/airflow/example_dags/example_branch_labels.py for tasks to queue
[2025-04-05T12:07:22.298+0000] {logging_mixin.py:190} INFO - [2025-04-05T12:07:22.297+0000] {dagbag.py:588} INFO - Filling up the DagBag from /home/airflow/.local/lib/python3.12/site-packages/airflow/example_dags/example_branch_labels.py
[2025-04-05T12:07:22.304+0000] {processor.py:925} INFO - DAG(s) 'example_branch_labels' retrieved from /home/airflow/.local/lib/python3.12/site-packages/airflow/example_dags/example_branch_labels.py
[2025-04-05T12:07:22.317+0000] {logging_mixin.py:190} INFO - [2025-04-05T12:07:22.317+0000] {dag.py:3239} INFO - Sync 1 DAGs
[2025-04-05T12:07:22.330+0000] {logging_mixin.py:190} INFO - [2025-04-05T12:07:22.330+0000] {dag.py:4180} INFO - Setting next_dagrun for example_branch_labels to 2025-04-04 00:00:00+00:00, run_after=2025-04-05 00:00:00+00:00
[2025-04-05T12:07:22.337+0000] {processor.py:208} INFO - Processing /home/airflow/.local/lib/python3.12/site-packages/airflow/example_dags/example_branch_labels.py took 0.044 seconds
[2025-04-05T12:07:53.524+0000] {processor.py:186} INFO - Started process (PID=157) to work on /home/airflow/.local/lib/python3.12/site-packages/airflow/example_dags/example_branch_labels.py
[2025-04-05T12:07:53.525+0000] {processor.py:914} INFO - Processing file /home/airflow/.local/lib/python3.12/site-packages/airflow/example_dags/example_branch_labels.py for tasks to queue
[2025-04-05T12:07:53.527+0000] {logging_mixin.py:190} INFO - [2025-04-05T12:07:53.526+0000] {dagbag.py:588} INFO - Filling up the DagBag from /home/airflow/.local/lib/python3.12/site-packages/airflow/example_dags/example_branch_labels.py
[2025-04-05T12:07:53.535+0000] {processor.py:925} INFO - DAG(s) 'example_branch_labels' retrieved from /home/airflow/.local/lib/python3.12/site-packages/airflow/example_dags/example_branch_labels.py
[2025-04-05T12:07:53.549+0000] {logging_mixin.py:190} INFO - [2025-04-05T12:07:53.549+0000] {dag.py:3239} INFO - Sync 1 DAGs
[2025-04-05T12:07:53.560+0000] {logging_mixin.py:190} INFO - [2025-04-05T12:07:53.560+0000] {dag.py:4180} INFO - Setting next_dagrun for example_branch_labels to 2025-04-04 00:00:00+00:00, run_after=2025-04-05 00:00:00+00:00
[2025-04-05T12:07:53.575+0000] {processor.py:208} INFO - Processing /home/airflow/.local/lib/python3.12/site-packages/airflow/example_dags/example_branch_labels.py took 0.055 seconds
[2025-04-05T12:08:24.231+0000] {processor.py:186} INFO - Started process (PID=221) to work on /home/airflow/.local/lib/python3.12/site-packages/airflow/example_dags/example_branch_labels.py
[2025-04-05T12:08:24.232+0000] {processor.py:914} INFO - Processing file /home/airflow/.local/lib/python3.12/site-packages/airflow/example_dags/example_branch_labels.py for tasks to queue
[2025-04-05T12:08:24.233+0000] {logging_mixin.py:190} INFO - [2025-04-05T12:08:24.233+0000] {dagbag.py:588} INFO - Filling up the DagBag from /home/airflow/.local/lib/python3.12/site-packages/airflow/example_dags/example_branch_labels.py
[2025-04-05T12:08:24.241+0000] {processor.py:925} INFO - DAG(s) 'example_branch_labels' retrieved from /home/airflow/.local/lib/python3.12/site-packages/airflow/example_dags/example_branch_labels.py
[2025-04-05T12:08:24.258+0000] {logging_mixin.py:190} INFO - [2025-04-05T12:08:24.258+0000] {dag.py:3239} INFO - Sync 1 DAGs
[2025-04-05T12:08:24.269+0000] {logging_mixin.py:190} INFO - [2025-04-05T12:08:24.269+0000] {dag.py:4180} INFO - Setting next_dagrun for example_branch_labels to 2025-04-04 00:00:00+00:00, run_after=2025-04-05 00:00:00+00:00
[2025-04-05T12:08:24.285+0000] {processor.py:208} INFO - Processing /home/airflow/.local/lib/python3.12/site-packages/airflow/example_dags/example_branch_labels.py took 0.058 seconds
[2025-04-05T12:08:55.231+0000] {processor.py:186} INFO - Started process (PID=285) to work on /home/airflow/.local/lib/python3.12/site-packages/airflow/example_dags/example_branch_labels.py
[2025-04-05T12:08:55.232+0000] {processor.py:914} INFO - Processing file /home/airflow/.local/lib/python3.12/site-packages/airflow/example_dags/example_branch_labels.py for tasks to queue
[2025-04-05T12:08:55.233+0000] {logging_mixin.py:190} INFO - [2025-04-05T12:08:55.233+0000] {dagbag.py:588} INFO - Filling up the DagBag from /home/airflow/.local/lib/python3.12/site-packages/airflow/example_dags/example_branch_labels.py
[2025-04-05T12:08:55.239+0000] {processor.py:925} INFO - DAG(s) 'example_branch_labels' retrieved from /home/airflow/.local/lib/python3.12/site-packages/airflow/example_dags/example_branch_labels.py
[2025-04-05T12:08:55.253+0000] {logging_mixin.py:190} INFO - [2025-04-05T12:08:55.253+0000] {dag.py:3239} INFO - Sync 1 DAGs
[2025-04-05T12:08:55.267+0000] {logging_mixin.py:190} INFO - [2025-04-05T12:08:55.267+0000] {dag.py:4180} INFO - Setting next_dagrun for example_branch_labels to 2025-04-04 00:00:00+00:00, run_after=2025-04-05 00:00:00+00:00
[2025-04-05T12:08:55.282+0000] {processor.py:208} INFO - Processing /home/airflow/.local/lib/python3.12/site-packages/airflow/example_dags/example_branch_labels.py took 0.054 seconds
[2025-04-05T12:09:26.146+0000] {processor.py:186} INFO - Started process (PID=349) to work on /home/airflow/.local/lib/python3.12/site-packages/airflow/example_dags/example_branch_labels.py
[2025-04-05T12:09:26.149+0000] {processor.py:914} INFO - Processing file /home/airflow/.local/lib/python3.12/site-packages/airflow/example_dags/example_branch_labels.py for tasks to queue
[2025-04-05T12:09:26.152+0000] {logging_mixin.py:190} INFO - [2025-04-05T12:09:26.152+0000] {dagbag.py:588} INFO - Filling up the DagBag from /home/airflow/.local/lib/python3.12/site-packages/airflow/example_dags/example_branch_labels.py
[2025-04-05T12:09:26.163+0000] {processor.py:925} INFO - DAG(s) 'example_branch_labels' retrieved from /home/airflow/.local/lib/python3.12/site-packages/airflow/example_dags/example_branch_labels.py
[2025-04-05T12:09:26.184+0000] {logging_mixin.py:190} INFO - [2025-04-05T12:09:26.183+0000] {dag.py:3239} INFO - Sync 1 DAGs
[2025-04-05T12:09:26.199+0000] {logging_mixin.py:190} INFO - [2025-04-05T12:09:26.199+0000] {dag.py:4180} INFO - Setting next_dagrun for example_branch_labels to 2025-04-04 00:00:00+00:00, run_after=2025-04-05 00:00:00+00:00
[2025-04-05T12:09:26.221+0000] {processor.py:208} INFO - Processing /home/airflow/.local/lib/python3.12/site-packages/airflow/example_dags/example_branch_labels.py took 0.080 seconds
[2025-04-05T12:09:56.790+0000] {processor.py:186} INFO - Started process (PID=413) to work on /home/airflow/.local/lib/python3.12/site-packages/airflow/example_dags/example_branch_labels.py
[2025-04-05T12:09:56.792+0000] {processor.py:914} INFO - Processing file /home/airflow/.local/lib/python3.12/site-packages/airflow/example_dags/example_branch_labels.py for tasks to queue
[2025-04-05T12:09:56.794+0000] {logging_mixin.py:190} INFO - [2025-04-05T12:09:56.794+0000] {dagbag.py:588} INFO - Filling up the DagBag from /home/airflow/.local/lib/python3.12/site-packages/airflow/example_dags/example_branch_labels.py
[2025-04-05T12:09:56.802+0000] {processor.py:925} INFO - DAG(s) 'example_branch_labels' retrieved from /home/airflow/.local/lib/python3.12/site-packages/airflow/example_dags/example_branch_labels.py
[2025-04-05T12:09:56.817+0000] {logging_mixin.py:190} INFO - [2025-04-05T12:09:56.816+0000] {dag.py:3239} INFO - Sync 1 DAGs
[2025-04-05T12:09:56.831+0000] {logging_mixin.py:190} INFO - [2025-04-05T12:09:56.831+0000] {dag.py:4180} INFO - Setting next_dagrun for example_branch_labels to 2025-04-04 00:00:00+00:00, run_after=2025-04-05 00:00:00+00:00
[2025-04-05T12:09:56.842+0000] {processor.py:208} INFO - Processing /home/airflow/.local/lib/python3.12/site-packages/airflow/example_dags/example_branch_labels.py took 0.057 seconds
[2025-04-05T12:10:27.447+0000] {processor.py:186} INFO - Started process (PID=477) to work on /home/airflow/.local/lib/python3.12/site-packages/airflow/example_dags/example_branch_labels.py
[2025-04-05T12:10:27.448+0000] {processor.py:914} INFO - Processing file /home/airflow/.local/lib/python3.12/site-packages/airflow/example_dags/example_branch_labels.py for tasks to queue
[2025-04-05T12:10:27.455+0000] {logging_mixin.py:190} INFO - [2025-04-05T12:10:27.453+0000] {dagbag.py:588} INFO - Filling up the DagBag from /home/airflow/.local/lib/python3.12/site-packages/airflow/example_dags/example_branch_labels.py
[2025-04-05T12:10:27.468+0000] {processor.py:925} INFO - DAG(s) 'example_branch_labels' retrieved from /home/airflow/.local/lib/python3.12/site-packages/airflow/example_dags/example_branch_labels.py
[2025-04-05T12:10:27.508+0000] {logging_mixin.py:190} INFO - [2025-04-05T12:10:27.507+0000] {dag.py:3239} INFO - Sync 1 DAGs
[2025-04-05T12:10:27.555+0000] {logging_mixin.py:190} INFO - [2025-04-05T12:10:27.555+0000] {dag.py:4180} INFO - Setting next_dagrun for example_branch_labels to 2025-04-04 00:00:00+00:00, run_after=2025-04-05 00:00:00+00:00
[2025-04-05T12:10:27.591+0000] {processor.py:208} INFO - Processing /home/airflow/.local/lib/python3.12/site-packages/airflow/example_dags/example_branch_labels.py took 0.151 seconds
[2025-04-05T12:10:58.070+0000] {processor.py:186} INFO - Started process (PID=541) to work on /home/airflow/.local/lib/python3.12/site-packages/airflow/example_dags/example_branch_labels.py
[2025-04-05T12:10:58.071+0000] {processor.py:914} INFO - Processing file /home/airflow/.local/lib/python3.12/site-packages/airflow/example_dags/example_branch_labels.py for tasks to queue
[2025-04-05T12:10:58.072+0000] {logging_mixin.py:190} INFO - [2025-04-05T12:10:58.072+0000] {dagbag.py:588} INFO - Filling up the DagBag from /home/airflow/.local/lib/python3.12/site-packages/airflow/example_dags/example_branch_labels.py
[2025-04-05T12:10:58.077+0000] {processor.py:925} INFO - DAG(s) 'example_branch_labels' retrieved from /home/airflow/.local/lib/python3.12/site-packages/airflow/example_dags/example_branch_labels.py
[2025-04-05T12:10:58.086+0000] {logging_mixin.py:190} INFO - [2025-04-05T12:10:58.086+0000] {dag.py:3239} INFO - Sync 1 DAGs
[2025-04-05T12:10:58.096+0000] {logging_mixin.py:190} INFO - [2025-04-05T12:10:58.096+0000] {dag.py:4180} INFO - Setting next_dagrun for example_branch_labels to 2025-04-04 00:00:00+00:00, run_after=2025-04-05 00:00:00+00:00
[2025-04-05T12:10:58.103+0000] {processor.py:208} INFO - Processing /home/airflow/.local/lib/python3.12/site-packages/airflow/example_dags/example_branch_labels.py took 0.037 seconds
[2025-04-05T12:11:28.982+0000] {processor.py:186} INFO - Started process (PID=604) to work on /home/airflow/.local/lib/python3.12/site-packages/airflow/example_dags/example_branch_labels.py
[2025-04-05T12:11:28.984+0000] {processor.py:914} INFO - Processing file /home/airflow/.local/lib/python3.12/site-packages/airflow/example_dags/example_branch_labels.py for tasks to queue
[2025-04-05T12:11:28.984+0000] {logging_mixin.py:190} INFO - [2025-04-05T12:11:28.984+0000] {dagbag.py:588} INFO - Filling up the DagBag from /home/airflow/.local/lib/python3.12/site-packages/airflow/example_dags/example_branch_labels.py
[2025-04-05T12:11:28.991+0000] {processor.py:925} INFO - DAG(s) 'example_branch_labels' retrieved from /home/airflow/.local/lib/python3.12/site-packages/airflow/example_dags/example_branch_labels.py
[2025-04-05T12:11:29.005+0000] {logging_mixin.py:190} INFO - [2025-04-05T12:11:29.005+0000] {dag.py:3239} INFO - Sync 1 DAGs
[2025-04-05T12:11:29.022+0000] {logging_mixin.py:190} INFO - [2025-04-05T12:11:29.021+0000] {dag.py:4180} INFO - Setting next_dagrun for example_branch_labels to 2025-04-04 00:00:00+00:00, run_after=2025-04-05 00:00:00+00:00
[2025-04-05T12:11:29.032+0000] {processor.py:208} INFO - Processing /home/airflow/.local/lib/python3.12/site-packages/airflow/example_dags/example_branch_labels.py took 0.053 seconds
[2025-04-05T12:12:00.663+0000] {processor.py:186} INFO - Started process (PID=667) to work on /home/airflow/.local/lib/python3.12/site-packages/airflow/example_dags/example_branch_labels.py
[2025-04-05T12:12:00.664+0000] {processor.py:914} INFO - Processing file /home/airflow/.local/lib/python3.12/site-packages/airflow/example_dags/example_branch_labels.py for tasks to queue
[2025-04-05T12:12:00.665+0000] {logging_mixin.py:190} INFO - [2025-04-05T12:12:00.665+0000] {dagbag.py:588} INFO - Filling up the DagBag from /home/airflow/.local/lib/python3.12/site-packages/airflow/example_dags/example_branch_labels.py
[2025-04-05T12:12:00.674+0000] {processor.py:925} INFO - DAG(s) 'example_branch_labels' retrieved from /home/airflow/.local/lib/python3.12/site-packages/airflow/example_dags/example_branch_labels.py
[2025-04-05T12:12:00.689+0000] {logging_mixin.py:190} INFO - [2025-04-05T12:12:00.689+0000] {dag.py:3239} INFO - Sync 1 DAGs
[2025-04-05T12:12:00.707+0000] {logging_mixin.py:190} INFO - [2025-04-05T12:12:00.707+0000] {dag.py:4180} INFO - Setting next_dagrun for example_branch_labels to 2025-04-04 00:00:00+00:00, run_after=2025-04-05 00:00:00+00:00
[2025-04-05T12:12:00.723+0000] {processor.py:208} INFO - Processing /home/airflow/.local/lib/python3.12/site-packages/airflow/example_dags/example_branch_labels.py took 0.065 seconds
