[2025-04-05T11:23:23.403+0000] {processor.py:186} INFO - Started process (PID=79) to work on /home/airflow/.local/lib/python3.12/site-packages/airflow/example_dags/example_task_group_decorator.py
[2025-04-05T11:23:23.403+0000] {processor.py:914} INFO - Processing file /home/airflow/.local/lib/python3.12/site-packages/airflow/example_dags/example_task_group_decorator.py for tasks to queue
[2025-04-05T11:23:23.405+0000] {logging_mixin.py:190} INFO - [2025-04-05T11:23:23.405+0000] {dagbag.py:588} INFO - Filling up the DagBag from /home/airflow/.local/lib/python3.12/site-packages/airflow/example_dags/example_task_group_decorator.py
[2025-04-05T11:23:23.425+0000] {processor.py:925} INFO - DAG(s) 'example_task_group_decorator' retrieved from /home/airflow/.local/lib/python3.12/site-packages/airflow/example_dags/example_task_group_decorator.py
[2025-04-05T11:23:23.546+0000] {logging_mixin.py:190} INFO - [2025-04-05T11:23:23.545+0000] {override.py:1912} INFO - Created Permission View: can edit on DAG:example_task_group_decorator
[2025-04-05T11:23:23.552+0000] {logging_mixin.py:190} INFO - [2025-04-05T11:23:23.552+0000] {override.py:1912} INFO - Created Permission View: can read on DAG:example_task_group_decorator
[2025-04-05T11:23:23.555+0000] {logging_mixin.py:190} INFO - [2025-04-05T11:23:23.555+0000] {override.py:1912} INFO - Created Permission View: can delete on DAG:example_task_group_decorator
[2025-04-05T11:23:23.558+0000] {logging_mixin.py:190} INFO - [2025-04-05T11:23:23.558+0000] {override.py:1912} INFO - Created Permission View: menu access on DAG Run:example_task_group_decorator
[2025-04-05T11:23:23.561+0000] {logging_mixin.py:190} INFO - [2025-04-05T11:23:23.561+0000] {override.py:1912} INFO - Created Permission View: can read on DAG Run:example_task_group_decorator
[2025-04-05T11:23:23.565+0000] {logging_mixin.py:190} INFO - [2025-04-05T11:23:23.565+0000] {override.py:1912} INFO - Created Permission View: can create on DAG Run:example_task_group_decorator
[2025-04-05T11:23:23.568+0000] {logging_mixin.py:190} INFO - [2025-04-05T11:23:23.568+0000] {override.py:1912} INFO - Created Permission View: can delete on DAG Run:example_task_group_decorator
[2025-04-05T11:23:23.569+0000] {logging_mixin.py:190} INFO - [2025-04-05T11:23:23.569+0000] {dag.py:3239} INFO - Sync 1 DAGs
[2025-04-05T11:23:23.577+0000] {logging_mixin.py:190} INFO - [2025-04-05T11:23:23.576+0000] {dag.py:3262} INFO - Creating ORM DAG for example_task_group_decorator
[2025-04-05T11:23:23.578+0000] {logging_mixin.py:190} INFO - [2025-04-05T11:23:23.577+0000] {dag.py:4180} INFO - Setting next_dagrun for example_task_group_decorator to None, run_after=None
[2025-04-05T11:23:23.610+0000] {processor.py:208} INFO - Processing /home/airflow/.local/lib/python3.12/site-packages/airflow/example_dags/example_task_group_decorator.py took 0.212 seconds
[2025-04-05T11:23:54.271+0000] {processor.py:186} INFO - Started process (PID=147) to work on /home/airflow/.local/lib/python3.12/site-packages/airflow/example_dags/example_task_group_decorator.py
[2025-04-05T11:23:54.271+0000] {processor.py:914} INFO - Processing file /home/airflow/.local/lib/python3.12/site-packages/airflow/example_dags/example_task_group_decorator.py for tasks to queue
[2025-04-05T11:23:54.281+0000] {logging_mixin.py:190} INFO - [2025-04-05T11:23:54.280+0000] {dagbag.py:588} INFO - Filling up the DagBag from /home/airflow/.local/lib/python3.12/site-packages/airflow/example_dags/example_task_group_decorator.py
[2025-04-05T11:23:54.298+0000] {processor.py:925} INFO - DAG(s) 'example_task_group_decorator' retrieved from /home/airflow/.local/lib/python3.12/site-packages/airflow/example_dags/example_task_group_decorator.py
[2025-04-05T11:23:54.316+0000] {logging_mixin.py:190} INFO - [2025-04-05T11:23:54.316+0000] {dag.py:3239} INFO - Sync 1 DAGs
[2025-04-05T11:23:54.327+0000] {logging_mixin.py:190} INFO - [2025-04-05T11:23:54.327+0000] {dag.py:4180} INFO - Setting next_dagrun for example_task_group_decorator to None, run_after=None
[2025-04-05T11:23:54.337+0000] {processor.py:208} INFO - Processing /home/airflow/.local/lib/python3.12/site-packages/airflow/example_dags/example_task_group_decorator.py took 0.071 seconds
[2025-04-05T11:24:24.808+0000] {processor.py:186} INFO - Started process (PID=210) to work on /home/airflow/.local/lib/python3.12/site-packages/airflow/example_dags/example_task_group_decorator.py
[2025-04-05T11:24:24.808+0000] {processor.py:914} INFO - Processing file /home/airflow/.local/lib/python3.12/site-packages/airflow/example_dags/example_task_group_decorator.py for tasks to queue
[2025-04-05T11:24:24.810+0000] {logging_mixin.py:190} INFO - [2025-04-05T11:24:24.810+0000] {dagbag.py:588} INFO - Filling up the DagBag from /home/airflow/.local/lib/python3.12/site-packages/airflow/example_dags/example_task_group_decorator.py
[2025-04-05T11:24:24.847+0000] {processor.py:925} INFO - DAG(s) 'example_task_group_decorator' retrieved from /home/airflow/.local/lib/python3.12/site-packages/airflow/example_dags/example_task_group_decorator.py
[2025-04-05T11:24:24.869+0000] {logging_mixin.py:190} INFO - [2025-04-05T11:24:24.869+0000] {dag.py:3239} INFO - Sync 1 DAGs
[2025-04-05T11:24:24.877+0000] {logging_mixin.py:190} INFO - [2025-04-05T11:24:24.877+0000] {dag.py:4180} INFO - Setting next_dagrun for example_task_group_decorator to None, run_after=None
[2025-04-05T11:24:24.887+0000] {processor.py:208} INFO - Processing /home/airflow/.local/lib/python3.12/site-packages/airflow/example_dags/example_task_group_decorator.py took 0.084 seconds
[2025-04-05T11:24:55.168+0000] {processor.py:186} INFO - Started process (PID=273) to work on /home/airflow/.local/lib/python3.12/site-packages/airflow/example_dags/example_task_group_decorator.py
[2025-04-05T11:24:55.169+0000] {processor.py:914} INFO - Processing file /home/airflow/.local/lib/python3.12/site-packages/airflow/example_dags/example_task_group_decorator.py for tasks to queue
[2025-04-05T11:24:55.170+0000] {logging_mixin.py:190} INFO - [2025-04-05T11:24:55.170+0000] {dagbag.py:588} INFO - Filling up the DagBag from /home/airflow/.local/lib/python3.12/site-packages/airflow/example_dags/example_task_group_decorator.py
[2025-04-05T11:24:55.179+0000] {processor.py:925} INFO - DAG(s) 'example_task_group_decorator' retrieved from /home/airflow/.local/lib/python3.12/site-packages/airflow/example_dags/example_task_group_decorator.py
[2025-04-05T11:24:55.191+0000] {logging_mixin.py:190} INFO - [2025-04-05T11:24:55.191+0000] {dag.py:3239} INFO - Sync 1 DAGs
[2025-04-05T11:24:55.199+0000] {logging_mixin.py:190} INFO - [2025-04-05T11:24:55.199+0000] {dag.py:4180} INFO - Setting next_dagrun for example_task_group_decorator to None, run_after=None
[2025-04-05T11:24:55.211+0000] {processor.py:208} INFO - Processing /home/airflow/.local/lib/python3.12/site-packages/airflow/example_dags/example_task_group_decorator.py took 0.047 seconds
[2025-04-05T11:25:25.274+0000] {processor.py:186} INFO - Started process (PID=336) to work on /home/airflow/.local/lib/python3.12/site-packages/airflow/example_dags/example_task_group_decorator.py
[2025-04-05T11:25:25.275+0000] {processor.py:914} INFO - Processing file /home/airflow/.local/lib/python3.12/site-packages/airflow/example_dags/example_task_group_decorator.py for tasks to queue
[2025-04-05T11:25:25.277+0000] {logging_mixin.py:190} INFO - [2025-04-05T11:25:25.276+0000] {dagbag.py:588} INFO - Filling up the DagBag from /home/airflow/.local/lib/python3.12/site-packages/airflow/example_dags/example_task_group_decorator.py
[2025-04-05T11:25:25.285+0000] {processor.py:925} INFO - DAG(s) 'example_task_group_decorator' retrieved from /home/airflow/.local/lib/python3.12/site-packages/airflow/example_dags/example_task_group_decorator.py
[2025-04-05T11:25:25.303+0000] {logging_mixin.py:190} INFO - [2025-04-05T11:25:25.303+0000] {dag.py:3239} INFO - Sync 1 DAGs
[2025-04-05T11:25:25.311+0000] {logging_mixin.py:190} INFO - [2025-04-05T11:25:25.311+0000] {dag.py:4180} INFO - Setting next_dagrun for example_task_group_decorator to None, run_after=None
[2025-04-05T11:25:25.320+0000] {processor.py:208} INFO - Processing /home/airflow/.local/lib/python3.12/site-packages/airflow/example_dags/example_task_group_decorator.py took 0.050 seconds
[2025-04-05T11:25:55.645+0000] {processor.py:186} INFO - Started process (PID=399) to work on /home/airflow/.local/lib/python3.12/site-packages/airflow/example_dags/example_task_group_decorator.py
[2025-04-05T11:25:55.646+0000] {processor.py:914} INFO - Processing file /home/airflow/.local/lib/python3.12/site-packages/airflow/example_dags/example_task_group_decorator.py for tasks to queue
[2025-04-05T11:25:55.648+0000] {logging_mixin.py:190} INFO - [2025-04-05T11:25:55.648+0000] {dagbag.py:588} INFO - Filling up the DagBag from /home/airflow/.local/lib/python3.12/site-packages/airflow/example_dags/example_task_group_decorator.py
[2025-04-05T11:25:55.661+0000] {processor.py:925} INFO - DAG(s) 'example_task_group_decorator' retrieved from /home/airflow/.local/lib/python3.12/site-packages/airflow/example_dags/example_task_group_decorator.py
[2025-04-05T11:25:55.775+0000] {logging_mixin.py:190} INFO - [2025-04-05T11:25:55.774+0000] {dag.py:3239} INFO - Sync 1 DAGs
[2025-04-05T11:25:55.790+0000] {logging_mixin.py:190} INFO - [2025-04-05T11:25:55.790+0000] {dag.py:4180} INFO - Setting next_dagrun for example_task_group_decorator to None, run_after=None
[2025-04-05T11:25:55.817+0000] {processor.py:208} INFO - Processing /home/airflow/.local/lib/python3.12/site-packages/airflow/example_dags/example_task_group_decorator.py took 0.177 seconds
[2025-04-05T11:26:26.810+0000] {processor.py:186} INFO - Started process (PID=462) to work on /home/airflow/.local/lib/python3.12/site-packages/airflow/example_dags/example_task_group_decorator.py
[2025-04-05T11:26:26.814+0000] {processor.py:914} INFO - Processing file /home/airflow/.local/lib/python3.12/site-packages/airflow/example_dags/example_task_group_decorator.py for tasks to queue
[2025-04-05T11:26:26.816+0000] {logging_mixin.py:190} INFO - [2025-04-05T11:26:26.816+0000] {dagbag.py:588} INFO - Filling up the DagBag from /home/airflow/.local/lib/python3.12/site-packages/airflow/example_dags/example_task_group_decorator.py
[2025-04-05T11:26:26.831+0000] {processor.py:925} INFO - DAG(s) 'example_task_group_decorator' retrieved from /home/airflow/.local/lib/python3.12/site-packages/airflow/example_dags/example_task_group_decorator.py
[2025-04-05T11:26:26.848+0000] {logging_mixin.py:190} INFO - [2025-04-05T11:26:26.848+0000] {dag.py:3239} INFO - Sync 1 DAGs
[2025-04-05T11:26:26.859+0000] {logging_mixin.py:190} INFO - [2025-04-05T11:26:26.859+0000] {dag.py:4180} INFO - Setting next_dagrun for example_task_group_decorator to None, run_after=None
[2025-04-05T11:26:26.868+0000] {processor.py:208} INFO - Processing /home/airflow/.local/lib/python3.12/site-packages/airflow/example_dags/example_task_group_decorator.py took 0.064 seconds
[2025-04-05T11:26:57.363+0000] {processor.py:186} INFO - Started process (PID=525) to work on /home/airflow/.local/lib/python3.12/site-packages/airflow/example_dags/example_task_group_decorator.py
[2025-04-05T11:26:57.365+0000] {processor.py:914} INFO - Processing file /home/airflow/.local/lib/python3.12/site-packages/airflow/example_dags/example_task_group_decorator.py for tasks to queue
[2025-04-05T11:26:57.368+0000] {logging_mixin.py:190} INFO - [2025-04-05T11:26:57.367+0000] {dagbag.py:588} INFO - Filling up the DagBag from /home/airflow/.local/lib/python3.12/site-packages/airflow/example_dags/example_task_group_decorator.py
[2025-04-05T11:26:57.381+0000] {processor.py:925} INFO - DAG(s) 'example_task_group_decorator' retrieved from /home/airflow/.local/lib/python3.12/site-packages/airflow/example_dags/example_task_group_decorator.py
[2025-04-05T11:26:57.397+0000] {logging_mixin.py:190} INFO - [2025-04-05T11:26:57.397+0000] {dag.py:3239} INFO - Sync 1 DAGs
[2025-04-05T11:26:57.404+0000] {logging_mixin.py:190} INFO - [2025-04-05T11:26:57.404+0000] {dag.py:4180} INFO - Setting next_dagrun for example_task_group_decorator to None, run_after=None
[2025-04-05T11:26:57.413+0000] {processor.py:208} INFO - Processing /home/airflow/.local/lib/python3.12/site-packages/airflow/example_dags/example_task_group_decorator.py took 0.057 seconds
[2025-04-05T11:31:57.957+0000] {processor.py:186} INFO - Started process (PID=85) to work on /home/airflow/.local/lib/python3.12/site-packages/airflow/example_dags/example_task_group_decorator.py
[2025-04-05T11:31:57.961+0000] {processor.py:914} INFO - Processing file /home/airflow/.local/lib/python3.12/site-packages/airflow/example_dags/example_task_group_decorator.py for tasks to queue
[2025-04-05T11:31:57.975+0000] {logging_mixin.py:190} INFO - [2025-04-05T11:31:57.973+0000] {dagbag.py:588} INFO - Filling up the DagBag from /home/airflow/.local/lib/python3.12/site-packages/airflow/example_dags/example_task_group_decorator.py
[2025-04-05T11:31:58.038+0000] {processor.py:925} INFO - DAG(s) 'example_task_group_decorator' retrieved from /home/airflow/.local/lib/python3.12/site-packages/airflow/example_dags/example_task_group_decorator.py
[2025-04-05T11:31:58.127+0000] {logging_mixin.py:190} INFO - [2025-04-05T11:31:58.126+0000] {dag.py:3239} INFO - Sync 1 DAGs
[2025-04-05T11:31:58.157+0000] {logging_mixin.py:190} INFO - [2025-04-05T11:31:58.156+0000] {dag.py:4180} INFO - Setting next_dagrun for example_task_group_decorator to None, run_after=None
[2025-04-05T11:31:58.203+0000] {processor.py:208} INFO - Processing /home/airflow/.local/lib/python3.12/site-packages/airflow/example_dags/example_task_group_decorator.py took 0.264 seconds
[2025-04-05T11:32:28.676+0000] {processor.py:186} INFO - Started process (PID=147) to work on /home/airflow/.local/lib/python3.12/site-packages/airflow/example_dags/example_task_group_decorator.py
[2025-04-05T11:32:28.678+0000] {processor.py:914} INFO - Processing file /home/airflow/.local/lib/python3.12/site-packages/airflow/example_dags/example_task_group_decorator.py for tasks to queue
[2025-04-05T11:32:28.680+0000] {logging_mixin.py:190} INFO - [2025-04-05T11:32:28.680+0000] {dagbag.py:588} INFO - Filling up the DagBag from /home/airflow/.local/lib/python3.12/site-packages/airflow/example_dags/example_task_group_decorator.py
[2025-04-05T11:32:28.693+0000] {processor.py:925} INFO - DAG(s) 'example_task_group_decorator' retrieved from /home/airflow/.local/lib/python3.12/site-packages/airflow/example_dags/example_task_group_decorator.py
[2025-04-05T11:32:28.710+0000] {logging_mixin.py:190} INFO - [2025-04-05T11:32:28.710+0000] {dag.py:3239} INFO - Sync 1 DAGs
[2025-04-05T11:32:28.718+0000] {logging_mixin.py:190} INFO - [2025-04-05T11:32:28.717+0000] {dag.py:4180} INFO - Setting next_dagrun for example_task_group_decorator to None, run_after=None
[2025-04-05T11:32:28.727+0000] {processor.py:208} INFO - Processing /home/airflow/.local/lib/python3.12/site-packages/airflow/example_dags/example_task_group_decorator.py took 0.059 seconds
[2025-04-05T11:39:06.059+0000] {processor.py:186} INFO - Started process (PID=90) to work on /home/airflow/.local/lib/python3.12/site-packages/airflow/example_dags/example_task_group_decorator.py
[2025-04-05T11:39:06.064+0000] {processor.py:914} INFO - Processing file /home/airflow/.local/lib/python3.12/site-packages/airflow/example_dags/example_task_group_decorator.py for tasks to queue
[2025-04-05T11:39:06.071+0000] {logging_mixin.py:190} INFO - [2025-04-05T11:39:06.070+0000] {dagbag.py:588} INFO - Filling up the DagBag from /home/airflow/.local/lib/python3.12/site-packages/airflow/example_dags/example_task_group_decorator.py
[2025-04-05T11:39:06.135+0000] {processor.py:925} INFO - DAG(s) 'example_task_group_decorator' retrieved from /home/airflow/.local/lib/python3.12/site-packages/airflow/example_dags/example_task_group_decorator.py
[2025-04-05T11:39:06.229+0000] {logging_mixin.py:190} INFO - [2025-04-05T11:39:06.228+0000] {dag.py:3239} INFO - Sync 1 DAGs
[2025-04-05T11:39:06.307+0000] {logging_mixin.py:190} INFO - [2025-04-05T11:39:06.306+0000] {dag.py:4180} INFO - Setting next_dagrun for example_task_group_decorator to None, run_after=None
[2025-04-05T11:39:06.354+0000] {processor.py:208} INFO - Processing /home/airflow/.local/lib/python3.12/site-packages/airflow/example_dags/example_task_group_decorator.py took 0.320 seconds
[2025-04-05T11:39:37.126+0000] {processor.py:186} INFO - Started process (PID=153) to work on /home/airflow/.local/lib/python3.12/site-packages/airflow/example_dags/example_task_group_decorator.py
[2025-04-05T11:39:37.127+0000] {processor.py:914} INFO - Processing file /home/airflow/.local/lib/python3.12/site-packages/airflow/example_dags/example_task_group_decorator.py for tasks to queue
[2025-04-05T11:39:37.130+0000] {logging_mixin.py:190} INFO - [2025-04-05T11:39:37.129+0000] {dagbag.py:588} INFO - Filling up the DagBag from /home/airflow/.local/lib/python3.12/site-packages/airflow/example_dags/example_task_group_decorator.py
[2025-04-05T11:39:37.143+0000] {processor.py:925} INFO - DAG(s) 'example_task_group_decorator' retrieved from /home/airflow/.local/lib/python3.12/site-packages/airflow/example_dags/example_task_group_decorator.py
[2025-04-05T11:39:37.166+0000] {logging_mixin.py:190} INFO - [2025-04-05T11:39:37.166+0000] {dag.py:3239} INFO - Sync 1 DAGs
[2025-04-05T11:39:37.174+0000] {logging_mixin.py:190} INFO - [2025-04-05T11:39:37.174+0000] {dag.py:4180} INFO - Setting next_dagrun for example_task_group_decorator to None, run_after=None
[2025-04-05T11:39:37.185+0000] {processor.py:208} INFO - Processing /home/airflow/.local/lib/python3.12/site-packages/airflow/example_dags/example_task_group_decorator.py took 0.065 seconds
[2025-04-05T11:40:07.624+0000] {processor.py:186} INFO - Started process (PID=216) to work on /home/airflow/.local/lib/python3.12/site-packages/airflow/example_dags/example_task_group_decorator.py
[2025-04-05T11:40:07.626+0000] {processor.py:914} INFO - Processing file /home/airflow/.local/lib/python3.12/site-packages/airflow/example_dags/example_task_group_decorator.py for tasks to queue
[2025-04-05T11:40:07.630+0000] {logging_mixin.py:190} INFO - [2025-04-05T11:40:07.629+0000] {dagbag.py:588} INFO - Filling up the DagBag from /home/airflow/.local/lib/python3.12/site-packages/airflow/example_dags/example_task_group_decorator.py
[2025-04-05T11:40:07.656+0000] {processor.py:925} INFO - DAG(s) 'example_task_group_decorator' retrieved from /home/airflow/.local/lib/python3.12/site-packages/airflow/example_dags/example_task_group_decorator.py
[2025-04-05T11:40:07.679+0000] {logging_mixin.py:190} INFO - [2025-04-05T11:40:07.679+0000] {dag.py:3239} INFO - Sync 1 DAGs
[2025-04-05T11:40:07.689+0000] {logging_mixin.py:190} INFO - [2025-04-05T11:40:07.689+0000] {dag.py:4180} INFO - Setting next_dagrun for example_task_group_decorator to None, run_after=None
[2025-04-05T11:40:07.700+0000] {processor.py:208} INFO - Processing /home/airflow/.local/lib/python3.12/site-packages/airflow/example_dags/example_task_group_decorator.py took 0.090 seconds
[2025-04-05T11:40:37.750+0000] {processor.py:186} INFO - Started process (PID=279) to work on /home/airflow/.local/lib/python3.12/site-packages/airflow/example_dags/example_task_group_decorator.py
[2025-04-05T11:40:37.751+0000] {processor.py:914} INFO - Processing file /home/airflow/.local/lib/python3.12/site-packages/airflow/example_dags/example_task_group_decorator.py for tasks to queue
[2025-04-05T11:40:37.753+0000] {logging_mixin.py:190} INFO - [2025-04-05T11:40:37.753+0000] {dagbag.py:588} INFO - Filling up the DagBag from /home/airflow/.local/lib/python3.12/site-packages/airflow/example_dags/example_task_group_decorator.py
[2025-04-05T11:40:37.793+0000] {processor.py:925} INFO - DAG(s) 'example_task_group_decorator' retrieved from /home/airflow/.local/lib/python3.12/site-packages/airflow/example_dags/example_task_group_decorator.py
[2025-04-05T11:40:37.848+0000] {logging_mixin.py:190} INFO - [2025-04-05T11:40:37.848+0000] {dag.py:3239} INFO - Sync 1 DAGs
[2025-04-05T11:40:37.866+0000] {logging_mixin.py:190} INFO - [2025-04-05T11:40:37.866+0000] {dag.py:4180} INFO - Setting next_dagrun for example_task_group_decorator to None, run_after=None
[2025-04-05T11:40:37.885+0000] {processor.py:208} INFO - Processing /home/airflow/.local/lib/python3.12/site-packages/airflow/example_dags/example_task_group_decorator.py took 0.143 seconds
[2025-04-05T11:41:08.431+0000] {processor.py:186} INFO - Started process (PID=342) to work on /home/airflow/.local/lib/python3.12/site-packages/airflow/example_dags/example_task_group_decorator.py
[2025-04-05T11:41:08.434+0000] {processor.py:914} INFO - Processing file /home/airflow/.local/lib/python3.12/site-packages/airflow/example_dags/example_task_group_decorator.py for tasks to queue
[2025-04-05T11:41:08.440+0000] {logging_mixin.py:190} INFO - [2025-04-05T11:41:08.440+0000] {dagbag.py:588} INFO - Filling up the DagBag from /home/airflow/.local/lib/python3.12/site-packages/airflow/example_dags/example_task_group_decorator.py
[2025-04-05T11:41:08.454+0000] {processor.py:925} INFO - DAG(s) 'example_task_group_decorator' retrieved from /home/airflow/.local/lib/python3.12/site-packages/airflow/example_dags/example_task_group_decorator.py
[2025-04-05T11:41:08.475+0000] {logging_mixin.py:190} INFO - [2025-04-05T11:41:08.474+0000] {dag.py:3239} INFO - Sync 1 DAGs
[2025-04-05T11:41:08.483+0000] {logging_mixin.py:190} INFO - [2025-04-05T11:41:08.483+0000] {dag.py:4180} INFO - Setting next_dagrun for example_task_group_decorator to None, run_after=None
[2025-04-05T11:41:08.498+0000] {processor.py:208} INFO - Processing /home/airflow/.local/lib/python3.12/site-packages/airflow/example_dags/example_task_group_decorator.py took 0.075 seconds
[2025-04-05T11:41:39.101+0000] {processor.py:186} INFO - Started process (PID=405) to work on /home/airflow/.local/lib/python3.12/site-packages/airflow/example_dags/example_task_group_decorator.py
[2025-04-05T11:41:39.102+0000] {processor.py:914} INFO - Processing file /home/airflow/.local/lib/python3.12/site-packages/airflow/example_dags/example_task_group_decorator.py for tasks to queue
[2025-04-05T11:41:39.103+0000] {logging_mixin.py:190} INFO - [2025-04-05T11:41:39.103+0000] {dagbag.py:588} INFO - Filling up the DagBag from /home/airflow/.local/lib/python3.12/site-packages/airflow/example_dags/example_task_group_decorator.py
[2025-04-05T11:41:39.115+0000] {processor.py:925} INFO - DAG(s) 'example_task_group_decorator' retrieved from /home/airflow/.local/lib/python3.12/site-packages/airflow/example_dags/example_task_group_decorator.py
[2025-04-05T11:41:39.137+0000] {logging_mixin.py:190} INFO - [2025-04-05T11:41:39.137+0000] {dag.py:3239} INFO - Sync 1 DAGs
[2025-04-05T11:41:39.147+0000] {logging_mixin.py:190} INFO - [2025-04-05T11:41:39.147+0000] {dag.py:4180} INFO - Setting next_dagrun for example_task_group_decorator to None, run_after=None
[2025-04-05T11:41:39.161+0000] {processor.py:208} INFO - Processing /home/airflow/.local/lib/python3.12/site-packages/airflow/example_dags/example_task_group_decorator.py took 0.065 seconds
[2025-04-05T11:42:09.238+0000] {processor.py:186} INFO - Started process (PID=468) to work on /home/airflow/.local/lib/python3.12/site-packages/airflow/example_dags/example_task_group_decorator.py
[2025-04-05T11:42:09.239+0000] {processor.py:914} INFO - Processing file /home/airflow/.local/lib/python3.12/site-packages/airflow/example_dags/example_task_group_decorator.py for tasks to queue
[2025-04-05T11:42:09.242+0000] {logging_mixin.py:190} INFO - [2025-04-05T11:42:09.241+0000] {dagbag.py:588} INFO - Filling up the DagBag from /home/airflow/.local/lib/python3.12/site-packages/airflow/example_dags/example_task_group_decorator.py
[2025-04-05T11:42:09.260+0000] {processor.py:925} INFO - DAG(s) 'example_task_group_decorator' retrieved from /home/airflow/.local/lib/python3.12/site-packages/airflow/example_dags/example_task_group_decorator.py
[2025-04-05T11:42:09.280+0000] {logging_mixin.py:190} INFO - [2025-04-05T11:42:09.280+0000] {dag.py:3239} INFO - Sync 1 DAGs
[2025-04-05T11:42:09.292+0000] {logging_mixin.py:190} INFO - [2025-04-05T11:42:09.291+0000] {dag.py:4180} INFO - Setting next_dagrun for example_task_group_decorator to None, run_after=None
[2025-04-05T11:42:09.305+0000] {processor.py:208} INFO - Processing /home/airflow/.local/lib/python3.12/site-packages/airflow/example_dags/example_task_group_decorator.py took 0.079 seconds
[2025-04-05T11:42:39.893+0000] {processor.py:186} INFO - Started process (PID=531) to work on /home/airflow/.local/lib/python3.12/site-packages/airflow/example_dags/example_task_group_decorator.py
[2025-04-05T11:42:39.895+0000] {processor.py:914} INFO - Processing file /home/airflow/.local/lib/python3.12/site-packages/airflow/example_dags/example_task_group_decorator.py for tasks to queue
[2025-04-05T11:42:39.897+0000] {logging_mixin.py:190} INFO - [2025-04-05T11:42:39.897+0000] {dagbag.py:588} INFO - Filling up the DagBag from /home/airflow/.local/lib/python3.12/site-packages/airflow/example_dags/example_task_group_decorator.py
[2025-04-05T11:42:39.914+0000] {processor.py:925} INFO - DAG(s) 'example_task_group_decorator' retrieved from /home/airflow/.local/lib/python3.12/site-packages/airflow/example_dags/example_task_group_decorator.py
[2025-04-05T11:42:39.933+0000] {logging_mixin.py:190} INFO - [2025-04-05T11:42:39.933+0000] {dag.py:3239} INFO - Sync 1 DAGs
[2025-04-05T11:42:39.943+0000] {logging_mixin.py:190} INFO - [2025-04-05T11:42:39.943+0000] {dag.py:4180} INFO - Setting next_dagrun for example_task_group_decorator to None, run_after=None
[2025-04-05T11:42:39.955+0000] {processor.py:208} INFO - Processing /home/airflow/.local/lib/python3.12/site-packages/airflow/example_dags/example_task_group_decorator.py took 0.069 seconds
[2025-04-05T11:44:49.244+0000] {processor.py:186} INFO - Started process (PID=84) to work on /home/airflow/.local/lib/python3.12/site-packages/airflow/example_dags/example_task_group_decorator.py
[2025-04-05T11:44:49.248+0000] {processor.py:914} INFO - Processing file /home/airflow/.local/lib/python3.12/site-packages/airflow/example_dags/example_task_group_decorator.py for tasks to queue
[2025-04-05T11:44:49.260+0000] {logging_mixin.py:190} INFO - [2025-04-05T11:44:49.258+0000] {dagbag.py:588} INFO - Filling up the DagBag from /home/airflow/.local/lib/python3.12/site-packages/airflow/example_dags/example_task_group_decorator.py
[2025-04-05T11:44:49.333+0000] {processor.py:925} INFO - DAG(s) 'example_task_group_decorator' retrieved from /home/airflow/.local/lib/python3.12/site-packages/airflow/example_dags/example_task_group_decorator.py
[2025-04-05T11:44:49.422+0000] {logging_mixin.py:190} INFO - [2025-04-05T11:44:49.421+0000] {dag.py:3239} INFO - Sync 1 DAGs
[2025-04-05T11:44:49.466+0000] {logging_mixin.py:190} INFO - [2025-04-05T11:44:49.465+0000] {dag.py:4180} INFO - Setting next_dagrun for example_task_group_decorator to None, run_after=None
[2025-04-05T11:44:49.517+0000] {processor.py:208} INFO - Processing /home/airflow/.local/lib/python3.12/site-packages/airflow/example_dags/example_task_group_decorator.py took 0.300 seconds
[2025-04-05T11:45:20.278+0000] {processor.py:186} INFO - Started process (PID=147) to work on /home/airflow/.local/lib/python3.12/site-packages/airflow/example_dags/example_task_group_decorator.py
[2025-04-05T11:45:20.279+0000] {processor.py:914} INFO - Processing file /home/airflow/.local/lib/python3.12/site-packages/airflow/example_dags/example_task_group_decorator.py for tasks to queue
[2025-04-05T11:45:20.281+0000] {logging_mixin.py:190} INFO - [2025-04-05T11:45:20.281+0000] {dagbag.py:588} INFO - Filling up the DagBag from /home/airflow/.local/lib/python3.12/site-packages/airflow/example_dags/example_task_group_decorator.py
[2025-04-05T11:45:20.297+0000] {processor.py:925} INFO - DAG(s) 'example_task_group_decorator' retrieved from /home/airflow/.local/lib/python3.12/site-packages/airflow/example_dags/example_task_group_decorator.py
[2025-04-05T11:45:20.316+0000] {logging_mixin.py:190} INFO - [2025-04-05T11:45:20.316+0000] {dag.py:3239} INFO - Sync 1 DAGs
[2025-04-05T11:45:20.326+0000] {logging_mixin.py:190} INFO - [2025-04-05T11:45:20.326+0000] {dag.py:4180} INFO - Setting next_dagrun for example_task_group_decorator to None, run_after=None
[2025-04-05T11:45:20.338+0000] {processor.py:208} INFO - Processing /home/airflow/.local/lib/python3.12/site-packages/airflow/example_dags/example_task_group_decorator.py took 0.067 seconds
[2025-04-05T11:45:51.354+0000] {processor.py:186} INFO - Started process (PID=211) to work on /home/airflow/.local/lib/python3.12/site-packages/airflow/example_dags/example_task_group_decorator.py
[2025-04-05T11:45:51.355+0000] {processor.py:914} INFO - Processing file /home/airflow/.local/lib/python3.12/site-packages/airflow/example_dags/example_task_group_decorator.py for tasks to queue
[2025-04-05T11:45:51.360+0000] {logging_mixin.py:190} INFO - [2025-04-05T11:45:51.359+0000] {dagbag.py:588} INFO - Filling up the DagBag from /home/airflow/.local/lib/python3.12/site-packages/airflow/example_dags/example_task_group_decorator.py
[2025-04-05T11:45:51.378+0000] {processor.py:925} INFO - DAG(s) 'example_task_group_decorator' retrieved from /home/airflow/.local/lib/python3.12/site-packages/airflow/example_dags/example_task_group_decorator.py
[2025-04-05T11:45:51.399+0000] {logging_mixin.py:190} INFO - [2025-04-05T11:45:51.399+0000] {dag.py:3239} INFO - Sync 1 DAGs
[2025-04-05T11:45:51.411+0000] {logging_mixin.py:190} INFO - [2025-04-05T11:45:51.411+0000] {dag.py:4180} INFO - Setting next_dagrun for example_task_group_decorator to None, run_after=None
[2025-04-05T11:45:51.424+0000] {processor.py:208} INFO - Processing /home/airflow/.local/lib/python3.12/site-packages/airflow/example_dags/example_task_group_decorator.py took 0.082 seconds
[2025-04-05T11:46:22.035+0000] {processor.py:186} INFO - Started process (PID=275) to work on /home/airflow/.local/lib/python3.12/site-packages/airflow/example_dags/example_task_group_decorator.py
[2025-04-05T11:46:22.036+0000] {processor.py:914} INFO - Processing file /home/airflow/.local/lib/python3.12/site-packages/airflow/example_dags/example_task_group_decorator.py for tasks to queue
[2025-04-05T11:46:22.038+0000] {logging_mixin.py:190} INFO - [2025-04-05T11:46:22.037+0000] {dagbag.py:588} INFO - Filling up the DagBag from /home/airflow/.local/lib/python3.12/site-packages/airflow/example_dags/example_task_group_decorator.py
[2025-04-05T11:46:22.048+0000] {processor.py:925} INFO - DAG(s) 'example_task_group_decorator' retrieved from /home/airflow/.local/lib/python3.12/site-packages/airflow/example_dags/example_task_group_decorator.py
[2025-04-05T11:46:22.078+0000] {logging_mixin.py:190} INFO - [2025-04-05T11:46:22.078+0000] {dag.py:3239} INFO - Sync 1 DAGs
[2025-04-05T11:46:22.089+0000] {logging_mixin.py:190} INFO - [2025-04-05T11:46:22.089+0000] {dag.py:4180} INFO - Setting next_dagrun for example_task_group_decorator to None, run_after=None
[2025-04-05T11:46:22.106+0000] {processor.py:208} INFO - Processing /home/airflow/.local/lib/python3.12/site-packages/airflow/example_dags/example_task_group_decorator.py took 0.077 seconds
[2025-04-05T11:46:52.750+0000] {processor.py:186} INFO - Started process (PID=338) to work on /home/airflow/.local/lib/python3.12/site-packages/airflow/example_dags/example_task_group_decorator.py
[2025-04-05T11:46:52.752+0000] {processor.py:914} INFO - Processing file /home/airflow/.local/lib/python3.12/site-packages/airflow/example_dags/example_task_group_decorator.py for tasks to queue
[2025-04-05T11:46:52.755+0000] {logging_mixin.py:190} INFO - [2025-04-05T11:46:52.754+0000] {dagbag.py:588} INFO - Filling up the DagBag from /home/airflow/.local/lib/python3.12/site-packages/airflow/example_dags/example_task_group_decorator.py
[2025-04-05T11:46:52.773+0000] {processor.py:925} INFO - DAG(s) 'example_task_group_decorator' retrieved from /home/airflow/.local/lib/python3.12/site-packages/airflow/example_dags/example_task_group_decorator.py
[2025-04-05T11:46:52.793+0000] {logging_mixin.py:190} INFO - [2025-04-05T11:46:52.793+0000] {dag.py:3239} INFO - Sync 1 DAGs
[2025-04-05T11:46:52.805+0000] {logging_mixin.py:190} INFO - [2025-04-05T11:46:52.805+0000] {dag.py:4180} INFO - Setting next_dagrun for example_task_group_decorator to None, run_after=None
[2025-04-05T11:46:52.821+0000] {processor.py:208} INFO - Processing /home/airflow/.local/lib/python3.12/site-packages/airflow/example_dags/example_task_group_decorator.py took 0.080 seconds
[2025-04-05T11:47:22.846+0000] {processor.py:186} INFO - Started process (PID=402) to work on /home/airflow/.local/lib/python3.12/site-packages/airflow/example_dags/example_task_group_decorator.py
[2025-04-05T11:47:22.847+0000] {processor.py:914} INFO - Processing file /home/airflow/.local/lib/python3.12/site-packages/airflow/example_dags/example_task_group_decorator.py for tasks to queue
[2025-04-05T11:47:22.848+0000] {logging_mixin.py:190} INFO - [2025-04-05T11:47:22.848+0000] {dagbag.py:588} INFO - Filling up the DagBag from /home/airflow/.local/lib/python3.12/site-packages/airflow/example_dags/example_task_group_decorator.py
[2025-04-05T11:47:22.856+0000] {processor.py:925} INFO - DAG(s) 'example_task_group_decorator' retrieved from /home/airflow/.local/lib/python3.12/site-packages/airflow/example_dags/example_task_group_decorator.py
[2025-04-05T11:47:22.876+0000] {logging_mixin.py:190} INFO - [2025-04-05T11:47:22.875+0000] {dag.py:3239} INFO - Sync 1 DAGs
[2025-04-05T11:47:22.884+0000] {logging_mixin.py:190} INFO - [2025-04-05T11:47:22.884+0000] {dag.py:4180} INFO - Setting next_dagrun for example_task_group_decorator to None, run_after=None
[2025-04-05T11:47:22.893+0000] {processor.py:208} INFO - Processing /home/airflow/.local/lib/python3.12/site-packages/airflow/example_dags/example_task_group_decorator.py took 0.051 seconds
[2025-04-05T11:50:00.739+0000] {processor.py:186} INFO - Started process (PID=92) to work on /home/airflow/.local/lib/python3.12/site-packages/airflow/example_dags/example_task_group_decorator.py
[2025-04-05T11:50:00.747+0000] {processor.py:914} INFO - Processing file /home/airflow/.local/lib/python3.12/site-packages/airflow/example_dags/example_task_group_decorator.py for tasks to queue
[2025-04-05T11:50:00.772+0000] {logging_mixin.py:190} INFO - [2025-04-05T11:50:00.770+0000] {dagbag.py:588} INFO - Filling up the DagBag from /home/airflow/.local/lib/python3.12/site-packages/airflow/example_dags/example_task_group_decorator.py
[2025-04-05T11:50:00.811+0000] {processor.py:925} INFO - DAG(s) 'example_task_group_decorator' retrieved from /home/airflow/.local/lib/python3.12/site-packages/airflow/example_dags/example_task_group_decorator.py
[2025-04-05T11:50:00.890+0000] {logging_mixin.py:190} INFO - [2025-04-05T11:50:00.889+0000] {dag.py:3239} INFO - Sync 1 DAGs
[2025-04-05T11:50:00.965+0000] {logging_mixin.py:190} INFO - [2025-04-05T11:50:00.965+0000] {dag.py:4180} INFO - Setting next_dagrun for example_task_group_decorator to None, run_after=None
[2025-04-05T11:50:00.989+0000] {processor.py:208} INFO - Processing /home/airflow/.local/lib/python3.12/site-packages/airflow/example_dags/example_task_group_decorator.py took 0.260 seconds
[2025-04-05T11:50:31.369+0000] {processor.py:186} INFO - Started process (PID=155) to work on /home/airflow/.local/lib/python3.12/site-packages/airflow/example_dags/example_task_group_decorator.py
[2025-04-05T11:50:31.375+0000] {processor.py:914} INFO - Processing file /home/airflow/.local/lib/python3.12/site-packages/airflow/example_dags/example_task_group_decorator.py for tasks to queue
[2025-04-05T11:50:31.378+0000] {logging_mixin.py:190} INFO - [2025-04-05T11:50:31.377+0000] {dagbag.py:588} INFO - Filling up the DagBag from /home/airflow/.local/lib/python3.12/site-packages/airflow/example_dags/example_task_group_decorator.py
[2025-04-05T11:50:31.392+0000] {processor.py:925} INFO - DAG(s) 'example_task_group_decorator' retrieved from /home/airflow/.local/lib/python3.12/site-packages/airflow/example_dags/example_task_group_decorator.py
[2025-04-05T11:50:31.417+0000] {logging_mixin.py:190} INFO - [2025-04-05T11:50:31.417+0000] {dag.py:3239} INFO - Sync 1 DAGs
[2025-04-05T11:50:31.431+0000] {logging_mixin.py:190} INFO - [2025-04-05T11:50:31.431+0000] {dag.py:4180} INFO - Setting next_dagrun for example_task_group_decorator to None, run_after=None
[2025-04-05T11:50:31.447+0000] {processor.py:208} INFO - Processing /home/airflow/.local/lib/python3.12/site-packages/airflow/example_dags/example_task_group_decorator.py took 0.099 seconds
[2025-04-05T11:51:02.385+0000] {processor.py:186} INFO - Started process (PID=219) to work on /home/airflow/.local/lib/python3.12/site-packages/airflow/example_dags/example_task_group_decorator.py
[2025-04-05T11:51:02.389+0000] {processor.py:914} INFO - Processing file /home/airflow/.local/lib/python3.12/site-packages/airflow/example_dags/example_task_group_decorator.py for tasks to queue
[2025-04-05T11:51:02.393+0000] {logging_mixin.py:190} INFO - [2025-04-05T11:51:02.393+0000] {dagbag.py:588} INFO - Filling up the DagBag from /home/airflow/.local/lib/python3.12/site-packages/airflow/example_dags/example_task_group_decorator.py
[2025-04-05T11:51:02.404+0000] {processor.py:925} INFO - DAG(s) 'example_task_group_decorator' retrieved from /home/airflow/.local/lib/python3.12/site-packages/airflow/example_dags/example_task_group_decorator.py
[2025-04-05T11:51:02.425+0000] {logging_mixin.py:190} INFO - [2025-04-05T11:51:02.425+0000] {dag.py:3239} INFO - Sync 1 DAGs
[2025-04-05T11:51:02.439+0000] {logging_mixin.py:190} INFO - [2025-04-05T11:51:02.438+0000] {dag.py:4180} INFO - Setting next_dagrun for example_task_group_decorator to None, run_after=None
[2025-04-05T11:51:02.453+0000] {processor.py:208} INFO - Processing /home/airflow/.local/lib/python3.12/site-packages/airflow/example_dags/example_task_group_decorator.py took 0.074 seconds
[2025-04-05T11:51:32.575+0000] {processor.py:186} INFO - Started process (PID=283) to work on /home/airflow/.local/lib/python3.12/site-packages/airflow/example_dags/example_task_group_decorator.py
[2025-04-05T11:51:32.576+0000] {processor.py:914} INFO - Processing file /home/airflow/.local/lib/python3.12/site-packages/airflow/example_dags/example_task_group_decorator.py for tasks to queue
[2025-04-05T11:51:32.577+0000] {logging_mixin.py:190} INFO - [2025-04-05T11:51:32.577+0000] {dagbag.py:588} INFO - Filling up the DagBag from /home/airflow/.local/lib/python3.12/site-packages/airflow/example_dags/example_task_group_decorator.py
[2025-04-05T11:51:32.590+0000] {processor.py:925} INFO - DAG(s) 'example_task_group_decorator' retrieved from /home/airflow/.local/lib/python3.12/site-packages/airflow/example_dags/example_task_group_decorator.py
[2025-04-05T11:51:32.616+0000] {logging_mixin.py:190} INFO - [2025-04-05T11:51:32.616+0000] {dag.py:3239} INFO - Sync 1 DAGs
[2025-04-05T11:51:32.627+0000] {logging_mixin.py:190} INFO - [2025-04-05T11:51:32.627+0000] {dag.py:4180} INFO - Setting next_dagrun for example_task_group_decorator to None, run_after=None
[2025-04-05T11:51:32.644+0000] {processor.py:208} INFO - Processing /home/airflow/.local/lib/python3.12/site-packages/airflow/example_dags/example_task_group_decorator.py took 0.074 seconds
[2025-04-05T11:52:02.955+0000] {processor.py:186} INFO - Started process (PID=347) to work on /home/airflow/.local/lib/python3.12/site-packages/airflow/example_dags/example_task_group_decorator.py
[2025-04-05T11:52:02.958+0000] {processor.py:914} INFO - Processing file /home/airflow/.local/lib/python3.12/site-packages/airflow/example_dags/example_task_group_decorator.py for tasks to queue
[2025-04-05T11:52:02.962+0000] {logging_mixin.py:190} INFO - [2025-04-05T11:52:02.961+0000] {dagbag.py:588} INFO - Filling up the DagBag from /home/airflow/.local/lib/python3.12/site-packages/airflow/example_dags/example_task_group_decorator.py
[2025-04-05T11:52:02.974+0000] {processor.py:925} INFO - DAG(s) 'example_task_group_decorator' retrieved from /home/airflow/.local/lib/python3.12/site-packages/airflow/example_dags/example_task_group_decorator.py
[2025-04-05T11:52:02.997+0000] {logging_mixin.py:190} INFO - [2025-04-05T11:52:02.997+0000] {dag.py:3239} INFO - Sync 1 DAGs
[2025-04-05T11:52:03.006+0000] {logging_mixin.py:190} INFO - [2025-04-05T11:52:03.006+0000] {dag.py:4180} INFO - Setting next_dagrun for example_task_group_decorator to None, run_after=None
[2025-04-05T11:52:03.018+0000] {processor.py:208} INFO - Processing /home/airflow/.local/lib/python3.12/site-packages/airflow/example_dags/example_task_group_decorator.py took 0.073 seconds
[2025-04-05T12:07:21.685+0000] {processor.py:186} INFO - Started process (PID=79) to work on /home/airflow/.local/lib/python3.12/site-packages/airflow/example_dags/example_task_group_decorator.py
[2025-04-05T12:07:21.685+0000] {processor.py:914} INFO - Processing file /home/airflow/.local/lib/python3.12/site-packages/airflow/example_dags/example_task_group_decorator.py for tasks to queue
[2025-04-05T12:07:21.687+0000] {logging_mixin.py:190} INFO - [2025-04-05T12:07:21.687+0000] {dagbag.py:588} INFO - Filling up the DagBag from /home/airflow/.local/lib/python3.12/site-packages/airflow/example_dags/example_task_group_decorator.py
[2025-04-05T12:07:21.696+0000] {processor.py:925} INFO - DAG(s) 'example_task_group_decorator' retrieved from /home/airflow/.local/lib/python3.12/site-packages/airflow/example_dags/example_task_group_decorator.py
[2025-04-05T12:07:21.714+0000] {logging_mixin.py:190} INFO - [2025-04-05T12:07:21.714+0000] {dag.py:3239} INFO - Sync 1 DAGs
[2025-04-05T12:07:21.723+0000] {logging_mixin.py:190} INFO - [2025-04-05T12:07:21.722+0000] {dag.py:4180} INFO - Setting next_dagrun for example_task_group_decorator to None, run_after=None
[2025-04-05T12:07:21.733+0000] {processor.py:208} INFO - Processing /home/airflow/.local/lib/python3.12/site-packages/airflow/example_dags/example_task_group_decorator.py took 0.053 seconds
[2025-04-05T12:07:51.802+0000] {processor.py:186} INFO - Started process (PID=142) to work on /home/airflow/.local/lib/python3.12/site-packages/airflow/example_dags/example_task_group_decorator.py
[2025-04-05T12:07:51.804+0000] {processor.py:914} INFO - Processing file /home/airflow/.local/lib/python3.12/site-packages/airflow/example_dags/example_task_group_decorator.py for tasks to queue
[2025-04-05T12:07:51.806+0000] {logging_mixin.py:190} INFO - [2025-04-05T12:07:51.806+0000] {dagbag.py:588} INFO - Filling up the DagBag from /home/airflow/.local/lib/python3.12/site-packages/airflow/example_dags/example_task_group_decorator.py
[2025-04-05T12:07:51.813+0000] {processor.py:925} INFO - DAG(s) 'example_task_group_decorator' retrieved from /home/airflow/.local/lib/python3.12/site-packages/airflow/example_dags/example_task_group_decorator.py
[2025-04-05T12:07:51.824+0000] {logging_mixin.py:190} INFO - [2025-04-05T12:07:51.823+0000] {dag.py:3239} INFO - Sync 1 DAGs
[2025-04-05T12:07:51.829+0000] {logging_mixin.py:190} INFO - [2025-04-05T12:07:51.829+0000] {dag.py:4180} INFO - Setting next_dagrun for example_task_group_decorator to None, run_after=None
[2025-04-05T12:07:51.836+0000] {processor.py:208} INFO - Processing /home/airflow/.local/lib/python3.12/site-packages/airflow/example_dags/example_task_group_decorator.py took 0.037 seconds
[2025-04-05T12:08:22.427+0000] {processor.py:186} INFO - Started process (PID=206) to work on /home/airflow/.local/lib/python3.12/site-packages/airflow/example_dags/example_task_group_decorator.py
[2025-04-05T12:08:22.428+0000] {processor.py:914} INFO - Processing file /home/airflow/.local/lib/python3.12/site-packages/airflow/example_dags/example_task_group_decorator.py for tasks to queue
[2025-04-05T12:08:22.429+0000] {logging_mixin.py:190} INFO - [2025-04-05T12:08:22.429+0000] {dagbag.py:588} INFO - Filling up the DagBag from /home/airflow/.local/lib/python3.12/site-packages/airflow/example_dags/example_task_group_decorator.py
[2025-04-05T12:08:22.436+0000] {processor.py:925} INFO - DAG(s) 'example_task_group_decorator' retrieved from /home/airflow/.local/lib/python3.12/site-packages/airflow/example_dags/example_task_group_decorator.py
[2025-04-05T12:08:22.453+0000] {logging_mixin.py:190} INFO - [2025-04-05T12:08:22.452+0000] {dag.py:3239} INFO - Sync 1 DAGs
[2025-04-05T12:08:22.462+0000] {logging_mixin.py:190} INFO - [2025-04-05T12:08:22.462+0000] {dag.py:4180} INFO - Setting next_dagrun for example_task_group_decorator to None, run_after=None
[2025-04-05T12:08:22.476+0000] {processor.py:208} INFO - Processing /home/airflow/.local/lib/python3.12/site-packages/airflow/example_dags/example_task_group_decorator.py took 0.053 seconds
[2025-04-05T12:08:53.111+0000] {processor.py:186} INFO - Started process (PID=270) to work on /home/airflow/.local/lib/python3.12/site-packages/airflow/example_dags/example_task_group_decorator.py
[2025-04-05T12:08:53.111+0000] {processor.py:914} INFO - Processing file /home/airflow/.local/lib/python3.12/site-packages/airflow/example_dags/example_task_group_decorator.py for tasks to queue
[2025-04-05T12:08:53.116+0000] {logging_mixin.py:190} INFO - [2025-04-05T12:08:53.115+0000] {dagbag.py:588} INFO - Filling up the DagBag from /home/airflow/.local/lib/python3.12/site-packages/airflow/example_dags/example_task_group_decorator.py
[2025-04-05T12:08:53.128+0000] {processor.py:925} INFO - DAG(s) 'example_task_group_decorator' retrieved from /home/airflow/.local/lib/python3.12/site-packages/airflow/example_dags/example_task_group_decorator.py
[2025-04-05T12:08:53.155+0000] {logging_mixin.py:190} INFO - [2025-04-05T12:08:53.155+0000] {dag.py:3239} INFO - Sync 1 DAGs
[2025-04-05T12:08:53.164+0000] {logging_mixin.py:190} INFO - [2025-04-05T12:08:53.163+0000] {dag.py:4180} INFO - Setting next_dagrun for example_task_group_decorator to None, run_after=None
[2025-04-05T12:08:53.178+0000] {processor.py:208} INFO - Processing /home/airflow/.local/lib/python3.12/site-packages/airflow/example_dags/example_task_group_decorator.py took 0.071 seconds
[2025-04-05T12:09:24.246+0000] {processor.py:186} INFO - Started process (PID=340) to work on /home/airflow/.local/lib/python3.12/site-packages/airflow/example_dags/example_task_group_decorator.py
[2025-04-05T12:09:24.252+0000] {processor.py:914} INFO - Processing file /home/airflow/.local/lib/python3.12/site-packages/airflow/example_dags/example_task_group_decorator.py for tasks to queue
[2025-04-05T12:09:24.256+0000] {logging_mixin.py:190} INFO - [2025-04-05T12:09:24.255+0000] {dagbag.py:588} INFO - Filling up the DagBag from /home/airflow/.local/lib/python3.12/site-packages/airflow/example_dags/example_task_group_decorator.py
[2025-04-05T12:09:24.270+0000] {processor.py:925} INFO - DAG(s) 'example_task_group_decorator' retrieved from /home/airflow/.local/lib/python3.12/site-packages/airflow/example_dags/example_task_group_decorator.py
[2025-04-05T12:09:24.313+0000] {logging_mixin.py:190} INFO - [2025-04-05T12:09:24.313+0000] {dag.py:3239} INFO - Sync 1 DAGs
[2025-04-05T12:09:24.323+0000] {logging_mixin.py:190} INFO - [2025-04-05T12:09:24.323+0000] {dag.py:4180} INFO - Setting next_dagrun for example_task_group_decorator to None, run_after=None
[2025-04-05T12:09:24.338+0000] {processor.py:208} INFO - Processing /home/airflow/.local/lib/python3.12/site-packages/airflow/example_dags/example_task_group_decorator.py took 0.114 seconds
[2025-04-05T12:09:54.843+0000] {processor.py:186} INFO - Started process (PID=404) to work on /home/airflow/.local/lib/python3.12/site-packages/airflow/example_dags/example_task_group_decorator.py
[2025-04-05T12:09:54.844+0000] {processor.py:914} INFO - Processing file /home/airflow/.local/lib/python3.12/site-packages/airflow/example_dags/example_task_group_decorator.py for tasks to queue
[2025-04-05T12:09:54.847+0000] {logging_mixin.py:190} INFO - [2025-04-05T12:09:54.846+0000] {dagbag.py:588} INFO - Filling up the DagBag from /home/airflow/.local/lib/python3.12/site-packages/airflow/example_dags/example_task_group_decorator.py
[2025-04-05T12:09:54.866+0000] {processor.py:925} INFO - DAG(s) 'example_task_group_decorator' retrieved from /home/airflow/.local/lib/python3.12/site-packages/airflow/example_dags/example_task_group_decorator.py
[2025-04-05T12:09:54.896+0000] {logging_mixin.py:190} INFO - [2025-04-05T12:09:54.895+0000] {dag.py:3239} INFO - Sync 1 DAGs
[2025-04-05T12:09:54.909+0000] {logging_mixin.py:190} INFO - [2025-04-05T12:09:54.909+0000] {dag.py:4180} INFO - Setting next_dagrun for example_task_group_decorator to None, run_after=None
[2025-04-05T12:09:54.927+0000] {processor.py:208} INFO - Processing /home/airflow/.local/lib/python3.12/site-packages/airflow/example_dags/example_task_group_decorator.py took 0.100 seconds
[2025-04-05T12:10:25.563+0000] {processor.py:186} INFO - Started process (PID=468) to work on /home/airflow/.local/lib/python3.12/site-packages/airflow/example_dags/example_task_group_decorator.py
[2025-04-05T12:10:25.564+0000] {processor.py:914} INFO - Processing file /home/airflow/.local/lib/python3.12/site-packages/airflow/example_dags/example_task_group_decorator.py for tasks to queue
[2025-04-05T12:10:25.565+0000] {logging_mixin.py:190} INFO - [2025-04-05T12:10:25.565+0000] {dagbag.py:588} INFO - Filling up the DagBag from /home/airflow/.local/lib/python3.12/site-packages/airflow/example_dags/example_task_group_decorator.py
[2025-04-05T12:10:25.575+0000] {processor.py:925} INFO - DAG(s) 'example_task_group_decorator' retrieved from /home/airflow/.local/lib/python3.12/site-packages/airflow/example_dags/example_task_group_decorator.py
[2025-04-05T12:10:25.595+0000] {logging_mixin.py:190} INFO - [2025-04-05T12:10:25.595+0000] {dag.py:3239} INFO - Sync 1 DAGs
[2025-04-05T12:10:25.603+0000] {logging_mixin.py:190} INFO - [2025-04-05T12:10:25.603+0000] {dag.py:4180} INFO - Setting next_dagrun for example_task_group_decorator to None, run_after=None
[2025-04-05T12:10:25.613+0000] {processor.py:208} INFO - Processing /home/airflow/.local/lib/python3.12/site-packages/airflow/example_dags/example_task_group_decorator.py took 0.058 seconds
[2025-04-05T12:10:56.260+0000] {processor.py:186} INFO - Started process (PID=532) to work on /home/airflow/.local/lib/python3.12/site-packages/airflow/example_dags/example_task_group_decorator.py
[2025-04-05T12:10:56.261+0000] {processor.py:914} INFO - Processing file /home/airflow/.local/lib/python3.12/site-packages/airflow/example_dags/example_task_group_decorator.py for tasks to queue
[2025-04-05T12:10:56.262+0000] {logging_mixin.py:190} INFO - [2025-04-05T12:10:56.262+0000] {dagbag.py:588} INFO - Filling up the DagBag from /home/airflow/.local/lib/python3.12/site-packages/airflow/example_dags/example_task_group_decorator.py
[2025-04-05T12:10:56.272+0000] {processor.py:925} INFO - DAG(s) 'example_task_group_decorator' retrieved from /home/airflow/.local/lib/python3.12/site-packages/airflow/example_dags/example_task_group_decorator.py
[2025-04-05T12:10:56.288+0000] {logging_mixin.py:190} INFO - [2025-04-05T12:10:56.288+0000] {dag.py:3239} INFO - Sync 1 DAGs
[2025-04-05T12:10:56.295+0000] {logging_mixin.py:190} INFO - [2025-04-05T12:10:56.295+0000] {dag.py:4180} INFO - Setting next_dagrun for example_task_group_decorator to None, run_after=None
[2025-04-05T12:10:56.304+0000] {processor.py:208} INFO - Processing /home/airflow/.local/lib/python3.12/site-packages/airflow/example_dags/example_task_group_decorator.py took 0.048 seconds
[2025-04-05T12:11:27.132+0000] {processor.py:186} INFO - Started process (PID=595) to work on /home/airflow/.local/lib/python3.12/site-packages/airflow/example_dags/example_task_group_decorator.py
[2025-04-05T12:11:27.133+0000] {processor.py:914} INFO - Processing file /home/airflow/.local/lib/python3.12/site-packages/airflow/example_dags/example_task_group_decorator.py for tasks to queue
[2025-04-05T12:11:27.134+0000] {logging_mixin.py:190} INFO - [2025-04-05T12:11:27.133+0000] {dagbag.py:588} INFO - Filling up the DagBag from /home/airflow/.local/lib/python3.12/site-packages/airflow/example_dags/example_task_group_decorator.py
[2025-04-05T12:11:27.143+0000] {processor.py:925} INFO - DAG(s) 'example_task_group_decorator' retrieved from /home/airflow/.local/lib/python3.12/site-packages/airflow/example_dags/example_task_group_decorator.py
[2025-04-05T12:11:27.162+0000] {logging_mixin.py:190} INFO - [2025-04-05T12:11:27.162+0000] {dag.py:3239} INFO - Sync 1 DAGs
[2025-04-05T12:11:27.171+0000] {logging_mixin.py:190} INFO - [2025-04-05T12:11:27.171+0000] {dag.py:4180} INFO - Setting next_dagrun for example_task_group_decorator to None, run_after=None
[2025-04-05T12:11:27.180+0000] {processor.py:208} INFO - Processing /home/airflow/.local/lib/python3.12/site-packages/airflow/example_dags/example_task_group_decorator.py took 0.059 seconds
[2025-04-05T12:11:57.513+0000] {processor.py:186} INFO - Started process (PID=658) to work on /home/airflow/.local/lib/python3.12/site-packages/airflow/example_dags/example_task_group_decorator.py
[2025-04-05T12:11:57.515+0000] {processor.py:914} INFO - Processing file /home/airflow/.local/lib/python3.12/site-packages/airflow/example_dags/example_task_group_decorator.py for tasks to queue
[2025-04-05T12:11:57.516+0000] {logging_mixin.py:190} INFO - [2025-04-05T12:11:57.515+0000] {dagbag.py:588} INFO - Filling up the DagBag from /home/airflow/.local/lib/python3.12/site-packages/airflow/example_dags/example_task_group_decorator.py
[2025-04-05T12:11:57.526+0000] {processor.py:925} INFO - DAG(s) 'example_task_group_decorator' retrieved from /home/airflow/.local/lib/python3.12/site-packages/airflow/example_dags/example_task_group_decorator.py
[2025-04-05T12:11:57.539+0000] {logging_mixin.py:190} INFO - [2025-04-05T12:11:57.539+0000] {dag.py:3239} INFO - Sync 1 DAGs
[2025-04-05T12:11:57.561+0000] {logging_mixin.py:190} INFO - [2025-04-05T12:11:57.560+0000] {dag.py:4180} INFO - Setting next_dagrun for example_task_group_decorator to None, run_after=None
[2025-04-05T12:11:57.581+0000] {processor.py:208} INFO - Processing /home/airflow/.local/lib/python3.12/site-packages/airflow/example_dags/example_task_group_decorator.py took 0.075 seconds
