[2025-04-05T11:23:24.427+0000] {processor.py:186} INFO - Started process (PID=88) to work on /home/airflow/.local/lib/python3.12/site-packages/airflow/example_dags/example_complex.py
[2025-04-05T11:23:24.427+0000] {processor.py:914} INFO - Processing file /home/airflow/.local/lib/python3.12/site-packages/airflow/example_dags/example_complex.py for tasks to queue
[2025-04-05T11:23:24.433+0000] {logging_mixin.py:190} INFO - [2025-04-05T11:23:24.432+0000] {dagbag.py:588} INFO - Filling up the DagBag from /home/airflow/.local/lib/python3.12/site-packages/airflow/example_dags/example_complex.py
[2025-04-05T11:23:24.459+0000] {processor.py:925} INFO - DAG(s) 'example_complex' retrieved from /home/airflow/.local/lib/python3.12/site-packages/airflow/example_dags/example_complex.py
[2025-04-05T11:23:24.598+0000] {logging_mixin.py:190} INFO - [2025-04-05T11:23:24.598+0000] {override.py:1912} INFO - Created Permission View: can edit on DAG:example_complex
[2025-04-05T11:23:24.603+0000] {logging_mixin.py:190} INFO - [2025-04-05T11:23:24.603+0000] {override.py:1912} INFO - Created Permission View: can read on DAG:example_complex
[2025-04-05T11:23:24.607+0000] {logging_mixin.py:190} INFO - [2025-04-05T11:23:24.607+0000] {override.py:1912} INFO - Created Permission View: can delete on DAG:example_complex
[2025-04-05T11:23:24.610+0000] {logging_mixin.py:190} INFO - [2025-04-05T11:23:24.610+0000] {override.py:1912} INFO - Created Permission View: menu access on DAG Run:example_complex
[2025-04-05T11:23:24.612+0000] {logging_mixin.py:190} INFO - [2025-04-05T11:23:24.612+0000] {override.py:1912} INFO - Created Permission View: can read on DAG Run:example_complex
[2025-04-05T11:23:24.615+0000] {logging_mixin.py:190} INFO - [2025-04-05T11:23:24.615+0000] {override.py:1912} INFO - Created Permission View: can create on DAG Run:example_complex
[2025-04-05T11:23:24.617+0000] {logging_mixin.py:190} INFO - [2025-04-05T11:23:24.617+0000] {override.py:1912} INFO - Created Permission View: can delete on DAG Run:example_complex
[2025-04-05T11:23:24.617+0000] {logging_mixin.py:190} INFO - [2025-04-05T11:23:24.617+0000] {dag.py:3239} INFO - Sync 1 DAGs
[2025-04-05T11:23:24.624+0000] {logging_mixin.py:190} INFO - [2025-04-05T11:23:24.624+0000] {dag.py:3262} INFO - Creating ORM DAG for example_complex
[2025-04-05T11:23:24.624+0000] {logging_mixin.py:190} INFO - [2025-04-05T11:23:24.624+0000] {dag.py:4180} INFO - Setting next_dagrun for example_complex to None, run_after=None
[2025-04-05T11:23:24.634+0000] {processor.py:208} INFO - Processing /home/airflow/.local/lib/python3.12/site-packages/airflow/example_dags/example_complex.py took 0.215 seconds
[2025-04-05T11:23:55.499+0000] {processor.py:186} INFO - Started process (PID=151) to work on /home/airflow/.local/lib/python3.12/site-packages/airflow/example_dags/example_complex.py
[2025-04-05T11:23:55.500+0000] {processor.py:914} INFO - Processing file /home/airflow/.local/lib/python3.12/site-packages/airflow/example_dags/example_complex.py for tasks to queue
[2025-04-05T11:23:55.503+0000] {logging_mixin.py:190} INFO - [2025-04-05T11:23:55.502+0000] {dagbag.py:588} INFO - Filling up the DagBag from /home/airflow/.local/lib/python3.12/site-packages/airflow/example_dags/example_complex.py
[2025-04-05T11:23:55.515+0000] {processor.py:925} INFO - DAG(s) 'example_complex' retrieved from /home/airflow/.local/lib/python3.12/site-packages/airflow/example_dags/example_complex.py
[2025-04-05T11:23:55.535+0000] {logging_mixin.py:190} INFO - [2025-04-05T11:23:55.535+0000] {dag.py:3239} INFO - Sync 1 DAGs
[2025-04-05T11:23:55.543+0000] {logging_mixin.py:190} INFO - [2025-04-05T11:23:55.543+0000] {dag.py:4180} INFO - Setting next_dagrun for example_complex to None, run_after=None
[2025-04-05T11:23:55.552+0000] {processor.py:208} INFO - Processing /home/airflow/.local/lib/python3.12/site-packages/airflow/example_dags/example_complex.py took 0.059 seconds
[2025-04-05T11:24:25.932+0000] {processor.py:186} INFO - Started process (PID=213) to work on /home/airflow/.local/lib/python3.12/site-packages/airflow/example_dags/example_complex.py
[2025-04-05T11:24:25.933+0000] {processor.py:914} INFO - Processing file /home/airflow/.local/lib/python3.12/site-packages/airflow/example_dags/example_complex.py for tasks to queue
[2025-04-05T11:24:25.935+0000] {logging_mixin.py:190} INFO - [2025-04-05T11:24:25.935+0000] {dagbag.py:588} INFO - Filling up the DagBag from /home/airflow/.local/lib/python3.12/site-packages/airflow/example_dags/example_complex.py
[2025-04-05T11:24:25.946+0000] {processor.py:925} INFO - DAG(s) 'example_complex' retrieved from /home/airflow/.local/lib/python3.12/site-packages/airflow/example_dags/example_complex.py
[2025-04-05T11:24:25.965+0000] {logging_mixin.py:190} INFO - [2025-04-05T11:24:25.965+0000] {dag.py:3239} INFO - Sync 1 DAGs
[2025-04-05T11:24:25.974+0000] {logging_mixin.py:190} INFO - [2025-04-05T11:24:25.974+0000] {dag.py:4180} INFO - Setting next_dagrun for example_complex to None, run_after=None
[2025-04-05T11:24:25.988+0000] {processor.py:208} INFO - Processing /home/airflow/.local/lib/python3.12/site-packages/airflow/example_dags/example_complex.py took 0.063 seconds
[2025-04-05T11:24:56.261+0000] {processor.py:186} INFO - Started process (PID=276) to work on /home/airflow/.local/lib/python3.12/site-packages/airflow/example_dags/example_complex.py
[2025-04-05T11:24:56.265+0000] {processor.py:914} INFO - Processing file /home/airflow/.local/lib/python3.12/site-packages/airflow/example_dags/example_complex.py for tasks to queue
[2025-04-05T11:24:56.267+0000] {logging_mixin.py:190} INFO - [2025-04-05T11:24:56.266+0000] {dagbag.py:588} INFO - Filling up the DagBag from /home/airflow/.local/lib/python3.12/site-packages/airflow/example_dags/example_complex.py
[2025-04-05T11:24:56.277+0000] {processor.py:925} INFO - DAG(s) 'example_complex' retrieved from /home/airflow/.local/lib/python3.12/site-packages/airflow/example_dags/example_complex.py
[2025-04-05T11:24:56.296+0000] {logging_mixin.py:190} INFO - [2025-04-05T11:24:56.296+0000] {dag.py:3239} INFO - Sync 1 DAGs
[2025-04-05T11:24:56.305+0000] {logging_mixin.py:190} INFO - [2025-04-05T11:24:56.305+0000] {dag.py:4180} INFO - Setting next_dagrun for example_complex to None, run_after=None
[2025-04-05T11:24:56.315+0000] {processor.py:208} INFO - Processing /home/airflow/.local/lib/python3.12/site-packages/airflow/example_dags/example_complex.py took 0.060 seconds
[2025-04-05T11:25:26.369+0000] {processor.py:186} INFO - Started process (PID=339) to work on /home/airflow/.local/lib/python3.12/site-packages/airflow/example_dags/example_complex.py
[2025-04-05T11:25:26.369+0000] {processor.py:914} INFO - Processing file /home/airflow/.local/lib/python3.12/site-packages/airflow/example_dags/example_complex.py for tasks to queue
[2025-04-05T11:25:26.371+0000] {logging_mixin.py:190} INFO - [2025-04-05T11:25:26.371+0000] {dagbag.py:588} INFO - Filling up the DagBag from /home/airflow/.local/lib/python3.12/site-packages/airflow/example_dags/example_complex.py
[2025-04-05T11:25:26.378+0000] {processor.py:925} INFO - DAG(s) 'example_complex' retrieved from /home/airflow/.local/lib/python3.12/site-packages/airflow/example_dags/example_complex.py
[2025-04-05T11:25:26.394+0000] {logging_mixin.py:190} INFO - [2025-04-05T11:25:26.394+0000] {dag.py:3239} INFO - Sync 1 DAGs
[2025-04-05T11:25:26.403+0000] {logging_mixin.py:190} INFO - [2025-04-05T11:25:26.403+0000] {dag.py:4180} INFO - Setting next_dagrun for example_complex to None, run_after=None
[2025-04-05T11:25:26.412+0000] {processor.py:208} INFO - Processing /home/airflow/.local/lib/python3.12/site-packages/airflow/example_dags/example_complex.py took 0.047 seconds
[2025-04-05T11:25:56.884+0000] {processor.py:186} INFO - Started process (PID=402) to work on /home/airflow/.local/lib/python3.12/site-packages/airflow/example_dags/example_complex.py
[2025-04-05T11:25:56.885+0000] {processor.py:914} INFO - Processing file /home/airflow/.local/lib/python3.12/site-packages/airflow/example_dags/example_complex.py for tasks to queue
[2025-04-05T11:25:56.888+0000] {logging_mixin.py:190} INFO - [2025-04-05T11:25:56.888+0000] {dagbag.py:588} INFO - Filling up the DagBag from /home/airflow/.local/lib/python3.12/site-packages/airflow/example_dags/example_complex.py
[2025-04-05T11:25:56.906+0000] {processor.py:925} INFO - DAG(s) 'example_complex' retrieved from /home/airflow/.local/lib/python3.12/site-packages/airflow/example_dags/example_complex.py
[2025-04-05T11:25:56.945+0000] {logging_mixin.py:190} INFO - [2025-04-05T11:25:56.945+0000] {dag.py:3239} INFO - Sync 1 DAGs
[2025-04-05T11:25:56.961+0000] {logging_mixin.py:190} INFO - [2025-04-05T11:25:56.961+0000] {dag.py:4180} INFO - Setting next_dagrun for example_complex to None, run_after=None
[2025-04-05T11:25:56.978+0000] {processor.py:208} INFO - Processing /home/airflow/.local/lib/python3.12/site-packages/airflow/example_dags/example_complex.py took 0.105 seconds
[2025-04-05T11:26:27.896+0000] {processor.py:186} INFO - Started process (PID=465) to work on /home/airflow/.local/lib/python3.12/site-packages/airflow/example_dags/example_complex.py
[2025-04-05T11:26:27.897+0000] {processor.py:914} INFO - Processing file /home/airflow/.local/lib/python3.12/site-packages/airflow/example_dags/example_complex.py for tasks to queue
[2025-04-05T11:26:27.900+0000] {logging_mixin.py:190} INFO - [2025-04-05T11:26:27.900+0000] {dagbag.py:588} INFO - Filling up the DagBag from /home/airflow/.local/lib/python3.12/site-packages/airflow/example_dags/example_complex.py
[2025-04-05T11:26:27.908+0000] {processor.py:925} INFO - DAG(s) 'example_complex' retrieved from /home/airflow/.local/lib/python3.12/site-packages/airflow/example_dags/example_complex.py
[2025-04-05T11:26:27.927+0000] {logging_mixin.py:190} INFO - [2025-04-05T11:26:27.927+0000] {dag.py:3239} INFO - Sync 1 DAGs
[2025-04-05T11:26:27.936+0000] {logging_mixin.py:190} INFO - [2025-04-05T11:26:27.936+0000] {dag.py:4180} INFO - Setting next_dagrun for example_complex to None, run_after=None
[2025-04-05T11:26:27.946+0000] {processor.py:208} INFO - Processing /home/airflow/.local/lib/python3.12/site-packages/airflow/example_dags/example_complex.py took 0.055 seconds
[2025-04-05T11:26:58.399+0000] {processor.py:186} INFO - Started process (PID=528) to work on /home/airflow/.local/lib/python3.12/site-packages/airflow/example_dags/example_complex.py
[2025-04-05T11:26:58.402+0000] {processor.py:914} INFO - Processing file /home/airflow/.local/lib/python3.12/site-packages/airflow/example_dags/example_complex.py for tasks to queue
[2025-04-05T11:26:58.404+0000] {logging_mixin.py:190} INFO - [2025-04-05T11:26:58.404+0000] {dagbag.py:588} INFO - Filling up the DagBag from /home/airflow/.local/lib/python3.12/site-packages/airflow/example_dags/example_complex.py
[2025-04-05T11:26:58.415+0000] {processor.py:925} INFO - DAG(s) 'example_complex' retrieved from /home/airflow/.local/lib/python3.12/site-packages/airflow/example_dags/example_complex.py
[2025-04-05T11:26:58.438+0000] {logging_mixin.py:190} INFO - [2025-04-05T11:26:58.438+0000] {dag.py:3239} INFO - Sync 1 DAGs
[2025-04-05T11:26:58.448+0000] {logging_mixin.py:190} INFO - [2025-04-05T11:26:58.448+0000] {dag.py:4180} INFO - Setting next_dagrun for example_complex to None, run_after=None
[2025-04-05T11:26:58.462+0000] {processor.py:208} INFO - Processing /home/airflow/.local/lib/python3.12/site-packages/airflow/example_dags/example_complex.py took 0.069 seconds
[2025-04-05T11:31:58.649+0000] {processor.py:186} INFO - Started process (PID=88) to work on /home/airflow/.local/lib/python3.12/site-packages/airflow/example_dags/example_complex.py
[2025-04-05T11:31:58.650+0000] {processor.py:914} INFO - Processing file /home/airflow/.local/lib/python3.12/site-packages/airflow/example_dags/example_complex.py for tasks to queue
[2025-04-05T11:31:58.652+0000] {logging_mixin.py:190} INFO - [2025-04-05T11:31:58.652+0000] {dagbag.py:588} INFO - Filling up the DagBag from /home/airflow/.local/lib/python3.12/site-packages/airflow/example_dags/example_complex.py
[2025-04-05T11:31:58.663+0000] {processor.py:925} INFO - DAG(s) 'example_complex' retrieved from /home/airflow/.local/lib/python3.12/site-packages/airflow/example_dags/example_complex.py
[2025-04-05T11:31:58.702+0000] {logging_mixin.py:190} INFO - [2025-04-05T11:31:58.702+0000] {dag.py:3239} INFO - Sync 1 DAGs
[2025-04-05T11:31:58.711+0000] {logging_mixin.py:190} INFO - [2025-04-05T11:31:58.711+0000] {dag.py:4180} INFO - Setting next_dagrun for example_complex to None, run_after=None
[2025-04-05T11:31:58.723+0000] {processor.py:208} INFO - Processing /home/airflow/.local/lib/python3.12/site-packages/airflow/example_dags/example_complex.py took 0.080 seconds
[2025-04-05T11:32:28.822+0000] {processor.py:186} INFO - Started process (PID=151) to work on /home/airflow/.local/lib/python3.12/site-packages/airflow/example_dags/example_complex.py
[2025-04-05T11:32:28.823+0000] {processor.py:914} INFO - Processing file /home/airflow/.local/lib/python3.12/site-packages/airflow/example_dags/example_complex.py for tasks to queue
[2025-04-05T11:32:28.842+0000] {logging_mixin.py:190} INFO - [2025-04-05T11:32:28.841+0000] {dagbag.py:588} INFO - Filling up the DagBag from /home/airflow/.local/lib/python3.12/site-packages/airflow/example_dags/example_complex.py
[2025-04-05T11:32:28.853+0000] {processor.py:925} INFO - DAG(s) 'example_complex' retrieved from /home/airflow/.local/lib/python3.12/site-packages/airflow/example_dags/example_complex.py
[2025-04-05T11:32:28.870+0000] {logging_mixin.py:190} INFO - [2025-04-05T11:32:28.870+0000] {dag.py:3239} INFO - Sync 1 DAGs
[2025-04-05T11:32:28.878+0000] {logging_mixin.py:190} INFO - [2025-04-05T11:32:28.877+0000] {dag.py:4180} INFO - Setting next_dagrun for example_complex to None, run_after=None
[2025-04-05T11:32:28.886+0000] {processor.py:208} INFO - Processing /home/airflow/.local/lib/python3.12/site-packages/airflow/example_dags/example_complex.py took 0.070 seconds
[2025-04-05T11:39:06.955+0000] {processor.py:186} INFO - Started process (PID=93) to work on /home/airflow/.local/lib/python3.12/site-packages/airflow/example_dags/example_complex.py
[2025-04-05T11:39:06.957+0000] {processor.py:914} INFO - Processing file /home/airflow/.local/lib/python3.12/site-packages/airflow/example_dags/example_complex.py for tasks to queue
[2025-04-05T11:39:06.960+0000] {logging_mixin.py:190} INFO - [2025-04-05T11:39:06.959+0000] {dagbag.py:588} INFO - Filling up the DagBag from /home/airflow/.local/lib/python3.12/site-packages/airflow/example_dags/example_complex.py
[2025-04-05T11:39:06.976+0000] {processor.py:925} INFO - DAG(s) 'example_complex' retrieved from /home/airflow/.local/lib/python3.12/site-packages/airflow/example_dags/example_complex.py
[2025-04-05T11:39:07.034+0000] {logging_mixin.py:190} INFO - [2025-04-05T11:39:07.034+0000] {dag.py:3239} INFO - Sync 1 DAGs
[2025-04-05T11:39:07.053+0000] {logging_mixin.py:190} INFO - [2025-04-05T11:39:07.053+0000] {dag.py:4180} INFO - Setting next_dagrun for example_complex to None, run_after=None
[2025-04-05T11:39:07.078+0000] {processor.py:208} INFO - Processing /home/airflow/.local/lib/python3.12/site-packages/airflow/example_dags/example_complex.py took 0.130 seconds
[2025-04-05T11:39:37.210+0000] {processor.py:186} INFO - Started process (PID=156) to work on /home/airflow/.local/lib/python3.12/site-packages/airflow/example_dags/example_complex.py
[2025-04-05T11:39:37.211+0000] {processor.py:914} INFO - Processing file /home/airflow/.local/lib/python3.12/site-packages/airflow/example_dags/example_complex.py for tasks to queue
[2025-04-05T11:39:37.212+0000] {logging_mixin.py:190} INFO - [2025-04-05T11:39:37.211+0000] {dagbag.py:588} INFO - Filling up the DagBag from /home/airflow/.local/lib/python3.12/site-packages/airflow/example_dags/example_complex.py
[2025-04-05T11:39:37.219+0000] {processor.py:925} INFO - DAG(s) 'example_complex' retrieved from /home/airflow/.local/lib/python3.12/site-packages/airflow/example_dags/example_complex.py
[2025-04-05T11:39:37.243+0000] {logging_mixin.py:190} INFO - [2025-04-05T11:39:37.242+0000] {dag.py:3239} INFO - Sync 1 DAGs
[2025-04-05T11:39:37.253+0000] {logging_mixin.py:190} INFO - [2025-04-05T11:39:37.253+0000] {dag.py:4180} INFO - Setting next_dagrun for example_complex to None, run_after=None
[2025-04-05T11:39:37.262+0000] {processor.py:208} INFO - Processing /home/airflow/.local/lib/python3.12/site-packages/airflow/example_dags/example_complex.py took 0.056 seconds
[2025-04-05T11:40:07.758+0000] {processor.py:186} INFO - Started process (PID=219) to work on /home/airflow/.local/lib/python3.12/site-packages/airflow/example_dags/example_complex.py
[2025-04-05T11:40:07.761+0000] {processor.py:914} INFO - Processing file /home/airflow/.local/lib/python3.12/site-packages/airflow/example_dags/example_complex.py for tasks to queue
[2025-04-05T11:40:07.763+0000] {logging_mixin.py:190} INFO - [2025-04-05T11:40:07.763+0000] {dagbag.py:588} INFO - Filling up the DagBag from /home/airflow/.local/lib/python3.12/site-packages/airflow/example_dags/example_complex.py
[2025-04-05T11:40:07.772+0000] {processor.py:925} INFO - DAG(s) 'example_complex' retrieved from /home/airflow/.local/lib/python3.12/site-packages/airflow/example_dags/example_complex.py
[2025-04-05T11:40:07.794+0000] {logging_mixin.py:190} INFO - [2025-04-05T11:40:07.794+0000] {dag.py:3239} INFO - Sync 1 DAGs
[2025-04-05T11:40:07.801+0000] {logging_mixin.py:190} INFO - [2025-04-05T11:40:07.801+0000] {dag.py:4180} INFO - Setting next_dagrun for example_complex to None, run_after=None
[2025-04-05T11:40:07.809+0000] {processor.py:208} INFO - Processing /home/airflow/.local/lib/python3.12/site-packages/airflow/example_dags/example_complex.py took 0.054 seconds
[2025-04-05T11:40:37.969+0000] {processor.py:186} INFO - Started process (PID=282) to work on /home/airflow/.local/lib/python3.12/site-packages/airflow/example_dags/example_complex.py
[2025-04-05T11:40:37.982+0000] {processor.py:914} INFO - Processing file /home/airflow/.local/lib/python3.12/site-packages/airflow/example_dags/example_complex.py for tasks to queue
[2025-04-05T11:40:37.990+0000] {logging_mixin.py:190} INFO - [2025-04-05T11:40:37.988+0000] {dagbag.py:588} INFO - Filling up the DagBag from /home/airflow/.local/lib/python3.12/site-packages/airflow/example_dags/example_complex.py
[2025-04-05T11:40:38.006+0000] {processor.py:925} INFO - DAG(s) 'example_complex' retrieved from /home/airflow/.local/lib/python3.12/site-packages/airflow/example_dags/example_complex.py
[2025-04-05T11:40:38.032+0000] {logging_mixin.py:190} INFO - [2025-04-05T11:40:38.032+0000] {dag.py:3239} INFO - Sync 1 DAGs
[2025-04-05T11:40:38.062+0000] {logging_mixin.py:190} INFO - [2025-04-05T11:40:38.062+0000] {dag.py:4180} INFO - Setting next_dagrun for example_complex to None, run_after=None
[2025-04-05T11:40:38.087+0000] {processor.py:208} INFO - Processing /home/airflow/.local/lib/python3.12/site-packages/airflow/example_dags/example_complex.py took 0.126 seconds
[2025-04-05T11:41:08.596+0000] {processor.py:186} INFO - Started process (PID=345) to work on /home/airflow/.local/lib/python3.12/site-packages/airflow/example_dags/example_complex.py
[2025-04-05T11:41:08.597+0000] {processor.py:914} INFO - Processing file /home/airflow/.local/lib/python3.12/site-packages/airflow/example_dags/example_complex.py for tasks to queue
[2025-04-05T11:41:08.600+0000] {logging_mixin.py:190} INFO - [2025-04-05T11:41:08.600+0000] {dagbag.py:588} INFO - Filling up the DagBag from /home/airflow/.local/lib/python3.12/site-packages/airflow/example_dags/example_complex.py
[2025-04-05T11:41:08.611+0000] {processor.py:925} INFO - DAG(s) 'example_complex' retrieved from /home/airflow/.local/lib/python3.12/site-packages/airflow/example_dags/example_complex.py
[2025-04-05T11:41:08.637+0000] {logging_mixin.py:190} INFO - [2025-04-05T11:41:08.637+0000] {dag.py:3239} INFO - Sync 1 DAGs
[2025-04-05T11:41:08.646+0000] {logging_mixin.py:190} INFO - [2025-04-05T11:41:08.646+0000] {dag.py:4180} INFO - Setting next_dagrun for example_complex to None, run_after=None
[2025-04-05T11:41:08.665+0000] {processor.py:208} INFO - Processing /home/airflow/.local/lib/python3.12/site-packages/airflow/example_dags/example_complex.py took 0.077 seconds
[2025-04-05T11:41:39.177+0000] {processor.py:186} INFO - Started process (PID=408) to work on /home/airflow/.local/lib/python3.12/site-packages/airflow/example_dags/example_complex.py
[2025-04-05T11:41:39.178+0000] {processor.py:914} INFO - Processing file /home/airflow/.local/lib/python3.12/site-packages/airflow/example_dags/example_complex.py for tasks to queue
[2025-04-05T11:41:39.179+0000] {logging_mixin.py:190} INFO - [2025-04-05T11:41:39.179+0000] {dagbag.py:588} INFO - Filling up the DagBag from /home/airflow/.local/lib/python3.12/site-packages/airflow/example_dags/example_complex.py
[2025-04-05T11:41:39.188+0000] {processor.py:925} INFO - DAG(s) 'example_complex' retrieved from /home/airflow/.local/lib/python3.12/site-packages/airflow/example_dags/example_complex.py
[2025-04-05T11:41:39.225+0000] {logging_mixin.py:190} INFO - [2025-04-05T11:41:39.225+0000] {dag.py:3239} INFO - Sync 1 DAGs
[2025-04-05T11:41:39.241+0000] {logging_mixin.py:190} INFO - [2025-04-05T11:41:39.241+0000] {dag.py:4180} INFO - Setting next_dagrun for example_complex to None, run_after=None
[2025-04-05T11:41:39.250+0000] {processor.py:208} INFO - Processing /home/airflow/.local/lib/python3.12/site-packages/airflow/example_dags/example_complex.py took 0.077 seconds
[2025-04-05T11:42:09.320+0000] {processor.py:186} INFO - Started process (PID=471) to work on /home/airflow/.local/lib/python3.12/site-packages/airflow/example_dags/example_complex.py
[2025-04-05T11:42:09.322+0000] {processor.py:914} INFO - Processing file /home/airflow/.local/lib/python3.12/site-packages/airflow/example_dags/example_complex.py for tasks to queue
[2025-04-05T11:42:09.324+0000] {logging_mixin.py:190} INFO - [2025-04-05T11:42:09.323+0000] {dagbag.py:588} INFO - Filling up the DagBag from /home/airflow/.local/lib/python3.12/site-packages/airflow/example_dags/example_complex.py
[2025-04-05T11:42:09.330+0000] {processor.py:925} INFO - DAG(s) 'example_complex' retrieved from /home/airflow/.local/lib/python3.12/site-packages/airflow/example_dags/example_complex.py
[2025-04-05T11:42:09.358+0000] {logging_mixin.py:190} INFO - [2025-04-05T11:42:09.357+0000] {dag.py:3239} INFO - Sync 1 DAGs
[2025-04-05T11:42:09.371+0000] {logging_mixin.py:190} INFO - [2025-04-05T11:42:09.371+0000] {dag.py:4180} INFO - Setting next_dagrun for example_complex to None, run_after=None
[2025-04-05T11:42:09.381+0000] {processor.py:208} INFO - Processing /home/airflow/.local/lib/python3.12/site-packages/airflow/example_dags/example_complex.py took 0.064 seconds
[2025-04-05T11:42:40.010+0000] {processor.py:186} INFO - Started process (PID=534) to work on /home/airflow/.local/lib/python3.12/site-packages/airflow/example_dags/example_complex.py
[2025-04-05T11:42:40.011+0000] {processor.py:914} INFO - Processing file /home/airflow/.local/lib/python3.12/site-packages/airflow/example_dags/example_complex.py for tasks to queue
[2025-04-05T11:42:40.014+0000] {logging_mixin.py:190} INFO - [2025-04-05T11:42:40.014+0000] {dagbag.py:588} INFO - Filling up the DagBag from /home/airflow/.local/lib/python3.12/site-packages/airflow/example_dags/example_complex.py
[2025-04-05T11:42:40.020+0000] {processor.py:925} INFO - DAG(s) 'example_complex' retrieved from /home/airflow/.local/lib/python3.12/site-packages/airflow/example_dags/example_complex.py
[2025-04-05T11:42:40.046+0000] {logging_mixin.py:190} INFO - [2025-04-05T11:42:40.046+0000] {dag.py:3239} INFO - Sync 1 DAGs
[2025-04-05T11:42:40.057+0000] {logging_mixin.py:190} INFO - [2025-04-05T11:42:40.057+0000] {dag.py:4180} INFO - Setting next_dagrun for example_complex to None, run_after=None
[2025-04-05T11:42:40.074+0000] {processor.py:208} INFO - Processing /home/airflow/.local/lib/python3.12/site-packages/airflow/example_dags/example_complex.py took 0.067 seconds
[2025-04-05T11:44:50.417+0000] {processor.py:186} INFO - Started process (PID=87) to work on /home/airflow/.local/lib/python3.12/site-packages/airflow/example_dags/example_complex.py
[2025-04-05T11:44:50.419+0000] {processor.py:914} INFO - Processing file /home/airflow/.local/lib/python3.12/site-packages/airflow/example_dags/example_complex.py for tasks to queue
[2025-04-05T11:44:50.425+0000] {logging_mixin.py:190} INFO - [2025-04-05T11:44:50.424+0000] {dagbag.py:588} INFO - Filling up the DagBag from /home/airflow/.local/lib/python3.12/site-packages/airflow/example_dags/example_complex.py
[2025-04-05T11:44:50.446+0000] {processor.py:925} INFO - DAG(s) 'example_complex' retrieved from /home/airflow/.local/lib/python3.12/site-packages/airflow/example_dags/example_complex.py
[2025-04-05T11:44:50.555+0000] {logging_mixin.py:190} INFO - [2025-04-05T11:44:50.555+0000] {dag.py:3239} INFO - Sync 1 DAGs
[2025-04-05T11:44:50.593+0000] {logging_mixin.py:190} INFO - [2025-04-05T11:44:50.593+0000] {dag.py:4180} INFO - Setting next_dagrun for example_complex to None, run_after=None
[2025-04-05T11:44:50.657+0000] {processor.py:208} INFO - Processing /home/airflow/.local/lib/python3.12/site-packages/airflow/example_dags/example_complex.py took 0.275 seconds
[2025-04-05T11:45:21.473+0000] {processor.py:186} INFO - Started process (PID=151) to work on /home/airflow/.local/lib/python3.12/site-packages/airflow/example_dags/example_complex.py
[2025-04-05T11:45:21.473+0000] {processor.py:914} INFO - Processing file /home/airflow/.local/lib/python3.12/site-packages/airflow/example_dags/example_complex.py for tasks to queue
[2025-04-05T11:45:21.475+0000] {logging_mixin.py:190} INFO - [2025-04-05T11:45:21.475+0000] {dagbag.py:588} INFO - Filling up the DagBag from /home/airflow/.local/lib/python3.12/site-packages/airflow/example_dags/example_complex.py
[2025-04-05T11:45:21.482+0000] {processor.py:925} INFO - DAG(s) 'example_complex' retrieved from /home/airflow/.local/lib/python3.12/site-packages/airflow/example_dags/example_complex.py
[2025-04-05T11:45:21.501+0000] {logging_mixin.py:190} INFO - [2025-04-05T11:45:21.500+0000] {dag.py:3239} INFO - Sync 1 DAGs
[2025-04-05T11:45:21.508+0000] {logging_mixin.py:190} INFO - [2025-04-05T11:45:21.508+0000] {dag.py:4180} INFO - Setting next_dagrun for example_complex to None, run_after=None
[2025-04-05T11:45:21.517+0000] {processor.py:208} INFO - Processing /home/airflow/.local/lib/python3.12/site-packages/airflow/example_dags/example_complex.py took 0.048 seconds
[2025-04-05T11:45:52.462+0000] {processor.py:186} INFO - Started process (PID=214) to work on /home/airflow/.local/lib/python3.12/site-packages/airflow/example_dags/example_complex.py
[2025-04-05T11:45:52.467+0000] {processor.py:914} INFO - Processing file /home/airflow/.local/lib/python3.12/site-packages/airflow/example_dags/example_complex.py for tasks to queue
[2025-04-05T11:45:52.470+0000] {logging_mixin.py:190} INFO - [2025-04-05T11:45:52.469+0000] {dagbag.py:588} INFO - Filling up the DagBag from /home/airflow/.local/lib/python3.12/site-packages/airflow/example_dags/example_complex.py
[2025-04-05T11:45:52.481+0000] {processor.py:925} INFO - DAG(s) 'example_complex' retrieved from /home/airflow/.local/lib/python3.12/site-packages/airflow/example_dags/example_complex.py
[2025-04-05T11:45:52.505+0000] {logging_mixin.py:190} INFO - [2025-04-05T11:45:52.505+0000] {dag.py:3239} INFO - Sync 1 DAGs
[2025-04-05T11:45:52.516+0000] {logging_mixin.py:190} INFO - [2025-04-05T11:45:52.516+0000] {dag.py:4180} INFO - Setting next_dagrun for example_complex to None, run_after=None
[2025-04-05T11:45:52.531+0000] {processor.py:208} INFO - Processing /home/airflow/.local/lib/python3.12/site-packages/airflow/example_dags/example_complex.py took 0.074 seconds
[2025-04-05T11:46:23.070+0000] {processor.py:186} INFO - Started process (PID=278) to work on /home/airflow/.local/lib/python3.12/site-packages/airflow/example_dags/example_complex.py
[2025-04-05T11:46:23.071+0000] {processor.py:914} INFO - Processing file /home/airflow/.local/lib/python3.12/site-packages/airflow/example_dags/example_complex.py for tasks to queue
[2025-04-05T11:46:23.073+0000] {logging_mixin.py:190} INFO - [2025-04-05T11:46:23.073+0000] {dagbag.py:588} INFO - Filling up the DagBag from /home/airflow/.local/lib/python3.12/site-packages/airflow/example_dags/example_complex.py
[2025-04-05T11:46:23.083+0000] {processor.py:925} INFO - DAG(s) 'example_complex' retrieved from /home/airflow/.local/lib/python3.12/site-packages/airflow/example_dags/example_complex.py
[2025-04-05T11:46:23.107+0000] {logging_mixin.py:190} INFO - [2025-04-05T11:46:23.106+0000] {dag.py:3239} INFO - Sync 1 DAGs
[2025-04-05T11:46:23.116+0000] {logging_mixin.py:190} INFO - [2025-04-05T11:46:23.116+0000] {dag.py:4180} INFO - Setting next_dagrun for example_complex to None, run_after=None
[2025-04-05T11:46:23.130+0000] {processor.py:208} INFO - Processing /home/airflow/.local/lib/python3.12/site-packages/airflow/example_dags/example_complex.py took 0.066 seconds
[2025-04-05T11:46:53.821+0000] {processor.py:186} INFO - Started process (PID=341) to work on /home/airflow/.local/lib/python3.12/site-packages/airflow/example_dags/example_complex.py
[2025-04-05T11:46:53.824+0000] {processor.py:914} INFO - Processing file /home/airflow/.local/lib/python3.12/site-packages/airflow/example_dags/example_complex.py for tasks to queue
[2025-04-05T11:46:53.827+0000] {logging_mixin.py:190} INFO - [2025-04-05T11:46:53.826+0000] {dagbag.py:588} INFO - Filling up the DagBag from /home/airflow/.local/lib/python3.12/site-packages/airflow/example_dags/example_complex.py
[2025-04-05T11:46:53.841+0000] {processor.py:925} INFO - DAG(s) 'example_complex' retrieved from /home/airflow/.local/lib/python3.12/site-packages/airflow/example_dags/example_complex.py
[2025-04-05T11:46:53.860+0000] {logging_mixin.py:190} INFO - [2025-04-05T11:46:53.860+0000] {dag.py:3239} INFO - Sync 1 DAGs
[2025-04-05T11:46:53.868+0000] {logging_mixin.py:190} INFO - [2025-04-05T11:46:53.868+0000] {dag.py:4180} INFO - Setting next_dagrun for example_complex to None, run_after=None
[2025-04-05T11:46:53.880+0000] {processor.py:208} INFO - Processing /home/airflow/.local/lib/python3.12/site-packages/airflow/example_dags/example_complex.py took 0.066 seconds
[2025-04-05T11:47:23.936+0000] {processor.py:186} INFO - Started process (PID=405) to work on /home/airflow/.local/lib/python3.12/site-packages/airflow/example_dags/example_complex.py
[2025-04-05T11:47:23.937+0000] {processor.py:914} INFO - Processing file /home/airflow/.local/lib/python3.12/site-packages/airflow/example_dags/example_complex.py for tasks to queue
[2025-04-05T11:47:23.939+0000] {logging_mixin.py:190} INFO - [2025-04-05T11:47:23.939+0000] {dagbag.py:588} INFO - Filling up the DagBag from /home/airflow/.local/lib/python3.12/site-packages/airflow/example_dags/example_complex.py
[2025-04-05T11:47:23.949+0000] {processor.py:925} INFO - DAG(s) 'example_complex' retrieved from /home/airflow/.local/lib/python3.12/site-packages/airflow/example_dags/example_complex.py
[2025-04-05T11:47:23.974+0000] {logging_mixin.py:190} INFO - [2025-04-05T11:47:23.974+0000] {dag.py:3239} INFO - Sync 1 DAGs
[2025-04-05T11:47:23.983+0000] {logging_mixin.py:190} INFO - [2025-04-05T11:47:23.983+0000] {dag.py:4180} INFO - Setting next_dagrun for example_complex to None, run_after=None
[2025-04-05T11:47:23.999+0000] {processor.py:208} INFO - Processing /home/airflow/.local/lib/python3.12/site-packages/airflow/example_dags/example_complex.py took 0.066 seconds
[2025-04-05T11:50:01.788+0000] {processor.py:186} INFO - Started process (PID=95) to work on /home/airflow/.local/lib/python3.12/site-packages/airflow/example_dags/example_complex.py
[2025-04-05T11:50:01.791+0000] {processor.py:914} INFO - Processing file /home/airflow/.local/lib/python3.12/site-packages/airflow/example_dags/example_complex.py for tasks to queue
[2025-04-05T11:50:01.800+0000] {logging_mixin.py:190} INFO - [2025-04-05T11:50:01.799+0000] {dagbag.py:588} INFO - Filling up the DagBag from /home/airflow/.local/lib/python3.12/site-packages/airflow/example_dags/example_complex.py
[2025-04-05T11:50:01.875+0000] {processor.py:925} INFO - DAG(s) 'example_complex' retrieved from /home/airflow/.local/lib/python3.12/site-packages/airflow/example_dags/example_complex.py
[2025-04-05T11:50:02.150+0000] {logging_mixin.py:190} INFO - [2025-04-05T11:50:02.146+0000] {dag.py:3239} INFO - Sync 1 DAGs
[2025-04-05T11:50:02.210+0000] {logging_mixin.py:190} INFO - [2025-04-05T11:50:02.210+0000] {dag.py:4180} INFO - Setting next_dagrun for example_complex to None, run_after=None
[2025-04-05T11:50:02.258+0000] {processor.py:208} INFO - Processing /home/airflow/.local/lib/python3.12/site-packages/airflow/example_dags/example_complex.py took 0.491 seconds
[2025-04-05T11:50:32.568+0000] {processor.py:186} INFO - Started process (PID=158) to work on /home/airflow/.local/lib/python3.12/site-packages/airflow/example_dags/example_complex.py
[2025-04-05T11:50:32.571+0000] {processor.py:914} INFO - Processing file /home/airflow/.local/lib/python3.12/site-packages/airflow/example_dags/example_complex.py for tasks to queue
[2025-04-05T11:50:32.577+0000] {logging_mixin.py:190} INFO - [2025-04-05T11:50:32.576+0000] {dagbag.py:588} INFO - Filling up the DagBag from /home/airflow/.local/lib/python3.12/site-packages/airflow/example_dags/example_complex.py
[2025-04-05T11:50:32.602+0000] {processor.py:925} INFO - DAG(s) 'example_complex' retrieved from /home/airflow/.local/lib/python3.12/site-packages/airflow/example_dags/example_complex.py
[2025-04-05T11:50:32.627+0000] {logging_mixin.py:190} INFO - [2025-04-05T11:50:32.627+0000] {dag.py:3239} INFO - Sync 1 DAGs
[2025-04-05T11:50:32.644+0000] {logging_mixin.py:190} INFO - [2025-04-05T11:50:32.643+0000] {dag.py:4180} INFO - Setting next_dagrun for example_complex to None, run_after=None
[2025-04-05T11:50:32.652+0000] {processor.py:208} INFO - Processing /home/airflow/.local/lib/python3.12/site-packages/airflow/example_dags/example_complex.py took 0.091 seconds
[2025-04-05T11:51:03.569+0000] {processor.py:186} INFO - Started process (PID=222) to work on /home/airflow/.local/lib/python3.12/site-packages/airflow/example_dags/example_complex.py
[2025-04-05T11:51:03.572+0000] {processor.py:914} INFO - Processing file /home/airflow/.local/lib/python3.12/site-packages/airflow/example_dags/example_complex.py for tasks to queue
[2025-04-05T11:51:03.584+0000] {logging_mixin.py:190} INFO - [2025-04-05T11:51:03.583+0000] {dagbag.py:588} INFO - Filling up the DagBag from /home/airflow/.local/lib/python3.12/site-packages/airflow/example_dags/example_complex.py
[2025-04-05T11:51:03.603+0000] {processor.py:925} INFO - DAG(s) 'example_complex' retrieved from /home/airflow/.local/lib/python3.12/site-packages/airflow/example_dags/example_complex.py
[2025-04-05T11:51:03.629+0000] {logging_mixin.py:190} INFO - [2025-04-05T11:51:03.628+0000] {dag.py:3239} INFO - Sync 1 DAGs
[2025-04-05T11:51:03.644+0000] {logging_mixin.py:190} INFO - [2025-04-05T11:51:03.644+0000] {dag.py:4180} INFO - Setting next_dagrun for example_complex to None, run_after=None
[2025-04-05T11:51:03.666+0000] {processor.py:208} INFO - Processing /home/airflow/.local/lib/python3.12/site-packages/airflow/example_dags/example_complex.py took 0.104 seconds
[2025-04-05T11:51:33.730+0000] {processor.py:186} INFO - Started process (PID=286) to work on /home/airflow/.local/lib/python3.12/site-packages/airflow/example_dags/example_complex.py
[2025-04-05T11:51:33.732+0000] {processor.py:914} INFO - Processing file /home/airflow/.local/lib/python3.12/site-packages/airflow/example_dags/example_complex.py for tasks to queue
[2025-04-05T11:51:33.735+0000] {logging_mixin.py:190} INFO - [2025-04-05T11:51:33.734+0000] {dagbag.py:588} INFO - Filling up the DagBag from /home/airflow/.local/lib/python3.12/site-packages/airflow/example_dags/example_complex.py
[2025-04-05T11:51:33.747+0000] {processor.py:925} INFO - DAG(s) 'example_complex' retrieved from /home/airflow/.local/lib/python3.12/site-packages/airflow/example_dags/example_complex.py
[2025-04-05T11:51:33.772+0000] {logging_mixin.py:190} INFO - [2025-04-05T11:51:33.772+0000] {dag.py:3239} INFO - Sync 1 DAGs
[2025-04-05T11:51:33.785+0000] {logging_mixin.py:190} INFO - [2025-04-05T11:51:33.785+0000] {dag.py:4180} INFO - Setting next_dagrun for example_complex to None, run_after=None
[2025-04-05T11:51:33.802+0000] {processor.py:208} INFO - Processing /home/airflow/.local/lib/python3.12/site-packages/airflow/example_dags/example_complex.py took 0.080 seconds
[2025-04-05T11:52:04.059+0000] {processor.py:186} INFO - Started process (PID=350) to work on /home/airflow/.local/lib/python3.12/site-packages/airflow/example_dags/example_complex.py
[2025-04-05T11:52:04.063+0000] {processor.py:914} INFO - Processing file /home/airflow/.local/lib/python3.12/site-packages/airflow/example_dags/example_complex.py for tasks to queue
[2025-04-05T11:52:04.064+0000] {logging_mixin.py:190} INFO - [2025-04-05T11:52:04.064+0000] {dagbag.py:588} INFO - Filling up the DagBag from /home/airflow/.local/lib/python3.12/site-packages/airflow/example_dags/example_complex.py
[2025-04-05T11:52:04.077+0000] {processor.py:925} INFO - DAG(s) 'example_complex' retrieved from /home/airflow/.local/lib/python3.12/site-packages/airflow/example_dags/example_complex.py
[2025-04-05T11:52:04.104+0000] {logging_mixin.py:190} INFO - [2025-04-05T11:52:04.104+0000] {dag.py:3239} INFO - Sync 1 DAGs
[2025-04-05T11:52:04.112+0000] {logging_mixin.py:190} INFO - [2025-04-05T11:52:04.112+0000] {dag.py:4180} INFO - Setting next_dagrun for example_complex to None, run_after=None
[2025-04-05T11:52:04.124+0000] {processor.py:208} INFO - Processing /home/airflow/.local/lib/python3.12/site-packages/airflow/example_dags/example_complex.py took 0.072 seconds
[2025-04-05T12:07:21.918+0000] {processor.py:186} INFO - Started process (PID=82) to work on /home/airflow/.local/lib/python3.12/site-packages/airflow/example_dags/example_complex.py
[2025-04-05T12:07:21.919+0000] {processor.py:914} INFO - Processing file /home/airflow/.local/lib/python3.12/site-packages/airflow/example_dags/example_complex.py for tasks to queue
[2025-04-05T12:07:21.921+0000] {logging_mixin.py:190} INFO - [2025-04-05T12:07:21.921+0000] {dagbag.py:588} INFO - Filling up the DagBag from /home/airflow/.local/lib/python3.12/site-packages/airflow/example_dags/example_complex.py
[2025-04-05T12:07:21.930+0000] {processor.py:925} INFO - DAG(s) 'example_complex' retrieved from /home/airflow/.local/lib/python3.12/site-packages/airflow/example_dags/example_complex.py
[2025-04-05T12:07:21.956+0000] {logging_mixin.py:190} INFO - [2025-04-05T12:07:21.956+0000] {dag.py:3239} INFO - Sync 1 DAGs
[2025-04-05T12:07:21.964+0000] {logging_mixin.py:190} INFO - [2025-04-05T12:07:21.964+0000] {dag.py:4180} INFO - Setting next_dagrun for example_complex to None, run_after=None
[2025-04-05T12:07:21.983+0000] {processor.py:208} INFO - Processing /home/airflow/.local/lib/python3.12/site-packages/airflow/example_dags/example_complex.py took 0.071 seconds
[2025-04-05T12:07:52.941+0000] {processor.py:186} INFO - Started process (PID=146) to work on /home/airflow/.local/lib/python3.12/site-packages/airflow/example_dags/example_complex.py
[2025-04-05T12:07:52.942+0000] {processor.py:914} INFO - Processing file /home/airflow/.local/lib/python3.12/site-packages/airflow/example_dags/example_complex.py for tasks to queue
[2025-04-05T12:07:52.943+0000] {logging_mixin.py:190} INFO - [2025-04-05T12:07:52.943+0000] {dagbag.py:588} INFO - Filling up the DagBag from /home/airflow/.local/lib/python3.12/site-packages/airflow/example_dags/example_complex.py
[2025-04-05T12:07:52.949+0000] {processor.py:925} INFO - DAG(s) 'example_complex' retrieved from /home/airflow/.local/lib/python3.12/site-packages/airflow/example_dags/example_complex.py
[2025-04-05T12:07:52.964+0000] {logging_mixin.py:190} INFO - [2025-04-05T12:07:52.964+0000] {dag.py:3239} INFO - Sync 1 DAGs
[2025-04-05T12:07:52.971+0000] {logging_mixin.py:190} INFO - [2025-04-05T12:07:52.971+0000] {dag.py:4180} INFO - Setting next_dagrun for example_complex to None, run_after=None
[2025-04-05T12:07:52.978+0000] {processor.py:208} INFO - Processing /home/airflow/.local/lib/python3.12/site-packages/airflow/example_dags/example_complex.py took 0.040 seconds
[2025-04-05T12:08:23.590+0000] {processor.py:186} INFO - Started process (PID=216) to work on /home/airflow/.local/lib/python3.12/site-packages/airflow/example_dags/example_complex.py
[2025-04-05T12:08:23.591+0000] {processor.py:914} INFO - Processing file /home/airflow/.local/lib/python3.12/site-packages/airflow/example_dags/example_complex.py for tasks to queue
[2025-04-05T12:08:23.593+0000] {logging_mixin.py:190} INFO - [2025-04-05T12:08:23.592+0000] {dagbag.py:588} INFO - Filling up the DagBag from /home/airflow/.local/lib/python3.12/site-packages/airflow/example_dags/example_complex.py
[2025-04-05T12:08:23.599+0000] {processor.py:925} INFO - DAG(s) 'example_complex' retrieved from /home/airflow/.local/lib/python3.12/site-packages/airflow/example_dags/example_complex.py
[2025-04-05T12:08:23.616+0000] {logging_mixin.py:190} INFO - [2025-04-05T12:08:23.616+0000] {dag.py:3239} INFO - Sync 1 DAGs
[2025-04-05T12:08:23.624+0000] {logging_mixin.py:190} INFO - [2025-04-05T12:08:23.624+0000] {dag.py:4180} INFO - Setting next_dagrun for example_complex to None, run_after=None
[2025-04-05T12:08:23.633+0000] {processor.py:208} INFO - Processing /home/airflow/.local/lib/python3.12/site-packages/airflow/example_dags/example_complex.py took 0.047 seconds
[2025-04-05T12:08:54.411+0000] {processor.py:186} INFO - Started process (PID=280) to work on /home/airflow/.local/lib/python3.12/site-packages/airflow/example_dags/example_complex.py
[2025-04-05T12:08:54.412+0000] {processor.py:914} INFO - Processing file /home/airflow/.local/lib/python3.12/site-packages/airflow/example_dags/example_complex.py for tasks to queue
[2025-04-05T12:08:54.418+0000] {logging_mixin.py:190} INFO - [2025-04-05T12:08:54.417+0000] {dagbag.py:588} INFO - Filling up the DagBag from /home/airflow/.local/lib/python3.12/site-packages/airflow/example_dags/example_complex.py
[2025-04-05T12:08:54.431+0000] {processor.py:925} INFO - DAG(s) 'example_complex' retrieved from /home/airflow/.local/lib/python3.12/site-packages/airflow/example_dags/example_complex.py
[2025-04-05T12:08:54.463+0000] {logging_mixin.py:190} INFO - [2025-04-05T12:08:54.462+0000] {dag.py:3239} INFO - Sync 1 DAGs
[2025-04-05T12:08:54.474+0000] {logging_mixin.py:190} INFO - [2025-04-05T12:08:54.473+0000] {dag.py:4180} INFO - Setting next_dagrun for example_complex to None, run_after=None
[2025-04-05T12:08:54.489+0000] {processor.py:208} INFO - Processing /home/airflow/.local/lib/python3.12/site-packages/airflow/example_dags/example_complex.py took 0.088 seconds
[2025-04-05T12:09:25.475+0000] {processor.py:186} INFO - Started process (PID=344) to work on /home/airflow/.local/lib/python3.12/site-packages/airflow/example_dags/example_complex.py
[2025-04-05T12:09:25.478+0000] {processor.py:914} INFO - Processing file /home/airflow/.local/lib/python3.12/site-packages/airflow/example_dags/example_complex.py for tasks to queue
[2025-04-05T12:09:25.484+0000] {logging_mixin.py:190} INFO - [2025-04-05T12:09:25.484+0000] {dagbag.py:588} INFO - Filling up the DagBag from /home/airflow/.local/lib/python3.12/site-packages/airflow/example_dags/example_complex.py
[2025-04-05T12:09:25.503+0000] {processor.py:925} INFO - DAG(s) 'example_complex' retrieved from /home/airflow/.local/lib/python3.12/site-packages/airflow/example_dags/example_complex.py
[2025-04-05T12:09:25.534+0000] {logging_mixin.py:190} INFO - [2025-04-05T12:09:25.534+0000] {dag.py:3239} INFO - Sync 1 DAGs
[2025-04-05T12:09:25.547+0000] {logging_mixin.py:190} INFO - [2025-04-05T12:09:25.547+0000] {dag.py:4180} INFO - Setting next_dagrun for example_complex to None, run_after=None
[2025-04-05T12:09:25.556+0000] {processor.py:208} INFO - Processing /home/airflow/.local/lib/python3.12/site-packages/airflow/example_dags/example_complex.py took 0.087 seconds
[2025-04-05T12:09:56.080+0000] {processor.py:186} INFO - Started process (PID=408) to work on /home/airflow/.local/lib/python3.12/site-packages/airflow/example_dags/example_complex.py
[2025-04-05T12:09:56.081+0000] {processor.py:914} INFO - Processing file /home/airflow/.local/lib/python3.12/site-packages/airflow/example_dags/example_complex.py for tasks to queue
[2025-04-05T12:09:56.082+0000] {logging_mixin.py:190} INFO - [2025-04-05T12:09:56.082+0000] {dagbag.py:588} INFO - Filling up the DagBag from /home/airflow/.local/lib/python3.12/site-packages/airflow/example_dags/example_complex.py
[2025-04-05T12:09:56.090+0000] {processor.py:925} INFO - DAG(s) 'example_complex' retrieved from /home/airflow/.local/lib/python3.12/site-packages/airflow/example_dags/example_complex.py
[2025-04-05T12:09:56.113+0000] {logging_mixin.py:190} INFO - [2025-04-05T12:09:56.113+0000] {dag.py:3239} INFO - Sync 1 DAGs
[2025-04-05T12:09:56.122+0000] {logging_mixin.py:190} INFO - [2025-04-05T12:09:56.122+0000] {dag.py:4180} INFO - Setting next_dagrun for example_complex to None, run_after=None
[2025-04-05T12:09:56.135+0000] {processor.py:208} INFO - Processing /home/airflow/.local/lib/python3.12/site-packages/airflow/example_dags/example_complex.py took 0.060 seconds
[2025-04-05T12:10:26.662+0000] {processor.py:186} INFO - Started process (PID=471) to work on /home/airflow/.local/lib/python3.12/site-packages/airflow/example_dags/example_complex.py
[2025-04-05T12:10:26.664+0000] {processor.py:914} INFO - Processing file /home/airflow/.local/lib/python3.12/site-packages/airflow/example_dags/example_complex.py for tasks to queue
[2025-04-05T12:10:26.667+0000] {logging_mixin.py:190} INFO - [2025-04-05T12:10:26.667+0000] {dagbag.py:588} INFO - Filling up the DagBag from /home/airflow/.local/lib/python3.12/site-packages/airflow/example_dags/example_complex.py
[2025-04-05T12:10:26.676+0000] {processor.py:925} INFO - DAG(s) 'example_complex' retrieved from /home/airflow/.local/lib/python3.12/site-packages/airflow/example_dags/example_complex.py
[2025-04-05T12:10:26.697+0000] {logging_mixin.py:190} INFO - [2025-04-05T12:10:26.697+0000] {dag.py:3239} INFO - Sync 1 DAGs
[2025-04-05T12:10:26.707+0000] {logging_mixin.py:190} INFO - [2025-04-05T12:10:26.707+0000] {dag.py:4180} INFO - Setting next_dagrun for example_complex to None, run_after=None
[2025-04-05T12:10:26.720+0000] {processor.py:208} INFO - Processing /home/airflow/.local/lib/python3.12/site-packages/airflow/example_dags/example_complex.py took 0.062 seconds
[2025-04-05T12:10:57.394+0000] {processor.py:186} INFO - Started process (PID=535) to work on /home/airflow/.local/lib/python3.12/site-packages/airflow/example_dags/example_complex.py
[2025-04-05T12:10:57.396+0000] {processor.py:914} INFO - Processing file /home/airflow/.local/lib/python3.12/site-packages/airflow/example_dags/example_complex.py for tasks to queue
[2025-04-05T12:10:57.398+0000] {logging_mixin.py:190} INFO - [2025-04-05T12:10:57.398+0000] {dagbag.py:588} INFO - Filling up the DagBag from /home/airflow/.local/lib/python3.12/site-packages/airflow/example_dags/example_complex.py
[2025-04-05T12:10:57.410+0000] {processor.py:925} INFO - DAG(s) 'example_complex' retrieved from /home/airflow/.local/lib/python3.12/site-packages/airflow/example_dags/example_complex.py
[2025-04-05T12:10:57.435+0000] {logging_mixin.py:190} INFO - [2025-04-05T12:10:57.435+0000] {dag.py:3239} INFO - Sync 1 DAGs
[2025-04-05T12:10:57.442+0000] {logging_mixin.py:190} INFO - [2025-04-05T12:10:57.442+0000] {dag.py:4180} INFO - Setting next_dagrun for example_complex to None, run_after=None
[2025-04-05T12:10:57.454+0000] {processor.py:208} INFO - Processing /home/airflow/.local/lib/python3.12/site-packages/airflow/example_dags/example_complex.py took 0.067 seconds
[2025-04-05T12:11:28.299+0000] {processor.py:186} INFO - Started process (PID=599) to work on /home/airflow/.local/lib/python3.12/site-packages/airflow/example_dags/example_complex.py
[2025-04-05T12:11:28.303+0000] {processor.py:914} INFO - Processing file /home/airflow/.local/lib/python3.12/site-packages/airflow/example_dags/example_complex.py for tasks to queue
[2025-04-05T12:11:28.306+0000] {logging_mixin.py:190} INFO - [2025-04-05T12:11:28.306+0000] {dagbag.py:588} INFO - Filling up the DagBag from /home/airflow/.local/lib/python3.12/site-packages/airflow/example_dags/example_complex.py
[2025-04-05T12:11:28.315+0000] {processor.py:925} INFO - DAG(s) 'example_complex' retrieved from /home/airflow/.local/lib/python3.12/site-packages/airflow/example_dags/example_complex.py
[2025-04-05T12:11:28.339+0000] {logging_mixin.py:190} INFO - [2025-04-05T12:11:28.339+0000] {dag.py:3239} INFO - Sync 1 DAGs
[2025-04-05T12:11:28.348+0000] {logging_mixin.py:190} INFO - [2025-04-05T12:11:28.348+0000] {dag.py:4180} INFO - Setting next_dagrun for example_complex to None, run_after=None
[2025-04-05T12:11:28.358+0000] {processor.py:208} INFO - Processing /home/airflow/.local/lib/python3.12/site-packages/airflow/example_dags/example_complex.py took 0.064 seconds
[2025-04-05T12:11:58.690+0000] {processor.py:186} INFO - Started process (PID=661) to work on /home/airflow/.local/lib/python3.12/site-packages/airflow/example_dags/example_complex.py
[2025-04-05T12:11:58.691+0000] {processor.py:914} INFO - Processing file /home/airflow/.local/lib/python3.12/site-packages/airflow/example_dags/example_complex.py for tasks to queue
[2025-04-05T12:11:58.693+0000] {logging_mixin.py:190} INFO - [2025-04-05T12:11:58.692+0000] {dagbag.py:588} INFO - Filling up the DagBag from /home/airflow/.local/lib/python3.12/site-packages/airflow/example_dags/example_complex.py
[2025-04-05T12:11:58.703+0000] {processor.py:925} INFO - DAG(s) 'example_complex' retrieved from /home/airflow/.local/lib/python3.12/site-packages/airflow/example_dags/example_complex.py
[2025-04-05T12:11:58.723+0000] {logging_mixin.py:190} INFO - [2025-04-05T12:11:58.723+0000] {dag.py:3239} INFO - Sync 1 DAGs
[2025-04-05T12:11:58.734+0000] {logging_mixin.py:190} INFO - [2025-04-05T12:11:58.734+0000] {dag.py:4180} INFO - Setting next_dagrun for example_complex to None, run_after=None
[2025-04-05T12:11:58.746+0000] {processor.py:208} INFO - Processing /home/airflow/.local/lib/python3.12/site-packages/airflow/example_dags/example_complex.py took 0.061 seconds
