[2025-04-05T11:23:26.330+0000] {processor.py:186} INFO - Started process (PID=110) to work on /home/airflow/.local/lib/python3.12/site-packages/airflow/example_dags/example_skip_dag.py
[2025-04-05T11:23:26.331+0000] {processor.py:914} INFO - Processing file /home/airflow/.local/lib/python3.12/site-packages/airflow/example_dags/example_skip_dag.py for tasks to queue
[2025-04-05T11:23:26.334+0000] {logging_mixin.py:190} INFO - [2025-04-05T11:23:26.334+0000] {dagbag.py:588} INFO - Filling up the DagBag from /home/airflow/.local/lib/python3.12/site-packages/airflow/example_dags/example_skip_dag.py
[2025-04-05T11:23:26.339+0000] {processor.py:925} INFO - DAG(s) 'example_skip_dag' retrieved from /home/airflow/.local/lib/python3.12/site-packages/airflow/example_dags/example_skip_dag.py
[2025-04-05T11:23:26.390+0000] {logging_mixin.py:190} INFO - [2025-04-05T11:23:26.389+0000] {override.py:1912} INFO - Created Permission View: can edit on DAG:example_skip_dag
[2025-04-05T11:23:26.394+0000] {logging_mixin.py:190} INFO - [2025-04-05T11:23:26.394+0000] {override.py:1912} INFO - Created Permission View: can read on DAG:example_skip_dag
[2025-04-05T11:23:26.396+0000] {logging_mixin.py:190} INFO - [2025-04-05T11:23:26.396+0000] {override.py:1912} INFO - Created Permission View: can delete on DAG:example_skip_dag
[2025-04-05T11:23:26.399+0000] {logging_mixin.py:190} INFO - [2025-04-05T11:23:26.399+0000] {override.py:1912} INFO - Created Permission View: menu access on DAG Run:example_skip_dag
[2025-04-05T11:23:26.401+0000] {logging_mixin.py:190} INFO - [2025-04-05T11:23:26.401+0000] {override.py:1912} INFO - Created Permission View: can read on DAG Run:example_skip_dag
[2025-04-05T11:23:26.403+0000] {logging_mixin.py:190} INFO - [2025-04-05T11:23:26.403+0000] {override.py:1912} INFO - Created Permission View: can create on DAG Run:example_skip_dag
[2025-04-05T11:23:26.405+0000] {logging_mixin.py:190} INFO - [2025-04-05T11:23:26.405+0000] {override.py:1912} INFO - Created Permission View: can delete on DAG Run:example_skip_dag
[2025-04-05T11:23:26.406+0000] {logging_mixin.py:190} INFO - [2025-04-05T11:23:26.406+0000] {dag.py:3239} INFO - Sync 1 DAGs
[2025-04-05T11:23:26.411+0000] {logging_mixin.py:190} INFO - [2025-04-05T11:23:26.411+0000] {dag.py:3262} INFO - Creating ORM DAG for example_skip_dag
[2025-04-05T11:23:26.416+0000] {logging_mixin.py:190} INFO - [2025-04-05T11:23:26.415+0000] {dag.py:4180} INFO - Setting next_dagrun for example_skip_dag to 2025-04-04 00:00:00+00:00, run_after=2025-04-05 00:00:00+00:00
[2025-04-05T11:23:26.422+0000] {processor.py:208} INFO - Processing /home/airflow/.local/lib/python3.12/site-packages/airflow/example_dags/example_skip_dag.py took 0.095 seconds
[2025-04-05T11:23:56.816+0000] {processor.py:186} INFO - Started process (PID=173) to work on /home/airflow/.local/lib/python3.12/site-packages/airflow/example_dags/example_skip_dag.py
[2025-04-05T11:23:56.816+0000] {processor.py:914} INFO - Processing file /home/airflow/.local/lib/python3.12/site-packages/airflow/example_dags/example_skip_dag.py for tasks to queue
[2025-04-05T11:23:56.820+0000] {logging_mixin.py:190} INFO - [2025-04-05T11:23:56.820+0000] {dagbag.py:588} INFO - Filling up the DagBag from /home/airflow/.local/lib/python3.12/site-packages/airflow/example_dags/example_skip_dag.py
[2025-04-05T11:23:56.825+0000] {processor.py:925} INFO - DAG(s) 'example_skip_dag' retrieved from /home/airflow/.local/lib/python3.12/site-packages/airflow/example_dags/example_skip_dag.py
[2025-04-05T11:23:56.836+0000] {logging_mixin.py:190} INFO - [2025-04-05T11:23:56.836+0000] {dag.py:3239} INFO - Sync 1 DAGs
[2025-04-05T11:23:56.848+0000] {logging_mixin.py:190} INFO - [2025-04-05T11:23:56.848+0000] {dag.py:4180} INFO - Setting next_dagrun for example_skip_dag to 2025-04-04 00:00:00+00:00, run_after=2025-04-05 00:00:00+00:00
[2025-04-05T11:23:56.859+0000] {processor.py:208} INFO - Processing /home/airflow/.local/lib/python3.12/site-packages/airflow/example_dags/example_skip_dag.py took 0.046 seconds
[2025-04-05T11:24:27.263+0000] {processor.py:186} INFO - Started process (PID=236) to work on /home/airflow/.local/lib/python3.12/site-packages/airflow/example_dags/example_skip_dag.py
[2025-04-05T11:24:27.264+0000] {processor.py:914} INFO - Processing file /home/airflow/.local/lib/python3.12/site-packages/airflow/example_dags/example_skip_dag.py for tasks to queue
[2025-04-05T11:24:27.265+0000] {logging_mixin.py:190} INFO - [2025-04-05T11:24:27.265+0000] {dagbag.py:588} INFO - Filling up the DagBag from /home/airflow/.local/lib/python3.12/site-packages/airflow/example_dags/example_skip_dag.py
[2025-04-05T11:24:27.269+0000] {processor.py:925} INFO - DAG(s) 'example_skip_dag' retrieved from /home/airflow/.local/lib/python3.12/site-packages/airflow/example_dags/example_skip_dag.py
[2025-04-05T11:24:27.280+0000] {logging_mixin.py:190} INFO - [2025-04-05T11:24:27.280+0000] {dag.py:3239} INFO - Sync 1 DAGs
[2025-04-05T11:24:27.290+0000] {logging_mixin.py:190} INFO - [2025-04-05T11:24:27.290+0000] {dag.py:4180} INFO - Setting next_dagrun for example_skip_dag to 2025-04-04 00:00:00+00:00, run_after=2025-04-05 00:00:00+00:00
[2025-04-05T11:24:27.300+0000] {processor.py:208} INFO - Processing /home/airflow/.local/lib/python3.12/site-packages/airflow/example_dags/example_skip_dag.py took 0.040 seconds
[2025-04-05T11:24:58.353+0000] {processor.py:186} INFO - Started process (PID=299) to work on /home/airflow/.local/lib/python3.12/site-packages/airflow/example_dags/example_skip_dag.py
[2025-04-05T11:24:58.354+0000] {processor.py:914} INFO - Processing file /home/airflow/.local/lib/python3.12/site-packages/airflow/example_dags/example_skip_dag.py for tasks to queue
[2025-04-05T11:24:58.355+0000] {logging_mixin.py:190} INFO - [2025-04-05T11:24:58.355+0000] {dagbag.py:588} INFO - Filling up the DagBag from /home/airflow/.local/lib/python3.12/site-packages/airflow/example_dags/example_skip_dag.py
[2025-04-05T11:24:58.360+0000] {processor.py:925} INFO - DAG(s) 'example_skip_dag' retrieved from /home/airflow/.local/lib/python3.12/site-packages/airflow/example_dags/example_skip_dag.py
[2025-04-05T11:24:58.371+0000] {logging_mixin.py:190} INFO - [2025-04-05T11:24:58.371+0000] {dag.py:3239} INFO - Sync 1 DAGs
[2025-04-05T11:24:58.387+0000] {logging_mixin.py:190} INFO - [2025-04-05T11:24:58.387+0000] {dag.py:4180} INFO - Setting next_dagrun for example_skip_dag to 2025-04-04 00:00:00+00:00, run_after=2025-04-05 00:00:00+00:00
[2025-04-05T11:24:58.396+0000] {processor.py:208} INFO - Processing /home/airflow/.local/lib/python3.12/site-packages/airflow/example_dags/example_skip_dag.py took 0.046 seconds
[2025-04-05T11:25:29.788+0000] {processor.py:186} INFO - Started process (PID=362) to work on /home/airflow/.local/lib/python3.12/site-packages/airflow/example_dags/example_skip_dag.py
[2025-04-05T11:25:29.792+0000] {processor.py:914} INFO - Processing file /home/airflow/.local/lib/python3.12/site-packages/airflow/example_dags/example_skip_dag.py for tasks to queue
[2025-04-05T11:25:29.795+0000] {logging_mixin.py:190} INFO - [2025-04-05T11:25:29.794+0000] {dagbag.py:588} INFO - Filling up the DagBag from /home/airflow/.local/lib/python3.12/site-packages/airflow/example_dags/example_skip_dag.py
[2025-04-05T11:25:29.800+0000] {processor.py:925} INFO - DAG(s) 'example_skip_dag' retrieved from /home/airflow/.local/lib/python3.12/site-packages/airflow/example_dags/example_skip_dag.py
[2025-04-05T11:25:29.812+0000] {logging_mixin.py:190} INFO - [2025-04-05T11:25:29.812+0000] {dag.py:3239} INFO - Sync 1 DAGs
[2025-04-05T11:25:29.825+0000] {logging_mixin.py:190} INFO - [2025-04-05T11:25:29.825+0000] {dag.py:4180} INFO - Setting next_dagrun for example_skip_dag to 2025-04-04 00:00:00+00:00, run_after=2025-04-05 00:00:00+00:00
[2025-04-05T11:25:29.835+0000] {processor.py:208} INFO - Processing /home/airflow/.local/lib/python3.12/site-packages/airflow/example_dags/example_skip_dag.py took 0.053 seconds
[2025-04-05T11:26:01.614+0000] {processor.py:186} INFO - Started process (PID=425) to work on /home/airflow/.local/lib/python3.12/site-packages/airflow/example_dags/example_skip_dag.py
[2025-04-05T11:26:01.616+0000] {processor.py:914} INFO - Processing file /home/airflow/.local/lib/python3.12/site-packages/airflow/example_dags/example_skip_dag.py for tasks to queue
[2025-04-05T11:26:01.617+0000] {logging_mixin.py:190} INFO - [2025-04-05T11:26:01.617+0000] {dagbag.py:588} INFO - Filling up the DagBag from /home/airflow/.local/lib/python3.12/site-packages/airflow/example_dags/example_skip_dag.py
[2025-04-05T11:26:01.621+0000] {processor.py:925} INFO - DAG(s) 'example_skip_dag' retrieved from /home/airflow/.local/lib/python3.12/site-packages/airflow/example_dags/example_skip_dag.py
[2025-04-05T11:26:01.632+0000] {logging_mixin.py:190} INFO - [2025-04-05T11:26:01.632+0000] {dag.py:3239} INFO - Sync 1 DAGs
[2025-04-05T11:26:01.645+0000] {logging_mixin.py:190} INFO - [2025-04-05T11:26:01.645+0000] {dag.py:4180} INFO - Setting next_dagrun for example_skip_dag to 2025-04-04 00:00:00+00:00, run_after=2025-04-05 00:00:00+00:00
[2025-04-05T11:26:01.655+0000] {processor.py:208} INFO - Processing /home/airflow/.local/lib/python3.12/site-packages/airflow/example_dags/example_skip_dag.py took 0.045 seconds
[2025-04-05T11:26:32.231+0000] {processor.py:186} INFO - Started process (PID=488) to work on /home/airflow/.local/lib/python3.12/site-packages/airflow/example_dags/example_skip_dag.py
[2025-04-05T11:26:32.232+0000] {processor.py:914} INFO - Processing file /home/airflow/.local/lib/python3.12/site-packages/airflow/example_dags/example_skip_dag.py for tasks to queue
[2025-04-05T11:26:32.233+0000] {logging_mixin.py:190} INFO - [2025-04-05T11:26:32.233+0000] {dagbag.py:588} INFO - Filling up the DagBag from /home/airflow/.local/lib/python3.12/site-packages/airflow/example_dags/example_skip_dag.py
[2025-04-05T11:26:32.238+0000] {processor.py:925} INFO - DAG(s) 'example_skip_dag' retrieved from /home/airflow/.local/lib/python3.12/site-packages/airflow/example_dags/example_skip_dag.py
[2025-04-05T11:26:32.250+0000] {logging_mixin.py:190} INFO - [2025-04-05T11:26:32.250+0000] {dag.py:3239} INFO - Sync 1 DAGs
[2025-04-05T11:26:32.262+0000] {logging_mixin.py:190} INFO - [2025-04-05T11:26:32.262+0000] {dag.py:4180} INFO - Setting next_dagrun for example_skip_dag to 2025-04-04 00:00:00+00:00, run_after=2025-04-05 00:00:00+00:00
[2025-04-05T11:26:32.276+0000] {processor.py:208} INFO - Processing /home/airflow/.local/lib/python3.12/site-packages/airflow/example_dags/example_skip_dag.py took 0.051 seconds
[2025-04-05T11:27:03.842+0000] {processor.py:186} INFO - Started process (PID=551) to work on /home/airflow/.local/lib/python3.12/site-packages/airflow/example_dags/example_skip_dag.py
[2025-04-05T11:27:03.844+0000] {processor.py:914} INFO - Processing file /home/airflow/.local/lib/python3.12/site-packages/airflow/example_dags/example_skip_dag.py for tasks to queue
[2025-04-05T11:27:03.846+0000] {logging_mixin.py:190} INFO - [2025-04-05T11:27:03.846+0000] {dagbag.py:588} INFO - Filling up the DagBag from /home/airflow/.local/lib/python3.12/site-packages/airflow/example_dags/example_skip_dag.py
[2025-04-05T11:27:03.853+0000] {processor.py:925} INFO - DAG(s) 'example_skip_dag' retrieved from /home/airflow/.local/lib/python3.12/site-packages/airflow/example_dags/example_skip_dag.py
[2025-04-05T11:27:03.878+0000] {logging_mixin.py:190} INFO - [2025-04-05T11:27:03.878+0000] {dag.py:3239} INFO - Sync 1 DAGs
[2025-04-05T11:27:03.894+0000] {logging_mixin.py:190} INFO - [2025-04-05T11:27:03.894+0000] {dag.py:4180} INFO - Setting next_dagrun for example_skip_dag to 2025-04-04 00:00:00+00:00, run_after=2025-04-05 00:00:00+00:00
[2025-04-05T11:27:03.904+0000] {processor.py:208} INFO - Processing /home/airflow/.local/lib/python3.12/site-packages/airflow/example_dags/example_skip_dag.py took 0.068 seconds
[2025-04-05T11:32:00.323+0000] {processor.py:186} INFO - Started process (PID=110) to work on /home/airflow/.local/lib/python3.12/site-packages/airflow/example_dags/example_skip_dag.py
[2025-04-05T11:32:00.325+0000] {processor.py:914} INFO - Processing file /home/airflow/.local/lib/python3.12/site-packages/airflow/example_dags/example_skip_dag.py for tasks to queue
[2025-04-05T11:32:00.330+0000] {logging_mixin.py:190} INFO - [2025-04-05T11:32:00.329+0000] {dagbag.py:588} INFO - Filling up the DagBag from /home/airflow/.local/lib/python3.12/site-packages/airflow/example_dags/example_skip_dag.py
[2025-04-05T11:32:00.352+0000] {processor.py:925} INFO - DAG(s) 'example_skip_dag' retrieved from /home/airflow/.local/lib/python3.12/site-packages/airflow/example_dags/example_skip_dag.py
[2025-04-05T11:32:00.410+0000] {logging_mixin.py:190} INFO - [2025-04-05T11:32:00.410+0000] {dag.py:3239} INFO - Sync 1 DAGs
[2025-04-05T11:32:00.447+0000] {logging_mixin.py:190} INFO - [2025-04-05T11:32:00.447+0000] {dag.py:4180} INFO - Setting next_dagrun for example_skip_dag to 2025-04-04 00:00:00+00:00, run_after=2025-04-05 00:00:00+00:00
[2025-04-05T11:32:00.467+0000] {processor.py:208} INFO - Processing /home/airflow/.local/lib/python3.12/site-packages/airflow/example_dags/example_skip_dag.py took 0.148 seconds
[2025-04-05T11:32:31.065+0000] {processor.py:186} INFO - Started process (PID=173) to work on /home/airflow/.local/lib/python3.12/site-packages/airflow/example_dags/example_skip_dag.py
[2025-04-05T11:32:31.066+0000] {processor.py:914} INFO - Processing file /home/airflow/.local/lib/python3.12/site-packages/airflow/example_dags/example_skip_dag.py for tasks to queue
[2025-04-05T11:32:31.068+0000] {logging_mixin.py:190} INFO - [2025-04-05T11:32:31.067+0000] {dagbag.py:588} INFO - Filling up the DagBag from /home/airflow/.local/lib/python3.12/site-packages/airflow/example_dags/example_skip_dag.py
[2025-04-05T11:32:31.072+0000] {processor.py:925} INFO - DAG(s) 'example_skip_dag' retrieved from /home/airflow/.local/lib/python3.12/site-packages/airflow/example_dags/example_skip_dag.py
[2025-04-05T11:32:31.083+0000] {logging_mixin.py:190} INFO - [2025-04-05T11:32:31.083+0000] {dag.py:3239} INFO - Sync 1 DAGs
[2025-04-05T11:32:31.094+0000] {logging_mixin.py:190} INFO - [2025-04-05T11:32:31.094+0000] {dag.py:4180} INFO - Setting next_dagrun for example_skip_dag to 2025-04-04 00:00:00+00:00, run_after=2025-04-05 00:00:00+00:00
[2025-04-05T11:32:31.102+0000] {processor.py:208} INFO - Processing /home/airflow/.local/lib/python3.12/site-packages/airflow/example_dags/example_skip_dag.py took 0.040 seconds
[2025-04-05T11:39:09.208+0000] {processor.py:186} INFO - Started process (PID=115) to work on /home/airflow/.local/lib/python3.12/site-packages/airflow/example_dags/example_skip_dag.py
[2025-04-05T11:39:09.209+0000] {processor.py:914} INFO - Processing file /home/airflow/.local/lib/python3.12/site-packages/airflow/example_dags/example_skip_dag.py for tasks to queue
[2025-04-05T11:39:09.211+0000] {logging_mixin.py:190} INFO - [2025-04-05T11:39:09.210+0000] {dagbag.py:588} INFO - Filling up the DagBag from /home/airflow/.local/lib/python3.12/site-packages/airflow/example_dags/example_skip_dag.py
[2025-04-05T11:39:09.216+0000] {processor.py:925} INFO - DAG(s) 'example_skip_dag' retrieved from /home/airflow/.local/lib/python3.12/site-packages/airflow/example_dags/example_skip_dag.py
[2025-04-05T11:39:09.230+0000] {logging_mixin.py:190} INFO - [2025-04-05T11:39:09.230+0000] {dag.py:3239} INFO - Sync 1 DAGs
[2025-04-05T11:39:09.240+0000] {logging_mixin.py:190} INFO - [2025-04-05T11:39:09.240+0000] {dag.py:4180} INFO - Setting next_dagrun for example_skip_dag to 2025-04-04 00:00:00+00:00, run_after=2025-04-05 00:00:00+00:00
[2025-04-05T11:39:09.248+0000] {processor.py:208} INFO - Processing /home/airflow/.local/lib/python3.12/site-packages/airflow/example_dags/example_skip_dag.py took 0.043 seconds
[2025-04-05T11:39:40.586+0000] {processor.py:186} INFO - Started process (PID=179) to work on /home/airflow/.local/lib/python3.12/site-packages/airflow/example_dags/example_skip_dag.py
[2025-04-05T11:39:40.590+0000] {processor.py:914} INFO - Processing file /home/airflow/.local/lib/python3.12/site-packages/airflow/example_dags/example_skip_dag.py for tasks to queue
[2025-04-05T11:39:40.593+0000] {logging_mixin.py:190} INFO - [2025-04-05T11:39:40.593+0000] {dagbag.py:588} INFO - Filling up the DagBag from /home/airflow/.local/lib/python3.12/site-packages/airflow/example_dags/example_skip_dag.py
[2025-04-05T11:39:40.599+0000] {processor.py:925} INFO - DAG(s) 'example_skip_dag' retrieved from /home/airflow/.local/lib/python3.12/site-packages/airflow/example_dags/example_skip_dag.py
[2025-04-05T11:39:40.614+0000] {logging_mixin.py:190} INFO - [2025-04-05T11:39:40.613+0000] {dag.py:3239} INFO - Sync 1 DAGs
[2025-04-05T11:39:40.629+0000] {logging_mixin.py:190} INFO - [2025-04-05T11:39:40.629+0000] {dag.py:4180} INFO - Setting next_dagrun for example_skip_dag to 2025-04-04 00:00:00+00:00, run_after=2025-04-05 00:00:00+00:00
[2025-04-05T11:39:40.640+0000] {processor.py:208} INFO - Processing /home/airflow/.local/lib/python3.12/site-packages/airflow/example_dags/example_skip_dag.py took 0.058 seconds
[2025-04-05T11:40:11.608+0000] {processor.py:186} INFO - Started process (PID=242) to work on /home/airflow/.local/lib/python3.12/site-packages/airflow/example_dags/example_skip_dag.py
[2025-04-05T11:40:11.609+0000] {processor.py:914} INFO - Processing file /home/airflow/.local/lib/python3.12/site-packages/airflow/example_dags/example_skip_dag.py for tasks to queue
[2025-04-05T11:40:11.611+0000] {logging_mixin.py:190} INFO - [2025-04-05T11:40:11.611+0000] {dagbag.py:588} INFO - Filling up the DagBag from /home/airflow/.local/lib/python3.12/site-packages/airflow/example_dags/example_skip_dag.py
[2025-04-05T11:40:11.616+0000] {processor.py:925} INFO - DAG(s) 'example_skip_dag' retrieved from /home/airflow/.local/lib/python3.12/site-packages/airflow/example_dags/example_skip_dag.py
[2025-04-05T11:40:11.627+0000] {logging_mixin.py:190} INFO - [2025-04-05T11:40:11.627+0000] {dag.py:3239} INFO - Sync 1 DAGs
[2025-04-05T11:40:11.645+0000] {logging_mixin.py:190} INFO - [2025-04-05T11:40:11.645+0000] {dag.py:4180} INFO - Setting next_dagrun for example_skip_dag to 2025-04-04 00:00:00+00:00, run_after=2025-04-05 00:00:00+00:00
[2025-04-05T11:40:11.659+0000] {processor.py:208} INFO - Processing /home/airflow/.local/lib/python3.12/site-packages/airflow/example_dags/example_skip_dag.py took 0.058 seconds
[2025-04-05T11:40:42.003+0000] {processor.py:186} INFO - Started process (PID=305) to work on /home/airflow/.local/lib/python3.12/site-packages/airflow/example_dags/example_skip_dag.py
[2025-04-05T11:40:42.004+0000] {processor.py:914} INFO - Processing file /home/airflow/.local/lib/python3.12/site-packages/airflow/example_dags/example_skip_dag.py for tasks to queue
[2025-04-05T11:40:42.005+0000] {logging_mixin.py:190} INFO - [2025-04-05T11:40:42.005+0000] {dagbag.py:588} INFO - Filling up the DagBag from /home/airflow/.local/lib/python3.12/site-packages/airflow/example_dags/example_skip_dag.py
[2025-04-05T11:40:42.010+0000] {processor.py:925} INFO - DAG(s) 'example_skip_dag' retrieved from /home/airflow/.local/lib/python3.12/site-packages/airflow/example_dags/example_skip_dag.py
[2025-04-05T11:40:42.025+0000] {logging_mixin.py:190} INFO - [2025-04-05T11:40:42.025+0000] {dag.py:3239} INFO - Sync 1 DAGs
[2025-04-05T11:40:42.051+0000] {logging_mixin.py:190} INFO - [2025-04-05T11:40:42.051+0000] {dag.py:4180} INFO - Setting next_dagrun for example_skip_dag to 2025-04-04 00:00:00+00:00, run_after=2025-04-05 00:00:00+00:00
[2025-04-05T11:40:42.069+0000] {processor.py:208} INFO - Processing /home/airflow/.local/lib/python3.12/site-packages/airflow/example_dags/example_skip_dag.py took 0.069 seconds
[2025-04-05T11:41:12.921+0000] {processor.py:186} INFO - Started process (PID=368) to work on /home/airflow/.local/lib/python3.12/site-packages/airflow/example_dags/example_skip_dag.py
[2025-04-05T11:41:12.922+0000] {processor.py:914} INFO - Processing file /home/airflow/.local/lib/python3.12/site-packages/airflow/example_dags/example_skip_dag.py for tasks to queue
[2025-04-05T11:41:12.923+0000] {logging_mixin.py:190} INFO - [2025-04-05T11:41:12.923+0000] {dagbag.py:588} INFO - Filling up the DagBag from /home/airflow/.local/lib/python3.12/site-packages/airflow/example_dags/example_skip_dag.py
[2025-04-05T11:41:12.928+0000] {processor.py:925} INFO - DAG(s) 'example_skip_dag' retrieved from /home/airflow/.local/lib/python3.12/site-packages/airflow/example_dags/example_skip_dag.py
[2025-04-05T11:41:12.939+0000] {logging_mixin.py:190} INFO - [2025-04-05T11:41:12.938+0000] {dag.py:3239} INFO - Sync 1 DAGs
[2025-04-05T11:41:12.950+0000] {logging_mixin.py:190} INFO - [2025-04-05T11:41:12.949+0000] {dag.py:4180} INFO - Setting next_dagrun for example_skip_dag to 2025-04-04 00:00:00+00:00, run_after=2025-04-05 00:00:00+00:00
[2025-04-05T11:41:12.958+0000] {processor.py:208} INFO - Processing /home/airflow/.local/lib/python3.12/site-packages/airflow/example_dags/example_skip_dag.py took 0.039 seconds
[2025-04-05T11:41:43.800+0000] {processor.py:186} INFO - Started process (PID=431) to work on /home/airflow/.local/lib/python3.12/site-packages/airflow/example_dags/example_skip_dag.py
[2025-04-05T11:41:43.800+0000] {processor.py:914} INFO - Processing file /home/airflow/.local/lib/python3.12/site-packages/airflow/example_dags/example_skip_dag.py for tasks to queue
[2025-04-05T11:41:43.802+0000] {logging_mixin.py:190} INFO - [2025-04-05T11:41:43.802+0000] {dagbag.py:588} INFO - Filling up the DagBag from /home/airflow/.local/lib/python3.12/site-packages/airflow/example_dags/example_skip_dag.py
[2025-04-05T11:41:43.807+0000] {processor.py:925} INFO - DAG(s) 'example_skip_dag' retrieved from /home/airflow/.local/lib/python3.12/site-packages/airflow/example_dags/example_skip_dag.py
[2025-04-05T11:41:43.824+0000] {logging_mixin.py:190} INFO - [2025-04-05T11:41:43.823+0000] {dag.py:3239} INFO - Sync 1 DAGs
[2025-04-05T11:41:43.839+0000] {logging_mixin.py:190} INFO - [2025-04-05T11:41:43.839+0000] {dag.py:4180} INFO - Setting next_dagrun for example_skip_dag to 2025-04-04 00:00:00+00:00, run_after=2025-04-05 00:00:00+00:00
[2025-04-05T11:41:43.851+0000] {processor.py:208} INFO - Processing /home/airflow/.local/lib/python3.12/site-packages/airflow/example_dags/example_skip_dag.py took 0.056 seconds
[2025-04-05T11:42:14.523+0000] {processor.py:186} INFO - Started process (PID=493) to work on /home/airflow/.local/lib/python3.12/site-packages/airflow/example_dags/example_skip_dag.py
[2025-04-05T11:42:14.524+0000] {processor.py:914} INFO - Processing file /home/airflow/.local/lib/python3.12/site-packages/airflow/example_dags/example_skip_dag.py for tasks to queue
[2025-04-05T11:42:14.525+0000] {logging_mixin.py:190} INFO - [2025-04-05T11:42:14.525+0000] {dagbag.py:588} INFO - Filling up the DagBag from /home/airflow/.local/lib/python3.12/site-packages/airflow/example_dags/example_skip_dag.py
[2025-04-05T11:42:14.531+0000] {processor.py:925} INFO - DAG(s) 'example_skip_dag' retrieved from /home/airflow/.local/lib/python3.12/site-packages/airflow/example_dags/example_skip_dag.py
[2025-04-05T11:42:14.545+0000] {logging_mixin.py:190} INFO - [2025-04-05T11:42:14.545+0000] {dag.py:3239} INFO - Sync 1 DAGs
[2025-04-05T11:42:14.559+0000] {logging_mixin.py:190} INFO - [2025-04-05T11:42:14.559+0000] {dag.py:4180} INFO - Setting next_dagrun for example_skip_dag to 2025-04-04 00:00:00+00:00, run_after=2025-04-05 00:00:00+00:00
[2025-04-05T11:42:14.569+0000] {processor.py:208} INFO - Processing /home/airflow/.local/lib/python3.12/site-packages/airflow/example_dags/example_skip_dag.py took 0.051 seconds
[2025-04-05T11:42:44.834+0000] {processor.py:186} INFO - Started process (PID=555) to work on /home/airflow/.local/lib/python3.12/site-packages/airflow/example_dags/example_skip_dag.py
[2025-04-05T11:42:44.839+0000] {processor.py:914} INFO - Processing file /home/airflow/.local/lib/python3.12/site-packages/airflow/example_dags/example_skip_dag.py for tasks to queue
[2025-04-05T11:42:44.842+0000] {logging_mixin.py:190} INFO - [2025-04-05T11:42:44.842+0000] {dagbag.py:588} INFO - Filling up the DagBag from /home/airflow/.local/lib/python3.12/site-packages/airflow/example_dags/example_skip_dag.py
[2025-04-05T11:42:44.851+0000] {processor.py:925} INFO - DAG(s) 'example_skip_dag' retrieved from /home/airflow/.local/lib/python3.12/site-packages/airflow/example_dags/example_skip_dag.py
[2025-04-05T11:42:44.866+0000] {logging_mixin.py:190} INFO - [2025-04-05T11:42:44.866+0000] {dag.py:3239} INFO - Sync 1 DAGs
[2025-04-05T11:42:44.891+0000] {logging_mixin.py:190} INFO - [2025-04-05T11:42:44.890+0000] {dag.py:4180} INFO - Setting next_dagrun for example_skip_dag to 2025-04-04 00:00:00+00:00, run_after=2025-04-05 00:00:00+00:00
[2025-04-05T11:42:44.905+0000] {processor.py:208} INFO - Processing /home/airflow/.local/lib/python3.12/site-packages/airflow/example_dags/example_skip_dag.py took 0.075 seconds
[2025-04-05T11:44:53.401+0000] {processor.py:186} INFO - Started process (PID=109) to work on /home/airflow/.local/lib/python3.12/site-packages/airflow/example_dags/example_skip_dag.py
[2025-04-05T11:44:53.407+0000] {processor.py:914} INFO - Processing file /home/airflow/.local/lib/python3.12/site-packages/airflow/example_dags/example_skip_dag.py for tasks to queue
[2025-04-05T11:44:53.411+0000] {logging_mixin.py:190} INFO - [2025-04-05T11:44:53.409+0000] {dagbag.py:588} INFO - Filling up the DagBag from /home/airflow/.local/lib/python3.12/site-packages/airflow/example_dags/example_skip_dag.py
[2025-04-05T11:44:53.420+0000] {processor.py:925} INFO - DAG(s) 'example_skip_dag' retrieved from /home/airflow/.local/lib/python3.12/site-packages/airflow/example_dags/example_skip_dag.py
[2025-04-05T11:44:53.457+0000] {logging_mixin.py:190} INFO - [2025-04-05T11:44:53.456+0000] {dag.py:3239} INFO - Sync 1 DAGs
[2025-04-05T11:44:53.475+0000] {logging_mixin.py:190} INFO - [2025-04-05T11:44:53.475+0000] {dag.py:4180} INFO - Setting next_dagrun for example_skip_dag to 2025-04-04 00:00:00+00:00, run_after=2025-04-05 00:00:00+00:00
[2025-04-05T11:44:53.507+0000] {processor.py:208} INFO - Processing /home/airflow/.local/lib/python3.12/site-packages/airflow/example_dags/example_skip_dag.py took 0.113 seconds
[2025-04-05T11:45:24.058+0000] {processor.py:186} INFO - Started process (PID=173) to work on /home/airflow/.local/lib/python3.12/site-packages/airflow/example_dags/example_skip_dag.py
[2025-04-05T11:45:24.061+0000] {processor.py:914} INFO - Processing file /home/airflow/.local/lib/python3.12/site-packages/airflow/example_dags/example_skip_dag.py for tasks to queue
[2025-04-05T11:45:24.062+0000] {logging_mixin.py:190} INFO - [2025-04-05T11:45:24.062+0000] {dagbag.py:588} INFO - Filling up the DagBag from /home/airflow/.local/lib/python3.12/site-packages/airflow/example_dags/example_skip_dag.py
[2025-04-05T11:45:24.069+0000] {processor.py:925} INFO - DAG(s) 'example_skip_dag' retrieved from /home/airflow/.local/lib/python3.12/site-packages/airflow/example_dags/example_skip_dag.py
[2025-04-05T11:45:24.085+0000] {logging_mixin.py:190} INFO - [2025-04-05T11:45:24.085+0000] {dag.py:3239} INFO - Sync 1 DAGs
[2025-04-05T11:45:24.098+0000] {logging_mixin.py:190} INFO - [2025-04-05T11:45:24.098+0000] {dag.py:4180} INFO - Setting next_dagrun for example_skip_dag to 2025-04-04 00:00:00+00:00, run_after=2025-04-05 00:00:00+00:00
[2025-04-05T11:45:24.107+0000] {processor.py:208} INFO - Processing /home/airflow/.local/lib/python3.12/site-packages/airflow/example_dags/example_skip_dag.py took 0.054 seconds
[2025-04-05T11:45:54.984+0000] {processor.py:186} INFO - Started process (PID=237) to work on /home/airflow/.local/lib/python3.12/site-packages/airflow/example_dags/example_skip_dag.py
[2025-04-05T11:45:54.988+0000] {processor.py:914} INFO - Processing file /home/airflow/.local/lib/python3.12/site-packages/airflow/example_dags/example_skip_dag.py for tasks to queue
[2025-04-05T11:45:54.989+0000] {logging_mixin.py:190} INFO - [2025-04-05T11:45:54.989+0000] {dagbag.py:588} INFO - Filling up the DagBag from /home/airflow/.local/lib/python3.12/site-packages/airflow/example_dags/example_skip_dag.py
[2025-04-05T11:45:54.995+0000] {processor.py:925} INFO - DAG(s) 'example_skip_dag' retrieved from /home/airflow/.local/lib/python3.12/site-packages/airflow/example_dags/example_skip_dag.py
[2025-04-05T11:45:55.008+0000] {logging_mixin.py:190} INFO - [2025-04-05T11:45:55.008+0000] {dag.py:3239} INFO - Sync 1 DAGs
[2025-04-05T11:45:55.021+0000] {logging_mixin.py:190} INFO - [2025-04-05T11:45:55.021+0000] {dag.py:4180} INFO - Setting next_dagrun for example_skip_dag to 2025-04-04 00:00:00+00:00, run_after=2025-04-05 00:00:00+00:00
[2025-04-05T11:45:55.030+0000] {processor.py:208} INFO - Processing /home/airflow/.local/lib/python3.12/site-packages/airflow/example_dags/example_skip_dag.py took 0.049 seconds
[2025-04-05T11:46:26.910+0000] {processor.py:186} INFO - Started process (PID=301) to work on /home/airflow/.local/lib/python3.12/site-packages/airflow/example_dags/example_skip_dag.py
[2025-04-05T11:46:26.914+0000] {processor.py:914} INFO - Processing file /home/airflow/.local/lib/python3.12/site-packages/airflow/example_dags/example_skip_dag.py for tasks to queue
[2025-04-05T11:46:26.917+0000] {logging_mixin.py:190} INFO - [2025-04-05T11:46:26.917+0000] {dagbag.py:588} INFO - Filling up the DagBag from /home/airflow/.local/lib/python3.12/site-packages/airflow/example_dags/example_skip_dag.py
[2025-04-05T11:46:26.928+0000] {processor.py:925} INFO - DAG(s) 'example_skip_dag' retrieved from /home/airflow/.local/lib/python3.12/site-packages/airflow/example_dags/example_skip_dag.py
[2025-04-05T11:46:26.951+0000] {logging_mixin.py:190} INFO - [2025-04-05T11:46:26.951+0000] {dag.py:3239} INFO - Sync 1 DAGs
[2025-04-05T11:46:26.966+0000] {logging_mixin.py:190} INFO - [2025-04-05T11:46:26.966+0000] {dag.py:4180} INFO - Setting next_dagrun for example_skip_dag to 2025-04-04 00:00:00+00:00, run_after=2025-04-05 00:00:00+00:00
[2025-04-05T11:46:26.979+0000] {processor.py:208} INFO - Processing /home/airflow/.local/lib/python3.12/site-packages/airflow/example_dags/example_skip_dag.py took 0.073 seconds
[2025-04-05T11:46:57.283+0000] {processor.py:186} INFO - Started process (PID=364) to work on /home/airflow/.local/lib/python3.12/site-packages/airflow/example_dags/example_skip_dag.py
[2025-04-05T11:46:57.284+0000] {processor.py:914} INFO - Processing file /home/airflow/.local/lib/python3.12/site-packages/airflow/example_dags/example_skip_dag.py for tasks to queue
[2025-04-05T11:46:57.286+0000] {logging_mixin.py:190} INFO - [2025-04-05T11:46:57.286+0000] {dagbag.py:588} INFO - Filling up the DagBag from /home/airflow/.local/lib/python3.12/site-packages/airflow/example_dags/example_skip_dag.py
[2025-04-05T11:46:57.291+0000] {processor.py:925} INFO - DAG(s) 'example_skip_dag' retrieved from /home/airflow/.local/lib/python3.12/site-packages/airflow/example_dags/example_skip_dag.py
[2025-04-05T11:46:57.307+0000] {logging_mixin.py:190} INFO - [2025-04-05T11:46:57.307+0000] {dag.py:3239} INFO - Sync 1 DAGs
[2025-04-05T11:46:57.321+0000] {logging_mixin.py:190} INFO - [2025-04-05T11:46:57.321+0000] {dag.py:4180} INFO - Setting next_dagrun for example_skip_dag to 2025-04-04 00:00:00+00:00, run_after=2025-04-05 00:00:00+00:00
[2025-04-05T11:46:57.329+0000] {processor.py:208} INFO - Processing /home/airflow/.local/lib/python3.12/site-packages/airflow/example_dags/example_skip_dag.py took 0.049 seconds
[2025-04-05T11:47:28.419+0000] {processor.py:186} INFO - Started process (PID=428) to work on /home/airflow/.local/lib/python3.12/site-packages/airflow/example_dags/example_skip_dag.py
[2025-04-05T11:47:28.421+0000] {processor.py:914} INFO - Processing file /home/airflow/.local/lib/python3.12/site-packages/airflow/example_dags/example_skip_dag.py for tasks to queue
[2025-04-05T11:47:28.423+0000] {logging_mixin.py:190} INFO - [2025-04-05T11:47:28.423+0000] {dagbag.py:588} INFO - Filling up the DagBag from /home/airflow/.local/lib/python3.12/site-packages/airflow/example_dags/example_skip_dag.py
[2025-04-05T11:47:28.428+0000] {processor.py:925} INFO - DAG(s) 'example_skip_dag' retrieved from /home/airflow/.local/lib/python3.12/site-packages/airflow/example_dags/example_skip_dag.py
[2025-04-05T11:47:28.442+0000] {logging_mixin.py:190} INFO - [2025-04-05T11:47:28.442+0000] {dag.py:3239} INFO - Sync 1 DAGs
[2025-04-05T11:47:28.453+0000] {logging_mixin.py:190} INFO - [2025-04-05T11:47:28.453+0000] {dag.py:4180} INFO - Setting next_dagrun for example_skip_dag to 2025-04-04 00:00:00+00:00, run_after=2025-04-05 00:00:00+00:00
[2025-04-05T11:47:28.464+0000] {processor.py:208} INFO - Processing /home/airflow/.local/lib/python3.12/site-packages/airflow/example_dags/example_skip_dag.py took 0.048 seconds
[2025-04-05T11:50:11.012+0000] {processor.py:186} INFO - Started process (PID=117) to work on /home/airflow/.local/lib/python3.12/site-packages/airflow/example_dags/example_skip_dag.py
[2025-04-05T11:50:11.029+0000] {processor.py:914} INFO - Processing file /home/airflow/.local/lib/python3.12/site-packages/airflow/example_dags/example_skip_dag.py for tasks to queue
[2025-04-05T11:50:11.051+0000] {logging_mixin.py:190} INFO - [2025-04-05T11:50:11.051+0000] {dagbag.py:588} INFO - Filling up the DagBag from /home/airflow/.local/lib/python3.12/site-packages/airflow/example_dags/example_skip_dag.py
[2025-04-05T11:50:11.085+0000] {processor.py:925} INFO - DAG(s) 'example_skip_dag' retrieved from /home/airflow/.local/lib/python3.12/site-packages/airflow/example_dags/example_skip_dag.py
[2025-04-05T11:50:11.135+0000] {logging_mixin.py:190} INFO - [2025-04-05T11:50:11.135+0000] {dag.py:3239} INFO - Sync 1 DAGs
[2025-04-05T11:50:11.154+0000] {logging_mixin.py:190} INFO - [2025-04-05T11:50:11.154+0000] {dag.py:4180} INFO - Setting next_dagrun for example_skip_dag to 2025-04-04 00:00:00+00:00, run_after=2025-04-05 00:00:00+00:00
[2025-04-05T11:50:11.178+0000] {processor.py:208} INFO - Processing /home/airflow/.local/lib/python3.12/site-packages/airflow/example_dags/example_skip_dag.py took 0.199 seconds
[2025-04-05T11:50:41.961+0000] {processor.py:186} INFO - Started process (PID=181) to work on /home/airflow/.local/lib/python3.12/site-packages/airflow/example_dags/example_skip_dag.py
[2025-04-05T11:50:41.964+0000] {processor.py:914} INFO - Processing file /home/airflow/.local/lib/python3.12/site-packages/airflow/example_dags/example_skip_dag.py for tasks to queue
[2025-04-05T11:50:41.966+0000] {logging_mixin.py:190} INFO - [2025-04-05T11:50:41.966+0000] {dagbag.py:588} INFO - Filling up the DagBag from /home/airflow/.local/lib/python3.12/site-packages/airflow/example_dags/example_skip_dag.py
[2025-04-05T11:50:41.972+0000] {processor.py:925} INFO - DAG(s) 'example_skip_dag' retrieved from /home/airflow/.local/lib/python3.12/site-packages/airflow/example_dags/example_skip_dag.py
[2025-04-05T11:50:41.990+0000] {logging_mixin.py:190} INFO - [2025-04-05T11:50:41.990+0000] {dag.py:3239} INFO - Sync 1 DAGs
[2025-04-05T11:50:42.005+0000] {logging_mixin.py:190} INFO - [2025-04-05T11:50:42.005+0000] {dag.py:4180} INFO - Setting next_dagrun for example_skip_dag to 2025-04-04 00:00:00+00:00, run_after=2025-04-05 00:00:00+00:00
[2025-04-05T11:50:42.017+0000] {processor.py:208} INFO - Processing /home/airflow/.local/lib/python3.12/site-packages/airflow/example_dags/example_skip_dag.py took 0.074 seconds
[2025-04-05T11:51:12.495+0000] {processor.py:186} INFO - Started process (PID=245) to work on /home/airflow/.local/lib/python3.12/site-packages/airflow/example_dags/example_skip_dag.py
[2025-04-05T11:51:12.497+0000] {processor.py:914} INFO - Processing file /home/airflow/.local/lib/python3.12/site-packages/airflow/example_dags/example_skip_dag.py for tasks to queue
[2025-04-05T11:51:12.499+0000] {logging_mixin.py:190} INFO - [2025-04-05T11:51:12.499+0000] {dagbag.py:588} INFO - Filling up the DagBag from /home/airflow/.local/lib/python3.12/site-packages/airflow/example_dags/example_skip_dag.py
[2025-04-05T11:51:12.505+0000] {processor.py:925} INFO - DAG(s) 'example_skip_dag' retrieved from /home/airflow/.local/lib/python3.12/site-packages/airflow/example_dags/example_skip_dag.py
[2025-04-05T11:51:12.521+0000] {logging_mixin.py:190} INFO - [2025-04-05T11:51:12.520+0000] {dag.py:3239} INFO - Sync 1 DAGs
[2025-04-05T11:51:12.538+0000] {logging_mixin.py:190} INFO - [2025-04-05T11:51:12.538+0000] {dag.py:4180} INFO - Setting next_dagrun for example_skip_dag to 2025-04-04 00:00:00+00:00, run_after=2025-04-05 00:00:00+00:00
[2025-04-05T11:51:12.560+0000] {processor.py:208} INFO - Processing /home/airflow/.local/lib/python3.12/site-packages/airflow/example_dags/example_skip_dag.py took 0.074 seconds
[2025-04-05T11:51:42.758+0000] {processor.py:186} INFO - Started process (PID=309) to work on /home/airflow/.local/lib/python3.12/site-packages/airflow/example_dags/example_skip_dag.py
[2025-04-05T11:51:42.759+0000] {processor.py:914} INFO - Processing file /home/airflow/.local/lib/python3.12/site-packages/airflow/example_dags/example_skip_dag.py for tasks to queue
[2025-04-05T11:51:42.761+0000] {logging_mixin.py:190} INFO - [2025-04-05T11:51:42.760+0000] {dagbag.py:588} INFO - Filling up the DagBag from /home/airflow/.local/lib/python3.12/site-packages/airflow/example_dags/example_skip_dag.py
[2025-04-05T11:51:42.765+0000] {processor.py:925} INFO - DAG(s) 'example_skip_dag' retrieved from /home/airflow/.local/lib/python3.12/site-packages/airflow/example_dags/example_skip_dag.py
[2025-04-05T11:51:42.779+0000] {logging_mixin.py:190} INFO - [2025-04-05T11:51:42.779+0000] {dag.py:3239} INFO - Sync 1 DAGs
[2025-04-05T11:51:42.795+0000] {logging_mixin.py:190} INFO - [2025-04-05T11:51:42.794+0000] {dag.py:4180} INFO - Setting next_dagrun for example_skip_dag to 2025-04-04 00:00:00+00:00, run_after=2025-04-05 00:00:00+00:00
[2025-04-05T11:51:42.808+0000] {processor.py:208} INFO - Processing /home/airflow/.local/lib/python3.12/site-packages/airflow/example_dags/example_skip_dag.py took 0.054 seconds
[2025-04-05T11:52:13.077+0000] {processor.py:186} INFO - Started process (PID=373) to work on /home/airflow/.local/lib/python3.12/site-packages/airflow/example_dags/example_skip_dag.py
[2025-04-05T11:52:13.079+0000] {processor.py:914} INFO - Processing file /home/airflow/.local/lib/python3.12/site-packages/airflow/example_dags/example_skip_dag.py for tasks to queue
[2025-04-05T11:52:13.080+0000] {logging_mixin.py:190} INFO - [2025-04-05T11:52:13.080+0000] {dagbag.py:588} INFO - Filling up the DagBag from /home/airflow/.local/lib/python3.12/site-packages/airflow/example_dags/example_skip_dag.py
[2025-04-05T11:52:13.087+0000] {processor.py:925} INFO - DAG(s) 'example_skip_dag' retrieved from /home/airflow/.local/lib/python3.12/site-packages/airflow/example_dags/example_skip_dag.py
[2025-04-05T11:52:13.102+0000] {logging_mixin.py:190} INFO - [2025-04-05T11:52:13.101+0000] {dag.py:3239} INFO - Sync 1 DAGs
[2025-04-05T11:52:13.118+0000] {logging_mixin.py:190} INFO - [2025-04-05T11:52:13.118+0000] {dag.py:4180} INFO - Setting next_dagrun for example_skip_dag to 2025-04-04 00:00:00+00:00, run_after=2025-04-05 00:00:00+00:00
[2025-04-05T11:52:13.132+0000] {processor.py:208} INFO - Processing /home/airflow/.local/lib/python3.12/site-packages/airflow/example_dags/example_skip_dag.py took 0.060 seconds
[2025-04-05T12:07:23.469+0000] {processor.py:186} INFO - Started process (PID=110) to work on /home/airflow/.local/lib/python3.12/site-packages/airflow/example_dags/example_skip_dag.py
[2025-04-05T12:07:23.470+0000] {processor.py:914} INFO - Processing file /home/airflow/.local/lib/python3.12/site-packages/airflow/example_dags/example_skip_dag.py for tasks to queue
[2025-04-05T12:07:23.472+0000] {logging_mixin.py:190} INFO - [2025-04-05T12:07:23.472+0000] {dagbag.py:588} INFO - Filling up the DagBag from /home/airflow/.local/lib/python3.12/site-packages/airflow/example_dags/example_skip_dag.py
[2025-04-05T12:07:23.480+0000] {processor.py:925} INFO - DAG(s) 'example_skip_dag' retrieved from /home/airflow/.local/lib/python3.12/site-packages/airflow/example_dags/example_skip_dag.py
[2025-04-05T12:07:23.494+0000] {logging_mixin.py:190} INFO - [2025-04-05T12:07:23.494+0000] {dag.py:3239} INFO - Sync 1 DAGs
[2025-04-05T12:07:23.506+0000] {logging_mixin.py:190} INFO - [2025-04-05T12:07:23.506+0000] {dag.py:4180} INFO - Setting next_dagrun for example_skip_dag to 2025-04-04 00:00:00+00:00, run_after=2025-04-05 00:00:00+00:00
[2025-04-05T12:07:23.515+0000] {processor.py:208} INFO - Processing /home/airflow/.local/lib/python3.12/site-packages/airflow/example_dags/example_skip_dag.py took 0.051 seconds
[2025-04-05T12:07:54.213+0000] {processor.py:186} INFO - Started process (PID=174) to work on /home/airflow/.local/lib/python3.12/site-packages/airflow/example_dags/example_skip_dag.py
[2025-04-05T12:07:54.217+0000] {processor.py:914} INFO - Processing file /home/airflow/.local/lib/python3.12/site-packages/airflow/example_dags/example_skip_dag.py for tasks to queue
[2025-04-05T12:07:54.218+0000] {logging_mixin.py:190} INFO - [2025-04-05T12:07:54.218+0000] {dagbag.py:588} INFO - Filling up the DagBag from /home/airflow/.local/lib/python3.12/site-packages/airflow/example_dags/example_skip_dag.py
[2025-04-05T12:07:54.223+0000] {processor.py:925} INFO - DAG(s) 'example_skip_dag' retrieved from /home/airflow/.local/lib/python3.12/site-packages/airflow/example_dags/example_skip_dag.py
[2025-04-05T12:07:54.233+0000] {logging_mixin.py:190} INFO - [2025-04-05T12:07:54.233+0000] {dag.py:3239} INFO - Sync 1 DAGs
[2025-04-05T12:07:54.245+0000] {logging_mixin.py:190} INFO - [2025-04-05T12:07:54.245+0000] {dag.py:4180} INFO - Setting next_dagrun for example_skip_dag to 2025-04-04 00:00:00+00:00, run_after=2025-04-05 00:00:00+00:00
[2025-04-05T12:07:54.255+0000] {processor.py:208} INFO - Processing /home/airflow/.local/lib/python3.12/site-packages/airflow/example_dags/example_skip_dag.py took 0.045 seconds
[2025-04-05T12:08:24.860+0000] {processor.py:186} INFO - Started process (PID=238) to work on /home/airflow/.local/lib/python3.12/site-packages/airflow/example_dags/example_skip_dag.py
[2025-04-05T12:08:24.861+0000] {processor.py:914} INFO - Processing file /home/airflow/.local/lib/python3.12/site-packages/airflow/example_dags/example_skip_dag.py for tasks to queue
[2025-04-05T12:08:24.862+0000] {logging_mixin.py:190} INFO - [2025-04-05T12:08:24.862+0000] {dagbag.py:588} INFO - Filling up the DagBag from /home/airflow/.local/lib/python3.12/site-packages/airflow/example_dags/example_skip_dag.py
[2025-04-05T12:08:24.866+0000] {processor.py:925} INFO - DAG(s) 'example_skip_dag' retrieved from /home/airflow/.local/lib/python3.12/site-packages/airflow/example_dags/example_skip_dag.py
[2025-04-05T12:08:24.877+0000] {logging_mixin.py:190} INFO - [2025-04-05T12:08:24.877+0000] {dag.py:3239} INFO - Sync 1 DAGs
[2025-04-05T12:08:24.894+0000] {logging_mixin.py:190} INFO - [2025-04-05T12:08:24.894+0000] {dag.py:4180} INFO - Setting next_dagrun for example_skip_dag to 2025-04-04 00:00:00+00:00, run_after=2025-04-05 00:00:00+00:00
[2025-04-05T12:08:24.907+0000] {processor.py:208} INFO - Processing /home/airflow/.local/lib/python3.12/site-packages/airflow/example_dags/example_skip_dag.py took 0.051 seconds
[2025-04-05T12:08:55.858+0000] {processor.py:186} INFO - Started process (PID=302) to work on /home/airflow/.local/lib/python3.12/site-packages/airflow/example_dags/example_skip_dag.py
[2025-04-05T12:08:55.859+0000] {processor.py:914} INFO - Processing file /home/airflow/.local/lib/python3.12/site-packages/airflow/example_dags/example_skip_dag.py for tasks to queue
[2025-04-05T12:08:55.863+0000] {logging_mixin.py:190} INFO - [2025-04-05T12:08:55.863+0000] {dagbag.py:588} INFO - Filling up the DagBag from /home/airflow/.local/lib/python3.12/site-packages/airflow/example_dags/example_skip_dag.py
[2025-04-05T12:08:55.868+0000] {processor.py:925} INFO - DAG(s) 'example_skip_dag' retrieved from /home/airflow/.local/lib/python3.12/site-packages/airflow/example_dags/example_skip_dag.py
[2025-04-05T12:08:55.884+0000] {logging_mixin.py:190} INFO - [2025-04-05T12:08:55.884+0000] {dag.py:3239} INFO - Sync 1 DAGs
[2025-04-05T12:08:55.897+0000] {logging_mixin.py:190} INFO - [2025-04-05T12:08:55.897+0000] {dag.py:4180} INFO - Setting next_dagrun for example_skip_dag to 2025-04-04 00:00:00+00:00, run_after=2025-04-05 00:00:00+00:00
[2025-04-05T12:08:55.908+0000] {processor.py:208} INFO - Processing /home/airflow/.local/lib/python3.12/site-packages/airflow/example_dags/example_skip_dag.py took 0.053 seconds
[2025-04-05T12:09:26.859+0000] {processor.py:186} INFO - Started process (PID=366) to work on /home/airflow/.local/lib/python3.12/site-packages/airflow/example_dags/example_skip_dag.py
[2025-04-05T12:09:26.860+0000] {processor.py:914} INFO - Processing file /home/airflow/.local/lib/python3.12/site-packages/airflow/example_dags/example_skip_dag.py for tasks to queue
[2025-04-05T12:09:26.861+0000] {logging_mixin.py:190} INFO - [2025-04-05T12:09:26.861+0000] {dagbag.py:588} INFO - Filling up the DagBag from /home/airflow/.local/lib/python3.12/site-packages/airflow/example_dags/example_skip_dag.py
[2025-04-05T12:09:26.865+0000] {processor.py:925} INFO - DAG(s) 'example_skip_dag' retrieved from /home/airflow/.local/lib/python3.12/site-packages/airflow/example_dags/example_skip_dag.py
[2025-04-05T12:09:26.879+0000] {logging_mixin.py:190} INFO - [2025-04-05T12:09:26.879+0000] {dag.py:3239} INFO - Sync 1 DAGs
[2025-04-05T12:09:26.892+0000] {logging_mixin.py:190} INFO - [2025-04-05T12:09:26.892+0000] {dag.py:4180} INFO - Setting next_dagrun for example_skip_dag to 2025-04-04 00:00:00+00:00, run_after=2025-04-05 00:00:00+00:00
[2025-04-05T12:09:26.905+0000] {processor.py:208} INFO - Processing /home/airflow/.local/lib/python3.12/site-packages/airflow/example_dags/example_skip_dag.py took 0.051 seconds
[2025-04-05T12:09:57.532+0000] {processor.py:186} INFO - Started process (PID=430) to work on /home/airflow/.local/lib/python3.12/site-packages/airflow/example_dags/example_skip_dag.py
[2025-04-05T12:09:57.534+0000] {processor.py:914} INFO - Processing file /home/airflow/.local/lib/python3.12/site-packages/airflow/example_dags/example_skip_dag.py for tasks to queue
[2025-04-05T12:09:57.537+0000] {logging_mixin.py:190} INFO - [2025-04-05T12:09:57.536+0000] {dagbag.py:588} INFO - Filling up the DagBag from /home/airflow/.local/lib/python3.12/site-packages/airflow/example_dags/example_skip_dag.py
[2025-04-05T12:09:57.547+0000] {processor.py:925} INFO - DAG(s) 'example_skip_dag' retrieved from /home/airflow/.local/lib/python3.12/site-packages/airflow/example_dags/example_skip_dag.py
[2025-04-05T12:09:57.562+0000] {logging_mixin.py:190} INFO - [2025-04-05T12:09:57.562+0000] {dag.py:3239} INFO - Sync 1 DAGs
[2025-04-05T12:09:57.579+0000] {logging_mixin.py:190} INFO - [2025-04-05T12:09:57.579+0000] {dag.py:4180} INFO - Setting next_dagrun for example_skip_dag to 2025-04-04 00:00:00+00:00, run_after=2025-04-05 00:00:00+00:00
[2025-04-05T12:09:57.591+0000] {processor.py:208} INFO - Processing /home/airflow/.local/lib/python3.12/site-packages/airflow/example_dags/example_skip_dag.py took 0.065 seconds
[2025-04-05T12:10:28.427+0000] {processor.py:186} INFO - Started process (PID=494) to work on /home/airflow/.local/lib/python3.12/site-packages/airflow/example_dags/example_skip_dag.py
[2025-04-05T12:10:28.428+0000] {processor.py:914} INFO - Processing file /home/airflow/.local/lib/python3.12/site-packages/airflow/example_dags/example_skip_dag.py for tasks to queue
[2025-04-05T12:10:28.430+0000] {logging_mixin.py:190} INFO - [2025-04-05T12:10:28.430+0000] {dagbag.py:588} INFO - Filling up the DagBag from /home/airflow/.local/lib/python3.12/site-packages/airflow/example_dags/example_skip_dag.py
[2025-04-05T12:10:28.437+0000] {processor.py:925} INFO - DAG(s) 'example_skip_dag' retrieved from /home/airflow/.local/lib/python3.12/site-packages/airflow/example_dags/example_skip_dag.py
[2025-04-05T12:10:28.452+0000] {logging_mixin.py:190} INFO - [2025-04-05T12:10:28.452+0000] {dag.py:3239} INFO - Sync 1 DAGs
[2025-04-05T12:10:28.467+0000] {logging_mixin.py:190} INFO - [2025-04-05T12:10:28.467+0000] {dag.py:4180} INFO - Setting next_dagrun for example_skip_dag to 2025-04-04 00:00:00+00:00, run_after=2025-04-05 00:00:00+00:00
[2025-04-05T12:10:28.476+0000] {processor.py:208} INFO - Processing /home/airflow/.local/lib/python3.12/site-packages/airflow/example_dags/example_skip_dag.py took 0.052 seconds
[2025-04-05T12:10:58.657+0000] {processor.py:186} INFO - Started process (PID=558) to work on /home/airflow/.local/lib/python3.12/site-packages/airflow/example_dags/example_skip_dag.py
[2025-04-05T12:10:58.660+0000] {processor.py:914} INFO - Processing file /home/airflow/.local/lib/python3.12/site-packages/airflow/example_dags/example_skip_dag.py for tasks to queue
[2025-04-05T12:10:58.662+0000] {logging_mixin.py:190} INFO - [2025-04-05T12:10:58.662+0000] {dagbag.py:588} INFO - Filling up the DagBag from /home/airflow/.local/lib/python3.12/site-packages/airflow/example_dags/example_skip_dag.py
[2025-04-05T12:10:58.667+0000] {processor.py:925} INFO - DAG(s) 'example_skip_dag' retrieved from /home/airflow/.local/lib/python3.12/site-packages/airflow/example_dags/example_skip_dag.py
[2025-04-05T12:10:58.680+0000] {logging_mixin.py:190} INFO - [2025-04-05T12:10:58.679+0000] {dag.py:3239} INFO - Sync 1 DAGs
[2025-04-05T12:10:58.698+0000] {logging_mixin.py:190} INFO - [2025-04-05T12:10:58.698+0000] {dag.py:4180} INFO - Setting next_dagrun for example_skip_dag to 2025-04-04 00:00:00+00:00, run_after=2025-04-05 00:00:00+00:00
[2025-04-05T12:10:58.709+0000] {processor.py:208} INFO - Processing /home/airflow/.local/lib/python3.12/site-packages/airflow/example_dags/example_skip_dag.py took 0.055 seconds
[2025-04-05T12:11:29.579+0000] {processor.py:186} INFO - Started process (PID=621) to work on /home/airflow/.local/lib/python3.12/site-packages/airflow/example_dags/example_skip_dag.py
[2025-04-05T12:11:29.580+0000] {processor.py:914} INFO - Processing file /home/airflow/.local/lib/python3.12/site-packages/airflow/example_dags/example_skip_dag.py for tasks to queue
[2025-04-05T12:11:29.580+0000] {logging_mixin.py:190} INFO - [2025-04-05T12:11:29.580+0000] {dagbag.py:588} INFO - Filling up the DagBag from /home/airflow/.local/lib/python3.12/site-packages/airflow/example_dags/example_skip_dag.py
[2025-04-05T12:11:29.587+0000] {processor.py:925} INFO - DAG(s) 'example_skip_dag' retrieved from /home/airflow/.local/lib/python3.12/site-packages/airflow/example_dags/example_skip_dag.py
[2025-04-05T12:11:29.601+0000] {logging_mixin.py:190} INFO - [2025-04-05T12:11:29.601+0000] {dag.py:3239} INFO - Sync 1 DAGs
[2025-04-05T12:11:29.614+0000] {logging_mixin.py:190} INFO - [2025-04-05T12:11:29.613+0000] {dag.py:4180} INFO - Setting next_dagrun for example_skip_dag to 2025-04-04 00:00:00+00:00, run_after=2025-04-05 00:00:00+00:00
[2025-04-05T12:11:29.624+0000] {processor.py:208} INFO - Processing /home/airflow/.local/lib/python3.12/site-packages/airflow/example_dags/example_skip_dag.py took 0.048 seconds
[2025-04-05T12:12:01.214+0000] {processor.py:186} INFO - Started process (PID=684) to work on /home/airflow/.local/lib/python3.12/site-packages/airflow/example_dags/example_skip_dag.py
[2025-04-05T12:12:01.215+0000] {processor.py:914} INFO - Processing file /home/airflow/.local/lib/python3.12/site-packages/airflow/example_dags/example_skip_dag.py for tasks to queue
[2025-04-05T12:12:01.216+0000] {logging_mixin.py:190} INFO - [2025-04-05T12:12:01.216+0000] {dagbag.py:588} INFO - Filling up the DagBag from /home/airflow/.local/lib/python3.12/site-packages/airflow/example_dags/example_skip_dag.py
[2025-04-05T12:12:01.221+0000] {processor.py:925} INFO - DAG(s) 'example_skip_dag' retrieved from /home/airflow/.local/lib/python3.12/site-packages/airflow/example_dags/example_skip_dag.py
[2025-04-05T12:12:01.232+0000] {logging_mixin.py:190} INFO - [2025-04-05T12:12:01.231+0000] {dag.py:3239} INFO - Sync 1 DAGs
[2025-04-05T12:12:01.244+0000] {logging_mixin.py:190} INFO - [2025-04-05T12:12:01.244+0000] {dag.py:4180} INFO - Setting next_dagrun for example_skip_dag to 2025-04-04 00:00:00+00:00, run_after=2025-04-05 00:00:00+00:00
[2025-04-05T12:12:01.255+0000] {processor.py:208} INFO - Processing /home/airflow/.local/lib/python3.12/site-packages/airflow/example_dags/example_skip_dag.py took 0.043 seconds
