[2025-04-05T11:23:26.440+0000] {processor.py:186} INFO - Started process (PID=111) to work on /home/airflow/.local/lib/python3.12/site-packages/airflow/example_dags/example_external_task_marker_dag.py
[2025-04-05T11:23:26.441+0000] {processor.py:914} INFO - Processing file /home/airflow/.local/lib/python3.12/site-packages/airflow/example_dags/example_external_task_marker_dag.py for tasks to queue
[2025-04-05T11:23:26.442+0000] {logging_mixin.py:190} INFO - [2025-04-05T11:23:26.442+0000] {dagbag.py:588} INFO - Filling up the DagBag from /home/airflow/.local/lib/python3.12/site-packages/airflow/example_dags/example_external_task_marker_dag.py
[2025-04-05T11:23:26.446+0000] {processor.py:925} INFO - DAG(s) 'example_external_task_marker_parent', 'example_external_task_marker_child' retrieved from /home/airflow/.local/lib/python3.12/site-packages/airflow/example_dags/example_external_task_marker_dag.py
[2025-04-05T11:23:26.505+0000] {logging_mixin.py:190} INFO - [2025-04-05T11:23:26.504+0000] {override.py:1912} INFO - Created Permission View: can edit on DAG:example_external_task_marker_parent
[2025-04-05T11:23:26.511+0000] {logging_mixin.py:190} INFO - [2025-04-05T11:23:26.511+0000] {override.py:1912} INFO - Created Permission View: can read on DAG:example_external_task_marker_parent
[2025-04-05T11:23:26.514+0000] {logging_mixin.py:190} INFO - [2025-04-05T11:23:26.513+0000] {override.py:1912} INFO - Created Permission View: can delete on DAG:example_external_task_marker_parent
[2025-04-05T11:23:26.516+0000] {logging_mixin.py:190} INFO - [2025-04-05T11:23:26.516+0000] {override.py:1912} INFO - Created Permission View: menu access on DAG Run:example_external_task_marker_parent
[2025-04-05T11:23:26.518+0000] {logging_mixin.py:190} INFO - [2025-04-05T11:23:26.518+0000] {override.py:1912} INFO - Created Permission View: can read on DAG Run:example_external_task_marker_parent
[2025-04-05T11:23:26.520+0000] {logging_mixin.py:190} INFO - [2025-04-05T11:23:26.520+0000] {override.py:1912} INFO - Created Permission View: can create on DAG Run:example_external_task_marker_parent
[2025-04-05T11:23:26.522+0000] {logging_mixin.py:190} INFO - [2025-04-05T11:23:26.522+0000] {override.py:1912} INFO - Created Permission View: can delete on DAG Run:example_external_task_marker_parent
[2025-04-05T11:23:26.528+0000] {logging_mixin.py:190} INFO - [2025-04-05T11:23:26.528+0000] {override.py:1912} INFO - Created Permission View: can edit on DAG:example_external_task_marker_child
[2025-04-05T11:23:26.531+0000] {logging_mixin.py:190} INFO - [2025-04-05T11:23:26.531+0000] {override.py:1912} INFO - Created Permission View: can read on DAG:example_external_task_marker_child
[2025-04-05T11:23:26.534+0000] {logging_mixin.py:190} INFO - [2025-04-05T11:23:26.534+0000] {override.py:1912} INFO - Created Permission View: can delete on DAG:example_external_task_marker_child
[2025-04-05T11:23:26.536+0000] {logging_mixin.py:190} INFO - [2025-04-05T11:23:26.536+0000] {override.py:1912} INFO - Created Permission View: menu access on DAG Run:example_external_task_marker_child
[2025-04-05T11:23:26.538+0000] {logging_mixin.py:190} INFO - [2025-04-05T11:23:26.538+0000] {override.py:1912} INFO - Created Permission View: can read on DAG Run:example_external_task_marker_child
[2025-04-05T11:23:26.540+0000] {logging_mixin.py:190} INFO - [2025-04-05T11:23:26.540+0000] {override.py:1912} INFO - Created Permission View: can create on DAG Run:example_external_task_marker_child
[2025-04-05T11:23:26.542+0000] {logging_mixin.py:190} INFO - [2025-04-05T11:23:26.542+0000] {override.py:1912} INFO - Created Permission View: can delete on DAG Run:example_external_task_marker_child
[2025-04-05T11:23:26.543+0000] {logging_mixin.py:190} INFO - [2025-04-05T11:23:26.543+0000] {dag.py:3239} INFO - Sync 2 DAGs
[2025-04-05T11:23:26.549+0000] {logging_mixin.py:190} INFO - [2025-04-05T11:23:26.549+0000] {dag.py:3262} INFO - Creating ORM DAG for example_external_task_marker_child
[2025-04-05T11:23:26.550+0000] {logging_mixin.py:190} INFO - [2025-04-05T11:23:26.550+0000] {dag.py:3262} INFO - Creating ORM DAG for example_external_task_marker_parent
[2025-04-05T11:23:26.550+0000] {logging_mixin.py:190} INFO - [2025-04-05T11:23:26.550+0000] {dag.py:4180} INFO - Setting next_dagrun for example_external_task_marker_child to None, run_after=None
[2025-04-05T11:23:26.551+0000] {logging_mixin.py:190} INFO - [2025-04-05T11:23:26.551+0000] {dag.py:4180} INFO - Setting next_dagrun for example_external_task_marker_parent to None, run_after=None
[2025-04-05T11:23:26.558+0000] {processor.py:208} INFO - Processing /home/airflow/.local/lib/python3.12/site-packages/airflow/example_dags/example_external_task_marker_dag.py took 0.121 seconds
[2025-04-05T11:23:56.859+0000] {processor.py:186} INFO - Started process (PID=174) to work on /home/airflow/.local/lib/python3.12/site-packages/airflow/example_dags/example_external_task_marker_dag.py
[2025-04-05T11:23:56.863+0000] {processor.py:914} INFO - Processing file /home/airflow/.local/lib/python3.12/site-packages/airflow/example_dags/example_external_task_marker_dag.py for tasks to queue
[2025-04-05T11:23:56.864+0000] {logging_mixin.py:190} INFO - [2025-04-05T11:23:56.864+0000] {dagbag.py:588} INFO - Filling up the DagBag from /home/airflow/.local/lib/python3.12/site-packages/airflow/example_dags/example_external_task_marker_dag.py
[2025-04-05T11:23:56.869+0000] {processor.py:925} INFO - DAG(s) 'example_external_task_marker_child', 'example_external_task_marker_parent' retrieved from /home/airflow/.local/lib/python3.12/site-packages/airflow/example_dags/example_external_task_marker_dag.py
[2025-04-05T11:23:56.888+0000] {logging_mixin.py:190} INFO - [2025-04-05T11:23:56.887+0000] {dag.py:3239} INFO - Sync 2 DAGs
[2025-04-05T11:23:56.901+0000] {logging_mixin.py:190} INFO - [2025-04-05T11:23:56.901+0000] {dag.py:4180} INFO - Setting next_dagrun for example_external_task_marker_child to None, run_after=None
[2025-04-05T11:23:56.905+0000] {logging_mixin.py:190} INFO - [2025-04-05T11:23:56.904+0000] {dag.py:4180} INFO - Setting next_dagrun for example_external_task_marker_parent to None, run_after=None
[2025-04-05T11:23:56.915+0000] {processor.py:208} INFO - Processing /home/airflow/.local/lib/python3.12/site-packages/airflow/example_dags/example_external_task_marker_dag.py took 0.060 seconds
[2025-04-05T11:24:27.302+0000] {processor.py:186} INFO - Started process (PID=237) to work on /home/airflow/.local/lib/python3.12/site-packages/airflow/example_dags/example_external_task_marker_dag.py
[2025-04-05T11:24:27.304+0000] {processor.py:914} INFO - Processing file /home/airflow/.local/lib/python3.12/site-packages/airflow/example_dags/example_external_task_marker_dag.py for tasks to queue
[2025-04-05T11:24:27.305+0000] {logging_mixin.py:190} INFO - [2025-04-05T11:24:27.305+0000] {dagbag.py:588} INFO - Filling up the DagBag from /home/airflow/.local/lib/python3.12/site-packages/airflow/example_dags/example_external_task_marker_dag.py
[2025-04-05T11:24:27.311+0000] {processor.py:925} INFO - DAG(s) 'example_external_task_marker_child', 'example_external_task_marker_parent' retrieved from /home/airflow/.local/lib/python3.12/site-packages/airflow/example_dags/example_external_task_marker_dag.py
[2025-04-05T11:24:27.327+0000] {logging_mixin.py:190} INFO - [2025-04-05T11:24:27.326+0000] {dag.py:3239} INFO - Sync 2 DAGs
[2025-04-05T11:24:27.334+0000] {logging_mixin.py:190} INFO - [2025-04-05T11:24:27.334+0000] {dag.py:4180} INFO - Setting next_dagrun for example_external_task_marker_child to None, run_after=None
[2025-04-05T11:24:27.336+0000] {logging_mixin.py:190} INFO - [2025-04-05T11:24:27.336+0000] {dag.py:4180} INFO - Setting next_dagrun for example_external_task_marker_parent to None, run_after=None
[2025-04-05T11:24:27.343+0000] {processor.py:208} INFO - Processing /home/airflow/.local/lib/python3.12/site-packages/airflow/example_dags/example_external_task_marker_dag.py took 0.044 seconds
[2025-04-05T11:24:58.384+0000] {processor.py:186} INFO - Started process (PID=300) to work on /home/airflow/.local/lib/python3.12/site-packages/airflow/example_dags/example_external_task_marker_dag.py
[2025-04-05T11:24:58.385+0000] {processor.py:914} INFO - Processing file /home/airflow/.local/lib/python3.12/site-packages/airflow/example_dags/example_external_task_marker_dag.py for tasks to queue
[2025-04-05T11:24:58.387+0000] {logging_mixin.py:190} INFO - [2025-04-05T11:24:58.386+0000] {dagbag.py:588} INFO - Filling up the DagBag from /home/airflow/.local/lib/python3.12/site-packages/airflow/example_dags/example_external_task_marker_dag.py
[2025-04-05T11:24:58.391+0000] {processor.py:925} INFO - DAG(s) 'example_external_task_marker_child', 'example_external_task_marker_parent' retrieved from /home/airflow/.local/lib/python3.12/site-packages/airflow/example_dags/example_external_task_marker_dag.py
[2025-04-05T11:24:58.404+0000] {logging_mixin.py:190} INFO - [2025-04-05T11:24:58.403+0000] {dag.py:3239} INFO - Sync 2 DAGs
[2025-04-05T11:24:58.412+0000] {logging_mixin.py:190} INFO - [2025-04-05T11:24:58.412+0000] {dag.py:4180} INFO - Setting next_dagrun for example_external_task_marker_child to None, run_after=None
[2025-04-05T11:24:58.414+0000] {logging_mixin.py:190} INFO - [2025-04-05T11:24:58.414+0000] {dag.py:4180} INFO - Setting next_dagrun for example_external_task_marker_parent to None, run_after=None
[2025-04-05T11:24:58.422+0000] {processor.py:208} INFO - Processing /home/airflow/.local/lib/python3.12/site-packages/airflow/example_dags/example_external_task_marker_dag.py took 0.041 seconds
[2025-04-05T11:25:29.836+0000] {processor.py:186} INFO - Started process (PID=363) to work on /home/airflow/.local/lib/python3.12/site-packages/airflow/example_dags/example_external_task_marker_dag.py
[2025-04-05T11:25:29.838+0000] {processor.py:914} INFO - Processing file /home/airflow/.local/lib/python3.12/site-packages/airflow/example_dags/example_external_task_marker_dag.py for tasks to queue
[2025-04-05T11:25:29.839+0000] {logging_mixin.py:190} INFO - [2025-04-05T11:25:29.839+0000] {dagbag.py:588} INFO - Filling up the DagBag from /home/airflow/.local/lib/python3.12/site-packages/airflow/example_dags/example_external_task_marker_dag.py
[2025-04-05T11:25:29.845+0000] {processor.py:925} INFO - DAG(s) 'example_external_task_marker_parent', 'example_external_task_marker_child' retrieved from /home/airflow/.local/lib/python3.12/site-packages/airflow/example_dags/example_external_task_marker_dag.py
[2025-04-05T11:25:29.857+0000] {logging_mixin.py:190} INFO - [2025-04-05T11:25:29.857+0000] {dag.py:3239} INFO - Sync 2 DAGs
[2025-04-05T11:25:29.865+0000] {logging_mixin.py:190} INFO - [2025-04-05T11:25:29.865+0000] {dag.py:4180} INFO - Setting next_dagrun for example_external_task_marker_child to None, run_after=None
[2025-04-05T11:25:29.867+0000] {logging_mixin.py:190} INFO - [2025-04-05T11:25:29.867+0000] {dag.py:4180} INFO - Setting next_dagrun for example_external_task_marker_parent to None, run_after=None
[2025-04-05T11:25:29.874+0000] {processor.py:208} INFO - Processing /home/airflow/.local/lib/python3.12/site-packages/airflow/example_dags/example_external_task_marker_dag.py took 0.042 seconds
[2025-04-05T11:26:01.651+0000] {processor.py:186} INFO - Started process (PID=426) to work on /home/airflow/.local/lib/python3.12/site-packages/airflow/example_dags/example_external_task_marker_dag.py
[2025-04-05T11:26:01.652+0000] {processor.py:914} INFO - Processing file /home/airflow/.local/lib/python3.12/site-packages/airflow/example_dags/example_external_task_marker_dag.py for tasks to queue
[2025-04-05T11:26:01.653+0000] {logging_mixin.py:190} INFO - [2025-04-05T11:26:01.653+0000] {dagbag.py:588} INFO - Filling up the DagBag from /home/airflow/.local/lib/python3.12/site-packages/airflow/example_dags/example_external_task_marker_dag.py
[2025-04-05T11:26:01.657+0000] {processor.py:925} INFO - DAG(s) 'example_external_task_marker_parent', 'example_external_task_marker_child' retrieved from /home/airflow/.local/lib/python3.12/site-packages/airflow/example_dags/example_external_task_marker_dag.py
[2025-04-05T11:26:01.671+0000] {logging_mixin.py:190} INFO - [2025-04-05T11:26:01.671+0000] {dag.py:3239} INFO - Sync 2 DAGs
[2025-04-05T11:26:01.680+0000] {logging_mixin.py:190} INFO - [2025-04-05T11:26:01.679+0000] {dag.py:4180} INFO - Setting next_dagrun for example_external_task_marker_child to None, run_after=None
[2025-04-05T11:26:01.682+0000] {logging_mixin.py:190} INFO - [2025-04-05T11:26:01.682+0000] {dag.py:4180} INFO - Setting next_dagrun for example_external_task_marker_parent to None, run_after=None
[2025-04-05T11:26:01.689+0000] {processor.py:208} INFO - Processing /home/airflow/.local/lib/python3.12/site-packages/airflow/example_dags/example_external_task_marker_dag.py took 0.042 seconds
[2025-04-05T11:26:32.349+0000] {processor.py:186} INFO - Started process (PID=489) to work on /home/airflow/.local/lib/python3.12/site-packages/airflow/example_dags/example_external_task_marker_dag.py
[2025-04-05T11:26:32.350+0000] {processor.py:914} INFO - Processing file /home/airflow/.local/lib/python3.12/site-packages/airflow/example_dags/example_external_task_marker_dag.py for tasks to queue
[2025-04-05T11:26:32.355+0000] {logging_mixin.py:190} INFO - [2025-04-05T11:26:32.354+0000] {dagbag.py:588} INFO - Filling up the DagBag from /home/airflow/.local/lib/python3.12/site-packages/airflow/example_dags/example_external_task_marker_dag.py
[2025-04-05T11:26:32.366+0000] {processor.py:925} INFO - DAG(s) 'example_external_task_marker_child', 'example_external_task_marker_parent' retrieved from /home/airflow/.local/lib/python3.12/site-packages/airflow/example_dags/example_external_task_marker_dag.py
[2025-04-05T11:26:32.386+0000] {logging_mixin.py:190} INFO - [2025-04-05T11:26:32.386+0000] {dag.py:3239} INFO - Sync 2 DAGs
[2025-04-05T11:26:32.396+0000] {logging_mixin.py:190} INFO - [2025-04-05T11:26:32.395+0000] {dag.py:4180} INFO - Setting next_dagrun for example_external_task_marker_child to None, run_after=None
[2025-04-05T11:26:32.398+0000] {logging_mixin.py:190} INFO - [2025-04-05T11:26:32.398+0000] {dag.py:4180} INFO - Setting next_dagrun for example_external_task_marker_parent to None, run_after=None
[2025-04-05T11:26:32.407+0000] {processor.py:208} INFO - Processing /home/airflow/.local/lib/python3.12/site-packages/airflow/example_dags/example_external_task_marker_dag.py took 0.067 seconds
[2025-04-05T11:27:03.895+0000] {processor.py:186} INFO - Started process (PID=552) to work on /home/airflow/.local/lib/python3.12/site-packages/airflow/example_dags/example_external_task_marker_dag.py
[2025-04-05T11:27:03.896+0000] {processor.py:914} INFO - Processing file /home/airflow/.local/lib/python3.12/site-packages/airflow/example_dags/example_external_task_marker_dag.py for tasks to queue
[2025-04-05T11:27:03.897+0000] {logging_mixin.py:190} INFO - [2025-04-05T11:27:03.897+0000] {dagbag.py:588} INFO - Filling up the DagBag from /home/airflow/.local/lib/python3.12/site-packages/airflow/example_dags/example_external_task_marker_dag.py
[2025-04-05T11:27:03.902+0000] {processor.py:925} INFO - DAG(s) 'example_external_task_marker_child', 'example_external_task_marker_parent' retrieved from /home/airflow/.local/lib/python3.12/site-packages/airflow/example_dags/example_external_task_marker_dag.py
[2025-04-05T11:27:03.919+0000] {logging_mixin.py:190} INFO - [2025-04-05T11:27:03.919+0000] {dag.py:3239} INFO - Sync 2 DAGs
[2025-04-05T11:27:03.928+0000] {logging_mixin.py:190} INFO - [2025-04-05T11:27:03.928+0000] {dag.py:4180} INFO - Setting next_dagrun for example_external_task_marker_child to None, run_after=None
[2025-04-05T11:27:03.931+0000] {logging_mixin.py:190} INFO - [2025-04-05T11:27:03.930+0000] {dag.py:4180} INFO - Setting next_dagrun for example_external_task_marker_parent to None, run_after=None
[2025-04-05T11:27:03.938+0000] {processor.py:208} INFO - Processing /home/airflow/.local/lib/python3.12/site-packages/airflow/example_dags/example_external_task_marker_dag.py took 0.047 seconds
[2025-04-05T11:32:00.454+0000] {processor.py:186} INFO - Started process (PID=111) to work on /home/airflow/.local/lib/python3.12/site-packages/airflow/example_dags/example_external_task_marker_dag.py
[2025-04-05T11:32:00.456+0000] {processor.py:914} INFO - Processing file /home/airflow/.local/lib/python3.12/site-packages/airflow/example_dags/example_external_task_marker_dag.py for tasks to queue
[2025-04-05T11:32:00.459+0000] {logging_mixin.py:190} INFO - [2025-04-05T11:32:00.459+0000] {dagbag.py:588} INFO - Filling up the DagBag from /home/airflow/.local/lib/python3.12/site-packages/airflow/example_dags/example_external_task_marker_dag.py
[2025-04-05T11:32:00.469+0000] {processor.py:925} INFO - DAG(s) 'example_external_task_marker_parent', 'example_external_task_marker_child' retrieved from /home/airflow/.local/lib/python3.12/site-packages/airflow/example_dags/example_external_task_marker_dag.py
[2025-04-05T11:32:00.495+0000] {logging_mixin.py:190} INFO - [2025-04-05T11:32:00.495+0000] {dag.py:3239} INFO - Sync 2 DAGs
[2025-04-05T11:32:00.505+0000] {logging_mixin.py:190} INFO - [2025-04-05T11:32:00.505+0000] {dag.py:4180} INFO - Setting next_dagrun for example_external_task_marker_child to None, run_after=None
[2025-04-05T11:32:00.511+0000] {logging_mixin.py:190} INFO - [2025-04-05T11:32:00.510+0000] {dag.py:4180} INFO - Setting next_dagrun for example_external_task_marker_parent to None, run_after=None
[2025-04-05T11:32:00.527+0000] {processor.py:208} INFO - Processing /home/airflow/.local/lib/python3.12/site-packages/airflow/example_dags/example_external_task_marker_dag.py took 0.082 seconds
[2025-04-05T11:32:31.078+0000] {processor.py:186} INFO - Started process (PID=174) to work on /home/airflow/.local/lib/python3.12/site-packages/airflow/example_dags/example_external_task_marker_dag.py
[2025-04-05T11:32:31.082+0000] {processor.py:914} INFO - Processing file /home/airflow/.local/lib/python3.12/site-packages/airflow/example_dags/example_external_task_marker_dag.py for tasks to queue
[2025-04-05T11:32:31.083+0000] {logging_mixin.py:190} INFO - [2025-04-05T11:32:31.083+0000] {dagbag.py:588} INFO - Filling up the DagBag from /home/airflow/.local/lib/python3.12/site-packages/airflow/example_dags/example_external_task_marker_dag.py
[2025-04-05T11:32:31.091+0000] {processor.py:925} INFO - DAG(s) 'example_external_task_marker_parent', 'example_external_task_marker_child' retrieved from /home/airflow/.local/lib/python3.12/site-packages/airflow/example_dags/example_external_task_marker_dag.py
[2025-04-05T11:32:31.103+0000] {logging_mixin.py:190} INFO - [2025-04-05T11:32:31.103+0000] {dag.py:3239} INFO - Sync 2 DAGs
[2025-04-05T11:32:31.113+0000] {logging_mixin.py:190} INFO - [2025-04-05T11:32:31.113+0000] {dag.py:4180} INFO - Setting next_dagrun for example_external_task_marker_child to None, run_after=None
[2025-04-05T11:32:31.118+0000] {logging_mixin.py:190} INFO - [2025-04-05T11:32:31.118+0000] {dag.py:4180} INFO - Setting next_dagrun for example_external_task_marker_parent to None, run_after=None
[2025-04-05T11:32:31.126+0000] {processor.py:208} INFO - Processing /home/airflow/.local/lib/python3.12/site-packages/airflow/example_dags/example_external_task_marker_dag.py took 0.051 seconds
[2025-04-05T11:39:09.266+0000] {processor.py:186} INFO - Started process (PID=116) to work on /home/airflow/.local/lib/python3.12/site-packages/airflow/example_dags/example_external_task_marker_dag.py
[2025-04-05T11:39:09.267+0000] {processor.py:914} INFO - Processing file /home/airflow/.local/lib/python3.12/site-packages/airflow/example_dags/example_external_task_marker_dag.py for tasks to queue
[2025-04-05T11:39:09.269+0000] {logging_mixin.py:190} INFO - [2025-04-05T11:39:09.268+0000] {dagbag.py:588} INFO - Filling up the DagBag from /home/airflow/.local/lib/python3.12/site-packages/airflow/example_dags/example_external_task_marker_dag.py
[2025-04-05T11:39:09.273+0000] {processor.py:925} INFO - DAG(s) 'example_external_task_marker_child', 'example_external_task_marker_parent' retrieved from /home/airflow/.local/lib/python3.12/site-packages/airflow/example_dags/example_external_task_marker_dag.py
[2025-04-05T11:39:09.293+0000] {logging_mixin.py:190} INFO - [2025-04-05T11:39:09.293+0000] {dag.py:3239} INFO - Sync 2 DAGs
[2025-04-05T11:39:09.301+0000] {logging_mixin.py:190} INFO - [2025-04-05T11:39:09.301+0000] {dag.py:4180} INFO - Setting next_dagrun for example_external_task_marker_child to None, run_after=None
[2025-04-05T11:39:09.304+0000] {logging_mixin.py:190} INFO - [2025-04-05T11:39:09.304+0000] {dag.py:4180} INFO - Setting next_dagrun for example_external_task_marker_parent to None, run_after=None
[2025-04-05T11:39:09.317+0000] {processor.py:208} INFO - Processing /home/airflow/.local/lib/python3.12/site-packages/airflow/example_dags/example_external_task_marker_dag.py took 0.054 seconds
[2025-04-05T11:39:40.643+0000] {processor.py:186} INFO - Started process (PID=180) to work on /home/airflow/.local/lib/python3.12/site-packages/airflow/example_dags/example_external_task_marker_dag.py
[2025-04-05T11:39:40.644+0000] {processor.py:914} INFO - Processing file /home/airflow/.local/lib/python3.12/site-packages/airflow/example_dags/example_external_task_marker_dag.py for tasks to queue
[2025-04-05T11:39:40.645+0000] {logging_mixin.py:190} INFO - [2025-04-05T11:39:40.645+0000] {dagbag.py:588} INFO - Filling up the DagBag from /home/airflow/.local/lib/python3.12/site-packages/airflow/example_dags/example_external_task_marker_dag.py
[2025-04-05T11:39:40.651+0000] {processor.py:925} INFO - DAG(s) 'example_external_task_marker_child', 'example_external_task_marker_parent' retrieved from /home/airflow/.local/lib/python3.12/site-packages/airflow/example_dags/example_external_task_marker_dag.py
[2025-04-05T11:39:40.665+0000] {logging_mixin.py:190} INFO - [2025-04-05T11:39:40.665+0000] {dag.py:3239} INFO - Sync 2 DAGs
[2025-04-05T11:39:40.677+0000] {logging_mixin.py:190} INFO - [2025-04-05T11:39:40.677+0000] {dag.py:4180} INFO - Setting next_dagrun for example_external_task_marker_child to None, run_after=None
[2025-04-05T11:39:40.680+0000] {logging_mixin.py:190} INFO - [2025-04-05T11:39:40.680+0000] {dag.py:4180} INFO - Setting next_dagrun for example_external_task_marker_parent to None, run_after=None
[2025-04-05T11:39:40.694+0000] {processor.py:208} INFO - Processing /home/airflow/.local/lib/python3.12/site-packages/airflow/example_dags/example_external_task_marker_dag.py took 0.057 seconds
[2025-04-05T11:40:11.673+0000] {processor.py:186} INFO - Started process (PID=243) to work on /home/airflow/.local/lib/python3.12/site-packages/airflow/example_dags/example_external_task_marker_dag.py
[2025-04-05T11:40:11.674+0000] {processor.py:914} INFO - Processing file /home/airflow/.local/lib/python3.12/site-packages/airflow/example_dags/example_external_task_marker_dag.py for tasks to queue
[2025-04-05T11:40:11.676+0000] {logging_mixin.py:190} INFO - [2025-04-05T11:40:11.676+0000] {dagbag.py:588} INFO - Filling up the DagBag from /home/airflow/.local/lib/python3.12/site-packages/airflow/example_dags/example_external_task_marker_dag.py
[2025-04-05T11:40:11.682+0000] {processor.py:925} INFO - DAG(s) 'example_external_task_marker_parent', 'example_external_task_marker_child' retrieved from /home/airflow/.local/lib/python3.12/site-packages/airflow/example_dags/example_external_task_marker_dag.py
[2025-04-05T11:40:11.697+0000] {logging_mixin.py:190} INFO - [2025-04-05T11:40:11.697+0000] {dag.py:3239} INFO - Sync 2 DAGs
[2025-04-05T11:40:11.706+0000] {logging_mixin.py:190} INFO - [2025-04-05T11:40:11.706+0000] {dag.py:4180} INFO - Setting next_dagrun for example_external_task_marker_child to None, run_after=None
[2025-04-05T11:40:11.709+0000] {logging_mixin.py:190} INFO - [2025-04-05T11:40:11.709+0000] {dag.py:4180} INFO - Setting next_dagrun for example_external_task_marker_parent to None, run_after=None
[2025-04-05T11:40:11.724+0000] {processor.py:208} INFO - Processing /home/airflow/.local/lib/python3.12/site-packages/airflow/example_dags/example_external_task_marker_dag.py took 0.054 seconds
[2025-04-05T11:40:42.128+0000] {processor.py:186} INFO - Started process (PID=306) to work on /home/airflow/.local/lib/python3.12/site-packages/airflow/example_dags/example_external_task_marker_dag.py
[2025-04-05T11:40:42.129+0000] {processor.py:914} INFO - Processing file /home/airflow/.local/lib/python3.12/site-packages/airflow/example_dags/example_external_task_marker_dag.py for tasks to queue
[2025-04-05T11:40:42.132+0000] {logging_mixin.py:190} INFO - [2025-04-05T11:40:42.131+0000] {dagbag.py:588} INFO - Filling up the DagBag from /home/airflow/.local/lib/python3.12/site-packages/airflow/example_dags/example_external_task_marker_dag.py
[2025-04-05T11:40:42.137+0000] {processor.py:925} INFO - DAG(s) 'example_external_task_marker_parent', 'example_external_task_marker_child' retrieved from /home/airflow/.local/lib/python3.12/site-packages/airflow/example_dags/example_external_task_marker_dag.py
[2025-04-05T11:40:42.155+0000] {logging_mixin.py:190} INFO - [2025-04-05T11:40:42.155+0000] {dag.py:3239} INFO - Sync 2 DAGs
[2025-04-05T11:40:42.165+0000] {logging_mixin.py:190} INFO - [2025-04-05T11:40:42.165+0000] {dag.py:4180} INFO - Setting next_dagrun for example_external_task_marker_child to None, run_after=None
[2025-04-05T11:40:42.169+0000] {logging_mixin.py:190} INFO - [2025-04-05T11:40:42.169+0000] {dag.py:4180} INFO - Setting next_dagrun for example_external_task_marker_parent to None, run_after=None
[2025-04-05T11:40:42.178+0000] {processor.py:208} INFO - Processing /home/airflow/.local/lib/python3.12/site-packages/airflow/example_dags/example_external_task_marker_dag.py took 0.063 seconds
[2025-04-05T11:41:12.970+0000] {processor.py:186} INFO - Started process (PID=369) to work on /home/airflow/.local/lib/python3.12/site-packages/airflow/example_dags/example_external_task_marker_dag.py
[2025-04-05T11:41:12.970+0000] {processor.py:914} INFO - Processing file /home/airflow/.local/lib/python3.12/site-packages/airflow/example_dags/example_external_task_marker_dag.py for tasks to queue
[2025-04-05T11:41:12.972+0000] {logging_mixin.py:190} INFO - [2025-04-05T11:41:12.971+0000] {dagbag.py:588} INFO - Filling up the DagBag from /home/airflow/.local/lib/python3.12/site-packages/airflow/example_dags/example_external_task_marker_dag.py
[2025-04-05T11:41:12.976+0000] {processor.py:925} INFO - DAG(s) 'example_external_task_marker_child', 'example_external_task_marker_parent' retrieved from /home/airflow/.local/lib/python3.12/site-packages/airflow/example_dags/example_external_task_marker_dag.py
[2025-04-05T11:41:12.988+0000] {logging_mixin.py:190} INFO - [2025-04-05T11:41:12.988+0000] {dag.py:3239} INFO - Sync 2 DAGs
[2025-04-05T11:41:12.995+0000] {logging_mixin.py:190} INFO - [2025-04-05T11:41:12.995+0000] {dag.py:4180} INFO - Setting next_dagrun for example_external_task_marker_child to None, run_after=None
[2025-04-05T11:41:12.997+0000] {logging_mixin.py:190} INFO - [2025-04-05T11:41:12.997+0000] {dag.py:4180} INFO - Setting next_dagrun for example_external_task_marker_parent to None, run_after=None
[2025-04-05T11:41:13.005+0000] {processor.py:208} INFO - Processing /home/airflow/.local/lib/python3.12/site-packages/airflow/example_dags/example_external_task_marker_dag.py took 0.038 seconds
[2025-04-05T11:41:43.871+0000] {processor.py:186} INFO - Started process (PID=432) to work on /home/airflow/.local/lib/python3.12/site-packages/airflow/example_dags/example_external_task_marker_dag.py
[2025-04-05T11:41:43.872+0000] {processor.py:914} INFO - Processing file /home/airflow/.local/lib/python3.12/site-packages/airflow/example_dags/example_external_task_marker_dag.py for tasks to queue
[2025-04-05T11:41:43.873+0000] {logging_mixin.py:190} INFO - [2025-04-05T11:41:43.873+0000] {dagbag.py:588} INFO - Filling up the DagBag from /home/airflow/.local/lib/python3.12/site-packages/airflow/example_dags/example_external_task_marker_dag.py
[2025-04-05T11:41:43.878+0000] {processor.py:925} INFO - DAG(s) 'example_external_task_marker_child', 'example_external_task_marker_parent' retrieved from /home/airflow/.local/lib/python3.12/site-packages/airflow/example_dags/example_external_task_marker_dag.py
[2025-04-05T11:41:43.894+0000] {logging_mixin.py:190} INFO - [2025-04-05T11:41:43.894+0000] {dag.py:3239} INFO - Sync 2 DAGs
[2025-04-05T11:41:43.905+0000] {logging_mixin.py:190} INFO - [2025-04-05T11:41:43.904+0000] {dag.py:4180} INFO - Setting next_dagrun for example_external_task_marker_child to None, run_after=None
[2025-04-05T11:41:43.908+0000] {logging_mixin.py:190} INFO - [2025-04-05T11:41:43.908+0000] {dag.py:4180} INFO - Setting next_dagrun for example_external_task_marker_parent to None, run_after=None
[2025-04-05T11:41:43.916+0000] {processor.py:208} INFO - Processing /home/airflow/.local/lib/python3.12/site-packages/airflow/example_dags/example_external_task_marker_dag.py took 0.050 seconds
[2025-04-05T11:42:14.585+0000] {processor.py:186} INFO - Started process (PID=494) to work on /home/airflow/.local/lib/python3.12/site-packages/airflow/example_dags/example_external_task_marker_dag.py
[2025-04-05T11:42:14.586+0000] {processor.py:914} INFO - Processing file /home/airflow/.local/lib/python3.12/site-packages/airflow/example_dags/example_external_task_marker_dag.py for tasks to queue
[2025-04-05T11:42:14.588+0000] {logging_mixin.py:190} INFO - [2025-04-05T11:42:14.587+0000] {dagbag.py:588} INFO - Filling up the DagBag from /home/airflow/.local/lib/python3.12/site-packages/airflow/example_dags/example_external_task_marker_dag.py
[2025-04-05T11:42:14.593+0000] {processor.py:925} INFO - DAG(s) 'example_external_task_marker_child', 'example_external_task_marker_parent' retrieved from /home/airflow/.local/lib/python3.12/site-packages/airflow/example_dags/example_external_task_marker_dag.py
[2025-04-05T11:42:14.609+0000] {logging_mixin.py:190} INFO - [2025-04-05T11:42:14.609+0000] {dag.py:3239} INFO - Sync 2 DAGs
[2025-04-05T11:42:14.620+0000] {logging_mixin.py:190} INFO - [2025-04-05T11:42:14.620+0000] {dag.py:4180} INFO - Setting next_dagrun for example_external_task_marker_child to None, run_after=None
[2025-04-05T11:42:14.625+0000] {logging_mixin.py:190} INFO - [2025-04-05T11:42:14.625+0000] {dag.py:4180} INFO - Setting next_dagrun for example_external_task_marker_parent to None, run_after=None
[2025-04-05T11:42:14.642+0000] {processor.py:208} INFO - Processing /home/airflow/.local/lib/python3.12/site-packages/airflow/example_dags/example_external_task_marker_dag.py took 0.060 seconds
[2025-04-05T11:42:44.925+0000] {processor.py:186} INFO - Started process (PID=557) to work on /home/airflow/.local/lib/python3.12/site-packages/airflow/example_dags/example_external_task_marker_dag.py
[2025-04-05T11:42:44.926+0000] {processor.py:914} INFO - Processing file /home/airflow/.local/lib/python3.12/site-packages/airflow/example_dags/example_external_task_marker_dag.py for tasks to queue
[2025-04-05T11:42:44.928+0000] {logging_mixin.py:190} INFO - [2025-04-05T11:42:44.927+0000] {dagbag.py:588} INFO - Filling up the DagBag from /home/airflow/.local/lib/python3.12/site-packages/airflow/example_dags/example_external_task_marker_dag.py
[2025-04-05T11:42:44.933+0000] {processor.py:925} INFO - DAG(s) 'example_external_task_marker_parent', 'example_external_task_marker_child' retrieved from /home/airflow/.local/lib/python3.12/site-packages/airflow/example_dags/example_external_task_marker_dag.py
[2025-04-05T11:42:44.957+0000] {logging_mixin.py:190} INFO - [2025-04-05T11:42:44.956+0000] {dag.py:3239} INFO - Sync 2 DAGs
[2025-04-05T11:42:44.970+0000] {logging_mixin.py:190} INFO - [2025-04-05T11:42:44.969+0000] {dag.py:4180} INFO - Setting next_dagrun for example_external_task_marker_child to None, run_after=None
[2025-04-05T11:42:44.972+0000] {logging_mixin.py:190} INFO - [2025-04-05T11:42:44.972+0000] {dag.py:4180} INFO - Setting next_dagrun for example_external_task_marker_parent to None, run_after=None
[2025-04-05T11:42:44.981+0000] {processor.py:208} INFO - Processing /home/airflow/.local/lib/python3.12/site-packages/airflow/example_dags/example_external_task_marker_dag.py took 0.059 seconds
[2025-04-05T11:44:53.474+0000] {processor.py:186} INFO - Started process (PID=110) to work on /home/airflow/.local/lib/python3.12/site-packages/airflow/example_dags/example_external_task_marker_dag.py
[2025-04-05T11:44:53.475+0000] {processor.py:914} INFO - Processing file /home/airflow/.local/lib/python3.12/site-packages/airflow/example_dags/example_external_task_marker_dag.py for tasks to queue
[2025-04-05T11:44:53.477+0000] {logging_mixin.py:190} INFO - [2025-04-05T11:44:53.477+0000] {dagbag.py:588} INFO - Filling up the DagBag from /home/airflow/.local/lib/python3.12/site-packages/airflow/example_dags/example_external_task_marker_dag.py
[2025-04-05T11:44:53.485+0000] {processor.py:925} INFO - DAG(s) 'example_external_task_marker_parent', 'example_external_task_marker_child' retrieved from /home/airflow/.local/lib/python3.12/site-packages/airflow/example_dags/example_external_task_marker_dag.py
[2025-04-05T11:44:53.532+0000] {logging_mixin.py:190} INFO - [2025-04-05T11:44:53.532+0000] {dag.py:3239} INFO - Sync 2 DAGs
[2025-04-05T11:44:53.545+0000] {logging_mixin.py:190} INFO - [2025-04-05T11:44:53.545+0000] {dag.py:4180} INFO - Setting next_dagrun for example_external_task_marker_child to None, run_after=None
[2025-04-05T11:44:53.551+0000] {logging_mixin.py:190} INFO - [2025-04-05T11:44:53.551+0000] {dag.py:4180} INFO - Setting next_dagrun for example_external_task_marker_parent to None, run_after=None
[2025-04-05T11:44:53.571+0000] {processor.py:208} INFO - Processing /home/airflow/.local/lib/python3.12/site-packages/airflow/example_dags/example_external_task_marker_dag.py took 0.101 seconds
[2025-04-05T11:45:24.098+0000] {processor.py:186} INFO - Started process (PID=174) to work on /home/airflow/.local/lib/python3.12/site-packages/airflow/example_dags/example_external_task_marker_dag.py
[2025-04-05T11:45:24.099+0000] {processor.py:914} INFO - Processing file /home/airflow/.local/lib/python3.12/site-packages/airflow/example_dags/example_external_task_marker_dag.py for tasks to queue
[2025-04-05T11:45:24.100+0000] {logging_mixin.py:190} INFO - [2025-04-05T11:45:24.100+0000] {dagbag.py:588} INFO - Filling up the DagBag from /home/airflow/.local/lib/python3.12/site-packages/airflow/example_dags/example_external_task_marker_dag.py
[2025-04-05T11:45:24.105+0000] {processor.py:925} INFO - DAG(s) 'example_external_task_marker_child', 'example_external_task_marker_parent' retrieved from /home/airflow/.local/lib/python3.12/site-packages/airflow/example_dags/example_external_task_marker_dag.py
[2025-04-05T11:45:24.119+0000] {logging_mixin.py:190} INFO - [2025-04-05T11:45:24.119+0000] {dag.py:3239} INFO - Sync 2 DAGs
[2025-04-05T11:45:24.126+0000] {logging_mixin.py:190} INFO - [2025-04-05T11:45:24.126+0000] {dag.py:4180} INFO - Setting next_dagrun for example_external_task_marker_child to None, run_after=None
[2025-04-05T11:45:24.133+0000] {logging_mixin.py:190} INFO - [2025-04-05T11:45:24.133+0000] {dag.py:4180} INFO - Setting next_dagrun for example_external_task_marker_parent to None, run_after=None
[2025-04-05T11:45:24.144+0000] {processor.py:208} INFO - Processing /home/airflow/.local/lib/python3.12/site-packages/airflow/example_dags/example_external_task_marker_dag.py took 0.050 seconds
[2025-04-05T11:45:55.000+0000] {processor.py:186} INFO - Started process (PID=238) to work on /home/airflow/.local/lib/python3.12/site-packages/airflow/example_dags/example_external_task_marker_dag.py
[2025-04-05T11:45:55.001+0000] {processor.py:914} INFO - Processing file /home/airflow/.local/lib/python3.12/site-packages/airflow/example_dags/example_external_task_marker_dag.py for tasks to queue
[2025-04-05T11:45:55.003+0000] {logging_mixin.py:190} INFO - [2025-04-05T11:45:55.002+0000] {dagbag.py:588} INFO - Filling up the DagBag from /home/airflow/.local/lib/python3.12/site-packages/airflow/example_dags/example_external_task_marker_dag.py
[2025-04-05T11:45:55.007+0000] {processor.py:925} INFO - DAG(s) 'example_external_task_marker_child', 'example_external_task_marker_parent' retrieved from /home/airflow/.local/lib/python3.12/site-packages/airflow/example_dags/example_external_task_marker_dag.py
[2025-04-05T11:45:55.019+0000] {logging_mixin.py:190} INFO - [2025-04-05T11:45:55.019+0000] {dag.py:3239} INFO - Sync 2 DAGs
[2025-04-05T11:45:55.026+0000] {logging_mixin.py:190} INFO - [2025-04-05T11:45:55.026+0000] {dag.py:4180} INFO - Setting next_dagrun for example_external_task_marker_child to None, run_after=None
[2025-04-05T11:45:55.029+0000] {logging_mixin.py:190} INFO - [2025-04-05T11:45:55.029+0000] {dag.py:4180} INFO - Setting next_dagrun for example_external_task_marker_parent to None, run_after=None
[2025-04-05T11:45:55.038+0000] {processor.py:208} INFO - Processing /home/airflow/.local/lib/python3.12/site-packages/airflow/example_dags/example_external_task_marker_dag.py took 0.041 seconds
[2025-04-05T11:46:26.989+0000] {processor.py:186} INFO - Started process (PID=302) to work on /home/airflow/.local/lib/python3.12/site-packages/airflow/example_dags/example_external_task_marker_dag.py
[2025-04-05T11:46:26.991+0000] {processor.py:914} INFO - Processing file /home/airflow/.local/lib/python3.12/site-packages/airflow/example_dags/example_external_task_marker_dag.py for tasks to queue
[2025-04-05T11:46:26.993+0000] {logging_mixin.py:190} INFO - [2025-04-05T11:46:26.993+0000] {dagbag.py:588} INFO - Filling up the DagBag from /home/airflow/.local/lib/python3.12/site-packages/airflow/example_dags/example_external_task_marker_dag.py
[2025-04-05T11:46:27.002+0000] {processor.py:925} INFO - DAG(s) 'example_external_task_marker_child', 'example_external_task_marker_parent' retrieved from /home/airflow/.local/lib/python3.12/site-packages/airflow/example_dags/example_external_task_marker_dag.py
[2025-04-05T11:46:27.026+0000] {logging_mixin.py:190} INFO - [2025-04-05T11:46:27.026+0000] {dag.py:3239} INFO - Sync 2 DAGs
[2025-04-05T11:46:27.036+0000] {logging_mixin.py:190} INFO - [2025-04-05T11:46:27.035+0000] {dag.py:4180} INFO - Setting next_dagrun for example_external_task_marker_child to None, run_after=None
[2025-04-05T11:46:27.038+0000] {logging_mixin.py:190} INFO - [2025-04-05T11:46:27.038+0000] {dag.py:4180} INFO - Setting next_dagrun for example_external_task_marker_parent to None, run_after=None
[2025-04-05T11:46:27.052+0000] {processor.py:208} INFO - Processing /home/airflow/.local/lib/python3.12/site-packages/airflow/example_dags/example_external_task_marker_dag.py took 0.067 seconds
[2025-04-05T11:46:57.333+0000] {processor.py:186} INFO - Started process (PID=365) to work on /home/airflow/.local/lib/python3.12/site-packages/airflow/example_dags/example_external_task_marker_dag.py
[2025-04-05T11:46:57.334+0000] {processor.py:914} INFO - Processing file /home/airflow/.local/lib/python3.12/site-packages/airflow/example_dags/example_external_task_marker_dag.py for tasks to queue
[2025-04-05T11:46:57.335+0000] {logging_mixin.py:190} INFO - [2025-04-05T11:46:57.335+0000] {dagbag.py:588} INFO - Filling up the DagBag from /home/airflow/.local/lib/python3.12/site-packages/airflow/example_dags/example_external_task_marker_dag.py
[2025-04-05T11:46:57.340+0000] {processor.py:925} INFO - DAG(s) 'example_external_task_marker_parent', 'example_external_task_marker_child' retrieved from /home/airflow/.local/lib/python3.12/site-packages/airflow/example_dags/example_external_task_marker_dag.py
[2025-04-05T11:46:57.353+0000] {logging_mixin.py:190} INFO - [2025-04-05T11:46:57.353+0000] {dag.py:3239} INFO - Sync 2 DAGs
[2025-04-05T11:46:57.361+0000] {logging_mixin.py:190} INFO - [2025-04-05T11:46:57.360+0000] {dag.py:4180} INFO - Setting next_dagrun for example_external_task_marker_child to None, run_after=None
[2025-04-05T11:46:57.364+0000] {logging_mixin.py:190} INFO - [2025-04-05T11:46:57.364+0000] {dag.py:4180} INFO - Setting next_dagrun for example_external_task_marker_parent to None, run_after=None
[2025-04-05T11:46:57.371+0000] {processor.py:208} INFO - Processing /home/airflow/.local/lib/python3.12/site-packages/airflow/example_dags/example_external_task_marker_dag.py took 0.042 seconds
[2025-04-05T11:47:28.478+0000] {processor.py:186} INFO - Started process (PID=429) to work on /home/airflow/.local/lib/python3.12/site-packages/airflow/example_dags/example_external_task_marker_dag.py
[2025-04-05T11:47:28.478+0000] {processor.py:914} INFO - Processing file /home/airflow/.local/lib/python3.12/site-packages/airflow/example_dags/example_external_task_marker_dag.py for tasks to queue
[2025-04-05T11:47:28.479+0000] {logging_mixin.py:190} INFO - [2025-04-05T11:47:28.479+0000] {dagbag.py:588} INFO - Filling up the DagBag from /home/airflow/.local/lib/python3.12/site-packages/airflow/example_dags/example_external_task_marker_dag.py
[2025-04-05T11:47:28.483+0000] {processor.py:925} INFO - DAG(s) 'example_external_task_marker_child', 'example_external_task_marker_parent' retrieved from /home/airflow/.local/lib/python3.12/site-packages/airflow/example_dags/example_external_task_marker_dag.py
[2025-04-05T11:47:28.494+0000] {logging_mixin.py:190} INFO - [2025-04-05T11:47:28.494+0000] {dag.py:3239} INFO - Sync 2 DAGs
[2025-04-05T11:47:28.500+0000] {logging_mixin.py:190} INFO - [2025-04-05T11:47:28.500+0000] {dag.py:4180} INFO - Setting next_dagrun for example_external_task_marker_child to None, run_after=None
[2025-04-05T11:47:28.501+0000] {logging_mixin.py:190} INFO - [2025-04-05T11:47:28.501+0000] {dag.py:4180} INFO - Setting next_dagrun for example_external_task_marker_parent to None, run_after=None
[2025-04-05T11:47:28.508+0000] {processor.py:208} INFO - Processing /home/airflow/.local/lib/python3.12/site-packages/airflow/example_dags/example_external_task_marker_dag.py took 0.034 seconds
[2025-04-05T11:50:11.154+0000] {processor.py:186} INFO - Started process (PID=118) to work on /home/airflow/.local/lib/python3.12/site-packages/airflow/example_dags/example_external_task_marker_dag.py
[2025-04-05T11:50:11.156+0000] {processor.py:914} INFO - Processing file /home/airflow/.local/lib/python3.12/site-packages/airflow/example_dags/example_external_task_marker_dag.py for tasks to queue
[2025-04-05T11:50:11.158+0000] {logging_mixin.py:190} INFO - [2025-04-05T11:50:11.158+0000] {dagbag.py:588} INFO - Filling up the DagBag from /home/airflow/.local/lib/python3.12/site-packages/airflow/example_dags/example_external_task_marker_dag.py
[2025-04-05T11:50:11.164+0000] {processor.py:925} INFO - DAG(s) 'example_external_task_marker_parent', 'example_external_task_marker_child' retrieved from /home/airflow/.local/lib/python3.12/site-packages/airflow/example_dags/example_external_task_marker_dag.py
[2025-04-05T11:50:11.227+0000] {logging_mixin.py:190} INFO - [2025-04-05T11:50:11.226+0000] {dag.py:3239} INFO - Sync 2 DAGs
[2025-04-05T11:50:11.243+0000] {logging_mixin.py:190} INFO - [2025-04-05T11:50:11.243+0000] {dag.py:4180} INFO - Setting next_dagrun for example_external_task_marker_child to None, run_after=None
[2025-04-05T11:50:11.249+0000] {logging_mixin.py:190} INFO - [2025-04-05T11:50:11.249+0000] {dag.py:4180} INFO - Setting next_dagrun for example_external_task_marker_parent to None, run_after=None
[2025-04-05T11:50:11.280+0000] {processor.py:208} INFO - Processing /home/airflow/.local/lib/python3.12/site-packages/airflow/example_dags/example_external_task_marker_dag.py took 0.131 seconds
[2025-04-05T11:50:41.969+0000] {processor.py:186} INFO - Started process (PID=182) to work on /home/airflow/.local/lib/python3.12/site-packages/airflow/example_dags/example_external_task_marker_dag.py
[2025-04-05T11:50:41.970+0000] {processor.py:914} INFO - Processing file /home/airflow/.local/lib/python3.12/site-packages/airflow/example_dags/example_external_task_marker_dag.py for tasks to queue
[2025-04-05T11:50:41.972+0000] {logging_mixin.py:190} INFO - [2025-04-05T11:50:41.972+0000] {dagbag.py:588} INFO - Filling up the DagBag from /home/airflow/.local/lib/python3.12/site-packages/airflow/example_dags/example_external_task_marker_dag.py
[2025-04-05T11:50:41.978+0000] {processor.py:925} INFO - DAG(s) 'example_external_task_marker_parent', 'example_external_task_marker_child' retrieved from /home/airflow/.local/lib/python3.12/site-packages/airflow/example_dags/example_external_task_marker_dag.py
[2025-04-05T11:50:41.998+0000] {logging_mixin.py:190} INFO - [2025-04-05T11:50:41.997+0000] {dag.py:3239} INFO - Sync 2 DAGs
[2025-04-05T11:50:42.012+0000] {logging_mixin.py:190} INFO - [2025-04-05T11:50:42.012+0000] {dag.py:4180} INFO - Setting next_dagrun for example_external_task_marker_child to None, run_after=None
[2025-04-05T11:50:42.015+0000] {logging_mixin.py:190} INFO - [2025-04-05T11:50:42.015+0000] {dag.py:4180} INFO - Setting next_dagrun for example_external_task_marker_parent to None, run_after=None
[2025-04-05T11:50:42.026+0000] {processor.py:208} INFO - Processing /home/airflow/.local/lib/python3.12/site-packages/airflow/example_dags/example_external_task_marker_dag.py took 0.061 seconds
[2025-04-05T11:51:12.514+0000] {processor.py:186} INFO - Started process (PID=246) to work on /home/airflow/.local/lib/python3.12/site-packages/airflow/example_dags/example_external_task_marker_dag.py
[2025-04-05T11:51:12.515+0000] {processor.py:914} INFO - Processing file /home/airflow/.local/lib/python3.12/site-packages/airflow/example_dags/example_external_task_marker_dag.py for tasks to queue
[2025-04-05T11:51:12.518+0000] {logging_mixin.py:190} INFO - [2025-04-05T11:51:12.518+0000] {dagbag.py:588} INFO - Filling up the DagBag from /home/airflow/.local/lib/python3.12/site-packages/airflow/example_dags/example_external_task_marker_dag.py
[2025-04-05T11:51:12.524+0000] {processor.py:925} INFO - DAG(s) 'example_external_task_marker_parent', 'example_external_task_marker_child' retrieved from /home/airflow/.local/lib/python3.12/site-packages/airflow/example_dags/example_external_task_marker_dag.py
[2025-04-05T11:51:12.547+0000] {logging_mixin.py:190} INFO - [2025-04-05T11:51:12.547+0000] {dag.py:3239} INFO - Sync 2 DAGs
[2025-04-05T11:51:12.557+0000] {logging_mixin.py:190} INFO - [2025-04-05T11:51:12.557+0000] {dag.py:4180} INFO - Setting next_dagrun for example_external_task_marker_child to None, run_after=None
[2025-04-05T11:51:12.562+0000] {logging_mixin.py:190} INFO - [2025-04-05T11:51:12.561+0000] {dag.py:4180} INFO - Setting next_dagrun for example_external_task_marker_parent to None, run_after=None
[2025-04-05T11:51:12.573+0000] {processor.py:208} INFO - Processing /home/airflow/.local/lib/python3.12/site-packages/airflow/example_dags/example_external_task_marker_dag.py took 0.063 seconds
[2025-04-05T11:51:42.769+0000] {processor.py:186} INFO - Started process (PID=310) to work on /home/airflow/.local/lib/python3.12/site-packages/airflow/example_dags/example_external_task_marker_dag.py
[2025-04-05T11:51:42.770+0000] {processor.py:914} INFO - Processing file /home/airflow/.local/lib/python3.12/site-packages/airflow/example_dags/example_external_task_marker_dag.py for tasks to queue
[2025-04-05T11:51:42.772+0000] {logging_mixin.py:190} INFO - [2025-04-05T11:51:42.772+0000] {dagbag.py:588} INFO - Filling up the DagBag from /home/airflow/.local/lib/python3.12/site-packages/airflow/example_dags/example_external_task_marker_dag.py
[2025-04-05T11:51:42.776+0000] {processor.py:925} INFO - DAG(s) 'example_external_task_marker_parent', 'example_external_task_marker_child' retrieved from /home/airflow/.local/lib/python3.12/site-packages/airflow/example_dags/example_external_task_marker_dag.py
[2025-04-05T11:51:42.791+0000] {logging_mixin.py:190} INFO - [2025-04-05T11:51:42.791+0000] {dag.py:3239} INFO - Sync 2 DAGs
[2025-04-05T11:51:42.802+0000] {logging_mixin.py:190} INFO - [2025-04-05T11:51:42.802+0000] {dag.py:4180} INFO - Setting next_dagrun for example_external_task_marker_child to None, run_after=None
[2025-04-05T11:51:42.804+0000] {logging_mixin.py:190} INFO - [2025-04-05T11:51:42.804+0000] {dag.py:4180} INFO - Setting next_dagrun for example_external_task_marker_parent to None, run_after=None
[2025-04-05T11:51:42.814+0000] {processor.py:208} INFO - Processing /home/airflow/.local/lib/python3.12/site-packages/airflow/example_dags/example_external_task_marker_dag.py took 0.049 seconds
[2025-04-05T11:52:13.103+0000] {processor.py:186} INFO - Started process (PID=374) to work on /home/airflow/.local/lib/python3.12/site-packages/airflow/example_dags/example_external_task_marker_dag.py
[2025-04-05T11:52:13.107+0000] {processor.py:914} INFO - Processing file /home/airflow/.local/lib/python3.12/site-packages/airflow/example_dags/example_external_task_marker_dag.py for tasks to queue
[2025-04-05T11:52:13.109+0000] {logging_mixin.py:190} INFO - [2025-04-05T11:52:13.109+0000] {dagbag.py:588} INFO - Filling up the DagBag from /home/airflow/.local/lib/python3.12/site-packages/airflow/example_dags/example_external_task_marker_dag.py
[2025-04-05T11:52:13.114+0000] {processor.py:925} INFO - DAG(s) 'example_external_task_marker_child', 'example_external_task_marker_parent' retrieved from /home/airflow/.local/lib/python3.12/site-packages/airflow/example_dags/example_external_task_marker_dag.py
[2025-04-05T11:52:13.132+0000] {logging_mixin.py:190} INFO - [2025-04-05T11:52:13.131+0000] {dag.py:3239} INFO - Sync 2 DAGs
[2025-04-05T11:52:13.141+0000] {logging_mixin.py:190} INFO - [2025-04-05T11:52:13.141+0000] {dag.py:4180} INFO - Setting next_dagrun for example_external_task_marker_child to None, run_after=None
[2025-04-05T11:52:13.143+0000] {logging_mixin.py:190} INFO - [2025-04-05T11:52:13.143+0000] {dag.py:4180} INFO - Setting next_dagrun for example_external_task_marker_parent to None, run_after=None
[2025-04-05T11:52:13.151+0000] {processor.py:208} INFO - Processing /home/airflow/.local/lib/python3.12/site-packages/airflow/example_dags/example_external_task_marker_dag.py took 0.052 seconds
[2025-04-05T12:07:23.533+0000] {processor.py:186} INFO - Started process (PID=111) to work on /home/airflow/.local/lib/python3.12/site-packages/airflow/example_dags/example_external_task_marker_dag.py
[2025-04-05T12:07:23.535+0000] {processor.py:914} INFO - Processing file /home/airflow/.local/lib/python3.12/site-packages/airflow/example_dags/example_external_task_marker_dag.py for tasks to queue
[2025-04-05T12:07:23.540+0000] {logging_mixin.py:190} INFO - [2025-04-05T12:07:23.539+0000] {dagbag.py:588} INFO - Filling up the DagBag from /home/airflow/.local/lib/python3.12/site-packages/airflow/example_dags/example_external_task_marker_dag.py
[2025-04-05T12:07:23.546+0000] {processor.py:925} INFO - DAG(s) 'example_external_task_marker_parent', 'example_external_task_marker_child' retrieved from /home/airflow/.local/lib/python3.12/site-packages/airflow/example_dags/example_external_task_marker_dag.py
[2025-04-05T12:07:23.578+0000] {logging_mixin.py:190} INFO - [2025-04-05T12:07:23.578+0000] {dag.py:3239} INFO - Sync 2 DAGs
[2025-04-05T12:07:23.592+0000] {logging_mixin.py:190} INFO - [2025-04-05T12:07:23.592+0000] {dag.py:4180} INFO - Setting next_dagrun for example_external_task_marker_child to None, run_after=None
[2025-04-05T12:07:23.596+0000] {logging_mixin.py:190} INFO - [2025-04-05T12:07:23.596+0000] {dag.py:4180} INFO - Setting next_dagrun for example_external_task_marker_parent to None, run_after=None
[2025-04-05T12:07:23.612+0000] {processor.py:208} INFO - Processing /home/airflow/.local/lib/python3.12/site-packages/airflow/example_dags/example_external_task_marker_dag.py took 0.083 seconds
[2025-04-05T12:07:54.254+0000] {processor.py:186} INFO - Started process (PID=175) to work on /home/airflow/.local/lib/python3.12/site-packages/airflow/example_dags/example_external_task_marker_dag.py
[2025-04-05T12:07:54.255+0000] {processor.py:914} INFO - Processing file /home/airflow/.local/lib/python3.12/site-packages/airflow/example_dags/example_external_task_marker_dag.py for tasks to queue
[2025-04-05T12:07:54.258+0000] {logging_mixin.py:190} INFO - [2025-04-05T12:07:54.258+0000] {dagbag.py:588} INFO - Filling up the DagBag from /home/airflow/.local/lib/python3.12/site-packages/airflow/example_dags/example_external_task_marker_dag.py
[2025-04-05T12:07:54.263+0000] {processor.py:925} INFO - DAG(s) 'example_external_task_marker_child', 'example_external_task_marker_parent' retrieved from /home/airflow/.local/lib/python3.12/site-packages/airflow/example_dags/example_external_task_marker_dag.py
[2025-04-05T12:07:54.276+0000] {logging_mixin.py:190} INFO - [2025-04-05T12:07:54.276+0000] {dag.py:3239} INFO - Sync 2 DAGs
[2025-04-05T12:07:54.289+0000] {logging_mixin.py:190} INFO - [2025-04-05T12:07:54.288+0000] {dag.py:4180} INFO - Setting next_dagrun for example_external_task_marker_child to None, run_after=None
[2025-04-05T12:07:54.296+0000] {logging_mixin.py:190} INFO - [2025-04-05T12:07:54.296+0000] {dag.py:4180} INFO - Setting next_dagrun for example_external_task_marker_parent to None, run_after=None
[2025-04-05T12:07:54.310+0000] {processor.py:208} INFO - Processing /home/airflow/.local/lib/python3.12/site-packages/airflow/example_dags/example_external_task_marker_dag.py took 0.059 seconds
[2025-04-05T12:08:24.914+0000] {processor.py:186} INFO - Started process (PID=239) to work on /home/airflow/.local/lib/python3.12/site-packages/airflow/example_dags/example_external_task_marker_dag.py
[2025-04-05T12:08:24.916+0000] {processor.py:914} INFO - Processing file /home/airflow/.local/lib/python3.12/site-packages/airflow/example_dags/example_external_task_marker_dag.py for tasks to queue
[2025-04-05T12:08:24.918+0000] {logging_mixin.py:190} INFO - [2025-04-05T12:08:24.918+0000] {dagbag.py:588} INFO - Filling up the DagBag from /home/airflow/.local/lib/python3.12/site-packages/airflow/example_dags/example_external_task_marker_dag.py
[2025-04-05T12:08:24.923+0000] {processor.py:925} INFO - DAG(s) 'example_external_task_marker_parent', 'example_external_task_marker_child' retrieved from /home/airflow/.local/lib/python3.12/site-packages/airflow/example_dags/example_external_task_marker_dag.py
[2025-04-05T12:08:24.942+0000] {logging_mixin.py:190} INFO - [2025-04-05T12:08:24.942+0000] {dag.py:3239} INFO - Sync 2 DAGs
[2025-04-05T12:08:24.950+0000] {logging_mixin.py:190} INFO - [2025-04-05T12:08:24.949+0000] {dag.py:4180} INFO - Setting next_dagrun for example_external_task_marker_child to None, run_after=None
[2025-04-05T12:08:24.953+0000] {logging_mixin.py:190} INFO - [2025-04-05T12:08:24.953+0000] {dag.py:4180} INFO - Setting next_dagrun for example_external_task_marker_parent to None, run_after=None
[2025-04-05T12:08:24.965+0000] {processor.py:208} INFO - Processing /home/airflow/.local/lib/python3.12/site-packages/airflow/example_dags/example_external_task_marker_dag.py took 0.054 seconds
[2025-04-05T12:08:55.910+0000] {processor.py:186} INFO - Started process (PID=303) to work on /home/airflow/.local/lib/python3.12/site-packages/airflow/example_dags/example_external_task_marker_dag.py
[2025-04-05T12:08:55.912+0000] {processor.py:914} INFO - Processing file /home/airflow/.local/lib/python3.12/site-packages/airflow/example_dags/example_external_task_marker_dag.py for tasks to queue
[2025-04-05T12:08:55.913+0000] {logging_mixin.py:190} INFO - [2025-04-05T12:08:55.913+0000] {dagbag.py:588} INFO - Filling up the DagBag from /home/airflow/.local/lib/python3.12/site-packages/airflow/example_dags/example_external_task_marker_dag.py
[2025-04-05T12:08:55.918+0000] {processor.py:925} INFO - DAG(s) 'example_external_task_marker_child', 'example_external_task_marker_parent' retrieved from /home/airflow/.local/lib/python3.12/site-packages/airflow/example_dags/example_external_task_marker_dag.py
[2025-04-05T12:08:55.931+0000] {logging_mixin.py:190} INFO - [2025-04-05T12:08:55.931+0000] {dag.py:3239} INFO - Sync 2 DAGs
[2025-04-05T12:08:55.946+0000] {logging_mixin.py:190} INFO - [2025-04-05T12:08:55.946+0000] {dag.py:4180} INFO - Setting next_dagrun for example_external_task_marker_child to None, run_after=None
[2025-04-05T12:08:55.949+0000] {logging_mixin.py:190} INFO - [2025-04-05T12:08:55.948+0000] {dag.py:4180} INFO - Setting next_dagrun for example_external_task_marker_parent to None, run_after=None
[2025-04-05T12:08:55.964+0000] {processor.py:208} INFO - Processing /home/airflow/.local/lib/python3.12/site-packages/airflow/example_dags/example_external_task_marker_dag.py took 0.057 seconds
[2025-04-05T12:09:26.896+0000] {processor.py:186} INFO - Started process (PID=367) to work on /home/airflow/.local/lib/python3.12/site-packages/airflow/example_dags/example_external_task_marker_dag.py
[2025-04-05T12:09:26.897+0000] {processor.py:914} INFO - Processing file /home/airflow/.local/lib/python3.12/site-packages/airflow/example_dags/example_external_task_marker_dag.py for tasks to queue
[2025-04-05T12:09:26.899+0000] {logging_mixin.py:190} INFO - [2025-04-05T12:09:26.898+0000] {dagbag.py:588} INFO - Filling up the DagBag from /home/airflow/.local/lib/python3.12/site-packages/airflow/example_dags/example_external_task_marker_dag.py
[2025-04-05T12:09:26.907+0000] {processor.py:925} INFO - DAG(s) 'example_external_task_marker_parent', 'example_external_task_marker_child' retrieved from /home/airflow/.local/lib/python3.12/site-packages/airflow/example_dags/example_external_task_marker_dag.py
[2025-04-05T12:09:26.920+0000] {logging_mixin.py:190} INFO - [2025-04-05T12:09:26.920+0000] {dag.py:3239} INFO - Sync 2 DAGs
[2025-04-05T12:09:26.932+0000] {logging_mixin.py:190} INFO - [2025-04-05T12:09:26.932+0000] {dag.py:4180} INFO - Setting next_dagrun for example_external_task_marker_child to None, run_after=None
[2025-04-05T12:09:26.934+0000] {logging_mixin.py:190} INFO - [2025-04-05T12:09:26.934+0000] {dag.py:4180} INFO - Setting next_dagrun for example_external_task_marker_parent to None, run_after=None
[2025-04-05T12:09:26.941+0000] {processor.py:208} INFO - Processing /home/airflow/.local/lib/python3.12/site-packages/airflow/example_dags/example_external_task_marker_dag.py took 0.048 seconds
[2025-04-05T12:09:57.578+0000] {processor.py:186} INFO - Started process (PID=431) to work on /home/airflow/.local/lib/python3.12/site-packages/airflow/example_dags/example_external_task_marker_dag.py
[2025-04-05T12:09:57.579+0000] {processor.py:914} INFO - Processing file /home/airflow/.local/lib/python3.12/site-packages/airflow/example_dags/example_external_task_marker_dag.py for tasks to queue
[2025-04-05T12:09:57.581+0000] {logging_mixin.py:190} INFO - [2025-04-05T12:09:57.581+0000] {dagbag.py:588} INFO - Filling up the DagBag from /home/airflow/.local/lib/python3.12/site-packages/airflow/example_dags/example_external_task_marker_dag.py
[2025-04-05T12:09:57.586+0000] {processor.py:925} INFO - DAG(s) 'example_external_task_marker_parent', 'example_external_task_marker_child' retrieved from /home/airflow/.local/lib/python3.12/site-packages/airflow/example_dags/example_external_task_marker_dag.py
[2025-04-05T12:09:57.607+0000] {logging_mixin.py:190} INFO - [2025-04-05T12:09:57.607+0000] {dag.py:3239} INFO - Sync 2 DAGs
[2025-04-05T12:09:57.618+0000] {logging_mixin.py:190} INFO - [2025-04-05T12:09:57.618+0000] {dag.py:4180} INFO - Setting next_dagrun for example_external_task_marker_child to None, run_after=None
[2025-04-05T12:09:57.622+0000] {logging_mixin.py:190} INFO - [2025-04-05T12:09:57.622+0000] {dag.py:4180} INFO - Setting next_dagrun for example_external_task_marker_parent to None, run_after=None
[2025-04-05T12:09:57.634+0000] {processor.py:208} INFO - Processing /home/airflow/.local/lib/python3.12/site-packages/airflow/example_dags/example_external_task_marker_dag.py took 0.059 seconds
[2025-04-05T12:10:28.452+0000] {processor.py:186} INFO - Started process (PID=495) to work on /home/airflow/.local/lib/python3.12/site-packages/airflow/example_dags/example_external_task_marker_dag.py
[2025-04-05T12:10:28.453+0000] {processor.py:914} INFO - Processing file /home/airflow/.local/lib/python3.12/site-packages/airflow/example_dags/example_external_task_marker_dag.py for tasks to queue
[2025-04-05T12:10:28.455+0000] {logging_mixin.py:190} INFO - [2025-04-05T12:10:28.455+0000] {dagbag.py:588} INFO - Filling up the DagBag from /home/airflow/.local/lib/python3.12/site-packages/airflow/example_dags/example_external_task_marker_dag.py
[2025-04-05T12:10:28.461+0000] {processor.py:925} INFO - DAG(s) 'example_external_task_marker_child', 'example_external_task_marker_parent' retrieved from /home/airflow/.local/lib/python3.12/site-packages/airflow/example_dags/example_external_task_marker_dag.py
[2025-04-05T12:10:28.476+0000] {logging_mixin.py:190} INFO - [2025-04-05T12:10:28.476+0000] {dag.py:3239} INFO - Sync 2 DAGs
[2025-04-05T12:10:28.491+0000] {logging_mixin.py:190} INFO - [2025-04-05T12:10:28.491+0000] {dag.py:4180} INFO - Setting next_dagrun for example_external_task_marker_child to None, run_after=None
[2025-04-05T12:10:28.494+0000] {logging_mixin.py:190} INFO - [2025-04-05T12:10:28.494+0000] {dag.py:4180} INFO - Setting next_dagrun for example_external_task_marker_parent to None, run_after=None
[2025-04-05T12:10:28.503+0000] {processor.py:208} INFO - Processing /home/airflow/.local/lib/python3.12/site-packages/airflow/example_dags/example_external_task_marker_dag.py took 0.055 seconds
[2025-04-05T12:10:58.673+0000] {processor.py:186} INFO - Started process (PID=559) to work on /home/airflow/.local/lib/python3.12/site-packages/airflow/example_dags/example_external_task_marker_dag.py
[2025-04-05T12:10:58.678+0000] {processor.py:914} INFO - Processing file /home/airflow/.local/lib/python3.12/site-packages/airflow/example_dags/example_external_task_marker_dag.py for tasks to queue
[2025-04-05T12:10:58.680+0000] {logging_mixin.py:190} INFO - [2025-04-05T12:10:58.679+0000] {dagbag.py:588} INFO - Filling up the DagBag from /home/airflow/.local/lib/python3.12/site-packages/airflow/example_dags/example_external_task_marker_dag.py
[2025-04-05T12:10:58.689+0000] {processor.py:925} INFO - DAG(s) 'example_external_task_marker_child', 'example_external_task_marker_parent' retrieved from /home/airflow/.local/lib/python3.12/site-packages/airflow/example_dags/example_external_task_marker_dag.py
[2025-04-05T12:10:58.705+0000] {logging_mixin.py:190} INFO - [2025-04-05T12:10:58.705+0000] {dag.py:3239} INFO - Sync 2 DAGs
[2025-04-05T12:10:58.715+0000] {logging_mixin.py:190} INFO - [2025-04-05T12:10:58.714+0000] {dag.py:4180} INFO - Setting next_dagrun for example_external_task_marker_child to None, run_after=None
[2025-04-05T12:10:58.718+0000] {logging_mixin.py:190} INFO - [2025-04-05T12:10:58.718+0000] {dag.py:4180} INFO - Setting next_dagrun for example_external_task_marker_parent to None, run_after=None
[2025-04-05T12:10:58.731+0000] {processor.py:208} INFO - Processing /home/airflow/.local/lib/python3.12/site-packages/airflow/example_dags/example_external_task_marker_dag.py took 0.061 seconds
[2025-04-05T12:11:29.624+0000] {processor.py:186} INFO - Started process (PID=622) to work on /home/airflow/.local/lib/python3.12/site-packages/airflow/example_dags/example_external_task_marker_dag.py
[2025-04-05T12:11:29.625+0000] {processor.py:914} INFO - Processing file /home/airflow/.local/lib/python3.12/site-packages/airflow/example_dags/example_external_task_marker_dag.py for tasks to queue
[2025-04-05T12:11:29.626+0000] {logging_mixin.py:190} INFO - [2025-04-05T12:11:29.625+0000] {dagbag.py:588} INFO - Filling up the DagBag from /home/airflow/.local/lib/python3.12/site-packages/airflow/example_dags/example_external_task_marker_dag.py
[2025-04-05T12:11:29.632+0000] {processor.py:925} INFO - DAG(s) 'example_external_task_marker_parent', 'example_external_task_marker_child' retrieved from /home/airflow/.local/lib/python3.12/site-packages/airflow/example_dags/example_external_task_marker_dag.py
[2025-04-05T12:11:29.644+0000] {logging_mixin.py:190} INFO - [2025-04-05T12:11:29.644+0000] {dag.py:3239} INFO - Sync 2 DAGs
[2025-04-05T12:11:29.652+0000] {logging_mixin.py:190} INFO - [2025-04-05T12:11:29.652+0000] {dag.py:4180} INFO - Setting next_dagrun for example_external_task_marker_child to None, run_after=None
[2025-04-05T12:11:29.655+0000] {logging_mixin.py:190} INFO - [2025-04-05T12:11:29.655+0000] {dag.py:4180} INFO - Setting next_dagrun for example_external_task_marker_parent to None, run_after=None
[2025-04-05T12:11:29.664+0000] {processor.py:208} INFO - Processing /home/airflow/.local/lib/python3.12/site-packages/airflow/example_dags/example_external_task_marker_dag.py took 0.043 seconds
[2025-04-05T12:12:01.234+0000] {processor.py:186} INFO - Started process (PID=685) to work on /home/airflow/.local/lib/python3.12/site-packages/airflow/example_dags/example_external_task_marker_dag.py
[2025-04-05T12:12:01.235+0000] {processor.py:914} INFO - Processing file /home/airflow/.local/lib/python3.12/site-packages/airflow/example_dags/example_external_task_marker_dag.py for tasks to queue
[2025-04-05T12:12:01.236+0000] {logging_mixin.py:190} INFO - [2025-04-05T12:12:01.236+0000] {dagbag.py:588} INFO - Filling up the DagBag from /home/airflow/.local/lib/python3.12/site-packages/airflow/example_dags/example_external_task_marker_dag.py
[2025-04-05T12:12:01.241+0000] {processor.py:925} INFO - DAG(s) 'example_external_task_marker_parent', 'example_external_task_marker_child' retrieved from /home/airflow/.local/lib/python3.12/site-packages/airflow/example_dags/example_external_task_marker_dag.py
[2025-04-05T12:12:01.255+0000] {logging_mixin.py:190} INFO - [2025-04-05T12:12:01.255+0000] {dag.py:3239} INFO - Sync 2 DAGs
[2025-04-05T12:12:01.264+0000] {logging_mixin.py:190} INFO - [2025-04-05T12:12:01.263+0000] {dag.py:4180} INFO - Setting next_dagrun for example_external_task_marker_child to None, run_after=None
[2025-04-05T12:12:01.266+0000] {logging_mixin.py:190} INFO - [2025-04-05T12:12:01.265+0000] {dag.py:4180} INFO - Setting next_dagrun for example_external_task_marker_parent to None, run_after=None
[2025-04-05T12:12:01.273+0000] {processor.py:208} INFO - Processing /home/airflow/.local/lib/python3.12/site-packages/airflow/example_dags/example_external_task_marker_dag.py took 0.042 seconds
