[2025-04-05T11:23:25.582+0000] {processor.py:186} INFO - Started process (PID=98) to work on /home/airflow/.local/lib/python3.12/site-packages/airflow/example_dags/example_bash_decorator.py
[2025-04-05T11:23:25.585+0000] {processor.py:914} INFO - Processing file /home/airflow/.local/lib/python3.12/site-packages/airflow/example_dags/example_bash_decorator.py for tasks to queue
[2025-04-05T11:23:25.587+0000] {logging_mixin.py:190} INFO - [2025-04-05T11:23:25.586+0000] {dagbag.py:588} INFO - Filling up the DagBag from /home/airflow/.local/lib/python3.12/site-packages/airflow/example_dags/example_bash_decorator.py
[2025-04-05T11:23:25.597+0000] {processor.py:925} INFO - DAG(s) 'example_bash_decorator' retrieved from /home/airflow/.local/lib/python3.12/site-packages/airflow/example_dags/example_bash_decorator.py
[2025-04-05T11:23:25.662+0000] {logging_mixin.py:190} INFO - [2025-04-05T11:23:25.662+0000] {override.py:1912} INFO - Created Permission View: can edit on DAG:example_bash_decorator
[2025-04-05T11:23:25.666+0000] {logging_mixin.py:190} INFO - [2025-04-05T11:23:25.666+0000] {override.py:1912} INFO - Created Permission View: can read on DAG:example_bash_decorator
[2025-04-05T11:23:25.669+0000] {logging_mixin.py:190} INFO - [2025-04-05T11:23:25.669+0000] {override.py:1912} INFO - Created Permission View: can delete on DAG:example_bash_decorator
[2025-04-05T11:23:25.675+0000] {logging_mixin.py:190} INFO - [2025-04-05T11:23:25.675+0000] {override.py:1912} INFO - Created Permission View: menu access on DAG Run:example_bash_decorator
[2025-04-05T11:23:25.679+0000] {logging_mixin.py:190} INFO - [2025-04-05T11:23:25.679+0000] {override.py:1912} INFO - Created Permission View: can read on DAG Run:example_bash_decorator
[2025-04-05T11:23:25.682+0000] {logging_mixin.py:190} INFO - [2025-04-05T11:23:25.682+0000] {override.py:1912} INFO - Created Permission View: can create on DAG Run:example_bash_decorator
[2025-04-05T11:23:25.685+0000] {logging_mixin.py:190} INFO - [2025-04-05T11:23:25.685+0000] {override.py:1912} INFO - Created Permission View: can delete on DAG Run:example_bash_decorator
[2025-04-05T11:23:25.685+0000] {logging_mixin.py:190} INFO - [2025-04-05T11:23:25.685+0000] {dag.py:3239} INFO - Sync 1 DAGs
[2025-04-05T11:23:25.692+0000] {logging_mixin.py:190} INFO - [2025-04-05T11:23:25.692+0000] {dag.py:3262} INFO - Creating ORM DAG for example_bash_decorator
[2025-04-05T11:23:25.693+0000] {logging_mixin.py:190} INFO - [2025-04-05T11:23:25.693+0000] {dag.py:4180} INFO - Setting next_dagrun for example_bash_decorator to None, run_after=None
[2025-04-05T11:23:25.704+0000] {processor.py:208} INFO - Processing /home/airflow/.local/lib/python3.12/site-packages/airflow/example_dags/example_bash_decorator.py took 0.126 seconds
[2025-04-05T11:23:56.286+0000] {processor.py:186} INFO - Started process (PID=161) to work on /home/airflow/.local/lib/python3.12/site-packages/airflow/example_dags/example_bash_decorator.py
[2025-04-05T11:23:56.287+0000] {processor.py:914} INFO - Processing file /home/airflow/.local/lib/python3.12/site-packages/airflow/example_dags/example_bash_decorator.py for tasks to queue
[2025-04-05T11:23:56.288+0000] {logging_mixin.py:190} INFO - [2025-04-05T11:23:56.288+0000] {dagbag.py:588} INFO - Filling up the DagBag from /home/airflow/.local/lib/python3.12/site-packages/airflow/example_dags/example_bash_decorator.py
[2025-04-05T11:23:56.297+0000] {processor.py:925} INFO - DAG(s) 'example_bash_decorator' retrieved from /home/airflow/.local/lib/python3.12/site-packages/airflow/example_dags/example_bash_decorator.py
[2025-04-05T11:23:56.311+0000] {logging_mixin.py:190} INFO - [2025-04-05T11:23:56.311+0000] {dag.py:3239} INFO - Sync 1 DAGs
[2025-04-05T11:23:56.320+0000] {logging_mixin.py:190} INFO - [2025-04-05T11:23:56.319+0000] {dag.py:4180} INFO - Setting next_dagrun for example_bash_decorator to None, run_after=None
[2025-04-05T11:23:56.333+0000] {processor.py:208} INFO - Processing /home/airflow/.local/lib/python3.12/site-packages/airflow/example_dags/example_bash_decorator.py took 0.050 seconds
[2025-04-05T11:24:26.767+0000] {processor.py:186} INFO - Started process (PID=224) to work on /home/airflow/.local/lib/python3.12/site-packages/airflow/example_dags/example_bash_decorator.py
[2025-04-05T11:24:26.769+0000] {processor.py:914} INFO - Processing file /home/airflow/.local/lib/python3.12/site-packages/airflow/example_dags/example_bash_decorator.py for tasks to queue
[2025-04-05T11:24:26.771+0000] {logging_mixin.py:190} INFO - [2025-04-05T11:24:26.771+0000] {dagbag.py:588} INFO - Filling up the DagBag from /home/airflow/.local/lib/python3.12/site-packages/airflow/example_dags/example_bash_decorator.py
[2025-04-05T11:24:26.781+0000] {processor.py:925} INFO - DAG(s) 'example_bash_decorator' retrieved from /home/airflow/.local/lib/python3.12/site-packages/airflow/example_dags/example_bash_decorator.py
[2025-04-05T11:24:26.801+0000] {logging_mixin.py:190} INFO - [2025-04-05T11:24:26.801+0000] {dag.py:3239} INFO - Sync 1 DAGs
[2025-04-05T11:24:26.809+0000] {logging_mixin.py:190} INFO - [2025-04-05T11:24:26.809+0000] {dag.py:4180} INFO - Setting next_dagrun for example_bash_decorator to None, run_after=None
[2025-04-05T11:24:26.819+0000] {processor.py:208} INFO - Processing /home/airflow/.local/lib/python3.12/site-packages/airflow/example_dags/example_bash_decorator.py took 0.055 seconds
[2025-04-05T11:24:58.028+0000] {processor.py:186} INFO - Started process (PID=287) to work on /home/airflow/.local/lib/python3.12/site-packages/airflow/example_dags/example_bash_decorator.py
[2025-04-05T11:24:58.029+0000] {processor.py:914} INFO - Processing file /home/airflow/.local/lib/python3.12/site-packages/airflow/example_dags/example_bash_decorator.py for tasks to queue
[2025-04-05T11:24:58.030+0000] {logging_mixin.py:190} INFO - [2025-04-05T11:24:58.030+0000] {dagbag.py:588} INFO - Filling up the DagBag from /home/airflow/.local/lib/python3.12/site-packages/airflow/example_dags/example_bash_decorator.py
[2025-04-05T11:24:58.038+0000] {processor.py:925} INFO - DAG(s) 'example_bash_decorator' retrieved from /home/airflow/.local/lib/python3.12/site-packages/airflow/example_dags/example_bash_decorator.py
[2025-04-05T11:24:58.050+0000] {logging_mixin.py:190} INFO - [2025-04-05T11:24:58.050+0000] {dag.py:3239} INFO - Sync 1 DAGs
[2025-04-05T11:24:58.058+0000] {logging_mixin.py:190} INFO - [2025-04-05T11:24:58.058+0000] {dag.py:4180} INFO - Setting next_dagrun for example_bash_decorator to None, run_after=None
[2025-04-05T11:24:58.065+0000] {processor.py:208} INFO - Processing /home/airflow/.local/lib/python3.12/site-packages/airflow/example_dags/example_bash_decorator.py took 0.040 seconds
[2025-04-05T11:25:29.384+0000] {processor.py:186} INFO - Started process (PID=350) to work on /home/airflow/.local/lib/python3.12/site-packages/airflow/example_dags/example_bash_decorator.py
[2025-04-05T11:25:29.385+0000] {processor.py:914} INFO - Processing file /home/airflow/.local/lib/python3.12/site-packages/airflow/example_dags/example_bash_decorator.py for tasks to queue
[2025-04-05T11:25:29.387+0000] {logging_mixin.py:190} INFO - [2025-04-05T11:25:29.387+0000] {dagbag.py:588} INFO - Filling up the DagBag from /home/airflow/.local/lib/python3.12/site-packages/airflow/example_dags/example_bash_decorator.py
[2025-04-05T11:25:29.401+0000] {processor.py:925} INFO - DAG(s) 'example_bash_decorator' retrieved from /home/airflow/.local/lib/python3.12/site-packages/airflow/example_dags/example_bash_decorator.py
[2025-04-05T11:25:29.416+0000] {logging_mixin.py:190} INFO - [2025-04-05T11:25:29.416+0000] {dag.py:3239} INFO - Sync 1 DAGs
[2025-04-05T11:25:29.424+0000] {logging_mixin.py:190} INFO - [2025-04-05T11:25:29.424+0000] {dag.py:4180} INFO - Setting next_dagrun for example_bash_decorator to None, run_after=None
[2025-04-05T11:25:29.434+0000] {processor.py:208} INFO - Processing /home/airflow/.local/lib/python3.12/site-packages/airflow/example_dags/example_bash_decorator.py took 0.058 seconds
[2025-04-05T11:26:01.246+0000] {processor.py:186} INFO - Started process (PID=413) to work on /home/airflow/.local/lib/python3.12/site-packages/airflow/example_dags/example_bash_decorator.py
[2025-04-05T11:26:01.247+0000] {processor.py:914} INFO - Processing file /home/airflow/.local/lib/python3.12/site-packages/airflow/example_dags/example_bash_decorator.py for tasks to queue
[2025-04-05T11:26:01.249+0000] {logging_mixin.py:190} INFO - [2025-04-05T11:26:01.249+0000] {dagbag.py:588} INFO - Filling up the DagBag from /home/airflow/.local/lib/python3.12/site-packages/airflow/example_dags/example_bash_decorator.py
[2025-04-05T11:26:01.259+0000] {processor.py:925} INFO - DAG(s) 'example_bash_decorator' retrieved from /home/airflow/.local/lib/python3.12/site-packages/airflow/example_dags/example_bash_decorator.py
[2025-04-05T11:26:01.276+0000] {logging_mixin.py:190} INFO - [2025-04-05T11:26:01.276+0000] {dag.py:3239} INFO - Sync 1 DAGs
[2025-04-05T11:26:01.284+0000] {logging_mixin.py:190} INFO - [2025-04-05T11:26:01.283+0000] {dag.py:4180} INFO - Setting next_dagrun for example_bash_decorator to None, run_after=None
[2025-04-05T11:26:01.292+0000] {processor.py:208} INFO - Processing /home/airflow/.local/lib/python3.12/site-packages/airflow/example_dags/example_bash_decorator.py took 0.052 seconds
[2025-04-05T11:26:31.823+0000] {processor.py:186} INFO - Started process (PID=476) to work on /home/airflow/.local/lib/python3.12/site-packages/airflow/example_dags/example_bash_decorator.py
[2025-04-05T11:26:31.825+0000] {processor.py:914} INFO - Processing file /home/airflow/.local/lib/python3.12/site-packages/airflow/example_dags/example_bash_decorator.py for tasks to queue
[2025-04-05T11:26:31.829+0000] {logging_mixin.py:190} INFO - [2025-04-05T11:26:31.829+0000] {dagbag.py:588} INFO - Filling up the DagBag from /home/airflow/.local/lib/python3.12/site-packages/airflow/example_dags/example_bash_decorator.py
[2025-04-05T11:26:31.845+0000] {processor.py:925} INFO - DAG(s) 'example_bash_decorator' retrieved from /home/airflow/.local/lib/python3.12/site-packages/airflow/example_dags/example_bash_decorator.py
[2025-04-05T11:26:31.867+0000] {logging_mixin.py:190} INFO - [2025-04-05T11:26:31.867+0000] {dag.py:3239} INFO - Sync 1 DAGs
[2025-04-05T11:26:31.875+0000] {logging_mixin.py:190} INFO - [2025-04-05T11:26:31.875+0000] {dag.py:4180} INFO - Setting next_dagrun for example_bash_decorator to None, run_after=None
[2025-04-05T11:26:31.886+0000] {processor.py:208} INFO - Processing /home/airflow/.local/lib/python3.12/site-packages/airflow/example_dags/example_bash_decorator.py took 0.066 seconds
[2025-04-05T11:27:03.446+0000] {processor.py:186} INFO - Started process (PID=539) to work on /home/airflow/.local/lib/python3.12/site-packages/airflow/example_dags/example_bash_decorator.py
[2025-04-05T11:27:03.446+0000] {processor.py:914} INFO - Processing file /home/airflow/.local/lib/python3.12/site-packages/airflow/example_dags/example_bash_decorator.py for tasks to queue
[2025-04-05T11:27:03.448+0000] {logging_mixin.py:190} INFO - [2025-04-05T11:27:03.447+0000] {dagbag.py:588} INFO - Filling up the DagBag from /home/airflow/.local/lib/python3.12/site-packages/airflow/example_dags/example_bash_decorator.py
[2025-04-05T11:27:03.455+0000] {processor.py:925} INFO - DAG(s) 'example_bash_decorator' retrieved from /home/airflow/.local/lib/python3.12/site-packages/airflow/example_dags/example_bash_decorator.py
[2025-04-05T11:27:03.469+0000] {logging_mixin.py:190} INFO - [2025-04-05T11:27:03.469+0000] {dag.py:3239} INFO - Sync 1 DAGs
[2025-04-05T11:27:03.481+0000] {logging_mixin.py:190} INFO - [2025-04-05T11:27:03.480+0000] {dag.py:4180} INFO - Setting next_dagrun for example_bash_decorator to None, run_after=None
[2025-04-05T11:27:03.491+0000] {processor.py:208} INFO - Processing /home/airflow/.local/lib/python3.12/site-packages/airflow/example_dags/example_bash_decorator.py took 0.049 seconds
[2025-04-05T11:31:59.627+0000] {processor.py:186} INFO - Started process (PID=98) to work on /home/airflow/.local/lib/python3.12/site-packages/airflow/example_dags/example_bash_decorator.py
[2025-04-05T11:31:59.628+0000] {processor.py:914} INFO - Processing file /home/airflow/.local/lib/python3.12/site-packages/airflow/example_dags/example_bash_decorator.py for tasks to queue
[2025-04-05T11:31:59.629+0000] {logging_mixin.py:190} INFO - [2025-04-05T11:31:59.629+0000] {dagbag.py:588} INFO - Filling up the DagBag from /home/airflow/.local/lib/python3.12/site-packages/airflow/example_dags/example_bash_decorator.py
[2025-04-05T11:31:59.641+0000] {processor.py:925} INFO - DAG(s) 'example_bash_decorator' retrieved from /home/airflow/.local/lib/python3.12/site-packages/airflow/example_dags/example_bash_decorator.py
[2025-04-05T11:31:59.731+0000] {logging_mixin.py:190} INFO - [2025-04-05T11:31:59.731+0000] {dag.py:3239} INFO - Sync 1 DAGs
[2025-04-05T11:31:59.740+0000] {logging_mixin.py:190} INFO - [2025-04-05T11:31:59.740+0000] {dag.py:4180} INFO - Setting next_dagrun for example_bash_decorator to None, run_after=None
[2025-04-05T11:31:59.752+0000] {processor.py:208} INFO - Processing /home/airflow/.local/lib/python3.12/site-packages/airflow/example_dags/example_bash_decorator.py took 0.129 seconds
[2025-04-05T11:32:30.561+0000] {processor.py:186} INFO - Started process (PID=161) to work on /home/airflow/.local/lib/python3.12/site-packages/airflow/example_dags/example_bash_decorator.py
[2025-04-05T11:32:30.562+0000] {processor.py:914} INFO - Processing file /home/airflow/.local/lib/python3.12/site-packages/airflow/example_dags/example_bash_decorator.py for tasks to queue
[2025-04-05T11:32:30.563+0000] {logging_mixin.py:190} INFO - [2025-04-05T11:32:30.563+0000] {dagbag.py:588} INFO - Filling up the DagBag from /home/airflow/.local/lib/python3.12/site-packages/airflow/example_dags/example_bash_decorator.py
[2025-04-05T11:32:30.572+0000] {processor.py:925} INFO - DAG(s) 'example_bash_decorator' retrieved from /home/airflow/.local/lib/python3.12/site-packages/airflow/example_dags/example_bash_decorator.py
[2025-04-05T11:32:30.584+0000] {logging_mixin.py:190} INFO - [2025-04-05T11:32:30.584+0000] {dag.py:3239} INFO - Sync 1 DAGs
[2025-04-05T11:32:30.594+0000] {logging_mixin.py:190} INFO - [2025-04-05T11:32:30.594+0000] {dag.py:4180} INFO - Setting next_dagrun for example_bash_decorator to None, run_after=None
[2025-04-05T11:32:30.605+0000] {processor.py:208} INFO - Processing /home/airflow/.local/lib/python3.12/site-packages/airflow/example_dags/example_bash_decorator.py took 0.047 seconds
[2025-04-05T11:39:08.328+0000] {processor.py:186} INFO - Started process (PID=103) to work on /home/airflow/.local/lib/python3.12/site-packages/airflow/example_dags/example_bash_decorator.py
[2025-04-05T11:39:08.329+0000] {processor.py:914} INFO - Processing file /home/airflow/.local/lib/python3.12/site-packages/airflow/example_dags/example_bash_decorator.py for tasks to queue
[2025-04-05T11:39:08.331+0000] {logging_mixin.py:190} INFO - [2025-04-05T11:39:08.331+0000] {dagbag.py:588} INFO - Filling up the DagBag from /home/airflow/.local/lib/python3.12/site-packages/airflow/example_dags/example_bash_decorator.py
[2025-04-05T11:39:08.346+0000] {processor.py:925} INFO - DAG(s) 'example_bash_decorator' retrieved from /home/airflow/.local/lib/python3.12/site-packages/airflow/example_dags/example_bash_decorator.py
[2025-04-05T11:39:08.464+0000] {logging_mixin.py:190} INFO - [2025-04-05T11:39:08.464+0000] {dag.py:3239} INFO - Sync 1 DAGs
[2025-04-05T11:39:08.476+0000] {logging_mixin.py:190} INFO - [2025-04-05T11:39:08.476+0000] {dag.py:4180} INFO - Setting next_dagrun for example_bash_decorator to None, run_after=None
[2025-04-05T11:39:08.496+0000] {processor.py:208} INFO - Processing /home/airflow/.local/lib/python3.12/site-packages/airflow/example_dags/example_bash_decorator.py took 0.175 seconds
[2025-04-05T11:39:39.501+0000] {processor.py:186} INFO - Started process (PID=167) to work on /home/airflow/.local/lib/python3.12/site-packages/airflow/example_dags/example_bash_decorator.py
[2025-04-05T11:39:39.503+0000] {processor.py:914} INFO - Processing file /home/airflow/.local/lib/python3.12/site-packages/airflow/example_dags/example_bash_decorator.py for tasks to queue
[2025-04-05T11:39:39.507+0000] {logging_mixin.py:190} INFO - [2025-04-05T11:39:39.506+0000] {dagbag.py:588} INFO - Filling up the DagBag from /home/airflow/.local/lib/python3.12/site-packages/airflow/example_dags/example_bash_decorator.py
[2025-04-05T11:39:39.525+0000] {processor.py:925} INFO - DAG(s) 'example_bash_decorator' retrieved from /home/airflow/.local/lib/python3.12/site-packages/airflow/example_dags/example_bash_decorator.py
[2025-04-05T11:39:39.551+0000] {logging_mixin.py:190} INFO - [2025-04-05T11:39:39.551+0000] {dag.py:3239} INFO - Sync 1 DAGs
[2025-04-05T11:39:39.562+0000] {logging_mixin.py:190} INFO - [2025-04-05T11:39:39.562+0000] {dag.py:4180} INFO - Setting next_dagrun for example_bash_decorator to None, run_after=None
[2025-04-05T11:39:39.578+0000] {processor.py:208} INFO - Processing /home/airflow/.local/lib/python3.12/site-packages/airflow/example_dags/example_bash_decorator.py took 0.085 seconds
[2025-04-05T11:40:10.567+0000] {processor.py:186} INFO - Started process (PID=230) to work on /home/airflow/.local/lib/python3.12/site-packages/airflow/example_dags/example_bash_decorator.py
[2025-04-05T11:40:10.570+0000] {processor.py:914} INFO - Processing file /home/airflow/.local/lib/python3.12/site-packages/airflow/example_dags/example_bash_decorator.py for tasks to queue
[2025-04-05T11:40:10.573+0000] {logging_mixin.py:190} INFO - [2025-04-05T11:40:10.573+0000] {dagbag.py:588} INFO - Filling up the DagBag from /home/airflow/.local/lib/python3.12/site-packages/airflow/example_dags/example_bash_decorator.py
[2025-04-05T11:40:10.607+0000] {processor.py:925} INFO - DAG(s) 'example_bash_decorator' retrieved from /home/airflow/.local/lib/python3.12/site-packages/airflow/example_dags/example_bash_decorator.py
[2025-04-05T11:40:10.637+0000] {logging_mixin.py:190} INFO - [2025-04-05T11:40:10.637+0000] {dag.py:3239} INFO - Sync 1 DAGs
[2025-04-05T11:40:10.650+0000] {logging_mixin.py:190} INFO - [2025-04-05T11:40:10.650+0000] {dag.py:4180} INFO - Setting next_dagrun for example_bash_decorator to None, run_after=None
[2025-04-05T11:40:10.665+0000] {processor.py:208} INFO - Processing /home/airflow/.local/lib/python3.12/site-packages/airflow/example_dags/example_bash_decorator.py took 0.108 seconds
[2025-04-05T11:40:41.110+0000] {processor.py:186} INFO - Started process (PID=292) to work on /home/airflow/.local/lib/python3.12/site-packages/airflow/example_dags/example_bash_decorator.py
[2025-04-05T11:40:41.112+0000] {processor.py:914} INFO - Processing file /home/airflow/.local/lib/python3.12/site-packages/airflow/example_dags/example_bash_decorator.py for tasks to queue
[2025-04-05T11:40:41.114+0000] {logging_mixin.py:190} INFO - [2025-04-05T11:40:41.113+0000] {dagbag.py:588} INFO - Filling up the DagBag from /home/airflow/.local/lib/python3.12/site-packages/airflow/example_dags/example_bash_decorator.py
[2025-04-05T11:40:41.129+0000] {processor.py:925} INFO - DAG(s) 'example_bash_decorator' retrieved from /home/airflow/.local/lib/python3.12/site-packages/airflow/example_dags/example_bash_decorator.py
[2025-04-05T11:40:41.148+0000] {logging_mixin.py:190} INFO - [2025-04-05T11:40:41.147+0000] {dag.py:3239} INFO - Sync 1 DAGs
[2025-04-05T11:40:41.157+0000] {logging_mixin.py:190} INFO - [2025-04-05T11:40:41.157+0000] {dag.py:4180} INFO - Setting next_dagrun for example_bash_decorator to None, run_after=None
[2025-04-05T11:40:41.173+0000] {processor.py:208} INFO - Processing /home/airflow/.local/lib/python3.12/site-packages/airflow/example_dags/example_bash_decorator.py took 0.075 seconds
[2025-04-05T11:41:12.084+0000] {processor.py:186} INFO - Started process (PID=355) to work on /home/airflow/.local/lib/python3.12/site-packages/airflow/example_dags/example_bash_decorator.py
[2025-04-05T11:41:12.087+0000] {processor.py:914} INFO - Processing file /home/airflow/.local/lib/python3.12/site-packages/airflow/example_dags/example_bash_decorator.py for tasks to queue
[2025-04-05T11:41:12.091+0000] {logging_mixin.py:190} INFO - [2025-04-05T11:41:12.091+0000] {dagbag.py:588} INFO - Filling up the DagBag from /home/airflow/.local/lib/python3.12/site-packages/airflow/example_dags/example_bash_decorator.py
[2025-04-05T11:41:12.106+0000] {processor.py:925} INFO - DAG(s) 'example_bash_decorator' retrieved from /home/airflow/.local/lib/python3.12/site-packages/airflow/example_dags/example_bash_decorator.py
[2025-04-05T11:41:12.125+0000] {logging_mixin.py:190} INFO - [2025-04-05T11:41:12.124+0000] {dag.py:3239} INFO - Sync 1 DAGs
[2025-04-05T11:41:12.135+0000] {logging_mixin.py:190} INFO - [2025-04-05T11:41:12.135+0000] {dag.py:4180} INFO - Setting next_dagrun for example_bash_decorator to None, run_after=None
[2025-04-05T11:41:12.146+0000] {processor.py:208} INFO - Processing /home/airflow/.local/lib/python3.12/site-packages/airflow/example_dags/example_bash_decorator.py took 0.069 seconds
[2025-04-05T11:41:42.656+0000] {processor.py:186} INFO - Started process (PID=417) to work on /home/airflow/.local/lib/python3.12/site-packages/airflow/example_dags/example_bash_decorator.py
[2025-04-05T11:41:42.659+0000] {processor.py:914} INFO - Processing file /home/airflow/.local/lib/python3.12/site-packages/airflow/example_dags/example_bash_decorator.py for tasks to queue
[2025-04-05T11:41:42.662+0000] {logging_mixin.py:190} INFO - [2025-04-05T11:41:42.662+0000] {dagbag.py:588} INFO - Filling up the DagBag from /home/airflow/.local/lib/python3.12/site-packages/airflow/example_dags/example_bash_decorator.py
[2025-04-05T11:41:42.679+0000] {processor.py:925} INFO - DAG(s) 'example_bash_decorator' retrieved from /home/airflow/.local/lib/python3.12/site-packages/airflow/example_dags/example_bash_decorator.py
[2025-04-05T11:41:42.706+0000] {logging_mixin.py:190} INFO - [2025-04-05T11:41:42.706+0000] {dag.py:3239} INFO - Sync 1 DAGs
[2025-04-05T11:41:42.717+0000] {logging_mixin.py:190} INFO - [2025-04-05T11:41:42.717+0000] {dag.py:4180} INFO - Setting next_dagrun for example_bash_decorator to None, run_after=None
[2025-04-05T11:41:42.729+0000] {processor.py:208} INFO - Processing /home/airflow/.local/lib/python3.12/site-packages/airflow/example_dags/example_bash_decorator.py took 0.080 seconds
[2025-04-05T11:42:12.832+0000] {processor.py:186} INFO - Started process (PID=480) to work on /home/airflow/.local/lib/python3.12/site-packages/airflow/example_dags/example_bash_decorator.py
[2025-04-05T11:42:12.839+0000] {processor.py:914} INFO - Processing file /home/airflow/.local/lib/python3.12/site-packages/airflow/example_dags/example_bash_decorator.py for tasks to queue
[2025-04-05T11:42:12.843+0000] {logging_mixin.py:190} INFO - [2025-04-05T11:42:12.842+0000] {dagbag.py:588} INFO - Filling up the DagBag from /home/airflow/.local/lib/python3.12/site-packages/airflow/example_dags/example_bash_decorator.py
[2025-04-05T11:42:12.876+0000] {processor.py:925} INFO - DAG(s) 'example_bash_decorator' retrieved from /home/airflow/.local/lib/python3.12/site-packages/airflow/example_dags/example_bash_decorator.py
[2025-04-05T11:42:12.911+0000] {logging_mixin.py:190} INFO - [2025-04-05T11:42:12.911+0000] {dag.py:3239} INFO - Sync 1 DAGs
[2025-04-05T11:42:12.924+0000] {logging_mixin.py:190} INFO - [2025-04-05T11:42:12.924+0000] {dag.py:4180} INFO - Setting next_dagrun for example_bash_decorator to None, run_after=None
[2025-04-05T11:42:12.939+0000] {processor.py:208} INFO - Processing /home/airflow/.local/lib/python3.12/site-packages/airflow/example_dags/example_bash_decorator.py took 0.118 seconds
[2025-04-05T11:42:43.425+0000] {processor.py:186} INFO - Started process (PID=543) to work on /home/airflow/.local/lib/python3.12/site-packages/airflow/example_dags/example_bash_decorator.py
[2025-04-05T11:42:43.429+0000] {processor.py:914} INFO - Processing file /home/airflow/.local/lib/python3.12/site-packages/airflow/example_dags/example_bash_decorator.py for tasks to queue
[2025-04-05T11:42:43.432+0000] {logging_mixin.py:190} INFO - [2025-04-05T11:42:43.431+0000] {dagbag.py:588} INFO - Filling up the DagBag from /home/airflow/.local/lib/python3.12/site-packages/airflow/example_dags/example_bash_decorator.py
[2025-04-05T11:42:43.449+0000] {processor.py:925} INFO - DAG(s) 'example_bash_decorator' retrieved from /home/airflow/.local/lib/python3.12/site-packages/airflow/example_dags/example_bash_decorator.py
[2025-04-05T11:42:43.468+0000] {logging_mixin.py:190} INFO - [2025-04-05T11:42:43.468+0000] {dag.py:3239} INFO - Sync 1 DAGs
[2025-04-05T11:42:43.477+0000] {logging_mixin.py:190} INFO - [2025-04-05T11:42:43.477+0000] {dag.py:4180} INFO - Setting next_dagrun for example_bash_decorator to None, run_after=None
[2025-04-05T11:42:43.490+0000] {processor.py:208} INFO - Processing /home/airflow/.local/lib/python3.12/site-packages/airflow/example_dags/example_bash_decorator.py took 0.076 seconds
[2025-04-05T11:44:51.903+0000] {processor.py:186} INFO - Started process (PID=97) to work on /home/airflow/.local/lib/python3.12/site-packages/airflow/example_dags/example_bash_decorator.py
[2025-04-05T11:44:51.905+0000] {processor.py:914} INFO - Processing file /home/airflow/.local/lib/python3.12/site-packages/airflow/example_dags/example_bash_decorator.py for tasks to queue
[2025-04-05T11:44:51.912+0000] {logging_mixin.py:190} INFO - [2025-04-05T11:44:51.910+0000] {dagbag.py:588} INFO - Filling up the DagBag from /home/airflow/.local/lib/python3.12/site-packages/airflow/example_dags/example_bash_decorator.py
[2025-04-05T11:44:51.961+0000] {processor.py:925} INFO - DAG(s) 'example_bash_decorator' retrieved from /home/airflow/.local/lib/python3.12/site-packages/airflow/example_dags/example_bash_decorator.py
[2025-04-05T11:44:52.138+0000] {logging_mixin.py:190} INFO - [2025-04-05T11:44:52.137+0000] {dag.py:3239} INFO - Sync 1 DAGs
[2025-04-05T11:44:52.148+0000] {logging_mixin.py:190} INFO - [2025-04-05T11:44:52.148+0000] {dag.py:4180} INFO - Setting next_dagrun for example_bash_decorator to None, run_after=None
[2025-04-05T11:44:52.164+0000] {processor.py:208} INFO - Processing /home/airflow/.local/lib/python3.12/site-packages/airflow/example_dags/example_bash_decorator.py took 0.269 seconds
[2025-04-05T11:45:23.567+0000] {processor.py:186} INFO - Started process (PID=161) to work on /home/airflow/.local/lib/python3.12/site-packages/airflow/example_dags/example_bash_decorator.py
[2025-04-05T11:45:23.569+0000] {processor.py:914} INFO - Processing file /home/airflow/.local/lib/python3.12/site-packages/airflow/example_dags/example_bash_decorator.py for tasks to queue
[2025-04-05T11:45:23.572+0000] {logging_mixin.py:190} INFO - [2025-04-05T11:45:23.572+0000] {dagbag.py:588} INFO - Filling up the DagBag from /home/airflow/.local/lib/python3.12/site-packages/airflow/example_dags/example_bash_decorator.py
[2025-04-05T11:45:23.585+0000] {processor.py:925} INFO - DAG(s) 'example_bash_decorator' retrieved from /home/airflow/.local/lib/python3.12/site-packages/airflow/example_dags/example_bash_decorator.py
[2025-04-05T11:45:23.604+0000] {logging_mixin.py:190} INFO - [2025-04-05T11:45:23.603+0000] {dag.py:3239} INFO - Sync 1 DAGs
[2025-04-05T11:45:23.613+0000] {logging_mixin.py:190} INFO - [2025-04-05T11:45:23.612+0000] {dag.py:4180} INFO - Setting next_dagrun for example_bash_decorator to None, run_after=None
[2025-04-05T11:45:23.623+0000] {processor.py:208} INFO - Processing /home/airflow/.local/lib/python3.12/site-packages/airflow/example_dags/example_bash_decorator.py took 0.060 seconds
[2025-04-05T11:45:54.547+0000] {processor.py:186} INFO - Started process (PID=225) to work on /home/airflow/.local/lib/python3.12/site-packages/airflow/example_dags/example_bash_decorator.py
[2025-04-05T11:45:54.548+0000] {processor.py:914} INFO - Processing file /home/airflow/.local/lib/python3.12/site-packages/airflow/example_dags/example_bash_decorator.py for tasks to queue
[2025-04-05T11:45:54.550+0000] {logging_mixin.py:190} INFO - [2025-04-05T11:45:54.549+0000] {dagbag.py:588} INFO - Filling up the DagBag from /home/airflow/.local/lib/python3.12/site-packages/airflow/example_dags/example_bash_decorator.py
[2025-04-05T11:45:54.560+0000] {processor.py:925} INFO - DAG(s) 'example_bash_decorator' retrieved from /home/airflow/.local/lib/python3.12/site-packages/airflow/example_dags/example_bash_decorator.py
[2025-04-05T11:45:54.581+0000] {logging_mixin.py:190} INFO - [2025-04-05T11:45:54.581+0000] {dag.py:3239} INFO - Sync 1 DAGs
[2025-04-05T11:45:54.590+0000] {logging_mixin.py:190} INFO - [2025-04-05T11:45:54.590+0000] {dag.py:4180} INFO - Setting next_dagrun for example_bash_decorator to None, run_after=None
[2025-04-05T11:45:54.600+0000] {processor.py:208} INFO - Processing /home/airflow/.local/lib/python3.12/site-packages/airflow/example_dags/example_bash_decorator.py took 0.056 seconds
[2025-04-05T11:46:25.851+0000] {processor.py:186} INFO - Started process (PID=289) to work on /home/airflow/.local/lib/python3.12/site-packages/airflow/example_dags/example_bash_decorator.py
[2025-04-05T11:46:25.852+0000] {processor.py:914} INFO - Processing file /home/airflow/.local/lib/python3.12/site-packages/airflow/example_dags/example_bash_decorator.py for tasks to queue
[2025-04-05T11:46:25.857+0000] {logging_mixin.py:190} INFO - [2025-04-05T11:46:25.857+0000] {dagbag.py:588} INFO - Filling up the DagBag from /home/airflow/.local/lib/python3.12/site-packages/airflow/example_dags/example_bash_decorator.py
[2025-04-05T11:46:25.874+0000] {processor.py:925} INFO - DAG(s) 'example_bash_decorator' retrieved from /home/airflow/.local/lib/python3.12/site-packages/airflow/example_dags/example_bash_decorator.py
[2025-04-05T11:46:25.932+0000] {logging_mixin.py:190} INFO - [2025-04-05T11:46:25.931+0000] {dag.py:3239} INFO - Sync 1 DAGs
[2025-04-05T11:46:25.963+0000] {logging_mixin.py:190} INFO - [2025-04-05T11:46:25.963+0000] {dag.py:4180} INFO - Setting next_dagrun for example_bash_decorator to None, run_after=None
[2025-04-05T11:46:26.013+0000] {processor.py:208} INFO - Processing /home/airflow/.local/lib/python3.12/site-packages/airflow/example_dags/example_bash_decorator.py took 0.172 seconds
[2025-04-05T11:46:56.456+0000] {processor.py:186} INFO - Started process (PID=351) to work on /home/airflow/.local/lib/python3.12/site-packages/airflow/example_dags/example_bash_decorator.py
[2025-04-05T11:46:56.458+0000] {processor.py:914} INFO - Processing file /home/airflow/.local/lib/python3.12/site-packages/airflow/example_dags/example_bash_decorator.py for tasks to queue
[2025-04-05T11:46:56.460+0000] {logging_mixin.py:190} INFO - [2025-04-05T11:46:56.460+0000] {dagbag.py:588} INFO - Filling up the DagBag from /home/airflow/.local/lib/python3.12/site-packages/airflow/example_dags/example_bash_decorator.py
[2025-04-05T11:46:56.476+0000] {processor.py:925} INFO - DAG(s) 'example_bash_decorator' retrieved from /home/airflow/.local/lib/python3.12/site-packages/airflow/example_dags/example_bash_decorator.py
[2025-04-05T11:46:56.498+0000] {logging_mixin.py:190} INFO - [2025-04-05T11:46:56.498+0000] {dag.py:3239} INFO - Sync 1 DAGs
[2025-04-05T11:46:56.511+0000] {logging_mixin.py:190} INFO - [2025-04-05T11:46:56.511+0000] {dag.py:4180} INFO - Setting next_dagrun for example_bash_decorator to None, run_after=None
[2025-04-05T11:46:56.529+0000] {processor.py:208} INFO - Processing /home/airflow/.local/lib/python3.12/site-packages/airflow/example_dags/example_bash_decorator.py took 0.078 seconds
[2025-04-05T11:47:28.024+0000] {processor.py:186} INFO - Started process (PID=416) to work on /home/airflow/.local/lib/python3.12/site-packages/airflow/example_dags/example_bash_decorator.py
[2025-04-05T11:47:28.025+0000] {processor.py:914} INFO - Processing file /home/airflow/.local/lib/python3.12/site-packages/airflow/example_dags/example_bash_decorator.py for tasks to queue
[2025-04-05T11:47:28.027+0000] {logging_mixin.py:190} INFO - [2025-04-05T11:47:28.026+0000] {dagbag.py:588} INFO - Filling up the DagBag from /home/airflow/.local/lib/python3.12/site-packages/airflow/example_dags/example_bash_decorator.py
[2025-04-05T11:47:28.034+0000] {processor.py:925} INFO - DAG(s) 'example_bash_decorator' retrieved from /home/airflow/.local/lib/python3.12/site-packages/airflow/example_dags/example_bash_decorator.py
[2025-04-05T11:47:28.045+0000] {logging_mixin.py:190} INFO - [2025-04-05T11:47:28.045+0000] {dag.py:3239} INFO - Sync 1 DAGs
[2025-04-05T11:47:28.053+0000] {logging_mixin.py:190} INFO - [2025-04-05T11:47:28.053+0000] {dag.py:4180} INFO - Setting next_dagrun for example_bash_decorator to None, run_after=None
[2025-04-05T11:47:28.062+0000] {processor.py:208} INFO - Processing /home/airflow/.local/lib/python3.12/site-packages/airflow/example_dags/example_bash_decorator.py took 0.040 seconds
[2025-04-05T11:50:06.652+0000] {processor.py:186} INFO - Started process (PID=105) to work on /home/airflow/.local/lib/python3.12/site-packages/airflow/example_dags/example_bash_decorator.py
[2025-04-05T11:50:06.654+0000] {processor.py:914} INFO - Processing file /home/airflow/.local/lib/python3.12/site-packages/airflow/example_dags/example_bash_decorator.py for tasks to queue
[2025-04-05T11:50:06.676+0000] {logging_mixin.py:190} INFO - [2025-04-05T11:50:06.673+0000] {dagbag.py:588} INFO - Filling up the DagBag from /home/airflow/.local/lib/python3.12/site-packages/airflow/example_dags/example_bash_decorator.py
[2025-04-05T11:50:06.739+0000] {processor.py:925} INFO - DAG(s) 'example_bash_decorator' retrieved from /home/airflow/.local/lib/python3.12/site-packages/airflow/example_dags/example_bash_decorator.py
[2025-04-05T11:50:07.215+0000] {logging_mixin.py:190} INFO - [2025-04-05T11:50:07.213+0000] {dag.py:3239} INFO - Sync 1 DAGs
[2025-04-05T11:50:07.249+0000] {logging_mixin.py:190} INFO - [2025-04-05T11:50:07.248+0000] {dag.py:4180} INFO - Setting next_dagrun for example_bash_decorator to None, run_after=None
[2025-04-05T11:50:07.312+0000] {processor.py:208} INFO - Processing /home/airflow/.local/lib/python3.12/site-packages/airflow/example_dags/example_bash_decorator.py took 0.675 seconds
[2025-04-05T11:50:37.816+0000] {processor.py:186} INFO - Started process (PID=168) to work on /home/airflow/.local/lib/python3.12/site-packages/airflow/example_dags/example_bash_decorator.py
[2025-04-05T11:50:37.819+0000] {processor.py:914} INFO - Processing file /home/airflow/.local/lib/python3.12/site-packages/airflow/example_dags/example_bash_decorator.py for tasks to queue
[2025-04-05T11:50:37.823+0000] {logging_mixin.py:190} INFO - [2025-04-05T11:50:37.823+0000] {dagbag.py:588} INFO - Filling up the DagBag from /home/airflow/.local/lib/python3.12/site-packages/airflow/example_dags/example_bash_decorator.py
[2025-04-05T11:50:37.845+0000] {processor.py:925} INFO - DAG(s) 'example_bash_decorator' retrieved from /home/airflow/.local/lib/python3.12/site-packages/airflow/example_dags/example_bash_decorator.py
[2025-04-05T11:50:37.866+0000] {logging_mixin.py:190} INFO - [2025-04-05T11:50:37.866+0000] {dag.py:3239} INFO - Sync 1 DAGs
[2025-04-05T11:50:37.876+0000] {logging_mixin.py:190} INFO - [2025-04-05T11:50:37.876+0000] {dag.py:4180} INFO - Setting next_dagrun for example_bash_decorator to None, run_after=None
[2025-04-05T11:50:37.891+0000] {processor.py:208} INFO - Processing /home/airflow/.local/lib/python3.12/site-packages/airflow/example_dags/example_bash_decorator.py took 0.087 seconds
[2025-04-05T11:51:08.426+0000] {processor.py:186} INFO - Started process (PID=232) to work on /home/airflow/.local/lib/python3.12/site-packages/airflow/example_dags/example_bash_decorator.py
[2025-04-05T11:51:08.427+0000] {processor.py:914} INFO - Processing file /home/airflow/.local/lib/python3.12/site-packages/airflow/example_dags/example_bash_decorator.py for tasks to queue
[2025-04-05T11:51:08.430+0000] {logging_mixin.py:190} INFO - [2025-04-05T11:51:08.429+0000] {dagbag.py:588} INFO - Filling up the DagBag from /home/airflow/.local/lib/python3.12/site-packages/airflow/example_dags/example_bash_decorator.py
[2025-04-05T11:51:08.446+0000] {processor.py:925} INFO - DAG(s) 'example_bash_decorator' retrieved from /home/airflow/.local/lib/python3.12/site-packages/airflow/example_dags/example_bash_decorator.py
[2025-04-05T11:51:08.465+0000] {logging_mixin.py:190} INFO - [2025-04-05T11:51:08.465+0000] {dag.py:3239} INFO - Sync 1 DAGs
[2025-04-05T11:51:08.473+0000] {logging_mixin.py:190} INFO - [2025-04-05T11:51:08.473+0000] {dag.py:4180} INFO - Setting next_dagrun for example_bash_decorator to None, run_after=None
[2025-04-05T11:51:08.482+0000] {processor.py:208} INFO - Processing /home/airflow/.local/lib/python3.12/site-packages/airflow/example_dags/example_bash_decorator.py took 0.063 seconds
[2025-04-05T11:51:38.889+0000] {processor.py:186} INFO - Started process (PID=296) to work on /home/airflow/.local/lib/python3.12/site-packages/airflow/example_dags/example_bash_decorator.py
[2025-04-05T11:51:38.891+0000] {processor.py:914} INFO - Processing file /home/airflow/.local/lib/python3.12/site-packages/airflow/example_dags/example_bash_decorator.py for tasks to queue
[2025-04-05T11:51:38.893+0000] {logging_mixin.py:190} INFO - [2025-04-05T11:51:38.893+0000] {dagbag.py:588} INFO - Filling up the DagBag from /home/airflow/.local/lib/python3.12/site-packages/airflow/example_dags/example_bash_decorator.py
[2025-04-05T11:51:38.906+0000] {processor.py:925} INFO - DAG(s) 'example_bash_decorator' retrieved from /home/airflow/.local/lib/python3.12/site-packages/airflow/example_dags/example_bash_decorator.py
[2025-04-05T11:51:38.924+0000] {logging_mixin.py:190} INFO - [2025-04-05T11:51:38.924+0000] {dag.py:3239} INFO - Sync 1 DAGs
[2025-04-05T11:51:38.932+0000] {logging_mixin.py:190} INFO - [2025-04-05T11:51:38.932+0000] {dag.py:4180} INFO - Setting next_dagrun for example_bash_decorator to None, run_after=None
[2025-04-05T11:51:38.940+0000] {processor.py:208} INFO - Processing /home/airflow/.local/lib/python3.12/site-packages/airflow/example_dags/example_bash_decorator.py took 0.060 seconds
[2025-04-05T11:52:09.078+0000] {processor.py:186} INFO - Started process (PID=360) to work on /home/airflow/.local/lib/python3.12/site-packages/airflow/example_dags/example_bash_decorator.py
[2025-04-05T11:52:09.078+0000] {processor.py:914} INFO - Processing file /home/airflow/.local/lib/python3.12/site-packages/airflow/example_dags/example_bash_decorator.py for tasks to queue
[2025-04-05T11:52:09.081+0000] {logging_mixin.py:190} INFO - [2025-04-05T11:52:09.081+0000] {dagbag.py:588} INFO - Filling up the DagBag from /home/airflow/.local/lib/python3.12/site-packages/airflow/example_dags/example_bash_decorator.py
[2025-04-05T11:52:09.095+0000] {processor.py:925} INFO - DAG(s) 'example_bash_decorator' retrieved from /home/airflow/.local/lib/python3.12/site-packages/airflow/example_dags/example_bash_decorator.py
[2025-04-05T11:52:09.110+0000] {logging_mixin.py:190} INFO - [2025-04-05T11:52:09.110+0000] {dag.py:3239} INFO - Sync 1 DAGs
[2025-04-05T11:52:09.118+0000] {logging_mixin.py:190} INFO - [2025-04-05T11:52:09.118+0000] {dag.py:4180} INFO - Setting next_dagrun for example_bash_decorator to None, run_after=None
[2025-04-05T11:52:09.127+0000] {processor.py:208} INFO - Processing /home/airflow/.local/lib/python3.12/site-packages/airflow/example_dags/example_bash_decorator.py took 0.055 seconds
[2025-04-05T12:07:22.687+0000] {processor.py:186} INFO - Started process (PID=92) to work on /home/airflow/.local/lib/python3.12/site-packages/airflow/example_dags/example_bash_decorator.py
[2025-04-05T12:07:22.688+0000] {processor.py:914} INFO - Processing file /home/airflow/.local/lib/python3.12/site-packages/airflow/example_dags/example_bash_decorator.py for tasks to queue
[2025-04-05T12:07:22.689+0000] {logging_mixin.py:190} INFO - [2025-04-05T12:07:22.689+0000] {dagbag.py:588} INFO - Filling up the DagBag from /home/airflow/.local/lib/python3.12/site-packages/airflow/example_dags/example_bash_decorator.py
[2025-04-05T12:07:22.704+0000] {processor.py:925} INFO - DAG(s) 'example_bash_decorator' retrieved from /home/airflow/.local/lib/python3.12/site-packages/airflow/example_dags/example_bash_decorator.py
[2025-04-05T12:07:22.787+0000] {logging_mixin.py:190} INFO - [2025-04-05T12:07:22.787+0000] {dag.py:3239} INFO - Sync 1 DAGs
[2025-04-05T12:07:22.802+0000] {logging_mixin.py:190} INFO - [2025-04-05T12:07:22.802+0000] {dag.py:4180} INFO - Setting next_dagrun for example_bash_decorator to None, run_after=None
[2025-04-05T12:07:22.819+0000] {processor.py:208} INFO - Processing /home/airflow/.local/lib/python3.12/site-packages/airflow/example_dags/example_bash_decorator.py took 0.137 seconds
[2025-04-05T12:07:53.747+0000] {processor.py:186} INFO - Started process (PID=162) to work on /home/airflow/.local/lib/python3.12/site-packages/airflow/example_dags/example_bash_decorator.py
[2025-04-05T12:07:53.749+0000] {processor.py:914} INFO - Processing file /home/airflow/.local/lib/python3.12/site-packages/airflow/example_dags/example_bash_decorator.py for tasks to queue
[2025-04-05T12:07:53.750+0000] {logging_mixin.py:190} INFO - [2025-04-05T12:07:53.750+0000] {dagbag.py:588} INFO - Filling up the DagBag from /home/airflow/.local/lib/python3.12/site-packages/airflow/example_dags/example_bash_decorator.py
[2025-04-05T12:07:53.758+0000] {processor.py:925} INFO - DAG(s) 'example_bash_decorator' retrieved from /home/airflow/.local/lib/python3.12/site-packages/airflow/example_dags/example_bash_decorator.py
[2025-04-05T12:07:53.772+0000] {logging_mixin.py:190} INFO - [2025-04-05T12:07:53.772+0000] {dag.py:3239} INFO - Sync 1 DAGs
[2025-04-05T12:07:53.783+0000] {logging_mixin.py:190} INFO - [2025-04-05T12:07:53.782+0000] {dag.py:4180} INFO - Setting next_dagrun for example_bash_decorator to None, run_after=None
[2025-04-05T12:07:53.798+0000] {processor.py:208} INFO - Processing /home/airflow/.local/lib/python3.12/site-packages/airflow/example_dags/example_bash_decorator.py took 0.054 seconds
[2025-04-05T12:08:24.429+0000] {processor.py:186} INFO - Started process (PID=226) to work on /home/airflow/.local/lib/python3.12/site-packages/airflow/example_dags/example_bash_decorator.py
[2025-04-05T12:08:24.430+0000] {processor.py:914} INFO - Processing file /home/airflow/.local/lib/python3.12/site-packages/airflow/example_dags/example_bash_decorator.py for tasks to queue
[2025-04-05T12:08:24.431+0000] {logging_mixin.py:190} INFO - [2025-04-05T12:08:24.431+0000] {dagbag.py:588} INFO - Filling up the DagBag from /home/airflow/.local/lib/python3.12/site-packages/airflow/example_dags/example_bash_decorator.py
[2025-04-05T12:08:24.447+0000] {processor.py:925} INFO - DAG(s) 'example_bash_decorator' retrieved from /home/airflow/.local/lib/python3.12/site-packages/airflow/example_dags/example_bash_decorator.py
[2025-04-05T12:08:24.459+0000] {logging_mixin.py:190} INFO - [2025-04-05T12:08:24.458+0000] {dag.py:3239} INFO - Sync 1 DAGs
[2025-04-05T12:08:24.465+0000] {logging_mixin.py:190} INFO - [2025-04-05T12:08:24.465+0000] {dag.py:4180} INFO - Setting next_dagrun for example_bash_decorator to None, run_after=None
[2025-04-05T12:08:24.480+0000] {processor.py:208} INFO - Processing /home/airflow/.local/lib/python3.12/site-packages/airflow/example_dags/example_bash_decorator.py took 0.055 seconds
[2025-04-05T12:08:55.453+0000] {processor.py:186} INFO - Started process (PID=290) to work on /home/airflow/.local/lib/python3.12/site-packages/airflow/example_dags/example_bash_decorator.py
[2025-04-05T12:08:55.454+0000] {processor.py:914} INFO - Processing file /home/airflow/.local/lib/python3.12/site-packages/airflow/example_dags/example_bash_decorator.py for tasks to queue
[2025-04-05T12:08:55.455+0000] {logging_mixin.py:190} INFO - [2025-04-05T12:08:55.455+0000] {dagbag.py:588} INFO - Filling up the DagBag from /home/airflow/.local/lib/python3.12/site-packages/airflow/example_dags/example_bash_decorator.py
[2025-04-05T12:08:55.464+0000] {processor.py:925} INFO - DAG(s) 'example_bash_decorator' retrieved from /home/airflow/.local/lib/python3.12/site-packages/airflow/example_dags/example_bash_decorator.py
[2025-04-05T12:08:55.482+0000] {logging_mixin.py:190} INFO - [2025-04-05T12:08:55.482+0000] {dag.py:3239} INFO - Sync 1 DAGs
[2025-04-05T12:08:55.492+0000] {logging_mixin.py:190} INFO - [2025-04-05T12:08:55.492+0000] {dag.py:4180} INFO - Setting next_dagrun for example_bash_decorator to None, run_after=None
[2025-04-05T12:08:55.512+0000] {processor.py:208} INFO - Processing /home/airflow/.local/lib/python3.12/site-packages/airflow/example_dags/example_bash_decorator.py took 0.064 seconds
[2025-04-05T12:09:26.414+0000] {processor.py:186} INFO - Started process (PID=354) to work on /home/airflow/.local/lib/python3.12/site-packages/airflow/example_dags/example_bash_decorator.py
[2025-04-05T12:09:26.417+0000] {processor.py:914} INFO - Processing file /home/airflow/.local/lib/python3.12/site-packages/airflow/example_dags/example_bash_decorator.py for tasks to queue
[2025-04-05T12:09:26.418+0000] {logging_mixin.py:190} INFO - [2025-04-05T12:09:26.418+0000] {dagbag.py:588} INFO - Filling up the DagBag from /home/airflow/.local/lib/python3.12/site-packages/airflow/example_dags/example_bash_decorator.py
[2025-04-05T12:09:26.426+0000] {processor.py:925} INFO - DAG(s) 'example_bash_decorator' retrieved from /home/airflow/.local/lib/python3.12/site-packages/airflow/example_dags/example_bash_decorator.py
[2025-04-05T12:09:26.439+0000] {logging_mixin.py:190} INFO - [2025-04-05T12:09:26.438+0000] {dag.py:3239} INFO - Sync 1 DAGs
[2025-04-05T12:09:26.445+0000] {logging_mixin.py:190} INFO - [2025-04-05T12:09:26.445+0000] {dag.py:4180} INFO - Setting next_dagrun for example_bash_decorator to None, run_after=None
[2025-04-05T12:09:26.455+0000] {processor.py:208} INFO - Processing /home/airflow/.local/lib/python3.12/site-packages/airflow/example_dags/example_bash_decorator.py took 0.044 seconds
[2025-04-05T12:09:57.001+0000] {processor.py:186} INFO - Started process (PID=418) to work on /home/airflow/.local/lib/python3.12/site-packages/airflow/example_dags/example_bash_decorator.py
[2025-04-05T12:09:57.005+0000] {processor.py:914} INFO - Processing file /home/airflow/.local/lib/python3.12/site-packages/airflow/example_dags/example_bash_decorator.py for tasks to queue
[2025-04-05T12:09:57.009+0000] {logging_mixin.py:190} INFO - [2025-04-05T12:09:57.009+0000] {dagbag.py:588} INFO - Filling up the DagBag from /home/airflow/.local/lib/python3.12/site-packages/airflow/example_dags/example_bash_decorator.py
[2025-04-05T12:09:57.018+0000] {processor.py:925} INFO - DAG(s) 'example_bash_decorator' retrieved from /home/airflow/.local/lib/python3.12/site-packages/airflow/example_dags/example_bash_decorator.py
[2025-04-05T12:09:57.032+0000] {logging_mixin.py:190} INFO - [2025-04-05T12:09:57.032+0000] {dag.py:3239} INFO - Sync 1 DAGs
[2025-04-05T12:09:57.042+0000] {logging_mixin.py:190} INFO - [2025-04-05T12:09:57.042+0000] {dag.py:4180} INFO - Setting next_dagrun for example_bash_decorator to None, run_after=None
[2025-04-05T12:09:57.058+0000] {processor.py:208} INFO - Processing /home/airflow/.local/lib/python3.12/site-packages/airflow/example_dags/example_bash_decorator.py took 0.062 seconds
[2025-04-05T12:10:27.878+0000] {processor.py:186} INFO - Started process (PID=482) to work on /home/airflow/.local/lib/python3.12/site-packages/airflow/example_dags/example_bash_decorator.py
[2025-04-05T12:10:27.879+0000] {processor.py:914} INFO - Processing file /home/airflow/.local/lib/python3.12/site-packages/airflow/example_dags/example_bash_decorator.py for tasks to queue
[2025-04-05T12:10:27.881+0000] {logging_mixin.py:190} INFO - [2025-04-05T12:10:27.881+0000] {dagbag.py:588} INFO - Filling up the DagBag from /home/airflow/.local/lib/python3.12/site-packages/airflow/example_dags/example_bash_decorator.py
[2025-04-05T12:10:27.895+0000] {processor.py:925} INFO - DAG(s) 'example_bash_decorator' retrieved from /home/airflow/.local/lib/python3.12/site-packages/airflow/example_dags/example_bash_decorator.py
[2025-04-05T12:10:27.914+0000] {logging_mixin.py:190} INFO - [2025-04-05T12:10:27.914+0000] {dag.py:3239} INFO - Sync 1 DAGs
[2025-04-05T12:10:27.925+0000] {logging_mixin.py:190} INFO - [2025-04-05T12:10:27.925+0000] {dag.py:4180} INFO - Setting next_dagrun for example_bash_decorator to None, run_after=None
[2025-04-05T12:10:27.948+0000] {processor.py:208} INFO - Processing /home/airflow/.local/lib/python3.12/site-packages/airflow/example_dags/example_bash_decorator.py took 0.075 seconds
[2025-04-05T12:10:58.225+0000] {processor.py:186} INFO - Started process (PID=546) to work on /home/airflow/.local/lib/python3.12/site-packages/airflow/example_dags/example_bash_decorator.py
[2025-04-05T12:10:58.225+0000] {processor.py:914} INFO - Processing file /home/airflow/.local/lib/python3.12/site-packages/airflow/example_dags/example_bash_decorator.py for tasks to queue
[2025-04-05T12:10:58.227+0000] {logging_mixin.py:190} INFO - [2025-04-05T12:10:58.226+0000] {dagbag.py:588} INFO - Filling up the DagBag from /home/airflow/.local/lib/python3.12/site-packages/airflow/example_dags/example_bash_decorator.py
[2025-04-05T12:10:58.234+0000] {processor.py:925} INFO - DAG(s) 'example_bash_decorator' retrieved from /home/airflow/.local/lib/python3.12/site-packages/airflow/example_dags/example_bash_decorator.py
[2025-04-05T12:10:58.255+0000] {logging_mixin.py:190} INFO - [2025-04-05T12:10:58.255+0000] {dag.py:3239} INFO - Sync 1 DAGs
[2025-04-05T12:10:58.262+0000] {logging_mixin.py:190} INFO - [2025-04-05T12:10:58.262+0000] {dag.py:4180} INFO - Setting next_dagrun for example_bash_decorator to None, run_after=None
[2025-04-05T12:10:58.280+0000] {processor.py:208} INFO - Processing /home/airflow/.local/lib/python3.12/site-packages/airflow/example_dags/example_bash_decorator.py took 0.059 seconds
[2025-04-05T12:11:29.179+0000] {processor.py:186} INFO - Started process (PID=609) to work on /home/airflow/.local/lib/python3.12/site-packages/airflow/example_dags/example_bash_decorator.py
[2025-04-05T12:11:29.180+0000] {processor.py:914} INFO - Processing file /home/airflow/.local/lib/python3.12/site-packages/airflow/example_dags/example_bash_decorator.py for tasks to queue
[2025-04-05T12:11:29.180+0000] {logging_mixin.py:190} INFO - [2025-04-05T12:11:29.180+0000] {dagbag.py:588} INFO - Filling up the DagBag from /home/airflow/.local/lib/python3.12/site-packages/airflow/example_dags/example_bash_decorator.py
[2025-04-05T12:11:29.191+0000] {processor.py:925} INFO - DAG(s) 'example_bash_decorator' retrieved from /home/airflow/.local/lib/python3.12/site-packages/airflow/example_dags/example_bash_decorator.py
[2025-04-05T12:11:29.211+0000] {logging_mixin.py:190} INFO - [2025-04-05T12:11:29.211+0000] {dag.py:3239} INFO - Sync 1 DAGs
[2025-04-05T12:11:29.221+0000] {logging_mixin.py:190} INFO - [2025-04-05T12:11:29.221+0000] {dag.py:4180} INFO - Setting next_dagrun for example_bash_decorator to None, run_after=None
[2025-04-05T12:11:29.234+0000] {processor.py:208} INFO - Processing /home/airflow/.local/lib/python3.12/site-packages/airflow/example_dags/example_bash_decorator.py took 0.060 seconds
[2025-04-05T12:12:00.818+0000] {processor.py:186} INFO - Started process (PID=672) to work on /home/airflow/.local/lib/python3.12/site-packages/airflow/example_dags/example_bash_decorator.py
[2025-04-05T12:12:00.819+0000] {processor.py:914} INFO - Processing file /home/airflow/.local/lib/python3.12/site-packages/airflow/example_dags/example_bash_decorator.py for tasks to queue
[2025-04-05T12:12:00.820+0000] {logging_mixin.py:190} INFO - [2025-04-05T12:12:00.820+0000] {dagbag.py:588} INFO - Filling up the DagBag from /home/airflow/.local/lib/python3.12/site-packages/airflow/example_dags/example_bash_decorator.py
[2025-04-05T12:12:00.828+0000] {processor.py:925} INFO - DAG(s) 'example_bash_decorator' retrieved from /home/airflow/.local/lib/python3.12/site-packages/airflow/example_dags/example_bash_decorator.py
[2025-04-05T12:12:00.846+0000] {logging_mixin.py:190} INFO - [2025-04-05T12:12:00.846+0000] {dag.py:3239} INFO - Sync 1 DAGs
[2025-04-05T12:12:00.854+0000] {logging_mixin.py:190} INFO - [2025-04-05T12:12:00.854+0000] {dag.py:4180} INFO - Setting next_dagrun for example_bash_decorator to None, run_after=None
[2025-04-05T12:12:00.866+0000] {processor.py:208} INFO - Processing /home/airflow/.local/lib/python3.12/site-packages/airflow/example_dags/example_bash_decorator.py took 0.053 seconds
