[2025-04-05T11:23:23.870+0000] {processor.py:186} INFO - Started process (PID=87) to work on /home/airflow/.local/lib/python3.12/site-packages/airflow/example_dags/example_task_group.py
[2025-04-05T11:23:23.870+0000] {processor.py:914} INFO - Processing file /home/airflow/.local/lib/python3.12/site-packages/airflow/example_dags/example_task_group.py for tasks to queue
[2025-04-05T11:23:23.873+0000] {logging_mixin.py:190} INFO - [2025-04-05T11:23:23.872+0000] {dagbag.py:588} INFO - Filling up the DagBag from /home/airflow/.local/lib/python3.12/site-packages/airflow/example_dags/example_task_group.py
[2025-04-05T11:23:23.894+0000] {processor.py:925} INFO - DAG(s) 'example_task_group' retrieved from /home/airflow/.local/lib/python3.12/site-packages/airflow/example_dags/example_task_group.py
[2025-04-05T11:23:24.211+0000] {logging_mixin.py:190} INFO - [2025-04-05T11:23:24.200+0000] {override.py:1912} INFO - Created Permission View: can edit on DAG:example_task_group
[2025-04-05T11:23:24.229+0000] {logging_mixin.py:190} INFO - [2025-04-05T11:23:24.228+0000] {override.py:1912} INFO - Created Permission View: can read on DAG:example_task_group
[2025-04-05T11:23:24.248+0000] {logging_mixin.py:190} INFO - [2025-04-05T11:23:24.247+0000] {override.py:1912} INFO - Created Permission View: can delete on DAG:example_task_group
[2025-04-05T11:23:24.254+0000] {logging_mixin.py:190} INFO - [2025-04-05T11:23:24.254+0000] {override.py:1912} INFO - Created Permission View: menu access on DAG Run:example_task_group
[2025-04-05T11:23:24.263+0000] {logging_mixin.py:190} INFO - [2025-04-05T11:23:24.263+0000] {override.py:1912} INFO - Created Permission View: can read on DAG Run:example_task_group
[2025-04-05T11:23:24.273+0000] {logging_mixin.py:190} INFO - [2025-04-05T11:23:24.272+0000] {override.py:1912} INFO - Created Permission View: can create on DAG Run:example_task_group
[2025-04-05T11:23:24.280+0000] {logging_mixin.py:190} INFO - [2025-04-05T11:23:24.280+0000] {override.py:1912} INFO - Created Permission View: can delete on DAG Run:example_task_group
[2025-04-05T11:23:24.281+0000] {logging_mixin.py:190} INFO - [2025-04-05T11:23:24.281+0000] {dag.py:3239} INFO - Sync 1 DAGs
[2025-04-05T11:23:24.298+0000] {logging_mixin.py:190} INFO - [2025-04-05T11:23:24.298+0000] {dag.py:3262} INFO - Creating ORM DAG for example_task_group
[2025-04-05T11:23:24.299+0000] {logging_mixin.py:190} INFO - [2025-04-05T11:23:24.299+0000] {dag.py:4180} INFO - Setting next_dagrun for example_task_group to None, run_after=None
[2025-04-05T11:23:24.337+0000] {processor.py:208} INFO - Processing /home/airflow/.local/lib/python3.12/site-packages/airflow/example_dags/example_task_group.py took 0.471 seconds
[2025-04-05T11:23:55.400+0000] {processor.py:186} INFO - Started process (PID=150) to work on /home/airflow/.local/lib/python3.12/site-packages/airflow/example_dags/example_task_group.py
[2025-04-05T11:23:55.404+0000] {processor.py:914} INFO - Processing file /home/airflow/.local/lib/python3.12/site-packages/airflow/example_dags/example_task_group.py for tasks to queue
[2025-04-05T11:23:55.407+0000] {logging_mixin.py:190} INFO - [2025-04-05T11:23:55.407+0000] {dagbag.py:588} INFO - Filling up the DagBag from /home/airflow/.local/lib/python3.12/site-packages/airflow/example_dags/example_task_group.py
[2025-04-05T11:23:55.427+0000] {processor.py:925} INFO - DAG(s) 'example_task_group' retrieved from /home/airflow/.local/lib/python3.12/site-packages/airflow/example_dags/example_task_group.py
[2025-04-05T11:23:55.452+0000] {logging_mixin.py:190} INFO - [2025-04-05T11:23:55.452+0000] {dag.py:3239} INFO - Sync 1 DAGs
[2025-04-05T11:23:55.469+0000] {logging_mixin.py:190} INFO - [2025-04-05T11:23:55.468+0000] {dag.py:4180} INFO - Setting next_dagrun for example_task_group to None, run_after=None
[2025-04-05T11:23:55.481+0000] {processor.py:208} INFO - Processing /home/airflow/.local/lib/python3.12/site-packages/airflow/example_dags/example_task_group.py took 0.089 seconds
[2025-04-05T11:24:25.929+0000] {processor.py:186} INFO - Started process (PID=212) to work on /home/airflow/.local/lib/python3.12/site-packages/airflow/example_dags/example_task_group.py
[2025-04-05T11:24:25.931+0000] {processor.py:914} INFO - Processing file /home/airflow/.local/lib/python3.12/site-packages/airflow/example_dags/example_task_group.py for tasks to queue
[2025-04-05T11:24:25.933+0000] {logging_mixin.py:190} INFO - [2025-04-05T11:24:25.933+0000] {dagbag.py:588} INFO - Filling up the DagBag from /home/airflow/.local/lib/python3.12/site-packages/airflow/example_dags/example_task_group.py
[2025-04-05T11:24:25.941+0000] {processor.py:925} INFO - DAG(s) 'example_task_group' retrieved from /home/airflow/.local/lib/python3.12/site-packages/airflow/example_dags/example_task_group.py
[2025-04-05T11:24:25.956+0000] {logging_mixin.py:190} INFO - [2025-04-05T11:24:25.956+0000] {dag.py:3239} INFO - Sync 1 DAGs
[2025-04-05T11:24:25.964+0000] {logging_mixin.py:190} INFO - [2025-04-05T11:24:25.964+0000] {dag.py:4180} INFO - Setting next_dagrun for example_task_group to None, run_after=None
[2025-04-05T11:24:25.974+0000] {processor.py:208} INFO - Processing /home/airflow/.local/lib/python3.12/site-packages/airflow/example_dags/example_task_group.py took 0.052 seconds
[2025-04-05T11:24:56.256+0000] {processor.py:186} INFO - Started process (PID=275) to work on /home/airflow/.local/lib/python3.12/site-packages/airflow/example_dags/example_task_group.py
[2025-04-05T11:24:56.258+0000] {processor.py:914} INFO - Processing file /home/airflow/.local/lib/python3.12/site-packages/airflow/example_dags/example_task_group.py for tasks to queue
[2025-04-05T11:24:56.260+0000] {logging_mixin.py:190} INFO - [2025-04-05T11:24:56.260+0000] {dagbag.py:588} INFO - Filling up the DagBag from /home/airflow/.local/lib/python3.12/site-packages/airflow/example_dags/example_task_group.py
[2025-04-05T11:24:56.269+0000] {processor.py:925} INFO - DAG(s) 'example_task_group' retrieved from /home/airflow/.local/lib/python3.12/site-packages/airflow/example_dags/example_task_group.py
[2025-04-05T11:24:56.285+0000] {logging_mixin.py:190} INFO - [2025-04-05T11:24:56.284+0000] {dag.py:3239} INFO - Sync 1 DAGs
[2025-04-05T11:24:56.293+0000] {logging_mixin.py:190} INFO - [2025-04-05T11:24:56.293+0000] {dag.py:4180} INFO - Setting next_dagrun for example_task_group to None, run_after=None
[2025-04-05T11:24:56.302+0000] {processor.py:208} INFO - Processing /home/airflow/.local/lib/python3.12/site-packages/airflow/example_dags/example_task_group.py took 0.056 seconds
[2025-04-05T11:25:26.368+0000] {processor.py:186} INFO - Started process (PID=338) to work on /home/airflow/.local/lib/python3.12/site-packages/airflow/example_dags/example_task_group.py
[2025-04-05T11:25:26.369+0000] {processor.py:914} INFO - Processing file /home/airflow/.local/lib/python3.12/site-packages/airflow/example_dags/example_task_group.py for tasks to queue
[2025-04-05T11:25:26.370+0000] {logging_mixin.py:190} INFO - [2025-04-05T11:25:26.370+0000] {dagbag.py:588} INFO - Filling up the DagBag from /home/airflow/.local/lib/python3.12/site-packages/airflow/example_dags/example_task_group.py
[2025-04-05T11:25:26.376+0000] {processor.py:925} INFO - DAG(s) 'example_task_group' retrieved from /home/airflow/.local/lib/python3.12/site-packages/airflow/example_dags/example_task_group.py
[2025-04-05T11:25:26.390+0000] {logging_mixin.py:190} INFO - [2025-04-05T11:25:26.390+0000] {dag.py:3239} INFO - Sync 1 DAGs
[2025-04-05T11:25:26.398+0000] {logging_mixin.py:190} INFO - [2025-04-05T11:25:26.398+0000] {dag.py:4180} INFO - Setting next_dagrun for example_task_group to None, run_after=None
[2025-04-05T11:25:26.407+0000] {processor.py:208} INFO - Processing /home/airflow/.local/lib/python3.12/site-packages/airflow/example_dags/example_task_group.py took 0.043 seconds
[2025-04-05T11:25:56.873+0000] {processor.py:186} INFO - Started process (PID=401) to work on /home/airflow/.local/lib/python3.12/site-packages/airflow/example_dags/example_task_group.py
[2025-04-05T11:25:56.879+0000] {processor.py:914} INFO - Processing file /home/airflow/.local/lib/python3.12/site-packages/airflow/example_dags/example_task_group.py for tasks to queue
[2025-04-05T11:25:56.887+0000] {logging_mixin.py:190} INFO - [2025-04-05T11:25:56.887+0000] {dagbag.py:588} INFO - Filling up the DagBag from /home/airflow/.local/lib/python3.12/site-packages/airflow/example_dags/example_task_group.py
[2025-04-05T11:25:56.901+0000] {processor.py:925} INFO - DAG(s) 'example_task_group' retrieved from /home/airflow/.local/lib/python3.12/site-packages/airflow/example_dags/example_task_group.py
[2025-04-05T11:25:56.928+0000] {logging_mixin.py:190} INFO - [2025-04-05T11:25:56.927+0000] {dag.py:3239} INFO - Sync 1 DAGs
[2025-04-05T11:25:56.952+0000] {logging_mixin.py:190} INFO - [2025-04-05T11:25:56.952+0000] {dag.py:4180} INFO - Setting next_dagrun for example_task_group to None, run_after=None
[2025-04-05T11:25:56.966+0000] {processor.py:208} INFO - Processing /home/airflow/.local/lib/python3.12/site-packages/airflow/example_dags/example_task_group.py took 0.107 seconds
[2025-04-05T11:26:27.896+0000] {processor.py:186} INFO - Started process (PID=464) to work on /home/airflow/.local/lib/python3.12/site-packages/airflow/example_dags/example_task_group.py
[2025-04-05T11:26:27.897+0000] {processor.py:914} INFO - Processing file /home/airflow/.local/lib/python3.12/site-packages/airflow/example_dags/example_task_group.py for tasks to queue
[2025-04-05T11:26:27.899+0000] {logging_mixin.py:190} INFO - [2025-04-05T11:26:27.899+0000] {dagbag.py:588} INFO - Filling up the DagBag from /home/airflow/.local/lib/python3.12/site-packages/airflow/example_dags/example_task_group.py
[2025-04-05T11:26:27.906+0000] {processor.py:925} INFO - DAG(s) 'example_task_group' retrieved from /home/airflow/.local/lib/python3.12/site-packages/airflow/example_dags/example_task_group.py
[2025-04-05T11:26:27.920+0000] {logging_mixin.py:190} INFO - [2025-04-05T11:26:27.920+0000] {dag.py:3239} INFO - Sync 1 DAGs
[2025-04-05T11:26:27.928+0000] {logging_mixin.py:190} INFO - [2025-04-05T11:26:27.928+0000] {dag.py:4180} INFO - Setting next_dagrun for example_task_group to None, run_after=None
[2025-04-05T11:26:27.937+0000] {processor.py:208} INFO - Processing /home/airflow/.local/lib/python3.12/site-packages/airflow/example_dags/example_task_group.py took 0.046 seconds
[2025-04-05T11:26:58.394+0000] {processor.py:186} INFO - Started process (PID=527) to work on /home/airflow/.local/lib/python3.12/site-packages/airflow/example_dags/example_task_group.py
[2025-04-05T11:26:58.396+0000] {processor.py:914} INFO - Processing file /home/airflow/.local/lib/python3.12/site-packages/airflow/example_dags/example_task_group.py for tasks to queue
[2025-04-05T11:26:58.398+0000] {logging_mixin.py:190} INFO - [2025-04-05T11:26:58.398+0000] {dagbag.py:588} INFO - Filling up the DagBag from /home/airflow/.local/lib/python3.12/site-packages/airflow/example_dags/example_task_group.py
[2025-04-05T11:26:58.406+0000] {processor.py:925} INFO - DAG(s) 'example_task_group' retrieved from /home/airflow/.local/lib/python3.12/site-packages/airflow/example_dags/example_task_group.py
[2025-04-05T11:26:58.426+0000] {logging_mixin.py:190} INFO - [2025-04-05T11:26:58.426+0000] {dag.py:3239} INFO - Sync 1 DAGs
[2025-04-05T11:26:58.436+0000] {logging_mixin.py:190} INFO - [2025-04-05T11:26:58.436+0000] {dag.py:4180} INFO - Setting next_dagrun for example_task_group to None, run_after=None
[2025-04-05T11:26:58.448+0000] {processor.py:208} INFO - Processing /home/airflow/.local/lib/python3.12/site-packages/airflow/example_dags/example_task_group.py took 0.059 seconds
[2025-04-05T11:31:58.491+0000] {processor.py:186} INFO - Started process (PID=87) to work on /home/airflow/.local/lib/python3.12/site-packages/airflow/example_dags/example_task_group.py
[2025-04-05T11:31:58.492+0000] {processor.py:914} INFO - Processing file /home/airflow/.local/lib/python3.12/site-packages/airflow/example_dags/example_task_group.py for tasks to queue
[2025-04-05T11:31:58.495+0000] {logging_mixin.py:190} INFO - [2025-04-05T11:31:58.495+0000] {dagbag.py:588} INFO - Filling up the DagBag from /home/airflow/.local/lib/python3.12/site-packages/airflow/example_dags/example_task_group.py
[2025-04-05T11:31:58.508+0000] {processor.py:925} INFO - DAG(s) 'example_task_group' retrieved from /home/airflow/.local/lib/python3.12/site-packages/airflow/example_dags/example_task_group.py
[2025-04-05T11:31:58.571+0000] {logging_mixin.py:190} INFO - [2025-04-05T11:31:58.570+0000] {dag.py:3239} INFO - Sync 1 DAGs
[2025-04-05T11:31:58.592+0000] {logging_mixin.py:190} INFO - [2025-04-05T11:31:58.592+0000] {dag.py:4180} INFO - Setting next_dagrun for example_task_group to None, run_after=None
[2025-04-05T11:31:58.617+0000] {processor.py:208} INFO - Processing /home/airflow/.local/lib/python3.12/site-packages/airflow/example_dags/example_task_group.py took 0.136 seconds
[2025-04-05T11:32:28.756+0000] {processor.py:186} INFO - Started process (PID=149) to work on /home/airflow/.local/lib/python3.12/site-packages/airflow/example_dags/example_task_group.py
[2025-04-05T11:32:28.757+0000] {processor.py:914} INFO - Processing file /home/airflow/.local/lib/python3.12/site-packages/airflow/example_dags/example_task_group.py for tasks to queue
[2025-04-05T11:32:28.758+0000] {logging_mixin.py:190} INFO - [2025-04-05T11:32:28.758+0000] {dagbag.py:588} INFO - Filling up the DagBag from /home/airflow/.local/lib/python3.12/site-packages/airflow/example_dags/example_task_group.py
[2025-04-05T11:32:28.763+0000] {processor.py:925} INFO - DAG(s) 'example_task_group' retrieved from /home/airflow/.local/lib/python3.12/site-packages/airflow/example_dags/example_task_group.py
[2025-04-05T11:32:28.778+0000] {logging_mixin.py:190} INFO - [2025-04-05T11:32:28.778+0000] {dag.py:3239} INFO - Sync 1 DAGs
[2025-04-05T11:32:28.786+0000] {logging_mixin.py:190} INFO - [2025-04-05T11:32:28.786+0000] {dag.py:4180} INFO - Setting next_dagrun for example_task_group to None, run_after=None
[2025-04-05T11:32:28.801+0000] {processor.py:208} INFO - Processing /home/airflow/.local/lib/python3.12/site-packages/airflow/example_dags/example_task_group.py took 0.049 seconds
[2025-04-05T11:39:06.726+0000] {processor.py:186} INFO - Started process (PID=92) to work on /home/airflow/.local/lib/python3.12/site-packages/airflow/example_dags/example_task_group.py
[2025-04-05T11:39:06.728+0000] {processor.py:914} INFO - Processing file /home/airflow/.local/lib/python3.12/site-packages/airflow/example_dags/example_task_group.py for tasks to queue
[2025-04-05T11:39:06.735+0000] {logging_mixin.py:190} INFO - [2025-04-05T11:39:06.734+0000] {dagbag.py:588} INFO - Filling up the DagBag from /home/airflow/.local/lib/python3.12/site-packages/airflow/example_dags/example_task_group.py
[2025-04-05T11:39:06.772+0000] {processor.py:925} INFO - DAG(s) 'example_task_group' retrieved from /home/airflow/.local/lib/python3.12/site-packages/airflow/example_dags/example_task_group.py
[2025-04-05T11:39:06.852+0000] {logging_mixin.py:190} INFO - [2025-04-05T11:39:06.851+0000] {dag.py:3239} INFO - Sync 1 DAGs
[2025-04-05T11:39:06.873+0000] {logging_mixin.py:190} INFO - [2025-04-05T11:39:06.872+0000] {dag.py:4180} INFO - Setting next_dagrun for example_task_group to None, run_after=None
[2025-04-05T11:39:06.895+0000] {processor.py:208} INFO - Processing /home/airflow/.local/lib/python3.12/site-packages/airflow/example_dags/example_task_group.py took 0.185 seconds
[2025-04-05T11:39:37.200+0000] {processor.py:186} INFO - Started process (PID=155) to work on /home/airflow/.local/lib/python3.12/site-packages/airflow/example_dags/example_task_group.py
[2025-04-05T11:39:37.201+0000] {processor.py:914} INFO - Processing file /home/airflow/.local/lib/python3.12/site-packages/airflow/example_dags/example_task_group.py for tasks to queue
[2025-04-05T11:39:37.202+0000] {logging_mixin.py:190} INFO - [2025-04-05T11:39:37.202+0000] {dagbag.py:588} INFO - Filling up the DagBag from /home/airflow/.local/lib/python3.12/site-packages/airflow/example_dags/example_task_group.py
[2025-04-05T11:39:37.207+0000] {processor.py:925} INFO - DAG(s) 'example_task_group' retrieved from /home/airflow/.local/lib/python3.12/site-packages/airflow/example_dags/example_task_group.py
[2025-04-05T11:39:37.223+0000] {logging_mixin.py:190} INFO - [2025-04-05T11:39:37.223+0000] {dag.py:3239} INFO - Sync 1 DAGs
[2025-04-05T11:39:37.235+0000] {logging_mixin.py:190} INFO - [2025-04-05T11:39:37.235+0000] {dag.py:4180} INFO - Setting next_dagrun for example_task_group to None, run_after=None
[2025-04-05T11:39:37.249+0000] {processor.py:208} INFO - Processing /home/airflow/.local/lib/python3.12/site-packages/airflow/example_dags/example_task_group.py took 0.052 seconds
[2025-04-05T11:40:07.712+0000] {processor.py:186} INFO - Started process (PID=218) to work on /home/airflow/.local/lib/python3.12/site-packages/airflow/example_dags/example_task_group.py
[2025-04-05T11:40:07.713+0000] {processor.py:914} INFO - Processing file /home/airflow/.local/lib/python3.12/site-packages/airflow/example_dags/example_task_group.py for tasks to queue
[2025-04-05T11:40:07.714+0000] {logging_mixin.py:190} INFO - [2025-04-05T11:40:07.714+0000] {dagbag.py:588} INFO - Filling up the DagBag from /home/airflow/.local/lib/python3.12/site-packages/airflow/example_dags/example_task_group.py
[2025-04-05T11:40:07.719+0000] {processor.py:925} INFO - DAG(s) 'example_task_group' retrieved from /home/airflow/.local/lib/python3.12/site-packages/airflow/example_dags/example_task_group.py
[2025-04-05T11:40:07.730+0000] {logging_mixin.py:190} INFO - [2025-04-05T11:40:07.730+0000] {dag.py:3239} INFO - Sync 1 DAGs
[2025-04-05T11:40:07.738+0000] {logging_mixin.py:190} INFO - [2025-04-05T11:40:07.737+0000] {dag.py:4180} INFO - Setting next_dagrun for example_task_group to None, run_after=None
[2025-04-05T11:40:07.745+0000] {processor.py:208} INFO - Processing /home/airflow/.local/lib/python3.12/site-packages/airflow/example_dags/example_task_group.py took 0.036 seconds
[2025-04-05T11:40:37.903+0000] {processor.py:186} INFO - Started process (PID=281) to work on /home/airflow/.local/lib/python3.12/site-packages/airflow/example_dags/example_task_group.py
[2025-04-05T11:40:37.903+0000] {processor.py:914} INFO - Processing file /home/airflow/.local/lib/python3.12/site-packages/airflow/example_dags/example_task_group.py for tasks to queue
[2025-04-05T11:40:37.905+0000] {logging_mixin.py:190} INFO - [2025-04-05T11:40:37.905+0000] {dagbag.py:588} INFO - Filling up the DagBag from /home/airflow/.local/lib/python3.12/site-packages/airflow/example_dags/example_task_group.py
[2025-04-05T11:40:37.910+0000] {processor.py:925} INFO - DAG(s) 'example_task_group' retrieved from /home/airflow/.local/lib/python3.12/site-packages/airflow/example_dags/example_task_group.py
[2025-04-05T11:40:37.929+0000] {logging_mixin.py:190} INFO - [2025-04-05T11:40:37.929+0000] {dag.py:3239} INFO - Sync 1 DAGs
[2025-04-05T11:40:37.938+0000] {logging_mixin.py:190} INFO - [2025-04-05T11:40:37.938+0000] {dag.py:4180} INFO - Setting next_dagrun for example_task_group to None, run_after=None
[2025-04-05T11:40:37.948+0000] {processor.py:208} INFO - Processing /home/airflow/.local/lib/python3.12/site-packages/airflow/example_dags/example_task_group.py took 0.051 seconds
[2025-04-05T11:41:08.514+0000] {processor.py:186} INFO - Started process (PID=344) to work on /home/airflow/.local/lib/python3.12/site-packages/airflow/example_dags/example_task_group.py
[2025-04-05T11:41:08.514+0000] {processor.py:914} INFO - Processing file /home/airflow/.local/lib/python3.12/site-packages/airflow/example_dags/example_task_group.py for tasks to queue
[2025-04-05T11:41:08.516+0000] {logging_mixin.py:190} INFO - [2025-04-05T11:41:08.515+0000] {dagbag.py:588} INFO - Filling up the DagBag from /home/airflow/.local/lib/python3.12/site-packages/airflow/example_dags/example_task_group.py
[2025-04-05T11:41:08.521+0000] {processor.py:925} INFO - DAG(s) 'example_task_group' retrieved from /home/airflow/.local/lib/python3.12/site-packages/airflow/example_dags/example_task_group.py
[2025-04-05T11:41:08.545+0000] {logging_mixin.py:190} INFO - [2025-04-05T11:41:08.545+0000] {dag.py:3239} INFO - Sync 1 DAGs
[2025-04-05T11:41:08.558+0000] {logging_mixin.py:190} INFO - [2025-04-05T11:41:08.558+0000] {dag.py:4180} INFO - Setting next_dagrun for example_task_group to None, run_after=None
[2025-04-05T11:41:08.569+0000] {processor.py:208} INFO - Processing /home/airflow/.local/lib/python3.12/site-packages/airflow/example_dags/example_task_group.py took 0.058 seconds
[2025-04-05T11:41:39.168+0000] {processor.py:186} INFO - Started process (PID=407) to work on /home/airflow/.local/lib/python3.12/site-packages/airflow/example_dags/example_task_group.py
[2025-04-05T11:41:39.169+0000] {processor.py:914} INFO - Processing file /home/airflow/.local/lib/python3.12/site-packages/airflow/example_dags/example_task_group.py for tasks to queue
[2025-04-05T11:41:39.170+0000] {logging_mixin.py:190} INFO - [2025-04-05T11:41:39.170+0000] {dagbag.py:588} INFO - Filling up the DagBag from /home/airflow/.local/lib/python3.12/site-packages/airflow/example_dags/example_task_group.py
[2025-04-05T11:41:39.176+0000] {processor.py:925} INFO - DAG(s) 'example_task_group' retrieved from /home/airflow/.local/lib/python3.12/site-packages/airflow/example_dags/example_task_group.py
[2025-04-05T11:41:39.202+0000] {logging_mixin.py:190} INFO - [2025-04-05T11:41:39.202+0000] {dag.py:3239} INFO - Sync 1 DAGs
[2025-04-05T11:41:39.211+0000] {logging_mixin.py:190} INFO - [2025-04-05T11:41:39.211+0000] {dag.py:4180} INFO - Setting next_dagrun for example_task_group to None, run_after=None
[2025-04-05T11:41:39.234+0000] {processor.py:208} INFO - Processing /home/airflow/.local/lib/python3.12/site-packages/airflow/example_dags/example_task_group.py took 0.068 seconds
[2025-04-05T11:42:09.313+0000] {processor.py:186} INFO - Started process (PID=470) to work on /home/airflow/.local/lib/python3.12/site-packages/airflow/example_dags/example_task_group.py
[2025-04-05T11:42:09.314+0000] {processor.py:914} INFO - Processing file /home/airflow/.local/lib/python3.12/site-packages/airflow/example_dags/example_task_group.py for tasks to queue
[2025-04-05T11:42:09.315+0000] {logging_mixin.py:190} INFO - [2025-04-05T11:42:09.315+0000] {dagbag.py:588} INFO - Filling up the DagBag from /home/airflow/.local/lib/python3.12/site-packages/airflow/example_dags/example_task_group.py
[2025-04-05T11:42:09.320+0000] {processor.py:925} INFO - DAG(s) 'example_task_group' retrieved from /home/airflow/.local/lib/python3.12/site-packages/airflow/example_dags/example_task_group.py
[2025-04-05T11:42:09.335+0000] {logging_mixin.py:190} INFO - [2025-04-05T11:42:09.334+0000] {dag.py:3239} INFO - Sync 1 DAGs
[2025-04-05T11:42:09.344+0000] {logging_mixin.py:190} INFO - [2025-04-05T11:42:09.344+0000] {dag.py:4180} INFO - Setting next_dagrun for example_task_group to None, run_after=None
[2025-04-05T11:42:09.357+0000] {processor.py:208} INFO - Processing /home/airflow/.local/lib/python3.12/site-packages/airflow/example_dags/example_task_group.py took 0.047 seconds
[2025-04-05T11:42:39.965+0000] {processor.py:186} INFO - Started process (PID=533) to work on /home/airflow/.local/lib/python3.12/site-packages/airflow/example_dags/example_task_group.py
[2025-04-05T11:42:39.966+0000] {processor.py:914} INFO - Processing file /home/airflow/.local/lib/python3.12/site-packages/airflow/example_dags/example_task_group.py for tasks to queue
[2025-04-05T11:42:39.967+0000] {logging_mixin.py:190} INFO - [2025-04-05T11:42:39.967+0000] {dagbag.py:588} INFO - Filling up the DagBag from /home/airflow/.local/lib/python3.12/site-packages/airflow/example_dags/example_task_group.py
[2025-04-05T11:42:39.972+0000] {processor.py:925} INFO - DAG(s) 'example_task_group' retrieved from /home/airflow/.local/lib/python3.12/site-packages/airflow/example_dags/example_task_group.py
[2025-04-05T11:42:39.982+0000] {logging_mixin.py:190} INFO - [2025-04-05T11:42:39.982+0000] {dag.py:3239} INFO - Sync 1 DAGs
[2025-04-05T11:42:39.988+0000] {logging_mixin.py:190} INFO - [2025-04-05T11:42:39.988+0000] {dag.py:4180} INFO - Setting next_dagrun for example_task_group to None, run_after=None
[2025-04-05T11:42:39.997+0000] {processor.py:208} INFO - Processing /home/airflow/.local/lib/python3.12/site-packages/airflow/example_dags/example_task_group.py took 0.035 seconds
[2025-04-05T11:44:49.949+0000] {processor.py:186} INFO - Started process (PID=86) to work on /home/airflow/.local/lib/python3.12/site-packages/airflow/example_dags/example_task_group.py
[2025-04-05T11:44:49.957+0000] {processor.py:914} INFO - Processing file /home/airflow/.local/lib/python3.12/site-packages/airflow/example_dags/example_task_group.py for tasks to queue
[2025-04-05T11:44:49.974+0000] {logging_mixin.py:190} INFO - [2025-04-05T11:44:49.973+0000] {dagbag.py:588} INFO - Filling up the DagBag from /home/airflow/.local/lib/python3.12/site-packages/airflow/example_dags/example_task_group.py
[2025-04-05T11:44:50.012+0000] {processor.py:925} INFO - DAG(s) 'example_task_group' retrieved from /home/airflow/.local/lib/python3.12/site-packages/airflow/example_dags/example_task_group.py
[2025-04-05T11:44:50.176+0000] {logging_mixin.py:190} INFO - [2025-04-05T11:44:50.174+0000] {dag.py:3239} INFO - Sync 1 DAGs
[2025-04-05T11:44:50.245+0000] {logging_mixin.py:190} INFO - [2025-04-05T11:44:50.244+0000] {dag.py:4180} INFO - Setting next_dagrun for example_task_group to None, run_after=None
[2025-04-05T11:44:50.316+0000] {processor.py:208} INFO - Processing /home/airflow/.local/lib/python3.12/site-packages/airflow/example_dags/example_task_group.py took 0.399 seconds
[2025-04-05T11:45:21.388+0000] {processor.py:186} INFO - Started process (PID=150) to work on /home/airflow/.local/lib/python3.12/site-packages/airflow/example_dags/example_task_group.py
[2025-04-05T11:45:21.392+0000] {processor.py:914} INFO - Processing file /home/airflow/.local/lib/python3.12/site-packages/airflow/example_dags/example_task_group.py for tasks to queue
[2025-04-05T11:45:21.394+0000] {logging_mixin.py:190} INFO - [2025-04-05T11:45:21.394+0000] {dagbag.py:588} INFO - Filling up the DagBag from /home/airflow/.local/lib/python3.12/site-packages/airflow/example_dags/example_task_group.py
[2025-04-05T11:45:21.404+0000] {processor.py:925} INFO - DAG(s) 'example_task_group' retrieved from /home/airflow/.local/lib/python3.12/site-packages/airflow/example_dags/example_task_group.py
[2025-04-05T11:45:21.428+0000] {logging_mixin.py:190} INFO - [2025-04-05T11:45:21.428+0000] {dag.py:3239} INFO - Sync 1 DAGs
[2025-04-05T11:45:21.440+0000] {logging_mixin.py:190} INFO - [2025-04-05T11:45:21.439+0000] {dag.py:4180} INFO - Setting next_dagrun for example_task_group to None, run_after=None
[2025-04-05T11:45:21.454+0000] {processor.py:208} INFO - Processing /home/airflow/.local/lib/python3.12/site-packages/airflow/example_dags/example_task_group.py took 0.074 seconds
[2025-04-05T11:45:52.454+0000] {processor.py:186} INFO - Started process (PID=213) to work on /home/airflow/.local/lib/python3.12/site-packages/airflow/example_dags/example_task_group.py
[2025-04-05T11:45:52.456+0000] {processor.py:914} INFO - Processing file /home/airflow/.local/lib/python3.12/site-packages/airflow/example_dags/example_task_group.py for tasks to queue
[2025-04-05T11:45:52.459+0000] {logging_mixin.py:190} INFO - [2025-04-05T11:45:52.458+0000] {dagbag.py:588} INFO - Filling up the DagBag from /home/airflow/.local/lib/python3.12/site-packages/airflow/example_dags/example_task_group.py
[2025-04-05T11:45:52.467+0000] {processor.py:925} INFO - DAG(s) 'example_task_group' retrieved from /home/airflow/.local/lib/python3.12/site-packages/airflow/example_dags/example_task_group.py
[2025-04-05T11:45:52.485+0000] {logging_mixin.py:190} INFO - [2025-04-05T11:45:52.485+0000] {dag.py:3239} INFO - Sync 1 DAGs
[2025-04-05T11:45:52.497+0000] {logging_mixin.py:190} INFO - [2025-04-05T11:45:52.496+0000] {dag.py:4180} INFO - Setting next_dagrun for example_task_group to None, run_after=None
[2025-04-05T11:45:52.511+0000] {processor.py:208} INFO - Processing /home/airflow/.local/lib/python3.12/site-packages/airflow/example_dags/example_task_group.py took 0.062 seconds
[2025-04-05T11:46:23.068+0000] {processor.py:186} INFO - Started process (PID=277) to work on /home/airflow/.local/lib/python3.12/site-packages/airflow/example_dags/example_task_group.py
[2025-04-05T11:46:23.069+0000] {processor.py:914} INFO - Processing file /home/airflow/.local/lib/python3.12/site-packages/airflow/example_dags/example_task_group.py for tasks to queue
[2025-04-05T11:46:23.074+0000] {logging_mixin.py:190} INFO - [2025-04-05T11:46:23.073+0000] {dagbag.py:588} INFO - Filling up the DagBag from /home/airflow/.local/lib/python3.12/site-packages/airflow/example_dags/example_task_group.py
[2025-04-05T11:46:23.080+0000] {processor.py:925} INFO - DAG(s) 'example_task_group' retrieved from /home/airflow/.local/lib/python3.12/site-packages/airflow/example_dags/example_task_group.py
[2025-04-05T11:46:23.097+0000] {logging_mixin.py:190} INFO - [2025-04-05T11:46:23.097+0000] {dag.py:3239} INFO - Sync 1 DAGs
[2025-04-05T11:46:23.107+0000] {logging_mixin.py:190} INFO - [2025-04-05T11:46:23.107+0000] {dag.py:4180} INFO - Setting next_dagrun for example_task_group to None, run_after=None
[2025-04-05T11:46:23.123+0000] {processor.py:208} INFO - Processing /home/airflow/.local/lib/python3.12/site-packages/airflow/example_dags/example_task_group.py took 0.063 seconds
[2025-04-05T11:46:53.815+0000] {processor.py:186} INFO - Started process (PID=340) to work on /home/airflow/.local/lib/python3.12/site-packages/airflow/example_dags/example_task_group.py
[2025-04-05T11:46:53.817+0000] {processor.py:914} INFO - Processing file /home/airflow/.local/lib/python3.12/site-packages/airflow/example_dags/example_task_group.py for tasks to queue
[2025-04-05T11:46:53.820+0000] {logging_mixin.py:190} INFO - [2025-04-05T11:46:53.820+0000] {dagbag.py:588} INFO - Filling up the DagBag from /home/airflow/.local/lib/python3.12/site-packages/airflow/example_dags/example_task_group.py
[2025-04-05T11:46:53.831+0000] {processor.py:925} INFO - DAG(s) 'example_task_group' retrieved from /home/airflow/.local/lib/python3.12/site-packages/airflow/example_dags/example_task_group.py
[2025-04-05T11:46:53.855+0000] {logging_mixin.py:190} INFO - [2025-04-05T11:46:53.855+0000] {dag.py:3239} INFO - Sync 1 DAGs
[2025-04-05T11:46:53.868+0000] {logging_mixin.py:190} INFO - [2025-04-05T11:46:53.867+0000] {dag.py:4180} INFO - Setting next_dagrun for example_task_group to None, run_after=None
[2025-04-05T11:46:53.879+0000] {processor.py:208} INFO - Processing /home/airflow/.local/lib/python3.12/site-packages/airflow/example_dags/example_task_group.py took 0.074 seconds
[2025-04-05T11:47:23.928+0000] {processor.py:186} INFO - Started process (PID=404) to work on /home/airflow/.local/lib/python3.12/site-packages/airflow/example_dags/example_task_group.py
[2025-04-05T11:47:23.930+0000] {processor.py:914} INFO - Processing file /home/airflow/.local/lib/python3.12/site-packages/airflow/example_dags/example_task_group.py for tasks to queue
[2025-04-05T11:47:23.932+0000] {logging_mixin.py:190} INFO - [2025-04-05T11:47:23.932+0000] {dagbag.py:588} INFO - Filling up the DagBag from /home/airflow/.local/lib/python3.12/site-packages/airflow/example_dags/example_task_group.py
[2025-04-05T11:47:23.939+0000] {processor.py:925} INFO - DAG(s) 'example_task_group' retrieved from /home/airflow/.local/lib/python3.12/site-packages/airflow/example_dags/example_task_group.py
[2025-04-05T11:47:23.955+0000] {logging_mixin.py:190} INFO - [2025-04-05T11:47:23.955+0000] {dag.py:3239} INFO - Sync 1 DAGs
[2025-04-05T11:47:23.965+0000] {logging_mixin.py:190} INFO - [2025-04-05T11:47:23.965+0000] {dag.py:4180} INFO - Setting next_dagrun for example_task_group to None, run_after=None
[2025-04-05T11:47:23.981+0000] {processor.py:208} INFO - Processing /home/airflow/.local/lib/python3.12/site-packages/airflow/example_dags/example_task_group.py took 0.057 seconds
[2025-04-05T11:50:01.361+0000] {processor.py:186} INFO - Started process (PID=94) to work on /home/airflow/.local/lib/python3.12/site-packages/airflow/example_dags/example_task_group.py
[2025-04-05T11:50:01.366+0000] {processor.py:914} INFO - Processing file /home/airflow/.local/lib/python3.12/site-packages/airflow/example_dags/example_task_group.py for tasks to queue
[2025-04-05T11:50:01.372+0000] {logging_mixin.py:190} INFO - [2025-04-05T11:50:01.372+0000] {dagbag.py:588} INFO - Filling up the DagBag from /home/airflow/.local/lib/python3.12/site-packages/airflow/example_dags/example_task_group.py
[2025-04-05T11:50:01.421+0000] {processor.py:925} INFO - DAG(s) 'example_task_group' retrieved from /home/airflow/.local/lib/python3.12/site-packages/airflow/example_dags/example_task_group.py
[2025-04-05T11:50:01.598+0000] {logging_mixin.py:190} INFO - [2025-04-05T11:50:01.598+0000] {dag.py:3239} INFO - Sync 1 DAGs
[2025-04-05T11:50:01.648+0000] {logging_mixin.py:190} INFO - [2025-04-05T11:50:01.648+0000] {dag.py:4180} INFO - Setting next_dagrun for example_task_group to None, run_after=None
[2025-04-05T11:50:01.693+0000] {processor.py:208} INFO - Processing /home/airflow/.local/lib/python3.12/site-packages/airflow/example_dags/example_task_group.py took 0.403 seconds
[2025-04-05T11:50:32.549+0000] {processor.py:186} INFO - Started process (PID=157) to work on /home/airflow/.local/lib/python3.12/site-packages/airflow/example_dags/example_task_group.py
[2025-04-05T11:50:32.550+0000] {processor.py:914} INFO - Processing file /home/airflow/.local/lib/python3.12/site-packages/airflow/example_dags/example_task_group.py for tasks to queue
[2025-04-05T11:50:32.556+0000] {logging_mixin.py:190} INFO - [2025-04-05T11:50:32.555+0000] {dagbag.py:588} INFO - Filling up the DagBag from /home/airflow/.local/lib/python3.12/site-packages/airflow/example_dags/example_task_group.py
[2025-04-05T11:50:32.572+0000] {processor.py:925} INFO - DAG(s) 'example_task_group' retrieved from /home/airflow/.local/lib/python3.12/site-packages/airflow/example_dags/example_task_group.py
[2025-04-05T11:50:32.608+0000] {logging_mixin.py:190} INFO - [2025-04-05T11:50:32.608+0000] {dag.py:3239} INFO - Sync 1 DAGs
[2025-04-05T11:50:32.623+0000] {logging_mixin.py:190} INFO - [2025-04-05T11:50:32.623+0000] {dag.py:4180} INFO - Setting next_dagrun for example_task_group to None, run_after=None
[2025-04-05T11:50:32.640+0000] {processor.py:208} INFO - Processing /home/airflow/.local/lib/python3.12/site-packages/airflow/example_dags/example_task_group.py took 0.099 seconds
[2025-04-05T11:51:03.564+0000] {processor.py:186} INFO - Started process (PID=221) to work on /home/airflow/.local/lib/python3.12/site-packages/airflow/example_dags/example_task_group.py
[2025-04-05T11:51:03.569+0000] {processor.py:914} INFO - Processing file /home/airflow/.local/lib/python3.12/site-packages/airflow/example_dags/example_task_group.py for tasks to queue
[2025-04-05T11:51:03.584+0000] {logging_mixin.py:190} INFO - [2025-04-05T11:51:03.583+0000] {dagbag.py:588} INFO - Filling up the DagBag from /home/airflow/.local/lib/python3.12/site-packages/airflow/example_dags/example_task_group.py
[2025-04-05T11:51:03.602+0000] {processor.py:925} INFO - DAG(s) 'example_task_group' retrieved from /home/airflow/.local/lib/python3.12/site-packages/airflow/example_dags/example_task_group.py
[2025-04-05T11:51:03.627+0000] {logging_mixin.py:190} INFO - [2025-04-05T11:51:03.627+0000] {dag.py:3239} INFO - Sync 1 DAGs
[2025-04-05T11:51:03.639+0000] {logging_mixin.py:190} INFO - [2025-04-05T11:51:03.639+0000] {dag.py:4180} INFO - Setting next_dagrun for example_task_group to None, run_after=None
[2025-04-05T11:51:03.666+0000] {processor.py:208} INFO - Processing /home/airflow/.local/lib/python3.12/site-packages/airflow/example_dags/example_task_group.py took 0.114 seconds
[2025-04-05T11:51:33.720+0000] {processor.py:186} INFO - Started process (PID=285) to work on /home/airflow/.local/lib/python3.12/site-packages/airflow/example_dags/example_task_group.py
[2025-04-05T11:51:33.721+0000] {processor.py:914} INFO - Processing file /home/airflow/.local/lib/python3.12/site-packages/airflow/example_dags/example_task_group.py for tasks to queue
[2025-04-05T11:51:33.724+0000] {logging_mixin.py:190} INFO - [2025-04-05T11:51:33.723+0000] {dagbag.py:588} INFO - Filling up the DagBag from /home/airflow/.local/lib/python3.12/site-packages/airflow/example_dags/example_task_group.py
[2025-04-05T11:51:33.734+0000] {processor.py:925} INFO - DAG(s) 'example_task_group' retrieved from /home/airflow/.local/lib/python3.12/site-packages/airflow/example_dags/example_task_group.py
[2025-04-05T11:51:33.759+0000] {logging_mixin.py:190} INFO - [2025-04-05T11:51:33.759+0000] {dag.py:3239} INFO - Sync 1 DAGs
[2025-04-05T11:51:33.778+0000] {logging_mixin.py:190} INFO - [2025-04-05T11:51:33.778+0000] {dag.py:4180} INFO - Setting next_dagrun for example_task_group to None, run_after=None
[2025-04-05T11:51:33.796+0000] {processor.py:208} INFO - Processing /home/airflow/.local/lib/python3.12/site-packages/airflow/example_dags/example_task_group.py took 0.084 seconds
[2025-04-05T11:52:04.050+0000] {processor.py:186} INFO - Started process (PID=349) to work on /home/airflow/.local/lib/python3.12/site-packages/airflow/example_dags/example_task_group.py
[2025-04-05T11:52:04.051+0000] {processor.py:914} INFO - Processing file /home/airflow/.local/lib/python3.12/site-packages/airflow/example_dags/example_task_group.py for tasks to queue
[2025-04-05T11:52:04.053+0000] {logging_mixin.py:190} INFO - [2025-04-05T11:52:04.053+0000] {dagbag.py:588} INFO - Filling up the DagBag from /home/airflow/.local/lib/python3.12/site-packages/airflow/example_dags/example_task_group.py
[2025-04-05T11:52:04.062+0000] {processor.py:925} INFO - DAG(s) 'example_task_group' retrieved from /home/airflow/.local/lib/python3.12/site-packages/airflow/example_dags/example_task_group.py
[2025-04-05T11:52:04.086+0000] {logging_mixin.py:190} INFO - [2025-04-05T11:52:04.085+0000] {dag.py:3239} INFO - Sync 1 DAGs
[2025-04-05T11:52:04.098+0000] {logging_mixin.py:190} INFO - [2025-04-05T11:52:04.097+0000] {dag.py:4180} INFO - Setting next_dagrun for example_task_group to None, run_after=None
[2025-04-05T11:52:04.115+0000] {processor.py:208} INFO - Processing /home/airflow/.local/lib/python3.12/site-packages/airflow/example_dags/example_task_group.py took 0.073 seconds
[2025-04-05T12:07:21.828+0000] {processor.py:186} INFO - Started process (PID=81) to work on /home/airflow/.local/lib/python3.12/site-packages/airflow/example_dags/example_task_group.py
[2025-04-05T12:07:21.830+0000] {processor.py:914} INFO - Processing file /home/airflow/.local/lib/python3.12/site-packages/airflow/example_dags/example_task_group.py for tasks to queue
[2025-04-05T12:07:21.834+0000] {logging_mixin.py:190} INFO - [2025-04-05T12:07:21.833+0000] {dagbag.py:588} INFO - Filling up the DagBag from /home/airflow/.local/lib/python3.12/site-packages/airflow/example_dags/example_task_group.py
[2025-04-05T12:07:21.845+0000] {processor.py:925} INFO - DAG(s) 'example_task_group' retrieved from /home/airflow/.local/lib/python3.12/site-packages/airflow/example_dags/example_task_group.py
[2025-04-05T12:07:21.864+0000] {logging_mixin.py:190} INFO - [2025-04-05T12:07:21.864+0000] {dag.py:3239} INFO - Sync 1 DAGs
[2025-04-05T12:07:21.875+0000] {logging_mixin.py:190} INFO - [2025-04-05T12:07:21.875+0000] {dag.py:4180} INFO - Setting next_dagrun for example_task_group to None, run_after=None
[2025-04-05T12:07:21.887+0000] {processor.py:208} INFO - Processing /home/airflow/.local/lib/python3.12/site-packages/airflow/example_dags/example_task_group.py took 0.067 seconds
[2025-04-05T12:07:52.875+0000] {processor.py:186} INFO - Started process (PID=145) to work on /home/airflow/.local/lib/python3.12/site-packages/airflow/example_dags/example_task_group.py
[2025-04-05T12:07:52.880+0000] {processor.py:914} INFO - Processing file /home/airflow/.local/lib/python3.12/site-packages/airflow/example_dags/example_task_group.py for tasks to queue
[2025-04-05T12:07:52.884+0000] {logging_mixin.py:190} INFO - [2025-04-05T12:07:52.884+0000] {dagbag.py:588} INFO - Filling up the DagBag from /home/airflow/.local/lib/python3.12/site-packages/airflow/example_dags/example_task_group.py
[2025-04-05T12:07:52.891+0000] {processor.py:925} INFO - DAG(s) 'example_task_group' retrieved from /home/airflow/.local/lib/python3.12/site-packages/airflow/example_dags/example_task_group.py
[2025-04-05T12:07:52.912+0000] {logging_mixin.py:190} INFO - [2025-04-05T12:07:52.912+0000] {dag.py:3239} INFO - Sync 1 DAGs
[2025-04-05T12:07:52.920+0000] {logging_mixin.py:190} INFO - [2025-04-05T12:07:52.920+0000] {dag.py:4180} INFO - Setting next_dagrun for example_task_group to None, run_after=None
[2025-04-05T12:07:52.929+0000] {processor.py:208} INFO - Processing /home/airflow/.local/lib/python3.12/site-packages/airflow/example_dags/example_task_group.py took 0.060 seconds
[2025-04-05T12:08:23.503+0000] {processor.py:186} INFO - Started process (PID=215) to work on /home/airflow/.local/lib/python3.12/site-packages/airflow/example_dags/example_task_group.py
[2025-04-05T12:08:23.505+0000] {processor.py:914} INFO - Processing file /home/airflow/.local/lib/python3.12/site-packages/airflow/example_dags/example_task_group.py for tasks to queue
[2025-04-05T12:08:23.506+0000] {logging_mixin.py:190} INFO - [2025-04-05T12:08:23.506+0000] {dagbag.py:588} INFO - Filling up the DagBag from /home/airflow/.local/lib/python3.12/site-packages/airflow/example_dags/example_task_group.py
[2025-04-05T12:08:23.516+0000] {processor.py:925} INFO - DAG(s) 'example_task_group' retrieved from /home/airflow/.local/lib/python3.12/site-packages/airflow/example_dags/example_task_group.py
[2025-04-05T12:08:23.542+0000] {logging_mixin.py:190} INFO - [2025-04-05T12:08:23.542+0000] {dag.py:3239} INFO - Sync 1 DAGs
[2025-04-05T12:08:23.554+0000] {logging_mixin.py:190} INFO - [2025-04-05T12:08:23.554+0000] {dag.py:4180} INFO - Setting next_dagrun for example_task_group to None, run_after=None
[2025-04-05T12:08:23.572+0000] {processor.py:208} INFO - Processing /home/airflow/.local/lib/python3.12/site-packages/airflow/example_dags/example_task_group.py took 0.074 seconds
[2025-04-05T12:08:54.253+0000] {processor.py:186} INFO - Started process (PID=279) to work on /home/airflow/.local/lib/python3.12/site-packages/airflow/example_dags/example_task_group.py
[2025-04-05T12:08:54.262+0000] {processor.py:914} INFO - Processing file /home/airflow/.local/lib/python3.12/site-packages/airflow/example_dags/example_task_group.py for tasks to queue
[2025-04-05T12:08:54.267+0000] {logging_mixin.py:190} INFO - [2025-04-05T12:08:54.266+0000] {dagbag.py:588} INFO - Filling up the DagBag from /home/airflow/.local/lib/python3.12/site-packages/airflow/example_dags/example_task_group.py
[2025-04-05T12:08:54.289+0000] {processor.py:925} INFO - DAG(s) 'example_task_group' retrieved from /home/airflow/.local/lib/python3.12/site-packages/airflow/example_dags/example_task_group.py
[2025-04-05T12:08:54.328+0000] {logging_mixin.py:190} INFO - [2025-04-05T12:08:54.328+0000] {dag.py:3239} INFO - Sync 1 DAGs
[2025-04-05T12:08:54.350+0000] {logging_mixin.py:190} INFO - [2025-04-05T12:08:54.350+0000] {dag.py:4180} INFO - Setting next_dagrun for example_task_group to None, run_after=None
[2025-04-05T12:08:54.384+0000] {processor.py:208} INFO - Processing /home/airflow/.local/lib/python3.12/site-packages/airflow/example_dags/example_task_group.py took 0.138 seconds
[2025-04-05T12:09:24.437+0000] {processor.py:186} INFO - Started process (PID=342) to work on /home/airflow/.local/lib/python3.12/site-packages/airflow/example_dags/example_task_group.py
[2025-04-05T12:09:24.439+0000] {processor.py:914} INFO - Processing file /home/airflow/.local/lib/python3.12/site-packages/airflow/example_dags/example_task_group.py for tasks to queue
[2025-04-05T12:09:24.440+0000] {logging_mixin.py:190} INFO - [2025-04-05T12:09:24.440+0000] {dagbag.py:588} INFO - Filling up the DagBag from /home/airflow/.local/lib/python3.12/site-packages/airflow/example_dags/example_task_group.py
[2025-04-05T12:09:24.445+0000] {processor.py:925} INFO - DAG(s) 'example_task_group' retrieved from /home/airflow/.local/lib/python3.12/site-packages/airflow/example_dags/example_task_group.py
[2025-04-05T12:09:24.456+0000] {logging_mixin.py:190} INFO - [2025-04-05T12:09:24.456+0000] {dag.py:3239} INFO - Sync 1 DAGs
[2025-04-05T12:09:24.463+0000] {logging_mixin.py:190} INFO - [2025-04-05T12:09:24.463+0000] {dag.py:4180} INFO - Setting next_dagrun for example_task_group to None, run_after=None
[2025-04-05T12:09:24.472+0000] {processor.py:208} INFO - Processing /home/airflow/.local/lib/python3.12/site-packages/airflow/example_dags/example_task_group.py took 0.039 seconds
[2025-04-05T12:09:55.013+0000] {processor.py:186} INFO - Started process (PID=406) to work on /home/airflow/.local/lib/python3.12/site-packages/airflow/example_dags/example_task_group.py
[2025-04-05T12:09:55.016+0000] {processor.py:914} INFO - Processing file /home/airflow/.local/lib/python3.12/site-packages/airflow/example_dags/example_task_group.py for tasks to queue
[2025-04-05T12:09:55.019+0000] {logging_mixin.py:190} INFO - [2025-04-05T12:09:55.018+0000] {dagbag.py:588} INFO - Filling up the DagBag from /home/airflow/.local/lib/python3.12/site-packages/airflow/example_dags/example_task_group.py
[2025-04-05T12:09:55.025+0000] {processor.py:925} INFO - DAG(s) 'example_task_group' retrieved from /home/airflow/.local/lib/python3.12/site-packages/airflow/example_dags/example_task_group.py
[2025-04-05T12:09:55.038+0000] {logging_mixin.py:190} INFO - [2025-04-05T12:09:55.038+0000] {dag.py:3239} INFO - Sync 1 DAGs
[2025-04-05T12:09:55.047+0000] {logging_mixin.py:190} INFO - [2025-04-05T12:09:55.046+0000] {dag.py:4180} INFO - Setting next_dagrun for example_task_group to None, run_after=None
[2025-04-05T12:09:55.055+0000] {processor.py:208} INFO - Processing /home/airflow/.local/lib/python3.12/site-packages/airflow/example_dags/example_task_group.py took 0.048 seconds
[2025-04-05T12:10:25.628+0000] {processor.py:186} INFO - Started process (PID=470) to work on /home/airflow/.local/lib/python3.12/site-packages/airflow/example_dags/example_task_group.py
[2025-04-05T12:10:25.630+0000] {processor.py:914} INFO - Processing file /home/airflow/.local/lib/python3.12/site-packages/airflow/example_dags/example_task_group.py for tasks to queue
[2025-04-05T12:10:25.632+0000] {logging_mixin.py:190} INFO - [2025-04-05T12:10:25.631+0000] {dagbag.py:588} INFO - Filling up the DagBag from /home/airflow/.local/lib/python3.12/site-packages/airflow/example_dags/example_task_group.py
[2025-04-05T12:10:25.637+0000] {processor.py:925} INFO - DAG(s) 'example_task_group' retrieved from /home/airflow/.local/lib/python3.12/site-packages/airflow/example_dags/example_task_group.py
[2025-04-05T12:10:25.649+0000] {logging_mixin.py:190} INFO - [2025-04-05T12:10:25.649+0000] {dag.py:3239} INFO - Sync 1 DAGs
[2025-04-05T12:10:25.655+0000] {logging_mixin.py:190} INFO - [2025-04-05T12:10:25.655+0000] {dag.py:4180} INFO - Setting next_dagrun for example_task_group to None, run_after=None
[2025-04-05T12:10:25.662+0000] {processor.py:208} INFO - Processing /home/airflow/.local/lib/python3.12/site-packages/airflow/example_dags/example_task_group.py took 0.038 seconds
[2025-04-05T12:10:56.362+0000] {processor.py:186} INFO - Started process (PID=534) to work on /home/airflow/.local/lib/python3.12/site-packages/airflow/example_dags/example_task_group.py
[2025-04-05T12:10:56.363+0000] {processor.py:914} INFO - Processing file /home/airflow/.local/lib/python3.12/site-packages/airflow/example_dags/example_task_group.py for tasks to queue
[2025-04-05T12:10:56.364+0000] {logging_mixin.py:190} INFO - [2025-04-05T12:10:56.364+0000] {dagbag.py:588} INFO - Filling up the DagBag from /home/airflow/.local/lib/python3.12/site-packages/airflow/example_dags/example_task_group.py
[2025-04-05T12:10:56.368+0000] {processor.py:925} INFO - DAG(s) 'example_task_group' retrieved from /home/airflow/.local/lib/python3.12/site-packages/airflow/example_dags/example_task_group.py
[2025-04-05T12:10:56.378+0000] {logging_mixin.py:190} INFO - [2025-04-05T12:10:56.378+0000] {dag.py:3239} INFO - Sync 1 DAGs
[2025-04-05T12:10:56.385+0000] {logging_mixin.py:190} INFO - [2025-04-05T12:10:56.384+0000] {dag.py:4180} INFO - Setting next_dagrun for example_task_group to None, run_after=None
[2025-04-05T12:10:56.392+0000] {processor.py:208} INFO - Processing /home/airflow/.local/lib/python3.12/site-packages/airflow/example_dags/example_task_group.py took 0.033 seconds
[2025-04-05T12:11:27.253+0000] {processor.py:186} INFO - Started process (PID=597) to work on /home/airflow/.local/lib/python3.12/site-packages/airflow/example_dags/example_task_group.py
[2025-04-05T12:11:27.253+0000] {processor.py:914} INFO - Processing file /home/airflow/.local/lib/python3.12/site-packages/airflow/example_dags/example_task_group.py for tasks to queue
[2025-04-05T12:11:27.254+0000] {logging_mixin.py:190} INFO - [2025-04-05T12:11:27.254+0000] {dagbag.py:588} INFO - Filling up the DagBag from /home/airflow/.local/lib/python3.12/site-packages/airflow/example_dags/example_task_group.py
[2025-04-05T12:11:27.259+0000] {processor.py:925} INFO - DAG(s) 'example_task_group' retrieved from /home/airflow/.local/lib/python3.12/site-packages/airflow/example_dags/example_task_group.py
[2025-04-05T12:11:27.272+0000] {logging_mixin.py:190} INFO - [2025-04-05T12:11:27.272+0000] {dag.py:3239} INFO - Sync 1 DAGs
[2025-04-05T12:11:27.279+0000] {logging_mixin.py:190} INFO - [2025-04-05T12:11:27.279+0000] {dag.py:4180} INFO - Setting next_dagrun for example_task_group to None, run_after=None
[2025-04-05T12:11:27.288+0000] {processor.py:208} INFO - Processing /home/airflow/.local/lib/python3.12/site-packages/airflow/example_dags/example_task_group.py took 0.039 seconds
[2025-04-05T12:11:57.652+0000] {processor.py:186} INFO - Started process (PID=660) to work on /home/airflow/.local/lib/python3.12/site-packages/airflow/example_dags/example_task_group.py
[2025-04-05T12:11:57.653+0000] {processor.py:914} INFO - Processing file /home/airflow/.local/lib/python3.12/site-packages/airflow/example_dags/example_task_group.py for tasks to queue
[2025-04-05T12:11:57.653+0000] {logging_mixin.py:190} INFO - [2025-04-05T12:11:57.653+0000] {dagbag.py:588} INFO - Filling up the DagBag from /home/airflow/.local/lib/python3.12/site-packages/airflow/example_dags/example_task_group.py
[2025-04-05T12:11:57.658+0000] {processor.py:925} INFO - DAG(s) 'example_task_group' retrieved from /home/airflow/.local/lib/python3.12/site-packages/airflow/example_dags/example_task_group.py
[2025-04-05T12:11:57.669+0000] {logging_mixin.py:190} INFO - [2025-04-05T12:11:57.669+0000] {dag.py:3239} INFO - Sync 1 DAGs
[2025-04-05T12:11:57.678+0000] {logging_mixin.py:190} INFO - [2025-04-05T12:11:57.678+0000] {dag.py:4180} INFO - Setting next_dagrun for example_task_group to None, run_after=None
[2025-04-05T12:11:57.688+0000] {processor.py:208} INFO - Processing /home/airflow/.local/lib/python3.12/site-packages/airflow/example_dags/example_task_group.py took 0.041 seconds
