[2025-04-05T11:23:26.990+0000] {processor.py:186} INFO - Started process (PID=120) to work on /home/airflow/.local/lib/python3.12/site-packages/airflow/example_dags/example_inlet_event_extra.py
[2025-04-05T11:23:26.990+0000] {processor.py:914} INFO - Processing file /home/airflow/.local/lib/python3.12/site-packages/airflow/example_dags/example_inlet_event_extra.py for tasks to queue
[2025-04-05T11:23:26.992+0000] {logging_mixin.py:190} INFO - [2025-04-05T11:23:26.992+0000] {dagbag.py:588} INFO - Filling up the DagBag from /home/airflow/.local/lib/python3.12/site-packages/airflow/example_dags/example_inlet_event_extra.py
[2025-04-05T11:23:27.509+0000] {processor.py:925} INFO - DAG(s) 'read_dataset_event', 'read_dataset_event_from_classic' retrieved from /home/airflow/.local/lib/python3.12/site-packages/airflow/example_dags/example_inlet_event_extra.py
[2025-04-05T11:23:27.560+0000] {logging_mixin.py:190} INFO - [2025-04-05T11:23:27.560+0000] {override.py:1912} INFO - Created Permission View: can edit on DAG:read_dataset_event
[2025-04-05T11:23:27.569+0000] {logging_mixin.py:190} INFO - [2025-04-05T11:23:27.569+0000] {override.py:1912} INFO - Created Permission View: can read on DAG:read_dataset_event
[2025-04-05T11:23:27.572+0000] {logging_mixin.py:190} INFO - [2025-04-05T11:23:27.572+0000] {override.py:1912} INFO - Created Permission View: can delete on DAG:read_dataset_event
[2025-04-05T11:23:27.574+0000] {logging_mixin.py:190} INFO - [2025-04-05T11:23:27.574+0000] {override.py:1912} INFO - Created Permission View: menu access on DAG Run:read_dataset_event
[2025-04-05T11:23:27.576+0000] {logging_mixin.py:190} INFO - [2025-04-05T11:23:27.576+0000] {override.py:1912} INFO - Created Permission View: can read on DAG Run:read_dataset_event
[2025-04-05T11:23:27.579+0000] {logging_mixin.py:190} INFO - [2025-04-05T11:23:27.578+0000] {override.py:1912} INFO - Created Permission View: can create on DAG Run:read_dataset_event
[2025-04-05T11:23:27.581+0000] {logging_mixin.py:190} INFO - [2025-04-05T11:23:27.581+0000] {override.py:1912} INFO - Created Permission View: can delete on DAG Run:read_dataset_event
[2025-04-05T11:23:27.585+0000] {logging_mixin.py:190} INFO - [2025-04-05T11:23:27.585+0000] {override.py:1912} INFO - Created Permission View: can edit on DAG:read_dataset_event_from_classic
[2025-04-05T11:23:27.587+0000] {logging_mixin.py:190} INFO - [2025-04-05T11:23:27.587+0000] {override.py:1912} INFO - Created Permission View: can read on DAG:read_dataset_event_from_classic
[2025-04-05T11:23:27.590+0000] {logging_mixin.py:190} INFO - [2025-04-05T11:23:27.589+0000] {override.py:1912} INFO - Created Permission View: can delete on DAG:read_dataset_event_from_classic
[2025-04-05T11:23:27.592+0000] {logging_mixin.py:190} INFO - [2025-04-05T11:23:27.592+0000] {override.py:1912} INFO - Created Permission View: menu access on DAG Run:read_dataset_event_from_classic
[2025-04-05T11:23:27.594+0000] {logging_mixin.py:190} INFO - [2025-04-05T11:23:27.594+0000] {override.py:1912} INFO - Created Permission View: can read on DAG Run:read_dataset_event_from_classic
[2025-04-05T11:23:27.597+0000] {logging_mixin.py:190} INFO - [2025-04-05T11:23:27.597+0000] {override.py:1912} INFO - Created Permission View: can create on DAG Run:read_dataset_event_from_classic
[2025-04-05T11:23:27.599+0000] {logging_mixin.py:190} INFO - [2025-04-05T11:23:27.599+0000] {override.py:1912} INFO - Created Permission View: can delete on DAG Run:read_dataset_event_from_classic
[2025-04-05T11:23:27.599+0000] {logging_mixin.py:190} INFO - [2025-04-05T11:23:27.599+0000] {dag.py:3239} INFO - Sync 2 DAGs
[2025-04-05T11:23:27.605+0000] {logging_mixin.py:190} INFO - [2025-04-05T11:23:27.605+0000] {dag.py:3262} INFO - Creating ORM DAG for read_dataset_event_from_classic
[2025-04-05T11:23:27.605+0000] {logging_mixin.py:190} INFO - [2025-04-05T11:23:27.605+0000] {dag.py:3262} INFO - Creating ORM DAG for read_dataset_event
[2025-04-05T11:23:27.610+0000] {logging_mixin.py:190} INFO - [2025-04-05T11:23:27.610+0000] {dag.py:4180} INFO - Setting next_dagrun for read_dataset_event to 2025-04-04 00:00:00+00:00, run_after=2025-04-05 00:00:00+00:00
[2025-04-05T11:23:27.611+0000] {logging_mixin.py:190} INFO - [2025-04-05T11:23:27.611+0000] {dag.py:4180} INFO - Setting next_dagrun for read_dataset_event_from_classic to 2025-04-04 00:00:00+00:00, run_after=2025-04-05 00:00:00+00:00
[2025-04-05T11:23:27.618+0000] {processor.py:208} INFO - Processing /home/airflow/.local/lib/python3.12/site-packages/airflow/example_dags/example_inlet_event_extra.py took 0.633 seconds
[2025-04-05T11:23:58.181+0000] {processor.py:186} INFO - Started process (PID=183) to work on /home/airflow/.local/lib/python3.12/site-packages/airflow/example_dags/example_inlet_event_extra.py
[2025-04-05T11:23:58.184+0000] {processor.py:914} INFO - Processing file /home/airflow/.local/lib/python3.12/site-packages/airflow/example_dags/example_inlet_event_extra.py for tasks to queue
[2025-04-05T11:23:58.187+0000] {logging_mixin.py:190} INFO - [2025-04-05T11:23:58.187+0000] {dagbag.py:588} INFO - Filling up the DagBag from /home/airflow/.local/lib/python3.12/site-packages/airflow/example_dags/example_inlet_event_extra.py
[2025-04-05T11:23:58.726+0000] {processor.py:925} INFO - DAG(s) 'read_dataset_event_from_classic', 'read_dataset_event' retrieved from /home/airflow/.local/lib/python3.12/site-packages/airflow/example_dags/example_inlet_event_extra.py
[2025-04-05T11:23:58.745+0000] {logging_mixin.py:190} INFO - [2025-04-05T11:23:58.745+0000] {dag.py:3239} INFO - Sync 2 DAGs
[2025-04-05T11:23:58.760+0000] {logging_mixin.py:190} INFO - [2025-04-05T11:23:58.760+0000] {dag.py:4180} INFO - Setting next_dagrun for read_dataset_event to 2025-04-04 00:00:00+00:00, run_after=2025-04-05 00:00:00+00:00
[2025-04-05T11:23:58.762+0000] {logging_mixin.py:190} INFO - [2025-04-05T11:23:58.762+0000] {dag.py:4180} INFO - Setting next_dagrun for read_dataset_event_from_classic to 2025-04-04 00:00:00+00:00, run_after=2025-04-05 00:00:00+00:00
[2025-04-05T11:23:58.770+0000] {processor.py:208} INFO - Processing /home/airflow/.local/lib/python3.12/site-packages/airflow/example_dags/example_inlet_event_extra.py took 0.596 seconds
[2025-04-05T11:24:29.629+0000] {processor.py:186} INFO - Started process (PID=246) to work on /home/airflow/.local/lib/python3.12/site-packages/airflow/example_dags/example_inlet_event_extra.py
[2025-04-05T11:24:29.631+0000] {processor.py:914} INFO - Processing file /home/airflow/.local/lib/python3.12/site-packages/airflow/example_dags/example_inlet_event_extra.py for tasks to queue
[2025-04-05T11:24:29.633+0000] {logging_mixin.py:190} INFO - [2025-04-05T11:24:29.633+0000] {dagbag.py:588} INFO - Filling up the DagBag from /home/airflow/.local/lib/python3.12/site-packages/airflow/example_dags/example_inlet_event_extra.py
[2025-04-05T11:24:30.056+0000] {processor.py:925} INFO - DAG(s) 'read_dataset_event_from_classic', 'read_dataset_event' retrieved from /home/airflow/.local/lib/python3.12/site-packages/airflow/example_dags/example_inlet_event_extra.py
[2025-04-05T11:24:30.067+0000] {logging_mixin.py:190} INFO - [2025-04-05T11:24:30.067+0000] {dag.py:3239} INFO - Sync 2 DAGs
[2025-04-05T11:24:30.078+0000] {logging_mixin.py:190} INFO - [2025-04-05T11:24:30.078+0000] {dag.py:4180} INFO - Setting next_dagrun for read_dataset_event to 2025-04-04 00:00:00+00:00, run_after=2025-04-05 00:00:00+00:00
[2025-04-05T11:24:30.081+0000] {logging_mixin.py:190} INFO - [2025-04-05T11:24:30.081+0000] {dag.py:4180} INFO - Setting next_dagrun for read_dataset_event_from_classic to 2025-04-04 00:00:00+00:00, run_after=2025-04-05 00:00:00+00:00
[2025-04-05T11:24:30.088+0000] {processor.py:208} INFO - Processing /home/airflow/.local/lib/python3.12/site-packages/airflow/example_dags/example_inlet_event_extra.py took 0.467 seconds
[2025-04-05T11:25:00.686+0000] {processor.py:186} INFO - Started process (PID=309) to work on /home/airflow/.local/lib/python3.12/site-packages/airflow/example_dags/example_inlet_event_extra.py
[2025-04-05T11:25:00.688+0000] {processor.py:914} INFO - Processing file /home/airflow/.local/lib/python3.12/site-packages/airflow/example_dags/example_inlet_event_extra.py for tasks to queue
[2025-04-05T11:25:00.691+0000] {logging_mixin.py:190} INFO - [2025-04-05T11:25:00.691+0000] {dagbag.py:588} INFO - Filling up the DagBag from /home/airflow/.local/lib/python3.12/site-packages/airflow/example_dags/example_inlet_event_extra.py
[2025-04-05T11:25:01.072+0000] {processor.py:925} INFO - DAG(s) 'read_dataset_event_from_classic', 'read_dataset_event' retrieved from /home/airflow/.local/lib/python3.12/site-packages/airflow/example_dags/example_inlet_event_extra.py
[2025-04-05T11:25:01.085+0000] {logging_mixin.py:190} INFO - [2025-04-05T11:25:01.085+0000] {dag.py:3239} INFO - Sync 2 DAGs
[2025-04-05T11:25:01.097+0000] {logging_mixin.py:190} INFO - [2025-04-05T11:25:01.097+0000] {dag.py:4180} INFO - Setting next_dagrun for read_dataset_event to 2025-04-04 00:00:00+00:00, run_after=2025-04-05 00:00:00+00:00
[2025-04-05T11:25:01.099+0000] {logging_mixin.py:190} INFO - [2025-04-05T11:25:01.099+0000] {dag.py:4180} INFO - Setting next_dagrun for read_dataset_event_from_classic to 2025-04-04 00:00:00+00:00, run_after=2025-04-05 00:00:00+00:00
[2025-04-05T11:25:01.107+0000] {processor.py:208} INFO - Processing /home/airflow/.local/lib/python3.12/site-packages/airflow/example_dags/example_inlet_event_extra.py took 0.429 seconds
[2025-04-05T11:25:31.205+0000] {processor.py:186} INFO - Started process (PID=372) to work on /home/airflow/.local/lib/python3.12/site-packages/airflow/example_dags/example_inlet_event_extra.py
[2025-04-05T11:25:31.207+0000] {processor.py:914} INFO - Processing file /home/airflow/.local/lib/python3.12/site-packages/airflow/example_dags/example_inlet_event_extra.py for tasks to queue
[2025-04-05T11:25:31.222+0000] {logging_mixin.py:190} INFO - [2025-04-05T11:25:31.220+0000] {dagbag.py:588} INFO - Filling up the DagBag from /home/airflow/.local/lib/python3.12/site-packages/airflow/example_dags/example_inlet_event_extra.py
[2025-04-05T11:25:32.132+0000] {processor.py:925} INFO - DAG(s) 'read_dataset_event', 'read_dataset_event_from_classic' retrieved from /home/airflow/.local/lib/python3.12/site-packages/airflow/example_dags/example_inlet_event_extra.py
[2025-04-05T11:25:32.164+0000] {logging_mixin.py:190} INFO - [2025-04-05T11:25:32.163+0000] {dag.py:3239} INFO - Sync 2 DAGs
[2025-04-05T11:25:32.181+0000] {logging_mixin.py:190} INFO - [2025-04-05T11:25:32.181+0000] {dag.py:4180} INFO - Setting next_dagrun for read_dataset_event to 2025-04-04 00:00:00+00:00, run_after=2025-04-05 00:00:00+00:00
[2025-04-05T11:25:32.191+0000] {logging_mixin.py:190} INFO - [2025-04-05T11:25:32.190+0000] {dag.py:4180} INFO - Setting next_dagrun for read_dataset_event_from_classic to 2025-04-04 00:00:00+00:00, run_after=2025-04-05 00:00:00+00:00
[2025-04-05T11:25:32.220+0000] {processor.py:208} INFO - Processing /home/airflow/.local/lib/python3.12/site-packages/airflow/example_dags/example_inlet_event_extra.py took 1.026 seconds
[2025-04-05T11:26:02.950+0000] {processor.py:186} INFO - Started process (PID=435) to work on /home/airflow/.local/lib/python3.12/site-packages/airflow/example_dags/example_inlet_event_extra.py
[2025-04-05T11:26:02.952+0000] {processor.py:914} INFO - Processing file /home/airflow/.local/lib/python3.12/site-packages/airflow/example_dags/example_inlet_event_extra.py for tasks to queue
[2025-04-05T11:26:02.955+0000] {logging_mixin.py:190} INFO - [2025-04-05T11:26:02.955+0000] {dagbag.py:588} INFO - Filling up the DagBag from /home/airflow/.local/lib/python3.12/site-packages/airflow/example_dags/example_inlet_event_extra.py
[2025-04-05T11:26:03.552+0000] {processor.py:925} INFO - DAG(s) 'read_dataset_event', 'read_dataset_event_from_classic' retrieved from /home/airflow/.local/lib/python3.12/site-packages/airflow/example_dags/example_inlet_event_extra.py
[2025-04-05T11:26:03.572+0000] {logging_mixin.py:190} INFO - [2025-04-05T11:26:03.572+0000] {dag.py:3239} INFO - Sync 2 DAGs
[2025-04-05T11:26:03.590+0000] {logging_mixin.py:190} INFO - [2025-04-05T11:26:03.590+0000] {dag.py:4180} INFO - Setting next_dagrun for read_dataset_event to 2025-04-04 00:00:00+00:00, run_after=2025-04-05 00:00:00+00:00
[2025-04-05T11:26:03.596+0000] {logging_mixin.py:190} INFO - [2025-04-05T11:26:03.596+0000] {dag.py:4180} INFO - Setting next_dagrun for read_dataset_event_from_classic to 2025-04-04 00:00:00+00:00, run_after=2025-04-05 00:00:00+00:00
[2025-04-05T11:26:03.622+0000] {processor.py:208} INFO - Processing /home/airflow/.local/lib/python3.12/site-packages/airflow/example_dags/example_inlet_event_extra.py took 0.680 seconds
[2025-04-05T11:26:33.768+0000] {processor.py:186} INFO - Started process (PID=498) to work on /home/airflow/.local/lib/python3.12/site-packages/airflow/example_dags/example_inlet_event_extra.py
[2025-04-05T11:26:33.770+0000] {processor.py:914} INFO - Processing file /home/airflow/.local/lib/python3.12/site-packages/airflow/example_dags/example_inlet_event_extra.py for tasks to queue
[2025-04-05T11:26:33.772+0000] {logging_mixin.py:190} INFO - [2025-04-05T11:26:33.772+0000] {dagbag.py:588} INFO - Filling up the DagBag from /home/airflow/.local/lib/python3.12/site-packages/airflow/example_dags/example_inlet_event_extra.py
[2025-04-05T11:26:34.259+0000] {processor.py:925} INFO - DAG(s) 'read_dataset_event_from_classic', 'read_dataset_event' retrieved from /home/airflow/.local/lib/python3.12/site-packages/airflow/example_dags/example_inlet_event_extra.py
[2025-04-05T11:26:34.270+0000] {logging_mixin.py:190} INFO - [2025-04-05T11:26:34.270+0000] {dag.py:3239} INFO - Sync 2 DAGs
[2025-04-05T11:26:34.282+0000] {logging_mixin.py:190} INFO - [2025-04-05T11:26:34.282+0000] {dag.py:4180} INFO - Setting next_dagrun for read_dataset_event to 2025-04-04 00:00:00+00:00, run_after=2025-04-05 00:00:00+00:00
[2025-04-05T11:26:34.284+0000] {logging_mixin.py:190} INFO - [2025-04-05T11:26:34.284+0000] {dag.py:4180} INFO - Setting next_dagrun for read_dataset_event_from_classic to 2025-04-04 00:00:00+00:00, run_after=2025-04-05 00:00:00+00:00
[2025-04-05T11:26:34.292+0000] {processor.py:208} INFO - Processing /home/airflow/.local/lib/python3.12/site-packages/airflow/example_dags/example_inlet_event_extra.py took 0.533 seconds
[2025-04-05T11:27:05.199+0000] {processor.py:186} INFO - Started process (PID=561) to work on /home/airflow/.local/lib/python3.12/site-packages/airflow/example_dags/example_inlet_event_extra.py
[2025-04-05T11:27:05.201+0000] {processor.py:914} INFO - Processing file /home/airflow/.local/lib/python3.12/site-packages/airflow/example_dags/example_inlet_event_extra.py for tasks to queue
[2025-04-05T11:27:05.205+0000] {logging_mixin.py:190} INFO - [2025-04-05T11:27:05.205+0000] {dagbag.py:588} INFO - Filling up the DagBag from /home/airflow/.local/lib/python3.12/site-packages/airflow/example_dags/example_inlet_event_extra.py
[2025-04-05T11:27:05.708+0000] {processor.py:925} INFO - DAG(s) 'read_dataset_event_from_classic', 'read_dataset_event' retrieved from /home/airflow/.local/lib/python3.12/site-packages/airflow/example_dags/example_inlet_event_extra.py
[2025-04-05T11:27:05.726+0000] {logging_mixin.py:190} INFO - [2025-04-05T11:27:05.726+0000] {dag.py:3239} INFO - Sync 2 DAGs
[2025-04-05T11:27:05.739+0000] {logging_mixin.py:190} INFO - [2025-04-05T11:27:05.738+0000] {dag.py:4180} INFO - Setting next_dagrun for read_dataset_event to 2025-04-04 00:00:00+00:00, run_after=2025-04-05 00:00:00+00:00
[2025-04-05T11:27:05.741+0000] {logging_mixin.py:190} INFO - [2025-04-05T11:27:05.741+0000] {dag.py:4180} INFO - Setting next_dagrun for read_dataset_event_from_classic to 2025-04-04 00:00:00+00:00, run_after=2025-04-05 00:00:00+00:00
[2025-04-05T11:27:05.749+0000] {processor.py:208} INFO - Processing /home/airflow/.local/lib/python3.12/site-packages/airflow/example_dags/example_inlet_event_extra.py took 0.559 seconds
[2025-04-05T11:32:00.834+0000] {processor.py:186} INFO - Started process (PID=120) to work on /home/airflow/.local/lib/python3.12/site-packages/airflow/example_dags/example_inlet_event_extra.py
[2025-04-05T11:32:00.835+0000] {processor.py:914} INFO - Processing file /home/airflow/.local/lib/python3.12/site-packages/airflow/example_dags/example_inlet_event_extra.py for tasks to queue
[2025-04-05T11:32:00.837+0000] {logging_mixin.py:190} INFO - [2025-04-05T11:32:00.837+0000] {dagbag.py:588} INFO - Filling up the DagBag from /home/airflow/.local/lib/python3.12/site-packages/airflow/example_dags/example_inlet_event_extra.py
[2025-04-05T11:32:01.469+0000] {processor.py:925} INFO - DAG(s) 'read_dataset_event_from_classic', 'read_dataset_event' retrieved from /home/airflow/.local/lib/python3.12/site-packages/airflow/example_dags/example_inlet_event_extra.py
[2025-04-05T11:32:01.484+0000] {logging_mixin.py:190} INFO - [2025-04-05T11:32:01.483+0000] {dag.py:3239} INFO - Sync 2 DAGs
[2025-04-05T11:32:01.499+0000] {logging_mixin.py:190} INFO - [2025-04-05T11:32:01.499+0000] {dag.py:4180} INFO - Setting next_dagrun for read_dataset_event to 2025-04-04 00:00:00+00:00, run_after=2025-04-05 00:00:00+00:00
[2025-04-05T11:32:01.503+0000] {logging_mixin.py:190} INFO - [2025-04-05T11:32:01.503+0000] {dag.py:4180} INFO - Setting next_dagrun for read_dataset_event_from_classic to 2025-04-04 00:00:00+00:00, run_after=2025-04-05 00:00:00+00:00
[2025-04-05T11:32:01.515+0000] {processor.py:208} INFO - Processing /home/airflow/.local/lib/python3.12/site-packages/airflow/example_dags/example_inlet_event_extra.py took 0.686 seconds
[2025-04-05T11:32:32.381+0000] {processor.py:186} INFO - Started process (PID=183) to work on /home/airflow/.local/lib/python3.12/site-packages/airflow/example_dags/example_inlet_event_extra.py
[2025-04-05T11:32:32.383+0000] {processor.py:914} INFO - Processing file /home/airflow/.local/lib/python3.12/site-packages/airflow/example_dags/example_inlet_event_extra.py for tasks to queue
[2025-04-05T11:32:32.385+0000] {logging_mixin.py:190} INFO - [2025-04-05T11:32:32.384+0000] {dagbag.py:588} INFO - Filling up the DagBag from /home/airflow/.local/lib/python3.12/site-packages/airflow/example_dags/example_inlet_event_extra.py
[2025-04-05T11:32:32.877+0000] {processor.py:925} INFO - DAG(s) 'read_dataset_event_from_classic', 'read_dataset_event' retrieved from /home/airflow/.local/lib/python3.12/site-packages/airflow/example_dags/example_inlet_event_extra.py
[2025-04-05T11:32:32.916+0000] {logging_mixin.py:190} INFO - [2025-04-05T11:32:32.916+0000] {dag.py:3239} INFO - Sync 2 DAGs
[2025-04-05T11:32:32.934+0000] {logging_mixin.py:190} INFO - [2025-04-05T11:32:32.934+0000] {dag.py:4180} INFO - Setting next_dagrun for read_dataset_event to 2025-04-04 00:00:00+00:00, run_after=2025-04-05 00:00:00+00:00
[2025-04-05T11:32:32.937+0000] {logging_mixin.py:190} INFO - [2025-04-05T11:32:32.937+0000] {dag.py:4180} INFO - Setting next_dagrun for read_dataset_event_from_classic to 2025-04-04 00:00:00+00:00, run_after=2025-04-05 00:00:00+00:00
[2025-04-05T11:32:32.946+0000] {processor.py:208} INFO - Processing /home/airflow/.local/lib/python3.12/site-packages/airflow/example_dags/example_inlet_event_extra.py took 0.572 seconds
[2025-04-05T11:39:09.707+0000] {processor.py:186} INFO - Started process (PID=125) to work on /home/airflow/.local/lib/python3.12/site-packages/airflow/example_dags/example_inlet_event_extra.py
[2025-04-05T11:39:09.708+0000] {processor.py:914} INFO - Processing file /home/airflow/.local/lib/python3.12/site-packages/airflow/example_dags/example_inlet_event_extra.py for tasks to queue
[2025-04-05T11:39:09.709+0000] {logging_mixin.py:190} INFO - [2025-04-05T11:39:09.709+0000] {dagbag.py:588} INFO - Filling up the DagBag from /home/airflow/.local/lib/python3.12/site-packages/airflow/example_dags/example_inlet_event_extra.py
[2025-04-05T11:39:10.355+0000] {processor.py:925} INFO - DAG(s) 'read_dataset_event_from_classic', 'read_dataset_event' retrieved from /home/airflow/.local/lib/python3.12/site-packages/airflow/example_dags/example_inlet_event_extra.py
[2025-04-05T11:39:10.389+0000] {logging_mixin.py:190} INFO - [2025-04-05T11:39:10.389+0000] {dag.py:3239} INFO - Sync 2 DAGs
[2025-04-05T11:39:10.405+0000] {logging_mixin.py:190} INFO - [2025-04-05T11:39:10.405+0000] {dag.py:4180} INFO - Setting next_dagrun for read_dataset_event to 2025-04-04 00:00:00+00:00, run_after=2025-04-05 00:00:00+00:00
[2025-04-05T11:39:10.411+0000] {logging_mixin.py:190} INFO - [2025-04-05T11:39:10.411+0000] {dag.py:4180} INFO - Setting next_dagrun for read_dataset_event_from_classic to 2025-04-04 00:00:00+00:00, run_after=2025-04-05 00:00:00+00:00
[2025-04-05T11:39:10.424+0000] {processor.py:208} INFO - Processing /home/airflow/.local/lib/python3.12/site-packages/airflow/example_dags/example_inlet_event_extra.py took 0.721 seconds
[2025-04-05T11:39:40.924+0000] {processor.py:186} INFO - Started process (PID=189) to work on /home/airflow/.local/lib/python3.12/site-packages/airflow/example_dags/example_inlet_event_extra.py
[2025-04-05T11:39:40.925+0000] {processor.py:914} INFO - Processing file /home/airflow/.local/lib/python3.12/site-packages/airflow/example_dags/example_inlet_event_extra.py for tasks to queue
[2025-04-05T11:39:40.927+0000] {logging_mixin.py:190} INFO - [2025-04-05T11:39:40.927+0000] {dagbag.py:588} INFO - Filling up the DagBag from /home/airflow/.local/lib/python3.12/site-packages/airflow/example_dags/example_inlet_event_extra.py
[2025-04-05T11:39:41.709+0000] {processor.py:925} INFO - DAG(s) 'read_dataset_event', 'read_dataset_event_from_classic' retrieved from /home/airflow/.local/lib/python3.12/site-packages/airflow/example_dags/example_inlet_event_extra.py
[2025-04-05T11:39:41.733+0000] {logging_mixin.py:190} INFO - [2025-04-05T11:39:41.733+0000] {dag.py:3239} INFO - Sync 2 DAGs
[2025-04-05T11:39:41.761+0000] {logging_mixin.py:190} INFO - [2025-04-05T11:39:41.760+0000] {dag.py:4180} INFO - Setting next_dagrun for read_dataset_event to 2025-04-04 00:00:00+00:00, run_after=2025-04-05 00:00:00+00:00
[2025-04-05T11:39:41.765+0000] {logging_mixin.py:190} INFO - [2025-04-05T11:39:41.765+0000] {dag.py:4180} INFO - Setting next_dagrun for read_dataset_event_from_classic to 2025-04-04 00:00:00+00:00, run_after=2025-04-05 00:00:00+00:00
[2025-04-05T11:39:41.775+0000] {processor.py:208} INFO - Processing /home/airflow/.local/lib/python3.12/site-packages/airflow/example_dags/example_inlet_event_extra.py took 0.855 seconds
[2025-04-05T11:40:12.077+0000] {processor.py:186} INFO - Started process (PID=252) to work on /home/airflow/.local/lib/python3.12/site-packages/airflow/example_dags/example_inlet_event_extra.py
[2025-04-05T11:40:12.078+0000] {processor.py:914} INFO - Processing file /home/airflow/.local/lib/python3.12/site-packages/airflow/example_dags/example_inlet_event_extra.py for tasks to queue
[2025-04-05T11:40:12.079+0000] {logging_mixin.py:190} INFO - [2025-04-05T11:40:12.079+0000] {dagbag.py:588} INFO - Filling up the DagBag from /home/airflow/.local/lib/python3.12/site-packages/airflow/example_dags/example_inlet_event_extra.py
[2025-04-05T11:40:12.525+0000] {processor.py:925} INFO - DAG(s) 'read_dataset_event', 'read_dataset_event_from_classic' retrieved from /home/airflow/.local/lib/python3.12/site-packages/airflow/example_dags/example_inlet_event_extra.py
[2025-04-05T11:40:12.545+0000] {logging_mixin.py:190} INFO - [2025-04-05T11:40:12.545+0000] {dag.py:3239} INFO - Sync 2 DAGs
[2025-04-05T11:40:12.559+0000] {logging_mixin.py:190} INFO - [2025-04-05T11:40:12.559+0000] {dag.py:4180} INFO - Setting next_dagrun for read_dataset_event to 2025-04-04 00:00:00+00:00, run_after=2025-04-05 00:00:00+00:00
[2025-04-05T11:40:12.562+0000] {logging_mixin.py:190} INFO - [2025-04-05T11:40:12.562+0000] {dag.py:4180} INFO - Setting next_dagrun for read_dataset_event_from_classic to 2025-04-04 00:00:00+00:00, run_after=2025-04-05 00:00:00+00:00
[2025-04-05T11:40:12.572+0000] {processor.py:208} INFO - Processing /home/airflow/.local/lib/python3.12/site-packages/airflow/example_dags/example_inlet_event_extra.py took 0.498 seconds
[2025-04-05T11:40:43.515+0000] {processor.py:186} INFO - Started process (PID=315) to work on /home/airflow/.local/lib/python3.12/site-packages/airflow/example_dags/example_inlet_event_extra.py
[2025-04-05T11:40:43.516+0000] {processor.py:914} INFO - Processing file /home/airflow/.local/lib/python3.12/site-packages/airflow/example_dags/example_inlet_event_extra.py for tasks to queue
[2025-04-05T11:40:43.518+0000] {logging_mixin.py:190} INFO - [2025-04-05T11:40:43.518+0000] {dagbag.py:588} INFO - Filling up the DagBag from /home/airflow/.local/lib/python3.12/site-packages/airflow/example_dags/example_inlet_event_extra.py
[2025-04-05T11:40:45.767+0000] {processor.py:925} INFO - DAG(s) 'read_dataset_event_from_classic', 'read_dataset_event' retrieved from /home/airflow/.local/lib/python3.12/site-packages/airflow/example_dags/example_inlet_event_extra.py
[2025-04-05T11:40:45.830+0000] {logging_mixin.py:190} INFO - [2025-04-05T11:40:45.829+0000] {dag.py:3239} INFO - Sync 2 DAGs
[2025-04-05T11:40:45.861+0000] {logging_mixin.py:190} INFO - [2025-04-05T11:40:45.861+0000] {dag.py:4180} INFO - Setting next_dagrun for read_dataset_event to 2025-04-04 00:00:00+00:00, run_after=2025-04-05 00:00:00+00:00
[2025-04-05T11:40:45.866+0000] {logging_mixin.py:190} INFO - [2025-04-05T11:40:45.866+0000] {dag.py:4180} INFO - Setting next_dagrun for read_dataset_event_from_classic to 2025-04-04 00:00:00+00:00, run_after=2025-04-05 00:00:00+00:00
[2025-04-05T11:40:45.898+0000] {processor.py:208} INFO - Processing /home/airflow/.local/lib/python3.12/site-packages/airflow/example_dags/example_inlet_event_extra.py took 2.387 seconds
[2025-04-05T11:41:16.563+0000] {processor.py:186} INFO - Started process (PID=378) to work on /home/airflow/.local/lib/python3.12/site-packages/airflow/example_dags/example_inlet_event_extra.py
[2025-04-05T11:41:16.565+0000] {processor.py:914} INFO - Processing file /home/airflow/.local/lib/python3.12/site-packages/airflow/example_dags/example_inlet_event_extra.py for tasks to queue
[2025-04-05T11:41:16.572+0000] {logging_mixin.py:190} INFO - [2025-04-05T11:41:16.571+0000] {dagbag.py:588} INFO - Filling up the DagBag from /home/airflow/.local/lib/python3.12/site-packages/airflow/example_dags/example_inlet_event_extra.py
[2025-04-05T11:41:17.294+0000] {processor.py:925} INFO - DAG(s) 'read_dataset_event_from_classic', 'read_dataset_event' retrieved from /home/airflow/.local/lib/python3.12/site-packages/airflow/example_dags/example_inlet_event_extra.py
[2025-04-05T11:41:17.321+0000] {logging_mixin.py:190} INFO - [2025-04-05T11:41:17.321+0000] {dag.py:3239} INFO - Sync 2 DAGs
[2025-04-05T11:41:17.340+0000] {logging_mixin.py:190} INFO - [2025-04-05T11:41:17.339+0000] {dag.py:4180} INFO - Setting next_dagrun for read_dataset_event to 2025-04-04 00:00:00+00:00, run_after=2025-04-05 00:00:00+00:00
[2025-04-05T11:41:17.344+0000] {logging_mixin.py:190} INFO - [2025-04-05T11:41:17.344+0000] {dag.py:4180} INFO - Setting next_dagrun for read_dataset_event_from_classic to 2025-04-04 00:00:00+00:00, run_after=2025-04-05 00:00:00+00:00
[2025-04-05T11:41:17.360+0000] {processor.py:208} INFO - Processing /home/airflow/.local/lib/python3.12/site-packages/airflow/example_dags/example_inlet_event_extra.py took 0.810 seconds
[2025-04-05T11:41:48.403+0000] {processor.py:186} INFO - Started process (PID=441) to work on /home/airflow/.local/lib/python3.12/site-packages/airflow/example_dags/example_inlet_event_extra.py
[2025-04-05T11:41:48.407+0000] {processor.py:914} INFO - Processing file /home/airflow/.local/lib/python3.12/site-packages/airflow/example_dags/example_inlet_event_extra.py for tasks to queue
[2025-04-05T11:41:48.412+0000] {logging_mixin.py:190} INFO - [2025-04-05T11:41:48.411+0000] {dagbag.py:588} INFO - Filling up the DagBag from /home/airflow/.local/lib/python3.12/site-packages/airflow/example_dags/example_inlet_event_extra.py
[2025-04-05T11:41:48.931+0000] {processor.py:925} INFO - DAG(s) 'read_dataset_event_from_classic', 'read_dataset_event' retrieved from /home/airflow/.local/lib/python3.12/site-packages/airflow/example_dags/example_inlet_event_extra.py
[2025-04-05T11:41:48.946+0000] {logging_mixin.py:190} INFO - [2025-04-05T11:41:48.946+0000] {dag.py:3239} INFO - Sync 2 DAGs
[2025-04-05T11:41:48.960+0000] {logging_mixin.py:190} INFO - [2025-04-05T11:41:48.960+0000] {dag.py:4180} INFO - Setting next_dagrun for read_dataset_event to 2025-04-04 00:00:00+00:00, run_after=2025-04-05 00:00:00+00:00
[2025-04-05T11:41:48.964+0000] {logging_mixin.py:190} INFO - [2025-04-05T11:41:48.964+0000] {dag.py:4180} INFO - Setting next_dagrun for read_dataset_event_from_classic to 2025-04-04 00:00:00+00:00, run_after=2025-04-05 00:00:00+00:00
[2025-04-05T11:41:48.974+0000] {processor.py:208} INFO - Processing /home/airflow/.local/lib/python3.12/site-packages/airflow/example_dags/example_inlet_event_extra.py took 0.580 seconds
[2025-04-05T11:42:19.258+0000] {processor.py:186} INFO - Started process (PID=504) to work on /home/airflow/.local/lib/python3.12/site-packages/airflow/example_dags/example_inlet_event_extra.py
[2025-04-05T11:42:19.260+0000] {processor.py:914} INFO - Processing file /home/airflow/.local/lib/python3.12/site-packages/airflow/example_dags/example_inlet_event_extra.py for tasks to queue
[2025-04-05T11:42:19.266+0000] {logging_mixin.py:190} INFO - [2025-04-05T11:42:19.265+0000] {dagbag.py:588} INFO - Filling up the DagBag from /home/airflow/.local/lib/python3.12/site-packages/airflow/example_dags/example_inlet_event_extra.py
[2025-04-05T11:42:19.797+0000] {processor.py:925} INFO - DAG(s) 'read_dataset_event', 'read_dataset_event_from_classic' retrieved from /home/airflow/.local/lib/python3.12/site-packages/airflow/example_dags/example_inlet_event_extra.py
[2025-04-05T11:42:19.818+0000] {logging_mixin.py:190} INFO - [2025-04-05T11:42:19.818+0000] {dag.py:3239} INFO - Sync 2 DAGs
[2025-04-05T11:42:19.836+0000] {logging_mixin.py:190} INFO - [2025-04-05T11:42:19.836+0000] {dag.py:4180} INFO - Setting next_dagrun for read_dataset_event to 2025-04-04 00:00:00+00:00, run_after=2025-04-05 00:00:00+00:00
[2025-04-05T11:42:19.840+0000] {logging_mixin.py:190} INFO - [2025-04-05T11:42:19.840+0000] {dag.py:4180} INFO - Setting next_dagrun for read_dataset_event_from_classic to 2025-04-04 00:00:00+00:00, run_after=2025-04-05 00:00:00+00:00
[2025-04-05T11:42:19.849+0000] {processor.py:208} INFO - Processing /home/airflow/.local/lib/python3.12/site-packages/airflow/example_dags/example_inlet_event_extra.py took 0.607 seconds
[2025-04-05T11:42:50.130+0000] {processor.py:186} INFO - Started process (PID=567) to work on /home/airflow/.local/lib/python3.12/site-packages/airflow/example_dags/example_inlet_event_extra.py
[2025-04-05T11:42:50.132+0000] {processor.py:914} INFO - Processing file /home/airflow/.local/lib/python3.12/site-packages/airflow/example_dags/example_inlet_event_extra.py for tasks to queue
[2025-04-05T11:42:50.137+0000] {logging_mixin.py:190} INFO - [2025-04-05T11:42:50.136+0000] {dagbag.py:588} INFO - Filling up the DagBag from /home/airflow/.local/lib/python3.12/site-packages/airflow/example_dags/example_inlet_event_extra.py
[2025-04-05T11:42:50.622+0000] {processor.py:925} INFO - DAG(s) 'read_dataset_event', 'read_dataset_event_from_classic' retrieved from /home/airflow/.local/lib/python3.12/site-packages/airflow/example_dags/example_inlet_event_extra.py
[2025-04-05T11:42:50.645+0000] {logging_mixin.py:190} INFO - [2025-04-05T11:42:50.644+0000] {dag.py:3239} INFO - Sync 2 DAGs
[2025-04-05T11:42:50.658+0000] {logging_mixin.py:190} INFO - [2025-04-05T11:42:50.658+0000] {dag.py:4180} INFO - Setting next_dagrun for read_dataset_event to 2025-04-04 00:00:00+00:00, run_after=2025-04-05 00:00:00+00:00
[2025-04-05T11:42:50.662+0000] {logging_mixin.py:190} INFO - [2025-04-05T11:42:50.662+0000] {dag.py:4180} INFO - Setting next_dagrun for read_dataset_event_from_classic to 2025-04-04 00:00:00+00:00, run_after=2025-04-05 00:00:00+00:00
[2025-04-05T11:42:50.672+0000] {processor.py:208} INFO - Processing /home/airflow/.local/lib/python3.12/site-packages/airflow/example_dags/example_inlet_event_extra.py took 0.551 seconds
[2025-04-05T11:44:54.106+0000] {processor.py:186} INFO - Started process (PID=119) to work on /home/airflow/.local/lib/python3.12/site-packages/airflow/example_dags/example_inlet_event_extra.py
[2025-04-05T11:44:54.107+0000] {processor.py:914} INFO - Processing file /home/airflow/.local/lib/python3.12/site-packages/airflow/example_dags/example_inlet_event_extra.py for tasks to queue
[2025-04-05T11:44:54.108+0000] {logging_mixin.py:190} INFO - [2025-04-05T11:44:54.108+0000] {dagbag.py:588} INFO - Filling up the DagBag from /home/airflow/.local/lib/python3.12/site-packages/airflow/example_dags/example_inlet_event_extra.py
[2025-04-05T11:44:55.886+0000] {processor.py:925} INFO - DAG(s) 'read_dataset_event_from_classic', 'read_dataset_event' retrieved from /home/airflow/.local/lib/python3.12/site-packages/airflow/example_dags/example_inlet_event_extra.py
[2025-04-05T11:44:55.924+0000] {logging_mixin.py:190} INFO - [2025-04-05T11:44:55.924+0000] {dag.py:3239} INFO - Sync 2 DAGs
[2025-04-05T11:44:55.942+0000] {logging_mixin.py:190} INFO - [2025-04-05T11:44:55.942+0000] {dag.py:4180} INFO - Setting next_dagrun for read_dataset_event to 2025-04-04 00:00:00+00:00, run_after=2025-04-05 00:00:00+00:00
[2025-04-05T11:44:55.947+0000] {logging_mixin.py:190} INFO - [2025-04-05T11:44:55.947+0000] {dag.py:4180} INFO - Setting next_dagrun for read_dataset_event_from_classic to 2025-04-04 00:00:00+00:00, run_after=2025-04-05 00:00:00+00:00
[2025-04-05T11:44:55.984+0000] {processor.py:208} INFO - Processing /home/airflow/.local/lib/python3.12/site-packages/airflow/example_dags/example_inlet_event_extra.py took 1.883 seconds
[2025-04-05T11:45:26.493+0000] {processor.py:186} INFO - Started process (PID=183) to work on /home/airflow/.local/lib/python3.12/site-packages/airflow/example_dags/example_inlet_event_extra.py
[2025-04-05T11:45:26.495+0000] {processor.py:914} INFO - Processing file /home/airflow/.local/lib/python3.12/site-packages/airflow/example_dags/example_inlet_event_extra.py for tasks to queue
[2025-04-05T11:45:26.498+0000] {logging_mixin.py:190} INFO - [2025-04-05T11:45:26.498+0000] {dagbag.py:588} INFO - Filling up the DagBag from /home/airflow/.local/lib/python3.12/site-packages/airflow/example_dags/example_inlet_event_extra.py
[2025-04-05T11:45:27.300+0000] {processor.py:925} INFO - DAG(s) 'read_dataset_event', 'read_dataset_event_from_classic' retrieved from /home/airflow/.local/lib/python3.12/site-packages/airflow/example_dags/example_inlet_event_extra.py
[2025-04-05T11:45:27.335+0000] {logging_mixin.py:190} INFO - [2025-04-05T11:45:27.335+0000] {dag.py:3239} INFO - Sync 2 DAGs
[2025-04-05T11:45:27.361+0000] {logging_mixin.py:190} INFO - [2025-04-05T11:45:27.360+0000] {dag.py:4180} INFO - Setting next_dagrun for read_dataset_event to 2025-04-04 00:00:00+00:00, run_after=2025-04-05 00:00:00+00:00
[2025-04-05T11:45:27.364+0000] {logging_mixin.py:190} INFO - [2025-04-05T11:45:27.363+0000] {dag.py:4180} INFO - Setting next_dagrun for read_dataset_event_from_classic to 2025-04-04 00:00:00+00:00, run_after=2025-04-05 00:00:00+00:00
[2025-04-05T11:45:27.379+0000] {processor.py:208} INFO - Processing /home/airflow/.local/lib/python3.12/site-packages/airflow/example_dags/example_inlet_event_extra.py took 0.894 seconds
[2025-04-05T11:45:58.361+0000] {processor.py:186} INFO - Started process (PID=247) to work on /home/airflow/.local/lib/python3.12/site-packages/airflow/example_dags/example_inlet_event_extra.py
[2025-04-05T11:45:58.363+0000] {processor.py:914} INFO - Processing file /home/airflow/.local/lib/python3.12/site-packages/airflow/example_dags/example_inlet_event_extra.py for tasks to queue
[2025-04-05T11:45:58.369+0000] {logging_mixin.py:190} INFO - [2025-04-05T11:45:58.369+0000] {dagbag.py:588} INFO - Filling up the DagBag from /home/airflow/.local/lib/python3.12/site-packages/airflow/example_dags/example_inlet_event_extra.py
[2025-04-05T11:45:59.081+0000] {processor.py:925} INFO - DAG(s) 'read_dataset_event', 'read_dataset_event_from_classic' retrieved from /home/airflow/.local/lib/python3.12/site-packages/airflow/example_dags/example_inlet_event_extra.py
[2025-04-05T11:45:59.115+0000] {logging_mixin.py:190} INFO - [2025-04-05T11:45:59.115+0000] {dag.py:3239} INFO - Sync 2 DAGs
[2025-04-05T11:45:59.128+0000] {logging_mixin.py:190} INFO - [2025-04-05T11:45:59.128+0000] {dag.py:4180} INFO - Setting next_dagrun for read_dataset_event to 2025-04-04 00:00:00+00:00, run_after=2025-04-05 00:00:00+00:00
[2025-04-05T11:45:59.132+0000] {logging_mixin.py:190} INFO - [2025-04-05T11:45:59.132+0000] {dag.py:4180} INFO - Setting next_dagrun for read_dataset_event_from_classic to 2025-04-04 00:00:00+00:00, run_after=2025-04-05 00:00:00+00:00
[2025-04-05T11:45:59.140+0000] {processor.py:208} INFO - Processing /home/airflow/.local/lib/python3.12/site-packages/airflow/example_dags/example_inlet_event_extra.py took 0.791 seconds
[2025-04-05T11:46:29.482+0000] {processor.py:186} INFO - Started process (PID=311) to work on /home/airflow/.local/lib/python3.12/site-packages/airflow/example_dags/example_inlet_event_extra.py
[2025-04-05T11:46:29.484+0000] {processor.py:914} INFO - Processing file /home/airflow/.local/lib/python3.12/site-packages/airflow/example_dags/example_inlet_event_extra.py for tasks to queue
[2025-04-05T11:46:29.488+0000] {logging_mixin.py:190} INFO - [2025-04-05T11:46:29.488+0000] {dagbag.py:588} INFO - Filling up the DagBag from /home/airflow/.local/lib/python3.12/site-packages/airflow/example_dags/example_inlet_event_extra.py
[2025-04-05T11:46:30.282+0000] {processor.py:925} INFO - DAG(s) 'read_dataset_event_from_classic', 'read_dataset_event' retrieved from /home/airflow/.local/lib/python3.12/site-packages/airflow/example_dags/example_inlet_event_extra.py
[2025-04-05T11:46:30.300+0000] {logging_mixin.py:190} INFO - [2025-04-05T11:46:30.300+0000] {dag.py:3239} INFO - Sync 2 DAGs
[2025-04-05T11:46:30.313+0000] {logging_mixin.py:190} INFO - [2025-04-05T11:46:30.313+0000] {dag.py:4180} INFO - Setting next_dagrun for read_dataset_event to 2025-04-04 00:00:00+00:00, run_after=2025-04-05 00:00:00+00:00
[2025-04-05T11:46:30.315+0000] {logging_mixin.py:190} INFO - [2025-04-05T11:46:30.315+0000] {dag.py:4180} INFO - Setting next_dagrun for read_dataset_event_from_classic to 2025-04-04 00:00:00+00:00, run_after=2025-04-05 00:00:00+00:00
[2025-04-05T11:46:30.325+0000] {processor.py:208} INFO - Processing /home/airflow/.local/lib/python3.12/site-packages/airflow/example_dags/example_inlet_event_extra.py took 0.865 seconds
[2025-04-05T11:47:00.655+0000] {processor.py:186} INFO - Started process (PID=374) to work on /home/airflow/.local/lib/python3.12/site-packages/airflow/example_dags/example_inlet_event_extra.py
[2025-04-05T11:47:00.658+0000] {processor.py:914} INFO - Processing file /home/airflow/.local/lib/python3.12/site-packages/airflow/example_dags/example_inlet_event_extra.py for tasks to queue
[2025-04-05T11:47:00.660+0000] {logging_mixin.py:190} INFO - [2025-04-05T11:47:00.660+0000] {dagbag.py:588} INFO - Filling up the DagBag from /home/airflow/.local/lib/python3.12/site-packages/airflow/example_dags/example_inlet_event_extra.py
[2025-04-05T11:47:01.291+0000] {processor.py:925} INFO - DAG(s) 'read_dataset_event_from_classic', 'read_dataset_event' retrieved from /home/airflow/.local/lib/python3.12/site-packages/airflow/example_dags/example_inlet_event_extra.py
[2025-04-05T11:47:01.342+0000] {logging_mixin.py:190} INFO - [2025-04-05T11:47:01.341+0000] {dag.py:3239} INFO - Sync 2 DAGs
[2025-04-05T11:47:01.356+0000] {logging_mixin.py:190} INFO - [2025-04-05T11:47:01.356+0000] {dag.py:4180} INFO - Setting next_dagrun for read_dataset_event to 2025-04-04 00:00:00+00:00, run_after=2025-04-05 00:00:00+00:00
[2025-04-05T11:47:01.361+0000] {logging_mixin.py:190} INFO - [2025-04-05T11:47:01.360+0000] {dag.py:4180} INFO - Setting next_dagrun for read_dataset_event_from_classic to 2025-04-04 00:00:00+00:00, run_after=2025-04-05 00:00:00+00:00
[2025-04-05T11:47:01.371+0000] {processor.py:208} INFO - Processing /home/airflow/.local/lib/python3.12/site-packages/airflow/example_dags/example_inlet_event_extra.py took 0.740 seconds
[2025-04-05T11:50:11.918+0000] {processor.py:186} INFO - Started process (PID=127) to work on /home/airflow/.local/lib/python3.12/site-packages/airflow/example_dags/example_inlet_event_extra.py
[2025-04-05T11:50:11.920+0000] {processor.py:914} INFO - Processing file /home/airflow/.local/lib/python3.12/site-packages/airflow/example_dags/example_inlet_event_extra.py for tasks to queue
[2025-04-05T11:50:11.921+0000] {logging_mixin.py:190} INFO - [2025-04-05T11:50:11.921+0000] {dagbag.py:588} INFO - Filling up the DagBag from /home/airflow/.local/lib/python3.12/site-packages/airflow/example_dags/example_inlet_event_extra.py
[2025-04-05T11:50:13.462+0000] {processor.py:925} INFO - DAG(s) 'read_dataset_event', 'read_dataset_event_from_classic' retrieved from /home/airflow/.local/lib/python3.12/site-packages/airflow/example_dags/example_inlet_event_extra.py
[2025-04-05T11:50:13.500+0000] {logging_mixin.py:190} INFO - [2025-04-05T11:50:13.500+0000] {dag.py:3239} INFO - Sync 2 DAGs
[2025-04-05T11:50:13.526+0000] {logging_mixin.py:190} INFO - [2025-04-05T11:50:13.526+0000] {dag.py:4180} INFO - Setting next_dagrun for read_dataset_event to 2025-04-04 00:00:00+00:00, run_after=2025-04-05 00:00:00+00:00
[2025-04-05T11:50:13.532+0000] {logging_mixin.py:190} INFO - [2025-04-05T11:50:13.532+0000] {dag.py:4180} INFO - Setting next_dagrun for read_dataset_event_from_classic to 2025-04-04 00:00:00+00:00, run_after=2025-04-05 00:00:00+00:00
[2025-04-05T11:50:13.553+0000] {processor.py:208} INFO - Processing /home/airflow/.local/lib/python3.12/site-packages/airflow/example_dags/example_inlet_event_extra.py took 1.639 seconds
[2025-04-05T11:50:44.533+0000] {processor.py:186} INFO - Started process (PID=191) to work on /home/airflow/.local/lib/python3.12/site-packages/airflow/example_dags/example_inlet_event_extra.py
[2025-04-05T11:50:44.536+0000] {processor.py:914} INFO - Processing file /home/airflow/.local/lib/python3.12/site-packages/airflow/example_dags/example_inlet_event_extra.py for tasks to queue
[2025-04-05T11:50:44.544+0000] {logging_mixin.py:190} INFO - [2025-04-05T11:50:44.543+0000] {dagbag.py:588} INFO - Filling up the DagBag from /home/airflow/.local/lib/python3.12/site-packages/airflow/example_dags/example_inlet_event_extra.py
[2025-04-05T11:50:45.187+0000] {processor.py:925} INFO - DAG(s) 'read_dataset_event_from_classic', 'read_dataset_event' retrieved from /home/airflow/.local/lib/python3.12/site-packages/airflow/example_dags/example_inlet_event_extra.py
[2025-04-05T11:50:45.217+0000] {logging_mixin.py:190} INFO - [2025-04-05T11:50:45.217+0000] {dag.py:3239} INFO - Sync 2 DAGs
[2025-04-05T11:50:45.245+0000] {logging_mixin.py:190} INFO - [2025-04-05T11:50:45.244+0000] {dag.py:4180} INFO - Setting next_dagrun for read_dataset_event to 2025-04-04 00:00:00+00:00, run_after=2025-04-05 00:00:00+00:00
[2025-04-05T11:50:45.250+0000] {logging_mixin.py:190} INFO - [2025-04-05T11:50:45.249+0000] {dag.py:4180} INFO - Setting next_dagrun for read_dataset_event_from_classic to 2025-04-04 00:00:00+00:00, run_after=2025-04-05 00:00:00+00:00
[2025-04-05T11:50:45.275+0000] {processor.py:208} INFO - Processing /home/airflow/.local/lib/python3.12/site-packages/airflow/example_dags/example_inlet_event_extra.py took 0.753 seconds
[2025-04-05T11:51:15.990+0000] {processor.py:186} INFO - Started process (PID=255) to work on /home/airflow/.local/lib/python3.12/site-packages/airflow/example_dags/example_inlet_event_extra.py
[2025-04-05T11:51:15.992+0000] {processor.py:914} INFO - Processing file /home/airflow/.local/lib/python3.12/site-packages/airflow/example_dags/example_inlet_event_extra.py for tasks to queue
[2025-04-05T11:51:15.998+0000] {logging_mixin.py:190} INFO - [2025-04-05T11:51:15.997+0000] {dagbag.py:588} INFO - Filling up the DagBag from /home/airflow/.local/lib/python3.12/site-packages/airflow/example_dags/example_inlet_event_extra.py
[2025-04-05T11:51:16.582+0000] {processor.py:925} INFO - DAG(s) 'read_dataset_event_from_classic', 'read_dataset_event' retrieved from /home/airflow/.local/lib/python3.12/site-packages/airflow/example_dags/example_inlet_event_extra.py
[2025-04-05T11:51:16.613+0000] {logging_mixin.py:190} INFO - [2025-04-05T11:51:16.612+0000] {dag.py:3239} INFO - Sync 2 DAGs
[2025-04-05T11:51:16.651+0000] {logging_mixin.py:190} INFO - [2025-04-05T11:51:16.651+0000] {dag.py:4180} INFO - Setting next_dagrun for read_dataset_event to 2025-04-04 00:00:00+00:00, run_after=2025-04-05 00:00:00+00:00
[2025-04-05T11:51:16.656+0000] {logging_mixin.py:190} INFO - [2025-04-05T11:51:16.656+0000] {dag.py:4180} INFO - Setting next_dagrun for read_dataset_event_from_classic to 2025-04-04 00:00:00+00:00, run_after=2025-04-05 00:00:00+00:00
[2025-04-05T11:51:16.673+0000] {processor.py:208} INFO - Processing /home/airflow/.local/lib/python3.12/site-packages/airflow/example_dags/example_inlet_event_extra.py took 0.694 seconds
[2025-04-05T11:51:47.151+0000] {processor.py:186} INFO - Started process (PID=319) to work on /home/airflow/.local/lib/python3.12/site-packages/airflow/example_dags/example_inlet_event_extra.py
[2025-04-05T11:51:47.155+0000] {processor.py:914} INFO - Processing file /home/airflow/.local/lib/python3.12/site-packages/airflow/example_dags/example_inlet_event_extra.py for tasks to queue
[2025-04-05T11:51:47.159+0000] {logging_mixin.py:190} INFO - [2025-04-05T11:51:47.159+0000] {dagbag.py:588} INFO - Filling up the DagBag from /home/airflow/.local/lib/python3.12/site-packages/airflow/example_dags/example_inlet_event_extra.py
[2025-04-05T11:51:47.790+0000] {processor.py:925} INFO - DAG(s) 'read_dataset_event', 'read_dataset_event_from_classic' retrieved from /home/airflow/.local/lib/python3.12/site-packages/airflow/example_dags/example_inlet_event_extra.py
[2025-04-05T11:51:47.822+0000] {logging_mixin.py:190} INFO - [2025-04-05T11:51:47.821+0000] {dag.py:3239} INFO - Sync 2 DAGs
[2025-04-05T11:51:47.848+0000] {logging_mixin.py:190} INFO - [2025-04-05T11:51:47.848+0000] {dag.py:4180} INFO - Setting next_dagrun for read_dataset_event to 2025-04-04 00:00:00+00:00, run_after=2025-04-05 00:00:00+00:00
[2025-04-05T11:51:47.852+0000] {logging_mixin.py:190} INFO - [2025-04-05T11:51:47.851+0000] {dag.py:4180} INFO - Setting next_dagrun for read_dataset_event_from_classic to 2025-04-04 00:00:00+00:00, run_after=2025-04-05 00:00:00+00:00
[2025-04-05T11:51:47.871+0000] {processor.py:208} INFO - Processing /home/airflow/.local/lib/python3.12/site-packages/airflow/example_dags/example_inlet_event_extra.py took 0.727 seconds
[2025-04-05T11:52:18.520+0000] {processor.py:186} INFO - Started process (PID=383) to work on /home/airflow/.local/lib/python3.12/site-packages/airflow/example_dags/example_inlet_event_extra.py
[2025-04-05T11:52:18.523+0000] {processor.py:914} INFO - Processing file /home/airflow/.local/lib/python3.12/site-packages/airflow/example_dags/example_inlet_event_extra.py for tasks to queue
[2025-04-05T11:52:18.528+0000] {logging_mixin.py:190} INFO - [2025-04-05T11:52:18.528+0000] {dagbag.py:588} INFO - Filling up the DagBag from /home/airflow/.local/lib/python3.12/site-packages/airflow/example_dags/example_inlet_event_extra.py
[2025-04-05T11:52:19.184+0000] {processor.py:925} INFO - DAG(s) 'read_dataset_event_from_classic', 'read_dataset_event' retrieved from /home/airflow/.local/lib/python3.12/site-packages/airflow/example_dags/example_inlet_event_extra.py
[2025-04-05T11:52:19.209+0000] {logging_mixin.py:190} INFO - [2025-04-05T11:52:19.209+0000] {dag.py:3239} INFO - Sync 2 DAGs
[2025-04-05T11:52:19.233+0000] {logging_mixin.py:190} INFO - [2025-04-05T11:52:19.233+0000] {dag.py:4180} INFO - Setting next_dagrun for read_dataset_event to 2025-04-04 00:00:00+00:00, run_after=2025-04-05 00:00:00+00:00
[2025-04-05T11:52:19.241+0000] {logging_mixin.py:190} INFO - [2025-04-05T11:52:19.241+0000] {dag.py:4180} INFO - Setting next_dagrun for read_dataset_event_from_classic to 2025-04-04 00:00:00+00:00, run_after=2025-04-05 00:00:00+00:00
[2025-04-05T11:52:19.273+0000] {processor.py:208} INFO - Processing /home/airflow/.local/lib/python3.12/site-packages/airflow/example_dags/example_inlet_event_extra.py took 0.758 seconds
[2025-04-05T12:07:24.030+0000] {processor.py:186} INFO - Started process (PID=120) to work on /home/airflow/.local/lib/python3.12/site-packages/airflow/example_dags/example_inlet_event_extra.py
[2025-04-05T12:07:24.031+0000] {processor.py:914} INFO - Processing file /home/airflow/.local/lib/python3.12/site-packages/airflow/example_dags/example_inlet_event_extra.py for tasks to queue
[2025-04-05T12:07:24.033+0000] {logging_mixin.py:190} INFO - [2025-04-05T12:07:24.033+0000] {dagbag.py:588} INFO - Filling up the DagBag from /home/airflow/.local/lib/python3.12/site-packages/airflow/example_dags/example_inlet_event_extra.py
[2025-04-05T12:07:24.622+0000] {processor.py:925} INFO - DAG(s) 'read_dataset_event', 'read_dataset_event_from_classic' retrieved from /home/airflow/.local/lib/python3.12/site-packages/airflow/example_dags/example_inlet_event_extra.py
[2025-04-05T12:07:24.648+0000] {logging_mixin.py:190} INFO - [2025-04-05T12:07:24.648+0000] {dag.py:3239} INFO - Sync 2 DAGs
[2025-04-05T12:07:24.672+0000] {logging_mixin.py:190} INFO - [2025-04-05T12:07:24.672+0000] {dag.py:4180} INFO - Setting next_dagrun for read_dataset_event to 2025-04-04 00:00:00+00:00, run_after=2025-04-05 00:00:00+00:00
[2025-04-05T12:07:24.679+0000] {logging_mixin.py:190} INFO - [2025-04-05T12:07:24.679+0000] {dag.py:4180} INFO - Setting next_dagrun for read_dataset_event_from_classic to 2025-04-04 00:00:00+00:00, run_after=2025-04-05 00:00:00+00:00
[2025-04-05T12:07:24.691+0000] {processor.py:208} INFO - Processing /home/airflow/.local/lib/python3.12/site-packages/airflow/example_dags/example_inlet_event_extra.py took 0.665 seconds
[2025-04-05T12:07:55.682+0000] {processor.py:186} INFO - Started process (PID=184) to work on /home/airflow/.local/lib/python3.12/site-packages/airflow/example_dags/example_inlet_event_extra.py
[2025-04-05T12:07:55.683+0000] {processor.py:914} INFO - Processing file /home/airflow/.local/lib/python3.12/site-packages/airflow/example_dags/example_inlet_event_extra.py for tasks to queue
[2025-04-05T12:07:55.685+0000] {logging_mixin.py:190} INFO - [2025-04-05T12:07:55.685+0000] {dagbag.py:588} INFO - Filling up the DagBag from /home/airflow/.local/lib/python3.12/site-packages/airflow/example_dags/example_inlet_event_extra.py
[2025-04-05T12:07:56.184+0000] {processor.py:925} INFO - DAG(s) 'read_dataset_event_from_classic', 'read_dataset_event' retrieved from /home/airflow/.local/lib/python3.12/site-packages/airflow/example_dags/example_inlet_event_extra.py
[2025-04-05T12:07:56.203+0000] {logging_mixin.py:190} INFO - [2025-04-05T12:07:56.203+0000] {dag.py:3239} INFO - Sync 2 DAGs
[2025-04-05T12:07:56.218+0000] {logging_mixin.py:190} INFO - [2025-04-05T12:07:56.218+0000] {dag.py:4180} INFO - Setting next_dagrun for read_dataset_event to 2025-04-04 00:00:00+00:00, run_after=2025-04-05 00:00:00+00:00
[2025-04-05T12:07:56.220+0000] {logging_mixin.py:190} INFO - [2025-04-05T12:07:56.220+0000] {dag.py:4180} INFO - Setting next_dagrun for read_dataset_event_from_classic to 2025-04-04 00:00:00+00:00, run_after=2025-04-05 00:00:00+00:00
[2025-04-05T12:07:56.230+0000] {processor.py:208} INFO - Processing /home/airflow/.local/lib/python3.12/site-packages/airflow/example_dags/example_inlet_event_extra.py took 0.553 seconds
[2025-04-05T12:08:26.407+0000] {processor.py:186} INFO - Started process (PID=248) to work on /home/airflow/.local/lib/python3.12/site-packages/airflow/example_dags/example_inlet_event_extra.py
[2025-04-05T12:08:26.410+0000] {processor.py:914} INFO - Processing file /home/airflow/.local/lib/python3.12/site-packages/airflow/example_dags/example_inlet_event_extra.py for tasks to queue
[2025-04-05T12:08:26.413+0000] {logging_mixin.py:190} INFO - [2025-04-05T12:08:26.413+0000] {dagbag.py:588} INFO - Filling up the DagBag from /home/airflow/.local/lib/python3.12/site-packages/airflow/example_dags/example_inlet_event_extra.py
[2025-04-05T12:08:27.643+0000] {processor.py:925} INFO - DAG(s) 'read_dataset_event_from_classic', 'read_dataset_event' retrieved from /home/airflow/.local/lib/python3.12/site-packages/airflow/example_dags/example_inlet_event_extra.py
[2025-04-05T12:08:27.710+0000] {logging_mixin.py:190} INFO - [2025-04-05T12:08:27.709+0000] {dag.py:3239} INFO - Sync 2 DAGs
[2025-04-05T12:08:27.744+0000] {logging_mixin.py:190} INFO - [2025-04-05T12:08:27.744+0000] {dag.py:4180} INFO - Setting next_dagrun for read_dataset_event to 2025-04-04 00:00:00+00:00, run_after=2025-04-05 00:00:00+00:00
[2025-04-05T12:08:27.750+0000] {logging_mixin.py:190} INFO - [2025-04-05T12:08:27.750+0000] {dag.py:4180} INFO - Setting next_dagrun for read_dataset_event_from_classic to 2025-04-04 00:00:00+00:00, run_after=2025-04-05 00:00:00+00:00
[2025-04-05T12:08:27.791+0000] {processor.py:208} INFO - Processing /home/airflow/.local/lib/python3.12/site-packages/airflow/example_dags/example_inlet_event_extra.py took 1.408 seconds
[2025-04-05T12:08:58.382+0000] {processor.py:186} INFO - Started process (PID=312) to work on /home/airflow/.local/lib/python3.12/site-packages/airflow/example_dags/example_inlet_event_extra.py
[2025-04-05T12:08:58.387+0000] {processor.py:914} INFO - Processing file /home/airflow/.local/lib/python3.12/site-packages/airflow/example_dags/example_inlet_event_extra.py for tasks to queue
[2025-04-05T12:08:58.393+0000] {logging_mixin.py:190} INFO - [2025-04-05T12:08:58.393+0000] {dagbag.py:588} INFO - Filling up the DagBag from /home/airflow/.local/lib/python3.12/site-packages/airflow/example_dags/example_inlet_event_extra.py
[2025-04-05T12:08:59.022+0000] {processor.py:925} INFO - DAG(s) 'read_dataset_event_from_classic', 'read_dataset_event' retrieved from /home/airflow/.local/lib/python3.12/site-packages/airflow/example_dags/example_inlet_event_extra.py
[2025-04-05T12:08:59.038+0000] {logging_mixin.py:190} INFO - [2025-04-05T12:08:59.038+0000] {dag.py:3239} INFO - Sync 2 DAGs
[2025-04-05T12:08:59.056+0000] {logging_mixin.py:190} INFO - [2025-04-05T12:08:59.056+0000] {dag.py:4180} INFO - Setting next_dagrun for read_dataset_event to 2025-04-04 00:00:00+00:00, run_after=2025-04-05 00:00:00+00:00
[2025-04-05T12:08:59.061+0000] {logging_mixin.py:190} INFO - [2025-04-05T12:08:59.061+0000] {dag.py:4180} INFO - Setting next_dagrun for read_dataset_event_from_classic to 2025-04-04 00:00:00+00:00, run_after=2025-04-05 00:00:00+00:00
[2025-04-05T12:08:59.072+0000] {processor.py:208} INFO - Processing /home/airflow/.local/lib/python3.12/site-packages/airflow/example_dags/example_inlet_event_extra.py took 0.710 seconds
[2025-04-05T12:09:29.262+0000] {processor.py:186} INFO - Started process (PID=376) to work on /home/airflow/.local/lib/python3.12/site-packages/airflow/example_dags/example_inlet_event_extra.py
[2025-04-05T12:09:29.265+0000] {processor.py:914} INFO - Processing file /home/airflow/.local/lib/python3.12/site-packages/airflow/example_dags/example_inlet_event_extra.py for tasks to queue
[2025-04-05T12:09:29.269+0000] {logging_mixin.py:190} INFO - [2025-04-05T12:09:29.268+0000] {dagbag.py:588} INFO - Filling up the DagBag from /home/airflow/.local/lib/python3.12/site-packages/airflow/example_dags/example_inlet_event_extra.py
[2025-04-05T12:09:29.796+0000] {processor.py:925} INFO - DAG(s) 'read_dataset_event_from_classic', 'read_dataset_event' retrieved from /home/airflow/.local/lib/python3.12/site-packages/airflow/example_dags/example_inlet_event_extra.py
[2025-04-05T12:09:29.812+0000] {logging_mixin.py:190} INFO - [2025-04-05T12:09:29.811+0000] {dag.py:3239} INFO - Sync 2 DAGs
[2025-04-05T12:09:29.826+0000] {logging_mixin.py:190} INFO - [2025-04-05T12:09:29.826+0000] {dag.py:4180} INFO - Setting next_dagrun for read_dataset_event to 2025-04-04 00:00:00+00:00, run_after=2025-04-05 00:00:00+00:00
[2025-04-05T12:09:29.830+0000] {logging_mixin.py:190} INFO - [2025-04-05T12:09:29.829+0000] {dag.py:4180} INFO - Setting next_dagrun for read_dataset_event_from_classic to 2025-04-04 00:00:00+00:00, run_after=2025-04-05 00:00:00+00:00
[2025-04-05T12:09:29.840+0000] {processor.py:208} INFO - Processing /home/airflow/.local/lib/python3.12/site-packages/airflow/example_dags/example_inlet_event_extra.py took 0.591 seconds
[2025-04-05T12:09:59.971+0000] {processor.py:186} INFO - Started process (PID=440) to work on /home/airflow/.local/lib/python3.12/site-packages/airflow/example_dags/example_inlet_event_extra.py
[2025-04-05T12:09:59.973+0000] {processor.py:914} INFO - Processing file /home/airflow/.local/lib/python3.12/site-packages/airflow/example_dags/example_inlet_event_extra.py for tasks to queue
[2025-04-05T12:09:59.976+0000] {logging_mixin.py:190} INFO - [2025-04-05T12:09:59.976+0000] {dagbag.py:588} INFO - Filling up the DagBag from /home/airflow/.local/lib/python3.12/site-packages/airflow/example_dags/example_inlet_event_extra.py
[2025-04-05T12:10:00.502+0000] {processor.py:925} INFO - DAG(s) 'read_dataset_event', 'read_dataset_event_from_classic' retrieved from /home/airflow/.local/lib/python3.12/site-packages/airflow/example_dags/example_inlet_event_extra.py
[2025-04-05T12:10:00.515+0000] {logging_mixin.py:190} INFO - [2025-04-05T12:10:00.514+0000] {dag.py:3239} INFO - Sync 2 DAGs
[2025-04-05T12:10:00.527+0000] {logging_mixin.py:190} INFO - [2025-04-05T12:10:00.527+0000] {dag.py:4180} INFO - Setting next_dagrun for read_dataset_event to 2025-04-04 00:00:00+00:00, run_after=2025-04-05 00:00:00+00:00
[2025-04-05T12:10:00.533+0000] {logging_mixin.py:190} INFO - [2025-04-05T12:10:00.533+0000] {dag.py:4180} INFO - Setting next_dagrun for read_dataset_event_from_classic to 2025-04-04 00:00:00+00:00, run_after=2025-04-05 00:00:00+00:00
[2025-04-05T12:10:00.541+0000] {processor.py:208} INFO - Processing /home/airflow/.local/lib/python3.12/site-packages/airflow/example_dags/example_inlet_event_extra.py took 0.580 seconds
[2025-04-05T12:10:30.833+0000] {processor.py:186} INFO - Started process (PID=504) to work on /home/airflow/.local/lib/python3.12/site-packages/airflow/example_dags/example_inlet_event_extra.py
[2025-04-05T12:10:30.835+0000] {processor.py:914} INFO - Processing file /home/airflow/.local/lib/python3.12/site-packages/airflow/example_dags/example_inlet_event_extra.py for tasks to queue
[2025-04-05T12:10:30.837+0000] {logging_mixin.py:190} INFO - [2025-04-05T12:10:30.837+0000] {dagbag.py:588} INFO - Filling up the DagBag from /home/airflow/.local/lib/python3.12/site-packages/airflow/example_dags/example_inlet_event_extra.py
[2025-04-05T12:10:31.307+0000] {processor.py:925} INFO - DAG(s) 'read_dataset_event', 'read_dataset_event_from_classic' retrieved from /home/airflow/.local/lib/python3.12/site-packages/airflow/example_dags/example_inlet_event_extra.py
[2025-04-05T12:10:31.345+0000] {logging_mixin.py:190} INFO - [2025-04-05T12:10:31.344+0000] {dag.py:3239} INFO - Sync 2 DAGs
[2025-04-05T12:10:31.450+0000] {logging_mixin.py:190} INFO - [2025-04-05T12:10:31.447+0000] {dag.py:4180} INFO - Setting next_dagrun for read_dataset_event to 2025-04-04 00:00:00+00:00, run_after=2025-04-05 00:00:00+00:00
[2025-04-05T12:10:31.462+0000] {logging_mixin.py:190} INFO - [2025-04-05T12:10:31.461+0000] {dag.py:4180} INFO - Setting next_dagrun for read_dataset_event_from_classic to 2025-04-04 00:00:00+00:00, run_after=2025-04-05 00:00:00+00:00
[2025-04-05T12:10:31.499+0000] {processor.py:208} INFO - Processing /home/airflow/.local/lib/python3.12/site-packages/airflow/example_dags/example_inlet_event_extra.py took 0.676 seconds
[2025-04-05T12:11:02.074+0000] {processor.py:186} INFO - Started process (PID=568) to work on /home/airflow/.local/lib/python3.12/site-packages/airflow/example_dags/example_inlet_event_extra.py
[2025-04-05T12:11:02.075+0000] {processor.py:914} INFO - Processing file /home/airflow/.local/lib/python3.12/site-packages/airflow/example_dags/example_inlet_event_extra.py for tasks to queue
[2025-04-05T12:11:02.079+0000] {logging_mixin.py:190} INFO - [2025-04-05T12:11:02.079+0000] {dagbag.py:588} INFO - Filling up the DagBag from /home/airflow/.local/lib/python3.12/site-packages/airflow/example_dags/example_inlet_event_extra.py
[2025-04-05T12:11:03.055+0000] {processor.py:925} INFO - DAG(s) 'read_dataset_event', 'read_dataset_event_from_classic' retrieved from /home/airflow/.local/lib/python3.12/site-packages/airflow/example_dags/example_inlet_event_extra.py
[2025-04-05T12:11:03.093+0000] {logging_mixin.py:190} INFO - [2025-04-05T12:11:03.093+0000] {dag.py:3239} INFO - Sync 2 DAGs
[2025-04-05T12:11:03.111+0000] {logging_mixin.py:190} INFO - [2025-04-05T12:11:03.111+0000] {dag.py:4180} INFO - Setting next_dagrun for read_dataset_event to 2025-04-04 00:00:00+00:00, run_after=2025-04-05 00:00:00+00:00
[2025-04-05T12:11:03.116+0000] {logging_mixin.py:190} INFO - [2025-04-05T12:11:03.115+0000] {dag.py:4180} INFO - Setting next_dagrun for read_dataset_event_from_classic to 2025-04-04 00:00:00+00:00, run_after=2025-04-05 00:00:00+00:00
[2025-04-05T12:11:03.141+0000] {processor.py:208} INFO - Processing /home/airflow/.local/lib/python3.12/site-packages/airflow/example_dags/example_inlet_event_extra.py took 1.079 seconds
[2025-04-05T12:11:34.031+0000] {processor.py:186} INFO - Started process (PID=631) to work on /home/airflow/.local/lib/python3.12/site-packages/airflow/example_dags/example_inlet_event_extra.py
[2025-04-05T12:11:34.035+0000] {processor.py:914} INFO - Processing file /home/airflow/.local/lib/python3.12/site-packages/airflow/example_dags/example_inlet_event_extra.py for tasks to queue
[2025-04-05T12:11:34.038+0000] {logging_mixin.py:190} INFO - [2025-04-05T12:11:34.037+0000] {dagbag.py:588} INFO - Filling up the DagBag from /home/airflow/.local/lib/python3.12/site-packages/airflow/example_dags/example_inlet_event_extra.py
[2025-04-05T12:11:34.569+0000] {processor.py:925} INFO - DAG(s) 'read_dataset_event', 'read_dataset_event_from_classic' retrieved from /home/airflow/.local/lib/python3.12/site-packages/airflow/example_dags/example_inlet_event_extra.py
[2025-04-05T12:11:34.582+0000] {logging_mixin.py:190} INFO - [2025-04-05T12:11:34.582+0000] {dag.py:3239} INFO - Sync 2 DAGs
[2025-04-05T12:11:34.592+0000] {logging_mixin.py:190} INFO - [2025-04-05T12:11:34.592+0000] {dag.py:4180} INFO - Setting next_dagrun for read_dataset_event to 2025-04-04 00:00:00+00:00, run_after=2025-04-05 00:00:00+00:00
[2025-04-05T12:11:34.598+0000] {logging_mixin.py:190} INFO - [2025-04-05T12:11:34.598+0000] {dag.py:4180} INFO - Setting next_dagrun for read_dataset_event_from_classic to 2025-04-04 00:00:00+00:00, run_after=2025-04-05 00:00:00+00:00
[2025-04-05T12:11:34.606+0000] {processor.py:208} INFO - Processing /home/airflow/.local/lib/python3.12/site-packages/airflow/example_dags/example_inlet_event_extra.py took 0.600 seconds
[2025-04-05T12:12:05.601+0000] {processor.py:186} INFO - Started process (PID=694) to work on /home/airflow/.local/lib/python3.12/site-packages/airflow/example_dags/example_inlet_event_extra.py
[2025-04-05T12:12:05.603+0000] {processor.py:914} INFO - Processing file /home/airflow/.local/lib/python3.12/site-packages/airflow/example_dags/example_inlet_event_extra.py for tasks to queue
[2025-04-05T12:12:05.605+0000] {logging_mixin.py:190} INFO - [2025-04-05T12:12:05.604+0000] {dagbag.py:588} INFO - Filling up the DagBag from /home/airflow/.local/lib/python3.12/site-packages/airflow/example_dags/example_inlet_event_extra.py
[2025-04-05T12:12:06.151+0000] {processor.py:925} INFO - DAG(s) 'read_dataset_event', 'read_dataset_event_from_classic' retrieved from /home/airflow/.local/lib/python3.12/site-packages/airflow/example_dags/example_inlet_event_extra.py
[2025-04-05T12:12:06.169+0000] {logging_mixin.py:190} INFO - [2025-04-05T12:12:06.169+0000] {dag.py:3239} INFO - Sync 2 DAGs
[2025-04-05T12:12:06.181+0000] {logging_mixin.py:190} INFO - [2025-04-05T12:12:06.181+0000] {dag.py:4180} INFO - Setting next_dagrun for read_dataset_event to 2025-04-04 00:00:00+00:00, run_after=2025-04-05 00:00:00+00:00
[2025-04-05T12:12:06.185+0000] {logging_mixin.py:190} INFO - [2025-04-05T12:12:06.184+0000] {dag.py:4180} INFO - Setting next_dagrun for read_dataset_event_from_classic to 2025-04-04 00:00:00+00:00, run_after=2025-04-05 00:00:00+00:00
[2025-04-05T12:12:06.194+0000] {processor.py:208} INFO - Processing /home/airflow/.local/lib/python3.12/site-packages/airflow/example_dags/example_inlet_event_extra.py took 0.607 seconds
