[2025-04-05T11:23:25.197+0000] {processor.py:186} INFO - Started process (PID=94) to work on /home/airflow/.local/lib/python3.12/site-packages/airflow/example_dags/example_python_operator.py
[2025-04-05T11:23:25.198+0000] {processor.py:914} INFO - Processing file /home/airflow/.local/lib/python3.12/site-packages/airflow/example_dags/example_python_operator.py for tasks to queue
[2025-04-05T11:23:25.200+0000] {logging_mixin.py:190} INFO - [2025-04-05T11:23:25.200+0000] {dagbag.py:588} INFO - Filling up the DagBag from /home/airflow/.local/lib/python3.12/site-packages/airflow/example_dags/example_python_operator.py
[2025-04-05T11:23:25.210+0000] {processor.py:925} INFO - DAG(s) 'example_python_operator' retrieved from /home/airflow/.local/lib/python3.12/site-packages/airflow/example_dags/example_python_operator.py
[2025-04-05T11:23:25.278+0000] {logging_mixin.py:190} INFO - [2025-04-05T11:23:25.277+0000] {override.py:1912} INFO - Created Permission View: can edit on DAG:example_python_operator
[2025-04-05T11:23:25.282+0000] {logging_mixin.py:190} INFO - [2025-04-05T11:23:25.282+0000] {override.py:1912} INFO - Created Permission View: can read on DAG:example_python_operator
[2025-04-05T11:23:25.285+0000] {logging_mixin.py:190} INFO - [2025-04-05T11:23:25.284+0000] {override.py:1912} INFO - Created Permission View: can delete on DAG:example_python_operator
[2025-04-05T11:23:25.287+0000] {logging_mixin.py:190} INFO - [2025-04-05T11:23:25.287+0000] {override.py:1912} INFO - Created Permission View: menu access on DAG Run:example_python_operator
[2025-04-05T11:23:25.289+0000] {logging_mixin.py:190} INFO - [2025-04-05T11:23:25.289+0000] {override.py:1912} INFO - Created Permission View: can read on DAG Run:example_python_operator
[2025-04-05T11:23:25.292+0000] {logging_mixin.py:190} INFO - [2025-04-05T11:23:25.292+0000] {override.py:1912} INFO - Created Permission View: can create on DAG Run:example_python_operator
[2025-04-05T11:23:25.294+0000] {logging_mixin.py:190} INFO - [2025-04-05T11:23:25.294+0000] {override.py:1912} INFO - Created Permission View: can delete on DAG Run:example_python_operator
[2025-04-05T11:23:25.295+0000] {logging_mixin.py:190} INFO - [2025-04-05T11:23:25.294+0000] {dag.py:3239} INFO - Sync 1 DAGs
[2025-04-05T11:23:25.301+0000] {logging_mixin.py:190} INFO - [2025-04-05T11:23:25.301+0000] {dag.py:3262} INFO - Creating ORM DAG for example_python_operator
[2025-04-05T11:23:25.301+0000] {logging_mixin.py:190} INFO - [2025-04-05T11:23:25.301+0000] {dag.py:4180} INFO - Setting next_dagrun for example_python_operator to None, run_after=None
[2025-04-05T11:23:25.309+0000] {processor.py:208} INFO - Processing /home/airflow/.local/lib/python3.12/site-packages/airflow/example_dags/example_python_operator.py took 0.121 seconds
[2025-04-05T11:23:55.945+0000] {processor.py:186} INFO - Started process (PID=156) to work on /home/airflow/.local/lib/python3.12/site-packages/airflow/example_dags/example_python_operator.py
[2025-04-05T11:23:55.946+0000] {processor.py:914} INFO - Processing file /home/airflow/.local/lib/python3.12/site-packages/airflow/example_dags/example_python_operator.py for tasks to queue
[2025-04-05T11:23:55.948+0000] {logging_mixin.py:190} INFO - [2025-04-05T11:23:55.947+0000] {dagbag.py:588} INFO - Filling up the DagBag from /home/airflow/.local/lib/python3.12/site-packages/airflow/example_dags/example_python_operator.py
[2025-04-05T11:23:55.964+0000] {processor.py:925} INFO - DAG(s) 'example_python_operator' retrieved from /home/airflow/.local/lib/python3.12/site-packages/airflow/example_dags/example_python_operator.py
[2025-04-05T11:23:55.998+0000] {logging_mixin.py:190} INFO - [2025-04-05T11:23:55.997+0000] {dag.py:3239} INFO - Sync 1 DAGs
[2025-04-05T11:23:56.008+0000] {logging_mixin.py:190} INFO - [2025-04-05T11:23:56.008+0000] {dag.py:4180} INFO - Setting next_dagrun for example_python_operator to None, run_after=None
[2025-04-05T11:23:56.019+0000] {processor.py:208} INFO - Processing /home/airflow/.local/lib/python3.12/site-packages/airflow/example_dags/example_python_operator.py took 0.079 seconds
[2025-04-05T11:24:26.528+0000] {processor.py:186} INFO - Started process (PID=219) to work on /home/airflow/.local/lib/python3.12/site-packages/airflow/example_dags/example_python_operator.py
[2025-04-05T11:24:26.529+0000] {processor.py:914} INFO - Processing file /home/airflow/.local/lib/python3.12/site-packages/airflow/example_dags/example_python_operator.py for tasks to queue
[2025-04-05T11:24:26.530+0000] {logging_mixin.py:190} INFO - [2025-04-05T11:24:26.530+0000] {dagbag.py:588} INFO - Filling up the DagBag from /home/airflow/.local/lib/python3.12/site-packages/airflow/example_dags/example_python_operator.py
[2025-04-05T11:24:26.538+0000] {processor.py:925} INFO - DAG(s) 'example_python_operator' retrieved from /home/airflow/.local/lib/python3.12/site-packages/airflow/example_dags/example_python_operator.py
[2025-04-05T11:24:26.551+0000] {logging_mixin.py:190} INFO - [2025-04-05T11:24:26.551+0000] {dag.py:3239} INFO - Sync 1 DAGs
[2025-04-05T11:24:26.559+0000] {logging_mixin.py:190} INFO - [2025-04-05T11:24:26.559+0000] {dag.py:4180} INFO - Setting next_dagrun for example_python_operator to None, run_after=None
[2025-04-05T11:24:26.567+0000] {processor.py:208} INFO - Processing /home/airflow/.local/lib/python3.12/site-packages/airflow/example_dags/example_python_operator.py took 0.044 seconds
[2025-04-05T11:24:57.900+0000] {processor.py:186} INFO - Started process (PID=283) to work on /home/airflow/.local/lib/python3.12/site-packages/airflow/example_dags/example_python_operator.py
[2025-04-05T11:24:57.903+0000] {processor.py:914} INFO - Processing file /home/airflow/.local/lib/python3.12/site-packages/airflow/example_dags/example_python_operator.py for tasks to queue
[2025-04-05T11:24:57.905+0000] {logging_mixin.py:190} INFO - [2025-04-05T11:24:57.905+0000] {dagbag.py:588} INFO - Filling up the DagBag from /home/airflow/.local/lib/python3.12/site-packages/airflow/example_dags/example_python_operator.py
[2025-04-05T11:24:57.915+0000] {processor.py:925} INFO - DAG(s) 'example_python_operator' retrieved from /home/airflow/.local/lib/python3.12/site-packages/airflow/example_dags/example_python_operator.py
[2025-04-05T11:24:57.926+0000] {logging_mixin.py:190} INFO - [2025-04-05T11:24:57.926+0000] {dag.py:3239} INFO - Sync 1 DAGs
[2025-04-05T11:24:57.934+0000] {logging_mixin.py:190} INFO - [2025-04-05T11:24:57.933+0000] {dag.py:4180} INFO - Setting next_dagrun for example_python_operator to None, run_after=None
[2025-04-05T11:24:57.942+0000] {processor.py:208} INFO - Processing /home/airflow/.local/lib/python3.12/site-packages/airflow/example_dags/example_python_operator.py took 0.045 seconds
[2025-04-05T11:25:29.263+0000] {processor.py:186} INFO - Started process (PID=346) to work on /home/airflow/.local/lib/python3.12/site-packages/airflow/example_dags/example_python_operator.py
[2025-04-05T11:25:29.264+0000] {processor.py:914} INFO - Processing file /home/airflow/.local/lib/python3.12/site-packages/airflow/example_dags/example_python_operator.py for tasks to queue
[2025-04-05T11:25:29.265+0000] {logging_mixin.py:190} INFO - [2025-04-05T11:25:29.265+0000] {dagbag.py:588} INFO - Filling up the DagBag from /home/airflow/.local/lib/python3.12/site-packages/airflow/example_dags/example_python_operator.py
[2025-04-05T11:25:29.271+0000] {processor.py:925} INFO - DAG(s) 'example_python_operator' retrieved from /home/airflow/.local/lib/python3.12/site-packages/airflow/example_dags/example_python_operator.py
[2025-04-05T11:25:29.281+0000] {logging_mixin.py:190} INFO - [2025-04-05T11:25:29.281+0000] {dag.py:3239} INFO - Sync 1 DAGs
[2025-04-05T11:25:29.288+0000] {logging_mixin.py:190} INFO - [2025-04-05T11:25:29.288+0000] {dag.py:4180} INFO - Setting next_dagrun for example_python_operator to None, run_after=None
[2025-04-05T11:25:29.296+0000] {processor.py:208} INFO - Processing /home/airflow/.local/lib/python3.12/site-packages/airflow/example_dags/example_python_operator.py took 0.036 seconds
[2025-04-05T11:26:01.120+0000] {processor.py:186} INFO - Started process (PID=409) to work on /home/airflow/.local/lib/python3.12/site-packages/airflow/example_dags/example_python_operator.py
[2025-04-05T11:26:01.121+0000] {processor.py:914} INFO - Processing file /home/airflow/.local/lib/python3.12/site-packages/airflow/example_dags/example_python_operator.py for tasks to queue
[2025-04-05T11:26:01.122+0000] {logging_mixin.py:190} INFO - [2025-04-05T11:26:01.122+0000] {dagbag.py:588} INFO - Filling up the DagBag from /home/airflow/.local/lib/python3.12/site-packages/airflow/example_dags/example_python_operator.py
[2025-04-05T11:26:01.130+0000] {processor.py:925} INFO - DAG(s) 'example_python_operator' retrieved from /home/airflow/.local/lib/python3.12/site-packages/airflow/example_dags/example_python_operator.py
[2025-04-05T11:26:01.144+0000] {logging_mixin.py:190} INFO - [2025-04-05T11:26:01.144+0000] {dag.py:3239} INFO - Sync 1 DAGs
[2025-04-05T11:26:01.152+0000] {logging_mixin.py:190} INFO - [2025-04-05T11:26:01.152+0000] {dag.py:4180} INFO - Setting next_dagrun for example_python_operator to None, run_after=None
[2025-04-05T11:26:01.162+0000] {processor.py:208} INFO - Processing /home/airflow/.local/lib/python3.12/site-packages/airflow/example_dags/example_python_operator.py took 0.047 seconds
[2025-04-05T11:26:31.690+0000] {processor.py:186} INFO - Started process (PID=472) to work on /home/airflow/.local/lib/python3.12/site-packages/airflow/example_dags/example_python_operator.py
[2025-04-05T11:26:31.691+0000] {processor.py:914} INFO - Processing file /home/airflow/.local/lib/python3.12/site-packages/airflow/example_dags/example_python_operator.py for tasks to queue
[2025-04-05T11:26:31.693+0000] {logging_mixin.py:190} INFO - [2025-04-05T11:26:31.692+0000] {dagbag.py:588} INFO - Filling up the DagBag from /home/airflow/.local/lib/python3.12/site-packages/airflow/example_dags/example_python_operator.py
[2025-04-05T11:26:31.702+0000] {processor.py:925} INFO - DAG(s) 'example_python_operator' retrieved from /home/airflow/.local/lib/python3.12/site-packages/airflow/example_dags/example_python_operator.py
[2025-04-05T11:26:31.713+0000] {logging_mixin.py:190} INFO - [2025-04-05T11:26:31.713+0000] {dag.py:3239} INFO - Sync 1 DAGs
[2025-04-05T11:26:31.722+0000] {logging_mixin.py:190} INFO - [2025-04-05T11:26:31.722+0000] {dag.py:4180} INFO - Setting next_dagrun for example_python_operator to None, run_after=None
[2025-04-05T11:26:31.733+0000] {processor.py:208} INFO - Processing /home/airflow/.local/lib/python3.12/site-packages/airflow/example_dags/example_python_operator.py took 0.048 seconds
[2025-04-05T11:27:03.254+0000] {processor.py:186} INFO - Started process (PID=535) to work on /home/airflow/.local/lib/python3.12/site-packages/airflow/example_dags/example_python_operator.py
[2025-04-05T11:27:03.255+0000] {processor.py:914} INFO - Processing file /home/airflow/.local/lib/python3.12/site-packages/airflow/example_dags/example_python_operator.py for tasks to queue
[2025-04-05T11:27:03.257+0000] {logging_mixin.py:190} INFO - [2025-04-05T11:27:03.257+0000] {dagbag.py:588} INFO - Filling up the DagBag from /home/airflow/.local/lib/python3.12/site-packages/airflow/example_dags/example_python_operator.py
[2025-04-05T11:27:03.267+0000] {processor.py:925} INFO - DAG(s) 'example_python_operator' retrieved from /home/airflow/.local/lib/python3.12/site-packages/airflow/example_dags/example_python_operator.py
[2025-04-05T11:27:03.294+0000] {logging_mixin.py:190} INFO - [2025-04-05T11:27:03.294+0000] {dag.py:3239} INFO - Sync 1 DAGs
[2025-04-05T11:27:03.307+0000] {logging_mixin.py:190} INFO - [2025-04-05T11:27:03.306+0000] {dag.py:4180} INFO - Setting next_dagrun for example_python_operator to None, run_after=None
[2025-04-05T11:27:03.319+0000] {processor.py:208} INFO - Processing /home/airflow/.local/lib/python3.12/site-packages/airflow/example_dags/example_python_operator.py took 0.069 seconds
[2025-04-05T11:31:59.107+0000] {processor.py:186} INFO - Started process (PID=94) to work on /home/airflow/.local/lib/python3.12/site-packages/airflow/example_dags/example_python_operator.py
[2025-04-05T11:31:59.108+0000] {processor.py:914} INFO - Processing file /home/airflow/.local/lib/python3.12/site-packages/airflow/example_dags/example_python_operator.py for tasks to queue
[2025-04-05T11:31:59.112+0000] {logging_mixin.py:190} INFO - [2025-04-05T11:31:59.111+0000] {dagbag.py:588} INFO - Filling up the DagBag from /home/airflow/.local/lib/python3.12/site-packages/airflow/example_dags/example_python_operator.py
[2025-04-05T11:31:59.123+0000] {processor.py:925} INFO - DAG(s) 'example_python_operator' retrieved from /home/airflow/.local/lib/python3.12/site-packages/airflow/example_dags/example_python_operator.py
[2025-04-05T11:31:59.208+0000] {logging_mixin.py:190} INFO - [2025-04-05T11:31:59.208+0000] {dag.py:3239} INFO - Sync 1 DAGs
[2025-04-05T11:31:59.216+0000] {logging_mixin.py:190} INFO - [2025-04-05T11:31:59.216+0000] {dag.py:4180} INFO - Setting next_dagrun for example_python_operator to None, run_after=None
[2025-04-05T11:31:59.232+0000] {processor.py:208} INFO - Processing /home/airflow/.local/lib/python3.12/site-packages/airflow/example_dags/example_python_operator.py took 0.133 seconds
[2025-04-05T11:32:29.344+0000] {processor.py:186} INFO - Started process (PID=156) to work on /home/airflow/.local/lib/python3.12/site-packages/airflow/example_dags/example_python_operator.py
[2025-04-05T11:32:29.348+0000] {processor.py:914} INFO - Processing file /home/airflow/.local/lib/python3.12/site-packages/airflow/example_dags/example_python_operator.py for tasks to queue
[2025-04-05T11:32:29.350+0000] {logging_mixin.py:190} INFO - [2025-04-05T11:32:29.350+0000] {dagbag.py:588} INFO - Filling up the DagBag from /home/airflow/.local/lib/python3.12/site-packages/airflow/example_dags/example_python_operator.py
[2025-04-05T11:32:29.358+0000] {processor.py:925} INFO - DAG(s) 'example_python_operator' retrieved from /home/airflow/.local/lib/python3.12/site-packages/airflow/example_dags/example_python_operator.py
[2025-04-05T11:32:29.370+0000] {logging_mixin.py:190} INFO - [2025-04-05T11:32:29.370+0000] {dag.py:3239} INFO - Sync 1 DAGs
[2025-04-05T11:32:29.378+0000] {logging_mixin.py:190} INFO - [2025-04-05T11:32:29.378+0000] {dag.py:4180} INFO - Setting next_dagrun for example_python_operator to None, run_after=None
[2025-04-05T11:32:29.387+0000] {processor.py:208} INFO - Processing /home/airflow/.local/lib/python3.12/site-packages/airflow/example_dags/example_python_operator.py took 0.047 seconds
[2025-04-05T11:39:07.764+0000] {processor.py:186} INFO - Started process (PID=99) to work on /home/airflow/.local/lib/python3.12/site-packages/airflow/example_dags/example_python_operator.py
[2025-04-05T11:39:07.765+0000] {processor.py:914} INFO - Processing file /home/airflow/.local/lib/python3.12/site-packages/airflow/example_dags/example_python_operator.py for tasks to queue
[2025-04-05T11:39:07.768+0000] {logging_mixin.py:190} INFO - [2025-04-05T11:39:07.767+0000] {dagbag.py:588} INFO - Filling up the DagBag from /home/airflow/.local/lib/python3.12/site-packages/airflow/example_dags/example_python_operator.py
[2025-04-05T11:39:07.781+0000] {processor.py:925} INFO - DAG(s) 'example_python_operator' retrieved from /home/airflow/.local/lib/python3.12/site-packages/airflow/example_dags/example_python_operator.py
[2025-04-05T11:39:07.904+0000] {logging_mixin.py:190} INFO - [2025-04-05T11:39:07.903+0000] {dag.py:3239} INFO - Sync 1 DAGs
[2025-04-05T11:39:07.925+0000] {logging_mixin.py:190} INFO - [2025-04-05T11:39:07.924+0000] {dag.py:4180} INFO - Setting next_dagrun for example_python_operator to None, run_after=None
[2025-04-05T11:39:07.939+0000] {processor.py:208} INFO - Processing /home/airflow/.local/lib/python3.12/site-packages/airflow/example_dags/example_python_operator.py took 0.183 seconds
[2025-04-05T11:39:38.928+0000] {processor.py:186} INFO - Started process (PID=162) to work on /home/airflow/.local/lib/python3.12/site-packages/airflow/example_dags/example_python_operator.py
[2025-04-05T11:39:38.929+0000] {processor.py:914} INFO - Processing file /home/airflow/.local/lib/python3.12/site-packages/airflow/example_dags/example_python_operator.py for tasks to queue
[2025-04-05T11:39:38.932+0000] {logging_mixin.py:190} INFO - [2025-04-05T11:39:38.932+0000] {dagbag.py:588} INFO - Filling up the DagBag from /home/airflow/.local/lib/python3.12/site-packages/airflow/example_dags/example_python_operator.py
[2025-04-05T11:39:38.958+0000] {processor.py:925} INFO - DAG(s) 'example_python_operator' retrieved from /home/airflow/.local/lib/python3.12/site-packages/airflow/example_dags/example_python_operator.py
[2025-04-05T11:39:39.015+0000] {logging_mixin.py:190} INFO - [2025-04-05T11:39:39.015+0000] {dag.py:3239} INFO - Sync 1 DAGs
[2025-04-05T11:39:39.034+0000] {logging_mixin.py:190} INFO - [2025-04-05T11:39:39.034+0000] {dag.py:4180} INFO - Setting next_dagrun for example_python_operator to None, run_after=None
[2025-04-05T11:39:39.053+0000] {processor.py:208} INFO - Processing /home/airflow/.local/lib/python3.12/site-packages/airflow/example_dags/example_python_operator.py took 0.130 seconds
[2025-04-05T11:40:09.075+0000] {processor.py:186} INFO - Started process (PID=225) to work on /home/airflow/.local/lib/python3.12/site-packages/airflow/example_dags/example_python_operator.py
[2025-04-05T11:40:09.076+0000] {processor.py:914} INFO - Processing file /home/airflow/.local/lib/python3.12/site-packages/airflow/example_dags/example_python_operator.py for tasks to queue
[2025-04-05T11:40:09.077+0000] {logging_mixin.py:190} INFO - [2025-04-05T11:40:09.077+0000] {dagbag.py:588} INFO - Filling up the DagBag from /home/airflow/.local/lib/python3.12/site-packages/airflow/example_dags/example_python_operator.py
[2025-04-05T11:40:09.085+0000] {processor.py:925} INFO - DAG(s) 'example_python_operator' retrieved from /home/airflow/.local/lib/python3.12/site-packages/airflow/example_dags/example_python_operator.py
[2025-04-05T11:40:09.099+0000] {logging_mixin.py:190} INFO - [2025-04-05T11:40:09.099+0000] {dag.py:3239} INFO - Sync 1 DAGs
[2025-04-05T11:40:09.106+0000] {logging_mixin.py:190} INFO - [2025-04-05T11:40:09.106+0000] {dag.py:4180} INFO - Setting next_dagrun for example_python_operator to None, run_after=None
[2025-04-05T11:40:09.119+0000] {processor.py:208} INFO - Processing /home/airflow/.local/lib/python3.12/site-packages/airflow/example_dags/example_python_operator.py took 0.048 seconds
[2025-04-05T11:40:39.233+0000] {processor.py:186} INFO - Started process (PID=287) to work on /home/airflow/.local/lib/python3.12/site-packages/airflow/example_dags/example_python_operator.py
[2025-04-05T11:40:39.234+0000] {processor.py:914} INFO - Processing file /home/airflow/.local/lib/python3.12/site-packages/airflow/example_dags/example_python_operator.py for tasks to queue
[2025-04-05T11:40:39.235+0000] {logging_mixin.py:190} INFO - [2025-04-05T11:40:39.235+0000] {dagbag.py:588} INFO - Filling up the DagBag from /home/airflow/.local/lib/python3.12/site-packages/airflow/example_dags/example_python_operator.py
[2025-04-05T11:40:39.250+0000] {processor.py:925} INFO - DAG(s) 'example_python_operator' retrieved from /home/airflow/.local/lib/python3.12/site-packages/airflow/example_dags/example_python_operator.py
[2025-04-05T11:40:39.270+0000] {logging_mixin.py:190} INFO - [2025-04-05T11:40:39.270+0000] {dag.py:3239} INFO - Sync 1 DAGs
[2025-04-05T11:40:39.279+0000] {logging_mixin.py:190} INFO - [2025-04-05T11:40:39.278+0000] {dag.py:4180} INFO - Setting next_dagrun for example_python_operator to None, run_after=None
[2025-04-05T11:40:39.289+0000] {processor.py:208} INFO - Processing /home/airflow/.local/lib/python3.12/site-packages/airflow/example_dags/example_python_operator.py took 0.060 seconds
[2025-04-05T11:41:09.845+0000] {processor.py:186} INFO - Started process (PID=350) to work on /home/airflow/.local/lib/python3.12/site-packages/airflow/example_dags/example_python_operator.py
[2025-04-05T11:41:09.847+0000] {processor.py:914} INFO - Processing file /home/airflow/.local/lib/python3.12/site-packages/airflow/example_dags/example_python_operator.py for tasks to queue
[2025-04-05T11:41:09.852+0000] {logging_mixin.py:190} INFO - [2025-04-05T11:41:09.852+0000] {dagbag.py:588} INFO - Filling up the DagBag from /home/airflow/.local/lib/python3.12/site-packages/airflow/example_dags/example_python_operator.py
[2025-04-05T11:41:09.860+0000] {processor.py:925} INFO - DAG(s) 'example_python_operator' retrieved from /home/airflow/.local/lib/python3.12/site-packages/airflow/example_dags/example_python_operator.py
[2025-04-05T11:41:09.875+0000] {logging_mixin.py:190} INFO - [2025-04-05T11:41:09.875+0000] {dag.py:3239} INFO - Sync 1 DAGs
[2025-04-05T11:41:09.895+0000] {logging_mixin.py:190} INFO - [2025-04-05T11:41:09.895+0000] {dag.py:4180} INFO - Setting next_dagrun for example_python_operator to None, run_after=None
[2025-04-05T11:41:09.908+0000] {processor.py:208} INFO - Processing /home/airflow/.local/lib/python3.12/site-packages/airflow/example_dags/example_python_operator.py took 0.067 seconds
[2025-04-05T11:41:40.408+0000] {processor.py:186} INFO - Started process (PID=413) to work on /home/airflow/.local/lib/python3.12/site-packages/airflow/example_dags/example_python_operator.py
[2025-04-05T11:41:40.410+0000] {processor.py:914} INFO - Processing file /home/airflow/.local/lib/python3.12/site-packages/airflow/example_dags/example_python_operator.py for tasks to queue
[2025-04-05T11:41:40.414+0000] {logging_mixin.py:190} INFO - [2025-04-05T11:41:40.414+0000] {dagbag.py:588} INFO - Filling up the DagBag from /home/airflow/.local/lib/python3.12/site-packages/airflow/example_dags/example_python_operator.py
[2025-04-05T11:41:40.437+0000] {processor.py:925} INFO - DAG(s) 'example_python_operator' retrieved from /home/airflow/.local/lib/python3.12/site-packages/airflow/example_dags/example_python_operator.py
[2025-04-05T11:41:40.457+0000] {logging_mixin.py:190} INFO - [2025-04-05T11:41:40.457+0000] {dag.py:3239} INFO - Sync 1 DAGs
[2025-04-05T11:41:40.469+0000] {logging_mixin.py:190} INFO - [2025-04-05T11:41:40.468+0000] {dag.py:4180} INFO - Setting next_dagrun for example_python_operator to None, run_after=None
[2025-04-05T11:41:40.479+0000] {processor.py:208} INFO - Processing /home/airflow/.local/lib/python3.12/site-packages/airflow/example_dags/example_python_operator.py took 0.078 seconds
[2025-04-05T11:42:10.567+0000] {processor.py:186} INFO - Started process (PID=476) to work on /home/airflow/.local/lib/python3.12/site-packages/airflow/example_dags/example_python_operator.py
[2025-04-05T11:42:10.568+0000] {processor.py:914} INFO - Processing file /home/airflow/.local/lib/python3.12/site-packages/airflow/example_dags/example_python_operator.py for tasks to queue
[2025-04-05T11:42:10.570+0000] {logging_mixin.py:190} INFO - [2025-04-05T11:42:10.569+0000] {dagbag.py:588} INFO - Filling up the DagBag from /home/airflow/.local/lib/python3.12/site-packages/airflow/example_dags/example_python_operator.py
[2025-04-05T11:42:10.578+0000] {processor.py:925} INFO - DAG(s) 'example_python_operator' retrieved from /home/airflow/.local/lib/python3.12/site-packages/airflow/example_dags/example_python_operator.py
[2025-04-05T11:42:10.592+0000] {logging_mixin.py:190} INFO - [2025-04-05T11:42:10.592+0000] {dag.py:3239} INFO - Sync 1 DAGs
[2025-04-05T11:42:10.600+0000] {logging_mixin.py:190} INFO - [2025-04-05T11:42:10.600+0000] {dag.py:4180} INFO - Setting next_dagrun for example_python_operator to None, run_after=None
[2025-04-05T11:42:10.610+0000] {processor.py:208} INFO - Processing /home/airflow/.local/lib/python3.12/site-packages/airflow/example_dags/example_python_operator.py took 0.047 seconds
[2025-04-05T11:42:41.212+0000] {processor.py:186} INFO - Started process (PID=539) to work on /home/airflow/.local/lib/python3.12/site-packages/airflow/example_dags/example_python_operator.py
[2025-04-05T11:42:41.213+0000] {processor.py:914} INFO - Processing file /home/airflow/.local/lib/python3.12/site-packages/airflow/example_dags/example_python_operator.py for tasks to queue
[2025-04-05T11:42:41.215+0000] {logging_mixin.py:190} INFO - [2025-04-05T11:42:41.215+0000] {dagbag.py:588} INFO - Filling up the DagBag from /home/airflow/.local/lib/python3.12/site-packages/airflow/example_dags/example_python_operator.py
[2025-04-05T11:42:41.223+0000] {processor.py:925} INFO - DAG(s) 'example_python_operator' retrieved from /home/airflow/.local/lib/python3.12/site-packages/airflow/example_dags/example_python_operator.py
[2025-04-05T11:42:41.240+0000] {logging_mixin.py:190} INFO - [2025-04-05T11:42:41.239+0000] {dag.py:3239} INFO - Sync 1 DAGs
[2025-04-05T11:42:41.246+0000] {logging_mixin.py:190} INFO - [2025-04-05T11:42:41.246+0000] {dag.py:4180} INFO - Setting next_dagrun for example_python_operator to None, run_after=None
[2025-04-05T11:42:41.255+0000] {processor.py:208} INFO - Processing /home/airflow/.local/lib/python3.12/site-packages/airflow/example_dags/example_python_operator.py took 0.046 seconds
[2025-04-05T11:44:51.250+0000] {processor.py:186} INFO - Started process (PID=93) to work on /home/airflow/.local/lib/python3.12/site-packages/airflow/example_dags/example_python_operator.py
[2025-04-05T11:44:51.252+0000] {processor.py:914} INFO - Processing file /home/airflow/.local/lib/python3.12/site-packages/airflow/example_dags/example_python_operator.py for tasks to queue
[2025-04-05T11:44:51.256+0000] {logging_mixin.py:190} INFO - [2025-04-05T11:44:51.255+0000] {dagbag.py:588} INFO - Filling up the DagBag from /home/airflow/.local/lib/python3.12/site-packages/airflow/example_dags/example_python_operator.py
[2025-04-05T11:44:51.273+0000] {processor.py:925} INFO - DAG(s) 'example_python_operator' retrieved from /home/airflow/.local/lib/python3.12/site-packages/airflow/example_dags/example_python_operator.py
[2025-04-05T11:44:51.424+0000] {logging_mixin.py:190} INFO - [2025-04-05T11:44:51.423+0000] {dag.py:3239} INFO - Sync 1 DAGs
[2025-04-05T11:44:51.435+0000] {logging_mixin.py:190} INFO - [2025-04-05T11:44:51.435+0000] {dag.py:4180} INFO - Setting next_dagrun for example_python_operator to None, run_after=None
[2025-04-05T11:44:51.467+0000] {processor.py:208} INFO - Processing /home/airflow/.local/lib/python3.12/site-packages/airflow/example_dags/example_python_operator.py took 0.223 seconds
[2025-04-05T11:45:23.130+0000] {processor.py:186} INFO - Started process (PID=157) to work on /home/airflow/.local/lib/python3.12/site-packages/airflow/example_dags/example_python_operator.py
[2025-04-05T11:45:23.133+0000] {processor.py:914} INFO - Processing file /home/airflow/.local/lib/python3.12/site-packages/airflow/example_dags/example_python_operator.py for tasks to queue
[2025-04-05T11:45:23.135+0000] {logging_mixin.py:190} INFO - [2025-04-05T11:45:23.135+0000] {dagbag.py:588} INFO - Filling up the DagBag from /home/airflow/.local/lib/python3.12/site-packages/airflow/example_dags/example_python_operator.py
[2025-04-05T11:45:23.161+0000] {processor.py:925} INFO - DAG(s) 'example_python_operator' retrieved from /home/airflow/.local/lib/python3.12/site-packages/airflow/example_dags/example_python_operator.py
[2025-04-05T11:45:23.181+0000] {logging_mixin.py:190} INFO - [2025-04-05T11:45:23.181+0000] {dag.py:3239} INFO - Sync 1 DAGs
[2025-04-05T11:45:23.229+0000] {logging_mixin.py:190} INFO - [2025-04-05T11:45:23.229+0000] {dag.py:4180} INFO - Setting next_dagrun for example_python_operator to None, run_after=None
[2025-04-05T11:45:23.267+0000] {processor.py:208} INFO - Processing /home/airflow/.local/lib/python3.12/site-packages/airflow/example_dags/example_python_operator.py took 0.151 seconds
[2025-04-05T11:45:54.391+0000] {processor.py:186} INFO - Started process (PID=221) to work on /home/airflow/.local/lib/python3.12/site-packages/airflow/example_dags/example_python_operator.py
[2025-04-05T11:45:54.392+0000] {processor.py:914} INFO - Processing file /home/airflow/.local/lib/python3.12/site-packages/airflow/example_dags/example_python_operator.py for tasks to queue
[2025-04-05T11:45:54.393+0000] {logging_mixin.py:190} INFO - [2025-04-05T11:45:54.393+0000] {dagbag.py:588} INFO - Filling up the DagBag from /home/airflow/.local/lib/python3.12/site-packages/airflow/example_dags/example_python_operator.py
[2025-04-05T11:45:54.402+0000] {processor.py:925} INFO - DAG(s) 'example_python_operator' retrieved from /home/airflow/.local/lib/python3.12/site-packages/airflow/example_dags/example_python_operator.py
[2025-04-05T11:45:54.416+0000] {logging_mixin.py:190} INFO - [2025-04-05T11:45:54.416+0000] {dag.py:3239} INFO - Sync 1 DAGs
[2025-04-05T11:45:54.433+0000] {logging_mixin.py:190} INFO - [2025-04-05T11:45:54.433+0000] {dag.py:4180} INFO - Setting next_dagrun for example_python_operator to None, run_after=None
[2025-04-05T11:45:54.443+0000] {processor.py:208} INFO - Processing /home/airflow/.local/lib/python3.12/site-packages/airflow/example_dags/example_python_operator.py took 0.057 seconds
[2025-04-05T11:46:25.318+0000] {processor.py:186} INFO - Started process (PID=285) to work on /home/airflow/.local/lib/python3.12/site-packages/airflow/example_dags/example_python_operator.py
[2025-04-05T11:46:25.324+0000] {processor.py:914} INFO - Processing file /home/airflow/.local/lib/python3.12/site-packages/airflow/example_dags/example_python_operator.py for tasks to queue
[2025-04-05T11:46:25.327+0000] {logging_mixin.py:190} INFO - [2025-04-05T11:46:25.326+0000] {dagbag.py:588} INFO - Filling up the DagBag from /home/airflow/.local/lib/python3.12/site-packages/airflow/example_dags/example_python_operator.py
[2025-04-05T11:46:25.354+0000] {processor.py:925} INFO - DAG(s) 'example_python_operator' retrieved from /home/airflow/.local/lib/python3.12/site-packages/airflow/example_dags/example_python_operator.py
[2025-04-05T11:46:25.393+0000] {logging_mixin.py:190} INFO - [2025-04-05T11:46:25.393+0000] {dag.py:3239} INFO - Sync 1 DAGs
[2025-04-05T11:46:25.510+0000] {logging_mixin.py:190} INFO - [2025-04-05T11:46:25.509+0000] {dag.py:4180} INFO - Setting next_dagrun for example_python_operator to None, run_after=None
[2025-04-05T11:46:25.527+0000] {processor.py:208} INFO - Processing /home/airflow/.local/lib/python3.12/site-packages/airflow/example_dags/example_python_operator.py took 0.214 seconds
[2025-04-05T11:46:56.108+0000] {processor.py:186} INFO - Started process (PID=347) to work on /home/airflow/.local/lib/python3.12/site-packages/airflow/example_dags/example_python_operator.py
[2025-04-05T11:46:56.109+0000] {processor.py:914} INFO - Processing file /home/airflow/.local/lib/python3.12/site-packages/airflow/example_dags/example_python_operator.py for tasks to queue
[2025-04-05T11:46:56.112+0000] {logging_mixin.py:190} INFO - [2025-04-05T11:46:56.111+0000] {dagbag.py:588} INFO - Filling up the DagBag from /home/airflow/.local/lib/python3.12/site-packages/airflow/example_dags/example_python_operator.py
[2025-04-05T11:46:56.148+0000] {processor.py:925} INFO - DAG(s) 'example_python_operator' retrieved from /home/airflow/.local/lib/python3.12/site-packages/airflow/example_dags/example_python_operator.py
[2025-04-05T11:46:56.183+0000] {logging_mixin.py:190} INFO - [2025-04-05T11:46:56.183+0000] {dag.py:3239} INFO - Sync 1 DAGs
[2025-04-05T11:46:56.200+0000] {logging_mixin.py:190} INFO - [2025-04-05T11:46:56.200+0000] {dag.py:4180} INFO - Setting next_dagrun for example_python_operator to None, run_after=None
[2025-04-05T11:46:56.213+0000] {processor.py:208} INFO - Processing /home/airflow/.local/lib/python3.12/site-packages/airflow/example_dags/example_python_operator.py took 0.113 seconds
[2025-04-05T11:47:27.826+0000] {processor.py:186} INFO - Started process (PID=412) to work on /home/airflow/.local/lib/python3.12/site-packages/airflow/example_dags/example_python_operator.py
[2025-04-05T11:47:27.826+0000] {processor.py:914} INFO - Processing file /home/airflow/.local/lib/python3.12/site-packages/airflow/example_dags/example_python_operator.py for tasks to queue
[2025-04-05T11:47:27.831+0000] {logging_mixin.py:190} INFO - [2025-04-05T11:47:27.830+0000] {dagbag.py:588} INFO - Filling up the DagBag from /home/airflow/.local/lib/python3.12/site-packages/airflow/example_dags/example_python_operator.py
[2025-04-05T11:47:27.848+0000] {processor.py:925} INFO - DAG(s) 'example_python_operator' retrieved from /home/airflow/.local/lib/python3.12/site-packages/airflow/example_dags/example_python_operator.py
[2025-04-05T11:47:27.864+0000] {logging_mixin.py:190} INFO - [2025-04-05T11:47:27.864+0000] {dag.py:3239} INFO - Sync 1 DAGs
[2025-04-05T11:47:27.874+0000] {logging_mixin.py:190} INFO - [2025-04-05T11:47:27.874+0000] {dag.py:4180} INFO - Setting next_dagrun for example_python_operator to None, run_after=None
[2025-04-05T11:47:27.884+0000] {processor.py:208} INFO - Processing /home/airflow/.local/lib/python3.12/site-packages/airflow/example_dags/example_python_operator.py took 0.066 seconds
[2025-04-05T11:50:04.784+0000] {processor.py:186} INFO - Started process (PID=101) to work on /home/airflow/.local/lib/python3.12/site-packages/airflow/example_dags/example_python_operator.py
[2025-04-05T11:50:04.784+0000] {processor.py:914} INFO - Processing file /home/airflow/.local/lib/python3.12/site-packages/airflow/example_dags/example_python_operator.py for tasks to queue
[2025-04-05T11:50:04.786+0000] {logging_mixin.py:190} INFO - [2025-04-05T11:50:04.786+0000] {dagbag.py:588} INFO - Filling up the DagBag from /home/airflow/.local/lib/python3.12/site-packages/airflow/example_dags/example_python_operator.py
[2025-04-05T11:50:04.811+0000] {processor.py:925} INFO - DAG(s) 'example_python_operator' retrieved from /home/airflow/.local/lib/python3.12/site-packages/airflow/example_dags/example_python_operator.py
[2025-04-05T11:50:05.007+0000] {logging_mixin.py:190} INFO - [2025-04-05T11:50:05.006+0000] {dag.py:3239} INFO - Sync 1 DAGs
[2025-04-05T11:50:05.037+0000] {logging_mixin.py:190} INFO - [2025-04-05T11:50:05.037+0000] {dag.py:4180} INFO - Setting next_dagrun for example_python_operator to None, run_after=None
[2025-04-05T11:50:05.089+0000] {processor.py:208} INFO - Processing /home/airflow/.local/lib/python3.12/site-packages/airflow/example_dags/example_python_operator.py took 0.308 seconds
[2025-04-05T11:50:35.544+0000] {processor.py:186} INFO - Started process (PID=164) to work on /home/airflow/.local/lib/python3.12/site-packages/airflow/example_dags/example_python_operator.py
[2025-04-05T11:50:35.545+0000] {processor.py:914} INFO - Processing file /home/airflow/.local/lib/python3.12/site-packages/airflow/example_dags/example_python_operator.py for tasks to queue
[2025-04-05T11:50:35.546+0000] {logging_mixin.py:190} INFO - [2025-04-05T11:50:35.546+0000] {dagbag.py:588} INFO - Filling up the DagBag from /home/airflow/.local/lib/python3.12/site-packages/airflow/example_dags/example_python_operator.py
[2025-04-05T11:50:35.554+0000] {processor.py:925} INFO - DAG(s) 'example_python_operator' retrieved from /home/airflow/.local/lib/python3.12/site-packages/airflow/example_dags/example_python_operator.py
[2025-04-05T11:50:35.602+0000] {logging_mixin.py:190} INFO - [2025-04-05T11:50:35.602+0000] {dag.py:3239} INFO - Sync 1 DAGs
[2025-04-05T11:50:35.618+0000] {logging_mixin.py:190} INFO - [2025-04-05T11:50:35.617+0000] {dag.py:4180} INFO - Setting next_dagrun for example_python_operator to None, run_after=None
[2025-04-05T11:50:35.625+0000] {processor.py:208} INFO - Processing /home/airflow/.local/lib/python3.12/site-packages/airflow/example_dags/example_python_operator.py took 0.085 seconds
[2025-04-05T11:51:06.071+0000] {processor.py:186} INFO - Started process (PID=228) to work on /home/airflow/.local/lib/python3.12/site-packages/airflow/example_dags/example_python_operator.py
[2025-04-05T11:51:06.072+0000] {processor.py:914} INFO - Processing file /home/airflow/.local/lib/python3.12/site-packages/airflow/example_dags/example_python_operator.py for tasks to queue
[2025-04-05T11:51:06.074+0000] {logging_mixin.py:190} INFO - [2025-04-05T11:51:06.074+0000] {dagbag.py:588} INFO - Filling up the DagBag from /home/airflow/.local/lib/python3.12/site-packages/airflow/example_dags/example_python_operator.py
[2025-04-05T11:51:06.082+0000] {processor.py:925} INFO - DAG(s) 'example_python_operator' retrieved from /home/airflow/.local/lib/python3.12/site-packages/airflow/example_dags/example_python_operator.py
[2025-04-05T11:51:06.097+0000] {logging_mixin.py:190} INFO - [2025-04-05T11:51:06.097+0000] {dag.py:3239} INFO - Sync 1 DAGs
[2025-04-05T11:51:06.106+0000] {logging_mixin.py:190} INFO - [2025-04-05T11:51:06.106+0000] {dag.py:4180} INFO - Setting next_dagrun for example_python_operator to None, run_after=None
[2025-04-05T11:51:06.117+0000] {processor.py:208} INFO - Processing /home/airflow/.local/lib/python3.12/site-packages/airflow/example_dags/example_python_operator.py took 0.050 seconds
[2025-04-05T11:51:36.160+0000] {processor.py:186} INFO - Started process (PID=291) to work on /home/airflow/.local/lib/python3.12/site-packages/airflow/example_dags/example_python_operator.py
[2025-04-05T11:51:36.161+0000] {processor.py:914} INFO - Processing file /home/airflow/.local/lib/python3.12/site-packages/airflow/example_dags/example_python_operator.py for tasks to queue
[2025-04-05T11:51:36.162+0000] {logging_mixin.py:190} INFO - [2025-04-05T11:51:36.161+0000] {dagbag.py:588} INFO - Filling up the DagBag from /home/airflow/.local/lib/python3.12/site-packages/airflow/example_dags/example_python_operator.py
[2025-04-05T11:51:36.177+0000] {processor.py:925} INFO - DAG(s) 'example_python_operator' retrieved from /home/airflow/.local/lib/python3.12/site-packages/airflow/example_dags/example_python_operator.py
[2025-04-05T11:51:36.189+0000] {logging_mixin.py:190} INFO - [2025-04-05T11:51:36.189+0000] {dag.py:3239} INFO - Sync 1 DAGs
[2025-04-05T11:51:36.196+0000] {logging_mixin.py:190} INFO - [2025-04-05T11:51:36.196+0000] {dag.py:4180} INFO - Setting next_dagrun for example_python_operator to None, run_after=None
[2025-04-05T11:51:36.203+0000] {processor.py:208} INFO - Processing /home/airflow/.local/lib/python3.12/site-packages/airflow/example_dags/example_python_operator.py took 0.049 seconds
[2025-04-05T11:52:06.406+0000] {processor.py:186} INFO - Started process (PID=355) to work on /home/airflow/.local/lib/python3.12/site-packages/airflow/example_dags/example_python_operator.py
[2025-04-05T11:52:06.408+0000] {processor.py:914} INFO - Processing file /home/airflow/.local/lib/python3.12/site-packages/airflow/example_dags/example_python_operator.py for tasks to queue
[2025-04-05T11:52:06.411+0000] {logging_mixin.py:190} INFO - [2025-04-05T11:52:06.411+0000] {dagbag.py:588} INFO - Filling up the DagBag from /home/airflow/.local/lib/python3.12/site-packages/airflow/example_dags/example_python_operator.py
[2025-04-05T11:52:06.427+0000] {processor.py:925} INFO - DAG(s) 'example_python_operator' retrieved from /home/airflow/.local/lib/python3.12/site-packages/airflow/example_dags/example_python_operator.py
[2025-04-05T11:52:06.444+0000] {logging_mixin.py:190} INFO - [2025-04-05T11:52:06.444+0000] {dag.py:3239} INFO - Sync 1 DAGs
[2025-04-05T11:52:06.455+0000] {logging_mixin.py:190} INFO - [2025-04-05T11:52:06.455+0000] {dag.py:4180} INFO - Setting next_dagrun for example_python_operator to None, run_after=None
[2025-04-05T11:52:06.474+0000] {processor.py:208} INFO - Processing /home/airflow/.local/lib/python3.12/site-packages/airflow/example_dags/example_python_operator.py took 0.075 seconds
[2025-04-05T12:07:22.355+0000] {processor.py:186} INFO - Started process (PID=88) to work on /home/airflow/.local/lib/python3.12/site-packages/airflow/example_dags/example_python_operator.py
[2025-04-05T12:07:22.356+0000] {processor.py:914} INFO - Processing file /home/airflow/.local/lib/python3.12/site-packages/airflow/example_dags/example_python_operator.py for tasks to queue
[2025-04-05T12:07:22.360+0000] {logging_mixin.py:190} INFO - [2025-04-05T12:07:22.360+0000] {dagbag.py:588} INFO - Filling up the DagBag from /home/airflow/.local/lib/python3.12/site-packages/airflow/example_dags/example_python_operator.py
[2025-04-05T12:07:22.372+0000] {processor.py:925} INFO - DAG(s) 'example_python_operator' retrieved from /home/airflow/.local/lib/python3.12/site-packages/airflow/example_dags/example_python_operator.py
[2025-04-05T12:07:22.463+0000] {logging_mixin.py:190} INFO - [2025-04-05T12:07:22.463+0000] {dag.py:3239} INFO - Sync 1 DAGs
[2025-04-05T12:07:22.470+0000] {logging_mixin.py:190} INFO - [2025-04-05T12:07:22.470+0000] {dag.py:4180} INFO - Setting next_dagrun for example_python_operator to None, run_after=None
[2025-04-05T12:07:22.482+0000] {processor.py:208} INFO - Processing /home/airflow/.local/lib/python3.12/site-packages/airflow/example_dags/example_python_operator.py took 0.132 seconds
[2025-04-05T12:07:53.599+0000] {processor.py:186} INFO - Started process (PID=158) to work on /home/airflow/.local/lib/python3.12/site-packages/airflow/example_dags/example_python_operator.py
[2025-04-05T12:07:53.601+0000] {processor.py:914} INFO - Processing file /home/airflow/.local/lib/python3.12/site-packages/airflow/example_dags/example_python_operator.py for tasks to queue
[2025-04-05T12:07:53.603+0000] {logging_mixin.py:190} INFO - [2025-04-05T12:07:53.603+0000] {dagbag.py:588} INFO - Filling up the DagBag from /home/airflow/.local/lib/python3.12/site-packages/airflow/example_dags/example_python_operator.py
[2025-04-05T12:07:53.614+0000] {processor.py:925} INFO - DAG(s) 'example_python_operator' retrieved from /home/airflow/.local/lib/python3.12/site-packages/airflow/example_dags/example_python_operator.py
[2025-04-05T12:07:53.633+0000] {logging_mixin.py:190} INFO - [2025-04-05T12:07:53.633+0000] {dag.py:3239} INFO - Sync 1 DAGs
[2025-04-05T12:07:53.643+0000] {logging_mixin.py:190} INFO - [2025-04-05T12:07:53.643+0000] {dag.py:4180} INFO - Setting next_dagrun for example_python_operator to None, run_after=None
[2025-04-05T12:07:53.659+0000] {processor.py:208} INFO - Processing /home/airflow/.local/lib/python3.12/site-packages/airflow/example_dags/example_python_operator.py took 0.064 seconds
[2025-04-05T12:08:24.303+0000] {processor.py:186} INFO - Started process (PID=222) to work on /home/airflow/.local/lib/python3.12/site-packages/airflow/example_dags/example_python_operator.py
[2025-04-05T12:08:24.304+0000] {processor.py:914} INFO - Processing file /home/airflow/.local/lib/python3.12/site-packages/airflow/example_dags/example_python_operator.py for tasks to queue
[2025-04-05T12:08:24.305+0000] {logging_mixin.py:190} INFO - [2025-04-05T12:08:24.305+0000] {dagbag.py:588} INFO - Filling up the DagBag from /home/airflow/.local/lib/python3.12/site-packages/airflow/example_dags/example_python_operator.py
[2025-04-05T12:08:24.312+0000] {processor.py:925} INFO - DAG(s) 'example_python_operator' retrieved from /home/airflow/.local/lib/python3.12/site-packages/airflow/example_dags/example_python_operator.py
[2025-04-05T12:08:24.324+0000] {logging_mixin.py:190} INFO - [2025-04-05T12:08:24.324+0000] {dag.py:3239} INFO - Sync 1 DAGs
[2025-04-05T12:08:24.331+0000] {logging_mixin.py:190} INFO - [2025-04-05T12:08:24.331+0000] {dag.py:4180} INFO - Setting next_dagrun for example_python_operator to None, run_after=None
[2025-04-05T12:08:24.341+0000] {processor.py:208} INFO - Processing /home/airflow/.local/lib/python3.12/site-packages/airflow/example_dags/example_python_operator.py took 0.041 seconds
[2025-04-05T12:08:55.300+0000] {processor.py:186} INFO - Started process (PID=286) to work on /home/airflow/.local/lib/python3.12/site-packages/airflow/example_dags/example_python_operator.py
[2025-04-05T12:08:55.300+0000] {processor.py:914} INFO - Processing file /home/airflow/.local/lib/python3.12/site-packages/airflow/example_dags/example_python_operator.py for tasks to queue
[2025-04-05T12:08:55.302+0000] {logging_mixin.py:190} INFO - [2025-04-05T12:08:55.302+0000] {dagbag.py:588} INFO - Filling up the DagBag from /home/airflow/.local/lib/python3.12/site-packages/airflow/example_dags/example_python_operator.py
[2025-04-05T12:08:55.309+0000] {processor.py:925} INFO - DAG(s) 'example_python_operator' retrieved from /home/airflow/.local/lib/python3.12/site-packages/airflow/example_dags/example_python_operator.py
[2025-04-05T12:08:55.322+0000] {logging_mixin.py:190} INFO - [2025-04-05T12:08:55.322+0000] {dag.py:3239} INFO - Sync 1 DAGs
[2025-04-05T12:08:55.329+0000] {logging_mixin.py:190} INFO - [2025-04-05T12:08:55.328+0000] {dag.py:4180} INFO - Setting next_dagrun for example_python_operator to None, run_after=None
[2025-04-05T12:08:55.348+0000] {processor.py:208} INFO - Processing /home/airflow/.local/lib/python3.12/site-packages/airflow/example_dags/example_python_operator.py took 0.051 seconds
[2025-04-05T12:09:26.248+0000] {processor.py:186} INFO - Started process (PID=350) to work on /home/airflow/.local/lib/python3.12/site-packages/airflow/example_dags/example_python_operator.py
[2025-04-05T12:09:26.249+0000] {processor.py:914} INFO - Processing file /home/airflow/.local/lib/python3.12/site-packages/airflow/example_dags/example_python_operator.py for tasks to queue
[2025-04-05T12:09:26.250+0000] {logging_mixin.py:190} INFO - [2025-04-05T12:09:26.250+0000] {dagbag.py:588} INFO - Filling up the DagBag from /home/airflow/.local/lib/python3.12/site-packages/airflow/example_dags/example_python_operator.py
[2025-04-05T12:09:26.259+0000] {processor.py:925} INFO - DAG(s) 'example_python_operator' retrieved from /home/airflow/.local/lib/python3.12/site-packages/airflow/example_dags/example_python_operator.py
[2025-04-05T12:09:26.274+0000] {logging_mixin.py:190} INFO - [2025-04-05T12:09:26.274+0000] {dag.py:3239} INFO - Sync 1 DAGs
[2025-04-05T12:09:26.287+0000] {logging_mixin.py:190} INFO - [2025-04-05T12:09:26.287+0000] {dag.py:4180} INFO - Setting next_dagrun for example_python_operator to None, run_after=None
[2025-04-05T12:09:26.317+0000] {processor.py:208} INFO - Processing /home/airflow/.local/lib/python3.12/site-packages/airflow/example_dags/example_python_operator.py took 0.073 seconds
[2025-04-05T12:09:56.848+0000] {processor.py:186} INFO - Started process (PID=414) to work on /home/airflow/.local/lib/python3.12/site-packages/airflow/example_dags/example_python_operator.py
[2025-04-05T12:09:56.849+0000] {processor.py:914} INFO - Processing file /home/airflow/.local/lib/python3.12/site-packages/airflow/example_dags/example_python_operator.py for tasks to queue
[2025-04-05T12:09:56.850+0000] {logging_mixin.py:190} INFO - [2025-04-05T12:09:56.850+0000] {dagbag.py:588} INFO - Filling up the DagBag from /home/airflow/.local/lib/python3.12/site-packages/airflow/example_dags/example_python_operator.py
[2025-04-05T12:09:56.858+0000] {processor.py:925} INFO - DAG(s) 'example_python_operator' retrieved from /home/airflow/.local/lib/python3.12/site-packages/airflow/example_dags/example_python_operator.py
[2025-04-05T12:09:56.872+0000] {logging_mixin.py:190} INFO - [2025-04-05T12:09:56.872+0000] {dag.py:3239} INFO - Sync 1 DAGs
[2025-04-05T12:09:56.882+0000] {logging_mixin.py:190} INFO - [2025-04-05T12:09:56.882+0000] {dag.py:4180} INFO - Setting next_dagrun for example_python_operator to None, run_after=None
[2025-04-05T12:09:56.895+0000] {processor.py:208} INFO - Processing /home/airflow/.local/lib/python3.12/site-packages/airflow/example_dags/example_python_operator.py took 0.050 seconds
[2025-04-05T12:10:27.588+0000] {processor.py:186} INFO - Started process (PID=478) to work on /home/airflow/.local/lib/python3.12/site-packages/airflow/example_dags/example_python_operator.py
[2025-04-05T12:10:27.590+0000] {processor.py:914} INFO - Processing file /home/airflow/.local/lib/python3.12/site-packages/airflow/example_dags/example_python_operator.py for tasks to queue
[2025-04-05T12:10:27.592+0000] {logging_mixin.py:190} INFO - [2025-04-05T12:10:27.592+0000] {dagbag.py:588} INFO - Filling up the DagBag from /home/airflow/.local/lib/python3.12/site-packages/airflow/example_dags/example_python_operator.py
[2025-04-05T12:10:27.612+0000] {processor.py:925} INFO - DAG(s) 'example_python_operator' retrieved from /home/airflow/.local/lib/python3.12/site-packages/airflow/example_dags/example_python_operator.py
[2025-04-05T12:10:27.650+0000] {logging_mixin.py:190} INFO - [2025-04-05T12:10:27.650+0000] {dag.py:3239} INFO - Sync 1 DAGs
[2025-04-05T12:10:27.663+0000] {logging_mixin.py:190} INFO - [2025-04-05T12:10:27.663+0000] {dag.py:4180} INFO - Setting next_dagrun for example_python_operator to None, run_after=None
[2025-04-05T12:10:27.709+0000] {processor.py:208} INFO - Processing /home/airflow/.local/lib/python3.12/site-packages/airflow/example_dags/example_python_operator.py took 0.128 seconds
[2025-04-05T12:10:58.115+0000] {processor.py:186} INFO - Started process (PID=542) to work on /home/airflow/.local/lib/python3.12/site-packages/airflow/example_dags/example_python_operator.py
[2025-04-05T12:10:58.116+0000] {processor.py:914} INFO - Processing file /home/airflow/.local/lib/python3.12/site-packages/airflow/example_dags/example_python_operator.py for tasks to queue
[2025-04-05T12:10:58.117+0000] {logging_mixin.py:190} INFO - [2025-04-05T12:10:58.117+0000] {dagbag.py:588} INFO - Filling up the DagBag from /home/airflow/.local/lib/python3.12/site-packages/airflow/example_dags/example_python_operator.py
[2025-04-05T12:10:58.124+0000] {processor.py:925} INFO - DAG(s) 'example_python_operator' retrieved from /home/airflow/.local/lib/python3.12/site-packages/airflow/example_dags/example_python_operator.py
[2025-04-05T12:10:58.137+0000] {logging_mixin.py:190} INFO - [2025-04-05T12:10:58.137+0000] {dag.py:3239} INFO - Sync 1 DAGs
[2025-04-05T12:10:58.144+0000] {logging_mixin.py:190} INFO - [2025-04-05T12:10:58.144+0000] {dag.py:4180} INFO - Setting next_dagrun for example_python_operator to None, run_after=None
[2025-04-05T12:10:58.153+0000] {processor.py:208} INFO - Processing /home/airflow/.local/lib/python3.12/site-packages/airflow/example_dags/example_python_operator.py took 0.041 seconds
[2025-04-05T12:11:29.036+0000] {processor.py:186} INFO - Started process (PID=605) to work on /home/airflow/.local/lib/python3.12/site-packages/airflow/example_dags/example_python_operator.py
[2025-04-05T12:11:29.037+0000] {processor.py:914} INFO - Processing file /home/airflow/.local/lib/python3.12/site-packages/airflow/example_dags/example_python_operator.py for tasks to queue
[2025-04-05T12:11:29.038+0000] {logging_mixin.py:190} INFO - [2025-04-05T12:11:29.038+0000] {dagbag.py:588} INFO - Filling up the DagBag from /home/airflow/.local/lib/python3.12/site-packages/airflow/example_dags/example_python_operator.py
[2025-04-05T12:11:29.045+0000] {processor.py:925} INFO - DAG(s) 'example_python_operator' retrieved from /home/airflow/.local/lib/python3.12/site-packages/airflow/example_dags/example_python_operator.py
[2025-04-05T12:11:29.060+0000] {logging_mixin.py:190} INFO - [2025-04-05T12:11:29.060+0000] {dag.py:3239} INFO - Sync 1 DAGs
[2025-04-05T12:11:29.068+0000] {logging_mixin.py:190} INFO - [2025-04-05T12:11:29.068+0000] {dag.py:4180} INFO - Setting next_dagrun for example_python_operator to None, run_after=None
[2025-04-05T12:11:29.079+0000] {processor.py:208} INFO - Processing /home/airflow/.local/lib/python3.12/site-packages/airflow/example_dags/example_python_operator.py took 0.046 seconds
[2025-04-05T12:12:00.671+0000] {processor.py:186} INFO - Started process (PID=668) to work on /home/airflow/.local/lib/python3.12/site-packages/airflow/example_dags/example_python_operator.py
[2025-04-05T12:12:00.673+0000] {processor.py:914} INFO - Processing file /home/airflow/.local/lib/python3.12/site-packages/airflow/example_dags/example_python_operator.py for tasks to queue
[2025-04-05T12:12:00.674+0000] {logging_mixin.py:190} INFO - [2025-04-05T12:12:00.674+0000] {dagbag.py:588} INFO - Filling up the DagBag from /home/airflow/.local/lib/python3.12/site-packages/airflow/example_dags/example_python_operator.py
[2025-04-05T12:12:00.684+0000] {processor.py:925} INFO - DAG(s) 'example_python_operator' retrieved from /home/airflow/.local/lib/python3.12/site-packages/airflow/example_dags/example_python_operator.py
[2025-04-05T12:12:00.712+0000] {logging_mixin.py:190} INFO - [2025-04-05T12:12:00.712+0000] {dag.py:3239} INFO - Sync 1 DAGs
[2025-04-05T12:12:00.722+0000] {logging_mixin.py:190} INFO - [2025-04-05T12:12:00.722+0000] {dag.py:4180} INFO - Setting next_dagrun for example_python_operator to None, run_after=None
[2025-04-05T12:12:00.733+0000] {processor.py:208} INFO - Processing /home/airflow/.local/lib/python3.12/site-packages/airflow/example_dags/example_python_operator.py took 0.068 seconds
