[2025-04-05T11:23:25.876+0000] {processor.py:186} INFO - Started process (PID=102) to work on /home/airflow/.local/lib/python3.12/site-packages/airflow/example_dags/example_bash_operator.py
[2025-04-05T11:23:25.877+0000] {processor.py:914} INFO - Processing file /home/airflow/.local/lib/python3.12/site-packages/airflow/example_dags/example_bash_operator.py for tasks to queue
[2025-04-05T11:23:25.878+0000] {logging_mixin.py:190} INFO - [2025-04-05T11:23:25.878+0000] {dagbag.py:588} INFO - Filling up the DagBag from /home/airflow/.local/lib/python3.12/site-packages/airflow/example_dags/example_bash_operator.py
[2025-04-05T11:23:25.887+0000] {processor.py:925} INFO - DAG(s) 'example_bash_operator' retrieved from /home/airflow/.local/lib/python3.12/site-packages/airflow/example_dags/example_bash_operator.py
[2025-04-05T11:23:25.947+0000] {logging_mixin.py:190} INFO - [2025-04-05T11:23:25.946+0000] {override.py:1912} INFO - Created Permission View: can edit on DAG:example_bash_operator
[2025-04-05T11:23:25.950+0000] {logging_mixin.py:190} INFO - [2025-04-05T11:23:25.950+0000] {override.py:1912} INFO - Created Permission View: can read on DAG:example_bash_operator
[2025-04-05T11:23:25.953+0000] {logging_mixin.py:190} INFO - [2025-04-05T11:23:25.953+0000] {override.py:1912} INFO - Created Permission View: can delete on DAG:example_bash_operator
[2025-04-05T11:23:25.958+0000] {logging_mixin.py:190} INFO - [2025-04-05T11:23:25.958+0000] {override.py:1912} INFO - Created Permission View: menu access on DAG Run:example_bash_operator
[2025-04-05T11:23:25.963+0000] {logging_mixin.py:190} INFO - [2025-04-05T11:23:25.963+0000] {override.py:1912} INFO - Created Permission View: can read on DAG Run:example_bash_operator
[2025-04-05T11:23:25.965+0000] {logging_mixin.py:190} INFO - [2025-04-05T11:23:25.965+0000] {override.py:1912} INFO - Created Permission View: can create on DAG Run:example_bash_operator
[2025-04-05T11:23:25.968+0000] {logging_mixin.py:190} INFO - [2025-04-05T11:23:25.967+0000] {override.py:1912} INFO - Created Permission View: can delete on DAG Run:example_bash_operator
[2025-04-05T11:23:25.968+0000] {logging_mixin.py:190} INFO - [2025-04-05T11:23:25.968+0000] {dag.py:3239} INFO - Sync 1 DAGs
[2025-04-05T11:23:25.973+0000] {logging_mixin.py:190} INFO - [2025-04-05T11:23:25.973+0000] {dag.py:3262} INFO - Creating ORM DAG for example_bash_operator
[2025-04-05T11:23:25.978+0000] {logging_mixin.py:190} INFO - [2025-04-05T11:23:25.978+0000] {dag.py:4180} INFO - Setting next_dagrun for example_bash_operator to 2025-04-04 00:00:00+00:00, run_after=2025-04-05 00:00:00+00:00
[2025-04-05T11:23:25.986+0000] {processor.py:208} INFO - Processing /home/airflow/.local/lib/python3.12/site-packages/airflow/example_dags/example_bash_operator.py took 0.113 seconds
[2025-04-05T11:23:56.537+0000] {processor.py:186} INFO - Started process (PID=165) to work on /home/airflow/.local/lib/python3.12/site-packages/airflow/example_dags/example_bash_operator.py
[2025-04-05T11:23:56.538+0000] {processor.py:914} INFO - Processing file /home/airflow/.local/lib/python3.12/site-packages/airflow/example_dags/example_bash_operator.py for tasks to queue
[2025-04-05T11:23:56.540+0000] {logging_mixin.py:190} INFO - [2025-04-05T11:23:56.539+0000] {dagbag.py:588} INFO - Filling up the DagBag from /home/airflow/.local/lib/python3.12/site-packages/airflow/example_dags/example_bash_operator.py
[2025-04-05T11:23:56.550+0000] {processor.py:925} INFO - DAG(s) 'example_bash_operator' retrieved from /home/airflow/.local/lib/python3.12/site-packages/airflow/example_dags/example_bash_operator.py
[2025-04-05T11:23:56.567+0000] {logging_mixin.py:190} INFO - [2025-04-05T11:23:56.567+0000] {dag.py:3239} INFO - Sync 1 DAGs
[2025-04-05T11:23:56.585+0000] {logging_mixin.py:190} INFO - [2025-04-05T11:23:56.585+0000] {dag.py:4180} INFO - Setting next_dagrun for example_bash_operator to 2025-04-04 00:00:00+00:00, run_after=2025-04-05 00:00:00+00:00
[2025-04-05T11:23:56.598+0000] {processor.py:208} INFO - Processing /home/airflow/.local/lib/python3.12/site-packages/airflow/example_dags/example_bash_operator.py took 0.066 seconds
[2025-04-05T11:24:27.012+0000] {processor.py:186} INFO - Started process (PID=228) to work on /home/airflow/.local/lib/python3.12/site-packages/airflow/example_dags/example_bash_operator.py
[2025-04-05T11:24:27.015+0000] {processor.py:914} INFO - Processing file /home/airflow/.local/lib/python3.12/site-packages/airflow/example_dags/example_bash_operator.py for tasks to queue
[2025-04-05T11:24:27.017+0000] {logging_mixin.py:190} INFO - [2025-04-05T11:24:27.016+0000] {dagbag.py:588} INFO - Filling up the DagBag from /home/airflow/.local/lib/python3.12/site-packages/airflow/example_dags/example_bash_operator.py
[2025-04-05T11:24:27.023+0000] {processor.py:925} INFO - DAG(s) 'example_bash_operator' retrieved from /home/airflow/.local/lib/python3.12/site-packages/airflow/example_dags/example_bash_operator.py
[2025-04-05T11:24:27.045+0000] {logging_mixin.py:190} INFO - [2025-04-05T11:24:27.045+0000] {dag.py:3239} INFO - Sync 1 DAGs
[2025-04-05T11:24:27.056+0000] {logging_mixin.py:190} INFO - [2025-04-05T11:24:27.056+0000] {dag.py:4180} INFO - Setting next_dagrun for example_bash_operator to 2025-04-04 00:00:00+00:00, run_after=2025-04-05 00:00:00+00:00
[2025-04-05T11:24:27.063+0000] {processor.py:208} INFO - Processing /home/airflow/.local/lib/python3.12/site-packages/airflow/example_dags/example_bash_operator.py took 0.055 seconds
[2025-04-05T11:24:58.128+0000] {processor.py:186} INFO - Started process (PID=291) to work on /home/airflow/.local/lib/python3.12/site-packages/airflow/example_dags/example_bash_operator.py
[2025-04-05T11:24:58.129+0000] {processor.py:914} INFO - Processing file /home/airflow/.local/lib/python3.12/site-packages/airflow/example_dags/example_bash_operator.py for tasks to queue
[2025-04-05T11:24:58.130+0000] {logging_mixin.py:190} INFO - [2025-04-05T11:24:58.130+0000] {dagbag.py:588} INFO - Filling up the DagBag from /home/airflow/.local/lib/python3.12/site-packages/airflow/example_dags/example_bash_operator.py
[2025-04-05T11:24:58.136+0000] {processor.py:925} INFO - DAG(s) 'example_bash_operator' retrieved from /home/airflow/.local/lib/python3.12/site-packages/airflow/example_dags/example_bash_operator.py
[2025-04-05T11:24:58.149+0000] {logging_mixin.py:190} INFO - [2025-04-05T11:24:58.149+0000] {dag.py:3239} INFO - Sync 1 DAGs
[2025-04-05T11:24:58.160+0000] {logging_mixin.py:190} INFO - [2025-04-05T11:24:58.160+0000] {dag.py:4180} INFO - Setting next_dagrun for example_bash_operator to 2025-04-04 00:00:00+00:00, run_after=2025-04-05 00:00:00+00:00
[2025-04-05T11:24:58.168+0000] {processor.py:208} INFO - Processing /home/airflow/.local/lib/python3.12/site-packages/airflow/example_dags/example_bash_operator.py took 0.043 seconds
[2025-04-05T11:25:29.514+0000] {processor.py:186} INFO - Started process (PID=354) to work on /home/airflow/.local/lib/python3.12/site-packages/airflow/example_dags/example_bash_operator.py
[2025-04-05T11:25:29.517+0000] {processor.py:914} INFO - Processing file /home/airflow/.local/lib/python3.12/site-packages/airflow/example_dags/example_bash_operator.py for tasks to queue
[2025-04-05T11:25:29.519+0000] {logging_mixin.py:190} INFO - [2025-04-05T11:25:29.519+0000] {dagbag.py:588} INFO - Filling up the DagBag from /home/airflow/.local/lib/python3.12/site-packages/airflow/example_dags/example_bash_operator.py
[2025-04-05T11:25:29.528+0000] {processor.py:925} INFO - DAG(s) 'example_bash_operator' retrieved from /home/airflow/.local/lib/python3.12/site-packages/airflow/example_dags/example_bash_operator.py
[2025-04-05T11:25:29.544+0000] {logging_mixin.py:190} INFO - [2025-04-05T11:25:29.543+0000] {dag.py:3239} INFO - Sync 1 DAGs
[2025-04-05T11:25:29.559+0000] {logging_mixin.py:190} INFO - [2025-04-05T11:25:29.559+0000] {dag.py:4180} INFO - Setting next_dagrun for example_bash_operator to 2025-04-04 00:00:00+00:00, run_after=2025-04-05 00:00:00+00:00
[2025-04-05T11:25:29.572+0000] {processor.py:208} INFO - Processing /home/airflow/.local/lib/python3.12/site-packages/airflow/example_dags/example_bash_operator.py took 0.062 seconds
[2025-04-05T11:26:01.367+0000] {processor.py:186} INFO - Started process (PID=417) to work on /home/airflow/.local/lib/python3.12/site-packages/airflow/example_dags/example_bash_operator.py
[2025-04-05T11:26:01.368+0000] {processor.py:914} INFO - Processing file /home/airflow/.local/lib/python3.12/site-packages/airflow/example_dags/example_bash_operator.py for tasks to queue
[2025-04-05T11:26:01.369+0000] {logging_mixin.py:190} INFO - [2025-04-05T11:26:01.369+0000] {dagbag.py:588} INFO - Filling up the DagBag from /home/airflow/.local/lib/python3.12/site-packages/airflow/example_dags/example_bash_operator.py
[2025-04-05T11:26:01.378+0000] {processor.py:925} INFO - DAG(s) 'example_bash_operator' retrieved from /home/airflow/.local/lib/python3.12/site-packages/airflow/example_dags/example_bash_operator.py
[2025-04-05T11:26:01.392+0000] {logging_mixin.py:190} INFO - [2025-04-05T11:26:01.392+0000] {dag.py:3239} INFO - Sync 1 DAGs
[2025-04-05T11:26:01.406+0000] {logging_mixin.py:190} INFO - [2025-04-05T11:26:01.406+0000] {dag.py:4180} INFO - Setting next_dagrun for example_bash_operator to 2025-04-04 00:00:00+00:00, run_after=2025-04-05 00:00:00+00:00
[2025-04-05T11:26:01.418+0000] {processor.py:208} INFO - Processing /home/airflow/.local/lib/python3.12/site-packages/airflow/example_dags/example_bash_operator.py took 0.055 seconds
[2025-04-05T11:26:31.976+0000] {processor.py:186} INFO - Started process (PID=480) to work on /home/airflow/.local/lib/python3.12/site-packages/airflow/example_dags/example_bash_operator.py
[2025-04-05T11:26:31.977+0000] {processor.py:914} INFO - Processing file /home/airflow/.local/lib/python3.12/site-packages/airflow/example_dags/example_bash_operator.py for tasks to queue
[2025-04-05T11:26:31.981+0000] {logging_mixin.py:190} INFO - [2025-04-05T11:26:31.981+0000] {dagbag.py:588} INFO - Filling up the DagBag from /home/airflow/.local/lib/python3.12/site-packages/airflow/example_dags/example_bash_operator.py
[2025-04-05T11:26:31.989+0000] {processor.py:925} INFO - DAG(s) 'example_bash_operator' retrieved from /home/airflow/.local/lib/python3.12/site-packages/airflow/example_dags/example_bash_operator.py
[2025-04-05T11:26:32.008+0000] {logging_mixin.py:190} INFO - [2025-04-05T11:26:32.008+0000] {dag.py:3239} INFO - Sync 1 DAGs
[2025-04-05T11:26:32.020+0000] {logging_mixin.py:190} INFO - [2025-04-05T11:26:32.020+0000] {dag.py:4180} INFO - Setting next_dagrun for example_bash_operator to 2025-04-04 00:00:00+00:00, run_after=2025-04-05 00:00:00+00:00
[2025-04-05T11:26:32.029+0000] {processor.py:208} INFO - Processing /home/airflow/.local/lib/python3.12/site-packages/airflow/example_dags/example_bash_operator.py took 0.056 seconds
[2025-04-05T11:27:03.573+0000] {processor.py:186} INFO - Started process (PID=543) to work on /home/airflow/.local/lib/python3.12/site-packages/airflow/example_dags/example_bash_operator.py
[2025-04-05T11:27:03.575+0000] {processor.py:914} INFO - Processing file /home/airflow/.local/lib/python3.12/site-packages/airflow/example_dags/example_bash_operator.py for tasks to queue
[2025-04-05T11:27:03.578+0000] {logging_mixin.py:190} INFO - [2025-04-05T11:27:03.578+0000] {dagbag.py:588} INFO - Filling up the DagBag from /home/airflow/.local/lib/python3.12/site-packages/airflow/example_dags/example_bash_operator.py
[2025-04-05T11:27:03.594+0000] {processor.py:925} INFO - DAG(s) 'example_bash_operator' retrieved from /home/airflow/.local/lib/python3.12/site-packages/airflow/example_dags/example_bash_operator.py
[2025-04-05T11:27:03.612+0000] {logging_mixin.py:190} INFO - [2025-04-05T11:27:03.611+0000] {dag.py:3239} INFO - Sync 1 DAGs
[2025-04-05T11:27:03.626+0000] {logging_mixin.py:190} INFO - [2025-04-05T11:27:03.626+0000] {dag.py:4180} INFO - Setting next_dagrun for example_bash_operator to 2025-04-04 00:00:00+00:00, run_after=2025-04-05 00:00:00+00:00
[2025-04-05T11:27:03.637+0000] {processor.py:208} INFO - Processing /home/airflow/.local/lib/python3.12/site-packages/airflow/example_dags/example_bash_operator.py took 0.071 seconds
[2025-04-05T11:31:59.874+0000] {processor.py:186} INFO - Started process (PID=102) to work on /home/airflow/.local/lib/python3.12/site-packages/airflow/example_dags/example_bash_operator.py
[2025-04-05T11:31:59.875+0000] {processor.py:914} INFO - Processing file /home/airflow/.local/lib/python3.12/site-packages/airflow/example_dags/example_bash_operator.py for tasks to queue
[2025-04-05T11:31:59.876+0000] {logging_mixin.py:190} INFO - [2025-04-05T11:31:59.876+0000] {dagbag.py:588} INFO - Filling up the DagBag from /home/airflow/.local/lib/python3.12/site-packages/airflow/example_dags/example_bash_operator.py
[2025-04-05T11:31:59.883+0000] {processor.py:925} INFO - DAG(s) 'example_bash_operator' retrieved from /home/airflow/.local/lib/python3.12/site-packages/airflow/example_dags/example_bash_operator.py
[2025-04-05T11:31:59.902+0000] {logging_mixin.py:190} INFO - [2025-04-05T11:31:59.902+0000] {dag.py:3239} INFO - Sync 1 DAGs
[2025-04-05T11:31:59.914+0000] {logging_mixin.py:190} INFO - [2025-04-05T11:31:59.914+0000] {dag.py:4180} INFO - Setting next_dagrun for example_bash_operator to 2025-04-04 00:00:00+00:00, run_after=2025-04-05 00:00:00+00:00
[2025-04-05T11:31:59.921+0000] {processor.py:208} INFO - Processing /home/airflow/.local/lib/python3.12/site-packages/airflow/example_dags/example_bash_operator.py took 0.051 seconds
[2025-04-05T11:32:30.798+0000] {processor.py:186} INFO - Started process (PID=165) to work on /home/airflow/.local/lib/python3.12/site-packages/airflow/example_dags/example_bash_operator.py
[2025-04-05T11:32:30.800+0000] {processor.py:914} INFO - Processing file /home/airflow/.local/lib/python3.12/site-packages/airflow/example_dags/example_bash_operator.py for tasks to queue
[2025-04-05T11:32:30.801+0000] {logging_mixin.py:190} INFO - [2025-04-05T11:32:30.801+0000] {dagbag.py:588} INFO - Filling up the DagBag from /home/airflow/.local/lib/python3.12/site-packages/airflow/example_dags/example_bash_operator.py
[2025-04-05T11:32:30.809+0000] {processor.py:925} INFO - DAG(s) 'example_bash_operator' retrieved from /home/airflow/.local/lib/python3.12/site-packages/airflow/example_dags/example_bash_operator.py
[2025-04-05T11:32:30.827+0000] {logging_mixin.py:190} INFO - [2025-04-05T11:32:30.827+0000] {dag.py:3239} INFO - Sync 1 DAGs
[2025-04-05T11:32:30.846+0000] {logging_mixin.py:190} INFO - [2025-04-05T11:32:30.846+0000] {dag.py:4180} INFO - Setting next_dagrun for example_bash_operator to 2025-04-04 00:00:00+00:00, run_after=2025-04-05 00:00:00+00:00
[2025-04-05T11:32:30.857+0000] {processor.py:208} INFO - Processing /home/airflow/.local/lib/python3.12/site-packages/airflow/example_dags/example_bash_operator.py took 0.061 seconds
[2025-04-05T11:39:08.636+0000] {processor.py:186} INFO - Started process (PID=107) to work on /home/airflow/.local/lib/python3.12/site-packages/airflow/example_dags/example_bash_operator.py
[2025-04-05T11:39:08.638+0000] {processor.py:914} INFO - Processing file /home/airflow/.local/lib/python3.12/site-packages/airflow/example_dags/example_bash_operator.py for tasks to queue
[2025-04-05T11:39:08.642+0000] {logging_mixin.py:190} INFO - [2025-04-05T11:39:08.642+0000] {dagbag.py:588} INFO - Filling up the DagBag from /home/airflow/.local/lib/python3.12/site-packages/airflow/example_dags/example_bash_operator.py
[2025-04-05T11:39:08.656+0000] {processor.py:925} INFO - DAG(s) 'example_bash_operator' retrieved from /home/airflow/.local/lib/python3.12/site-packages/airflow/example_dags/example_bash_operator.py
[2025-04-05T11:39:08.685+0000] {logging_mixin.py:190} INFO - [2025-04-05T11:39:08.685+0000] {dag.py:3239} INFO - Sync 1 DAGs
[2025-04-05T11:39:08.702+0000] {logging_mixin.py:190} INFO - [2025-04-05T11:39:08.702+0000] {dag.py:4180} INFO - Setting next_dagrun for example_bash_operator to 2025-04-04 00:00:00+00:00, run_after=2025-04-05 00:00:00+00:00
[2025-04-05T11:39:08.719+0000] {processor.py:208} INFO - Processing /home/airflow/.local/lib/python3.12/site-packages/airflow/example_dags/example_bash_operator.py took 0.086 seconds
[2025-04-05T11:39:40.008+0000] {processor.py:186} INFO - Started process (PID=171) to work on /home/airflow/.local/lib/python3.12/site-packages/airflow/example_dags/example_bash_operator.py
[2025-04-05T11:39:40.010+0000] {processor.py:914} INFO - Processing file /home/airflow/.local/lib/python3.12/site-packages/airflow/example_dags/example_bash_operator.py for tasks to queue
[2025-04-05T11:39:40.013+0000] {logging_mixin.py:190} INFO - [2025-04-05T11:39:40.013+0000] {dagbag.py:588} INFO - Filling up the DagBag from /home/airflow/.local/lib/python3.12/site-packages/airflow/example_dags/example_bash_operator.py
[2025-04-05T11:39:40.050+0000] {processor.py:925} INFO - DAG(s) 'example_bash_operator' retrieved from /home/airflow/.local/lib/python3.12/site-packages/airflow/example_dags/example_bash_operator.py
[2025-04-05T11:39:40.106+0000] {logging_mixin.py:190} INFO - [2025-04-05T11:39:40.104+0000] {dag.py:3239} INFO - Sync 1 DAGs
[2025-04-05T11:39:40.147+0000] {logging_mixin.py:190} INFO - [2025-04-05T11:39:40.147+0000] {dag.py:4180} INFO - Setting next_dagrun for example_bash_operator to 2025-04-04 00:00:00+00:00, run_after=2025-04-05 00:00:00+00:00
[2025-04-05T11:39:40.192+0000] {processor.py:208} INFO - Processing /home/airflow/.local/lib/python3.12/site-packages/airflow/example_dags/example_bash_operator.py took 0.194 seconds
[2025-04-05T11:40:10.976+0000] {processor.py:186} INFO - Started process (PID=234) to work on /home/airflow/.local/lib/python3.12/site-packages/airflow/example_dags/example_bash_operator.py
[2025-04-05T11:40:10.978+0000] {processor.py:914} INFO - Processing file /home/airflow/.local/lib/python3.12/site-packages/airflow/example_dags/example_bash_operator.py for tasks to queue
[2025-04-05T11:40:10.980+0000] {logging_mixin.py:190} INFO - [2025-04-05T11:40:10.980+0000] {dagbag.py:588} INFO - Filling up the DagBag from /home/airflow/.local/lib/python3.12/site-packages/airflow/example_dags/example_bash_operator.py
[2025-04-05T11:40:10.989+0000] {processor.py:925} INFO - DAG(s) 'example_bash_operator' retrieved from /home/airflow/.local/lib/python3.12/site-packages/airflow/example_dags/example_bash_operator.py
[2025-04-05T11:40:11.007+0000] {logging_mixin.py:190} INFO - [2025-04-05T11:40:11.007+0000] {dag.py:3239} INFO - Sync 1 DAGs
[2025-04-05T11:40:11.037+0000] {logging_mixin.py:190} INFO - [2025-04-05T11:40:11.037+0000] {dag.py:4180} INFO - Setting next_dagrun for example_bash_operator to 2025-04-04 00:00:00+00:00, run_after=2025-04-05 00:00:00+00:00
[2025-04-05T11:40:11.088+0000] {processor.py:208} INFO - Processing /home/airflow/.local/lib/python3.12/site-packages/airflow/example_dags/example_bash_operator.py took 0.117 seconds
[2025-04-05T11:40:41.354+0000] {processor.py:186} INFO - Started process (PID=296) to work on /home/airflow/.local/lib/python3.12/site-packages/airflow/example_dags/example_bash_operator.py
[2025-04-05T11:40:41.355+0000] {processor.py:914} INFO - Processing file /home/airflow/.local/lib/python3.12/site-packages/airflow/example_dags/example_bash_operator.py for tasks to queue
[2025-04-05T11:40:41.357+0000] {logging_mixin.py:190} INFO - [2025-04-05T11:40:41.356+0000] {dagbag.py:588} INFO - Filling up the DagBag from /home/airflow/.local/lib/python3.12/site-packages/airflow/example_dags/example_bash_operator.py
[2025-04-05T11:40:41.364+0000] {processor.py:925} INFO - DAG(s) 'example_bash_operator' retrieved from /home/airflow/.local/lib/python3.12/site-packages/airflow/example_dags/example_bash_operator.py
[2025-04-05T11:40:41.384+0000] {logging_mixin.py:190} INFO - [2025-04-05T11:40:41.384+0000] {dag.py:3239} INFO - Sync 1 DAGs
[2025-04-05T11:40:41.398+0000] {logging_mixin.py:190} INFO - [2025-04-05T11:40:41.398+0000] {dag.py:4180} INFO - Setting next_dagrun for example_bash_operator to 2025-04-04 00:00:00+00:00, run_after=2025-04-05 00:00:00+00:00
[2025-04-05T11:40:41.413+0000] {processor.py:208} INFO - Processing /home/airflow/.local/lib/python3.12/site-packages/airflow/example_dags/example_bash_operator.py took 0.062 seconds
[2025-04-05T11:41:12.382+0000] {processor.py:186} INFO - Started process (PID=359) to work on /home/airflow/.local/lib/python3.12/site-packages/airflow/example_dags/example_bash_operator.py
[2025-04-05T11:41:12.384+0000] {processor.py:914} INFO - Processing file /home/airflow/.local/lib/python3.12/site-packages/airflow/example_dags/example_bash_operator.py for tasks to queue
[2025-04-05T11:41:12.387+0000] {logging_mixin.py:190} INFO - [2025-04-05T11:41:12.387+0000] {dagbag.py:588} INFO - Filling up the DagBag from /home/airflow/.local/lib/python3.12/site-packages/airflow/example_dags/example_bash_operator.py
[2025-04-05T11:41:12.398+0000] {processor.py:925} INFO - DAG(s) 'example_bash_operator' retrieved from /home/airflow/.local/lib/python3.12/site-packages/airflow/example_dags/example_bash_operator.py
[2025-04-05T11:41:12.434+0000] {logging_mixin.py:190} INFO - [2025-04-05T11:41:12.434+0000] {dag.py:3239} INFO - Sync 1 DAGs
[2025-04-05T11:41:12.458+0000] {logging_mixin.py:190} INFO - [2025-04-05T11:41:12.458+0000] {dag.py:4180} INFO - Setting next_dagrun for example_bash_operator to 2025-04-04 00:00:00+00:00, run_after=2025-04-05 00:00:00+00:00
[2025-04-05T11:41:12.472+0000] {processor.py:208} INFO - Processing /home/airflow/.local/lib/python3.12/site-packages/airflow/example_dags/example_bash_operator.py took 0.094 seconds
[2025-04-05T11:41:42.822+0000] {processor.py:186} INFO - Started process (PID=421) to work on /home/airflow/.local/lib/python3.12/site-packages/airflow/example_dags/example_bash_operator.py
[2025-04-05T11:41:42.822+0000] {processor.py:914} INFO - Processing file /home/airflow/.local/lib/python3.12/site-packages/airflow/example_dags/example_bash_operator.py for tasks to queue
[2025-04-05T11:41:42.823+0000] {logging_mixin.py:190} INFO - [2025-04-05T11:41:42.823+0000] {dagbag.py:588} INFO - Filling up the DagBag from /home/airflow/.local/lib/python3.12/site-packages/airflow/example_dags/example_bash_operator.py
[2025-04-05T11:41:42.830+0000] {processor.py:925} INFO - DAG(s) 'example_bash_operator' retrieved from /home/airflow/.local/lib/python3.12/site-packages/airflow/example_dags/example_bash_operator.py
[2025-04-05T11:41:42.843+0000] {logging_mixin.py:190} INFO - [2025-04-05T11:41:42.842+0000] {dag.py:3239} INFO - Sync 1 DAGs
[2025-04-05T11:41:42.856+0000] {logging_mixin.py:190} INFO - [2025-04-05T11:41:42.855+0000] {dag.py:4180} INFO - Setting next_dagrun for example_bash_operator to 2025-04-04 00:00:00+00:00, run_after=2025-04-05 00:00:00+00:00
[2025-04-05T11:41:42.865+0000] {processor.py:208} INFO - Processing /home/airflow/.local/lib/python3.12/site-packages/airflow/example_dags/example_bash_operator.py took 0.048 seconds
[2025-04-05T11:42:13.038+0000] {processor.py:186} INFO - Started process (PID=484) to work on /home/airflow/.local/lib/python3.12/site-packages/airflow/example_dags/example_bash_operator.py
[2025-04-05T11:42:13.039+0000] {processor.py:914} INFO - Processing file /home/airflow/.local/lib/python3.12/site-packages/airflow/example_dags/example_bash_operator.py for tasks to queue
[2025-04-05T11:42:13.041+0000] {logging_mixin.py:190} INFO - [2025-04-05T11:42:13.040+0000] {dagbag.py:588} INFO - Filling up the DagBag from /home/airflow/.local/lib/python3.12/site-packages/airflow/example_dags/example_bash_operator.py
[2025-04-05T11:42:13.049+0000] {processor.py:925} INFO - DAG(s) 'example_bash_operator' retrieved from /home/airflow/.local/lib/python3.12/site-packages/airflow/example_dags/example_bash_operator.py
[2025-04-05T11:42:13.068+0000] {logging_mixin.py:190} INFO - [2025-04-05T11:42:13.068+0000] {dag.py:3239} INFO - Sync 1 DAGs
[2025-04-05T11:42:13.083+0000] {logging_mixin.py:190} INFO - [2025-04-05T11:42:13.083+0000] {dag.py:4180} INFO - Setting next_dagrun for example_bash_operator to 2025-04-04 00:00:00+00:00, run_after=2025-04-05 00:00:00+00:00
[2025-04-05T11:42:13.096+0000] {processor.py:208} INFO - Processing /home/airflow/.local/lib/python3.12/site-packages/airflow/example_dags/example_bash_operator.py took 0.065 seconds
[2025-04-05T11:42:43.569+0000] {processor.py:186} INFO - Started process (PID=547) to work on /home/airflow/.local/lib/python3.12/site-packages/airflow/example_dags/example_bash_operator.py
[2025-04-05T11:42:43.570+0000] {processor.py:914} INFO - Processing file /home/airflow/.local/lib/python3.12/site-packages/airflow/example_dags/example_bash_operator.py for tasks to queue
[2025-04-05T11:42:43.571+0000] {logging_mixin.py:190} INFO - [2025-04-05T11:42:43.571+0000] {dagbag.py:588} INFO - Filling up the DagBag from /home/airflow/.local/lib/python3.12/site-packages/airflow/example_dags/example_bash_operator.py
[2025-04-05T11:42:43.579+0000] {processor.py:925} INFO - DAG(s) 'example_bash_operator' retrieved from /home/airflow/.local/lib/python3.12/site-packages/airflow/example_dags/example_bash_operator.py
[2025-04-05T11:42:43.600+0000] {logging_mixin.py:190} INFO - [2025-04-05T11:42:43.599+0000] {dag.py:3239} INFO - Sync 1 DAGs
[2025-04-05T11:42:43.612+0000] {logging_mixin.py:190} INFO - [2025-04-05T11:42:43.612+0000] {dag.py:4180} INFO - Setting next_dagrun for example_bash_operator to 2025-04-04 00:00:00+00:00, run_after=2025-04-05 00:00:00+00:00
[2025-04-05T11:42:43.629+0000] {processor.py:208} INFO - Processing /home/airflow/.local/lib/python3.12/site-packages/airflow/example_dags/example_bash_operator.py took 0.064 seconds
[2025-04-05T11:44:52.424+0000] {processor.py:186} INFO - Started process (PID=101) to work on /home/airflow/.local/lib/python3.12/site-packages/airflow/example_dags/example_bash_operator.py
[2025-04-05T11:44:52.427+0000] {processor.py:914} INFO - Processing file /home/airflow/.local/lib/python3.12/site-packages/airflow/example_dags/example_bash_operator.py for tasks to queue
[2025-04-05T11:44:52.429+0000] {logging_mixin.py:190} INFO - [2025-04-05T11:44:52.428+0000] {dagbag.py:588} INFO - Filling up the DagBag from /home/airflow/.local/lib/python3.12/site-packages/airflow/example_dags/example_bash_operator.py
[2025-04-05T11:44:52.440+0000] {processor.py:925} INFO - DAG(s) 'example_bash_operator' retrieved from /home/airflow/.local/lib/python3.12/site-packages/airflow/example_dags/example_bash_operator.py
[2025-04-05T11:44:52.462+0000] {logging_mixin.py:190} INFO - [2025-04-05T11:44:52.461+0000] {dag.py:3239} INFO - Sync 1 DAGs
[2025-04-05T11:44:52.476+0000] {logging_mixin.py:190} INFO - [2025-04-05T11:44:52.476+0000] {dag.py:4180} INFO - Setting next_dagrun for example_bash_operator to 2025-04-04 00:00:00+00:00, run_after=2025-04-05 00:00:00+00:00
[2025-04-05T11:44:52.486+0000] {processor.py:208} INFO - Processing /home/airflow/.local/lib/python3.12/site-packages/airflow/example_dags/example_bash_operator.py took 0.073 seconds
[2025-04-05T11:45:23.718+0000] {processor.py:186} INFO - Started process (PID=165) to work on /home/airflow/.local/lib/python3.12/site-packages/airflow/example_dags/example_bash_operator.py
[2025-04-05T11:45:23.720+0000] {processor.py:914} INFO - Processing file /home/airflow/.local/lib/python3.12/site-packages/airflow/example_dags/example_bash_operator.py for tasks to queue
[2025-04-05T11:45:23.722+0000] {logging_mixin.py:190} INFO - [2025-04-05T11:45:23.722+0000] {dagbag.py:588} INFO - Filling up the DagBag from /home/airflow/.local/lib/python3.12/site-packages/airflow/example_dags/example_bash_operator.py
[2025-04-05T11:45:23.732+0000] {processor.py:925} INFO - DAG(s) 'example_bash_operator' retrieved from /home/airflow/.local/lib/python3.12/site-packages/airflow/example_dags/example_bash_operator.py
[2025-04-05T11:45:23.749+0000] {logging_mixin.py:190} INFO - [2025-04-05T11:45:23.749+0000] {dag.py:3239} INFO - Sync 1 DAGs
[2025-04-05T11:45:23.767+0000] {logging_mixin.py:190} INFO - [2025-04-05T11:45:23.767+0000] {dag.py:4180} INFO - Setting next_dagrun for example_bash_operator to 2025-04-04 00:00:00+00:00, run_after=2025-04-05 00:00:00+00:00
[2025-04-05T11:45:23.792+0000] {processor.py:208} INFO - Processing /home/airflow/.local/lib/python3.12/site-packages/airflow/example_dags/example_bash_operator.py took 0.078 seconds
[2025-04-05T11:45:54.673+0000] {processor.py:186} INFO - Started process (PID=229) to work on /home/airflow/.local/lib/python3.12/site-packages/airflow/example_dags/example_bash_operator.py
[2025-04-05T11:45:54.674+0000] {processor.py:914} INFO - Processing file /home/airflow/.local/lib/python3.12/site-packages/airflow/example_dags/example_bash_operator.py for tasks to queue
[2025-04-05T11:45:54.675+0000] {logging_mixin.py:190} INFO - [2025-04-05T11:45:54.675+0000] {dagbag.py:588} INFO - Filling up the DagBag from /home/airflow/.local/lib/python3.12/site-packages/airflow/example_dags/example_bash_operator.py
[2025-04-05T11:45:54.685+0000] {processor.py:925} INFO - DAG(s) 'example_bash_operator' retrieved from /home/airflow/.local/lib/python3.12/site-packages/airflow/example_dags/example_bash_operator.py
[2025-04-05T11:45:54.704+0000] {logging_mixin.py:190} INFO - [2025-04-05T11:45:54.704+0000] {dag.py:3239} INFO - Sync 1 DAGs
[2025-04-05T11:45:54.720+0000] {logging_mixin.py:190} INFO - [2025-04-05T11:45:54.720+0000] {dag.py:4180} INFO - Setting next_dagrun for example_bash_operator to 2025-04-04 00:00:00+00:00, run_after=2025-04-05 00:00:00+00:00
[2025-04-05T11:45:54.739+0000] {processor.py:208} INFO - Processing /home/airflow/.local/lib/python3.12/site-packages/airflow/example_dags/example_bash_operator.py took 0.070 seconds
[2025-04-05T11:46:26.479+0000] {processor.py:186} INFO - Started process (PID=293) to work on /home/airflow/.local/lib/python3.12/site-packages/airflow/example_dags/example_bash_operator.py
[2025-04-05T11:46:26.481+0000] {processor.py:914} INFO - Processing file /home/airflow/.local/lib/python3.12/site-packages/airflow/example_dags/example_bash_operator.py for tasks to queue
[2025-04-05T11:46:26.485+0000] {logging_mixin.py:190} INFO - [2025-04-05T11:46:26.484+0000] {dagbag.py:588} INFO - Filling up the DagBag from /home/airflow/.local/lib/python3.12/site-packages/airflow/example_dags/example_bash_operator.py
[2025-04-05T11:46:26.503+0000] {processor.py:925} INFO - DAG(s) 'example_bash_operator' retrieved from /home/airflow/.local/lib/python3.12/site-packages/airflow/example_dags/example_bash_operator.py
[2025-04-05T11:46:26.523+0000] {logging_mixin.py:190} INFO - [2025-04-05T11:46:26.523+0000] {dag.py:3239} INFO - Sync 1 DAGs
[2025-04-05T11:46:26.543+0000] {logging_mixin.py:190} INFO - [2025-04-05T11:46:26.543+0000] {dag.py:4180} INFO - Setting next_dagrun for example_bash_operator to 2025-04-04 00:00:00+00:00, run_after=2025-04-05 00:00:00+00:00
[2025-04-05T11:46:26.555+0000] {processor.py:208} INFO - Processing /home/airflow/.local/lib/python3.12/site-packages/airflow/example_dags/example_bash_operator.py took 0.083 seconds
[2025-04-05T11:46:57.028+0000] {processor.py:186} INFO - Started process (PID=356) to work on /home/airflow/.local/lib/python3.12/site-packages/airflow/example_dags/example_bash_operator.py
[2025-04-05T11:46:57.031+0000] {processor.py:914} INFO - Processing file /home/airflow/.local/lib/python3.12/site-packages/airflow/example_dags/example_bash_operator.py for tasks to queue
[2025-04-05T11:46:57.033+0000] {logging_mixin.py:190} INFO - [2025-04-05T11:46:57.033+0000] {dagbag.py:588} INFO - Filling up the DagBag from /home/airflow/.local/lib/python3.12/site-packages/airflow/example_dags/example_bash_operator.py
[2025-04-05T11:46:57.041+0000] {processor.py:925} INFO - DAG(s) 'example_bash_operator' retrieved from /home/airflow/.local/lib/python3.12/site-packages/airflow/example_dags/example_bash_operator.py
[2025-04-05T11:46:57.055+0000] {logging_mixin.py:190} INFO - [2025-04-05T11:46:57.055+0000] {dag.py:3239} INFO - Sync 1 DAGs
[2025-04-05T11:46:57.068+0000] {logging_mixin.py:190} INFO - [2025-04-05T11:46:57.068+0000] {dag.py:4180} INFO - Setting next_dagrun for example_bash_operator to 2025-04-04 00:00:00+00:00, run_after=2025-04-05 00:00:00+00:00
[2025-04-05T11:46:57.081+0000] {processor.py:208} INFO - Processing /home/airflow/.local/lib/python3.12/site-packages/airflow/example_dags/example_bash_operator.py took 0.057 seconds
[2025-04-05T11:47:28.144+0000] {processor.py:186} INFO - Started process (PID=420) to work on /home/airflow/.local/lib/python3.12/site-packages/airflow/example_dags/example_bash_operator.py
[2025-04-05T11:47:28.146+0000] {processor.py:914} INFO - Processing file /home/airflow/.local/lib/python3.12/site-packages/airflow/example_dags/example_bash_operator.py for tasks to queue
[2025-04-05T11:47:28.147+0000] {logging_mixin.py:190} INFO - [2025-04-05T11:47:28.147+0000] {dagbag.py:588} INFO - Filling up the DagBag from /home/airflow/.local/lib/python3.12/site-packages/airflow/example_dags/example_bash_operator.py
[2025-04-05T11:47:28.153+0000] {processor.py:925} INFO - DAG(s) 'example_bash_operator' retrieved from /home/airflow/.local/lib/python3.12/site-packages/airflow/example_dags/example_bash_operator.py
[2025-04-05T11:47:28.165+0000] {logging_mixin.py:190} INFO - [2025-04-05T11:47:28.165+0000] {dag.py:3239} INFO - Sync 1 DAGs
[2025-04-05T11:47:28.176+0000] {logging_mixin.py:190} INFO - [2025-04-05T11:47:28.176+0000] {dag.py:4180} INFO - Setting next_dagrun for example_bash_operator to 2025-04-04 00:00:00+00:00, run_after=2025-04-05 00:00:00+00:00
[2025-04-05T11:47:28.184+0000] {processor.py:208} INFO - Processing /home/airflow/.local/lib/python3.12/site-packages/airflow/example_dags/example_bash_operator.py took 0.043 seconds
[2025-04-05T11:50:08.533+0000] {processor.py:186} INFO - Started process (PID=109) to work on /home/airflow/.local/lib/python3.12/site-packages/airflow/example_dags/example_bash_operator.py
[2025-04-05T11:50:08.535+0000] {processor.py:914} INFO - Processing file /home/airflow/.local/lib/python3.12/site-packages/airflow/example_dags/example_bash_operator.py for tasks to queue
[2025-04-05T11:50:08.540+0000] {logging_mixin.py:190} INFO - [2025-04-05T11:50:08.539+0000] {dagbag.py:588} INFO - Filling up the DagBag from /home/airflow/.local/lib/python3.12/site-packages/airflow/example_dags/example_bash_operator.py
[2025-04-05T11:50:08.606+0000] {processor.py:925} INFO - DAG(s) 'example_bash_operator' retrieved from /home/airflow/.local/lib/python3.12/site-packages/airflow/example_dags/example_bash_operator.py
[2025-04-05T11:50:08.832+0000] {logging_mixin.py:190} INFO - [2025-04-05T11:50:08.831+0000] {dag.py:3239} INFO - Sync 1 DAGs
[2025-04-05T11:50:08.921+0000] {logging_mixin.py:190} INFO - [2025-04-05T11:50:08.920+0000] {dag.py:4180} INFO - Setting next_dagrun for example_bash_operator to 2025-04-04 00:00:00+00:00, run_after=2025-04-05 00:00:00+00:00
[2025-04-05T11:50:08.983+0000] {processor.py:208} INFO - Processing /home/airflow/.local/lib/python3.12/site-packages/airflow/example_dags/example_bash_operator.py took 0.463 seconds
[2025-04-05T11:50:39.090+0000] {processor.py:186} INFO - Started process (PID=173) to work on /home/airflow/.local/lib/python3.12/site-packages/airflow/example_dags/example_bash_operator.py
[2025-04-05T11:50:39.091+0000] {processor.py:914} INFO - Processing file /home/airflow/.local/lib/python3.12/site-packages/airflow/example_dags/example_bash_operator.py for tasks to queue
[2025-04-05T11:50:39.093+0000] {logging_mixin.py:190} INFO - [2025-04-05T11:50:39.093+0000] {dagbag.py:588} INFO - Filling up the DagBag from /home/airflow/.local/lib/python3.12/site-packages/airflow/example_dags/example_bash_operator.py
[2025-04-05T11:50:39.100+0000] {processor.py:925} INFO - DAG(s) 'example_bash_operator' retrieved from /home/airflow/.local/lib/python3.12/site-packages/airflow/example_dags/example_bash_operator.py
[2025-04-05T11:50:39.113+0000] {logging_mixin.py:190} INFO - [2025-04-05T11:50:39.113+0000] {dag.py:3239} INFO - Sync 1 DAGs
[2025-04-05T11:50:39.131+0000] {logging_mixin.py:190} INFO - [2025-04-05T11:50:39.131+0000] {dag.py:4180} INFO - Setting next_dagrun for example_bash_operator to 2025-04-04 00:00:00+00:00, run_after=2025-04-05 00:00:00+00:00
[2025-04-05T11:50:39.145+0000] {processor.py:208} INFO - Processing /home/airflow/.local/lib/python3.12/site-packages/airflow/example_dags/example_bash_operator.py took 0.058 seconds
[2025-04-05T11:51:09.594+0000] {processor.py:186} INFO - Started process (PID=236) to work on /home/airflow/.local/lib/python3.12/site-packages/airflow/example_dags/example_bash_operator.py
[2025-04-05T11:51:09.594+0000] {processor.py:914} INFO - Processing file /home/airflow/.local/lib/python3.12/site-packages/airflow/example_dags/example_bash_operator.py for tasks to queue
[2025-04-05T11:51:09.596+0000] {logging_mixin.py:190} INFO - [2025-04-05T11:51:09.596+0000] {dagbag.py:588} INFO - Filling up the DagBag from /home/airflow/.local/lib/python3.12/site-packages/airflow/example_dags/example_bash_operator.py
[2025-04-05T11:51:09.605+0000] {processor.py:925} INFO - DAG(s) 'example_bash_operator' retrieved from /home/airflow/.local/lib/python3.12/site-packages/airflow/example_dags/example_bash_operator.py
[2025-04-05T11:51:09.623+0000] {logging_mixin.py:190} INFO - [2025-04-05T11:51:09.623+0000] {dag.py:3239} INFO - Sync 1 DAGs
[2025-04-05T11:51:09.646+0000] {logging_mixin.py:190} INFO - [2025-04-05T11:51:09.646+0000] {dag.py:4180} INFO - Setting next_dagrun for example_bash_operator to 2025-04-04 00:00:00+00:00, run_after=2025-04-05 00:00:00+00:00
[2025-04-05T11:51:09.655+0000] {processor.py:208} INFO - Processing /home/airflow/.local/lib/python3.12/site-packages/airflow/example_dags/example_bash_operator.py took 0.065 seconds
[2025-04-05T11:51:40.003+0000] {processor.py:186} INFO - Started process (PID=300) to work on /home/airflow/.local/lib/python3.12/site-packages/airflow/example_dags/example_bash_operator.py
[2025-04-05T11:51:40.003+0000] {processor.py:914} INFO - Processing file /home/airflow/.local/lib/python3.12/site-packages/airflow/example_dags/example_bash_operator.py for tasks to queue
[2025-04-05T11:51:40.005+0000] {logging_mixin.py:190} INFO - [2025-04-05T11:51:40.005+0000] {dagbag.py:588} INFO - Filling up the DagBag from /home/airflow/.local/lib/python3.12/site-packages/airflow/example_dags/example_bash_operator.py
[2025-04-05T11:51:40.013+0000] {processor.py:925} INFO - DAG(s) 'example_bash_operator' retrieved from /home/airflow/.local/lib/python3.12/site-packages/airflow/example_dags/example_bash_operator.py
[2025-04-05T11:51:40.040+0000] {logging_mixin.py:190} INFO - [2025-04-05T11:51:40.040+0000] {dag.py:3239} INFO - Sync 1 DAGs
[2025-04-05T11:51:40.066+0000] {logging_mixin.py:190} INFO - [2025-04-05T11:51:40.066+0000] {dag.py:4180} INFO - Setting next_dagrun for example_bash_operator to 2025-04-04 00:00:00+00:00, run_after=2025-04-05 00:00:00+00:00
[2025-04-05T11:51:40.078+0000] {processor.py:208} INFO - Processing /home/airflow/.local/lib/python3.12/site-packages/airflow/example_dags/example_bash_operator.py took 0.078 seconds
[2025-04-05T11:52:10.262+0000] {processor.py:186} INFO - Started process (PID=364) to work on /home/airflow/.local/lib/python3.12/site-packages/airflow/example_dags/example_bash_operator.py
[2025-04-05T11:52:10.262+0000] {processor.py:914} INFO - Processing file /home/airflow/.local/lib/python3.12/site-packages/airflow/example_dags/example_bash_operator.py for tasks to queue
[2025-04-05T11:52:10.264+0000] {logging_mixin.py:190} INFO - [2025-04-05T11:52:10.263+0000] {dagbag.py:588} INFO - Filling up the DagBag from /home/airflow/.local/lib/python3.12/site-packages/airflow/example_dags/example_bash_operator.py
[2025-04-05T11:52:10.270+0000] {processor.py:925} INFO - DAG(s) 'example_bash_operator' retrieved from /home/airflow/.local/lib/python3.12/site-packages/airflow/example_dags/example_bash_operator.py
[2025-04-05T11:52:10.283+0000] {logging_mixin.py:190} INFO - [2025-04-05T11:52:10.282+0000] {dag.py:3239} INFO - Sync 1 DAGs
[2025-04-05T11:52:10.293+0000] {logging_mixin.py:190} INFO - [2025-04-05T11:52:10.293+0000] {dag.py:4180} INFO - Setting next_dagrun for example_bash_operator to 2025-04-04 00:00:00+00:00, run_after=2025-04-05 00:00:00+00:00
[2025-04-05T11:52:10.301+0000] {processor.py:208} INFO - Processing /home/airflow/.local/lib/python3.12/site-packages/airflow/example_dags/example_bash_operator.py took 0.042 seconds
[2025-04-05T12:07:22.936+0000] {processor.py:186} INFO - Started process (PID=96) to work on /home/airflow/.local/lib/python3.12/site-packages/airflow/example_dags/example_bash_operator.py
[2025-04-05T12:07:22.937+0000] {processor.py:914} INFO - Processing file /home/airflow/.local/lib/python3.12/site-packages/airflow/example_dags/example_bash_operator.py for tasks to queue
[2025-04-05T12:07:22.941+0000] {logging_mixin.py:190} INFO - [2025-04-05T12:07:22.940+0000] {dagbag.py:588} INFO - Filling up the DagBag from /home/airflow/.local/lib/python3.12/site-packages/airflow/example_dags/example_bash_operator.py
[2025-04-05T12:07:22.949+0000] {processor.py:925} INFO - DAG(s) 'example_bash_operator' retrieved from /home/airflow/.local/lib/python3.12/site-packages/airflow/example_dags/example_bash_operator.py
[2025-04-05T12:07:22.974+0000] {logging_mixin.py:190} INFO - [2025-04-05T12:07:22.974+0000] {dag.py:3239} INFO - Sync 1 DAGs
[2025-04-05T12:07:22.993+0000] {logging_mixin.py:190} INFO - [2025-04-05T12:07:22.993+0000] {dag.py:4180} INFO - Setting next_dagrun for example_bash_operator to 2025-04-04 00:00:00+00:00, run_after=2025-04-05 00:00:00+00:00
[2025-04-05T12:07:23.007+0000] {processor.py:208} INFO - Processing /home/airflow/.local/lib/python3.12/site-packages/airflow/example_dags/example_bash_operator.py took 0.074 seconds
[2025-04-05T12:07:53.919+0000] {processor.py:186} INFO - Started process (PID=166) to work on /home/airflow/.local/lib/python3.12/site-packages/airflow/example_dags/example_bash_operator.py
[2025-04-05T12:07:53.920+0000] {processor.py:914} INFO - Processing file /home/airflow/.local/lib/python3.12/site-packages/airflow/example_dags/example_bash_operator.py for tasks to queue
[2025-04-05T12:07:53.923+0000] {logging_mixin.py:190} INFO - [2025-04-05T12:07:53.923+0000] {dagbag.py:588} INFO - Filling up the DagBag from /home/airflow/.local/lib/python3.12/site-packages/airflow/example_dags/example_bash_operator.py
[2025-04-05T12:07:53.931+0000] {processor.py:925} INFO - DAG(s) 'example_bash_operator' retrieved from /home/airflow/.local/lib/python3.12/site-packages/airflow/example_dags/example_bash_operator.py
[2025-04-05T12:07:53.944+0000] {logging_mixin.py:190} INFO - [2025-04-05T12:07:53.944+0000] {dag.py:3239} INFO - Sync 1 DAGs
[2025-04-05T12:07:53.956+0000] {logging_mixin.py:190} INFO - [2025-04-05T12:07:53.956+0000] {dag.py:4180} INFO - Setting next_dagrun for example_bash_operator to 2025-04-04 00:00:00+00:00, run_after=2025-04-05 00:00:00+00:00
[2025-04-05T12:07:53.970+0000] {processor.py:208} INFO - Processing /home/airflow/.local/lib/python3.12/site-packages/airflow/example_dags/example_bash_operator.py took 0.054 seconds
[2025-04-05T12:08:24.565+0000] {processor.py:186} INFO - Started process (PID=230) to work on /home/airflow/.local/lib/python3.12/site-packages/airflow/example_dags/example_bash_operator.py
[2025-04-05T12:08:24.566+0000] {processor.py:914} INFO - Processing file /home/airflow/.local/lib/python3.12/site-packages/airflow/example_dags/example_bash_operator.py for tasks to queue
[2025-04-05T12:08:24.568+0000] {logging_mixin.py:190} INFO - [2025-04-05T12:08:24.568+0000] {dagbag.py:588} INFO - Filling up the DagBag from /home/airflow/.local/lib/python3.12/site-packages/airflow/example_dags/example_bash_operator.py
[2025-04-05T12:08:24.579+0000] {processor.py:925} INFO - DAG(s) 'example_bash_operator' retrieved from /home/airflow/.local/lib/python3.12/site-packages/airflow/example_dags/example_bash_operator.py
[2025-04-05T12:08:24.596+0000] {logging_mixin.py:190} INFO - [2025-04-05T12:08:24.596+0000] {dag.py:3239} INFO - Sync 1 DAGs
[2025-04-05T12:08:24.618+0000] {logging_mixin.py:190} INFO - [2025-04-05T12:08:24.618+0000] {dag.py:4180} INFO - Setting next_dagrun for example_bash_operator to 2025-04-04 00:00:00+00:00, run_after=2025-04-05 00:00:00+00:00
[2025-04-05T12:08:24.633+0000] {processor.py:208} INFO - Processing /home/airflow/.local/lib/python3.12/site-packages/airflow/example_dags/example_bash_operator.py took 0.072 seconds
[2025-04-05T12:08:55.577+0000] {processor.py:186} INFO - Started process (PID=294) to work on /home/airflow/.local/lib/python3.12/site-packages/airflow/example_dags/example_bash_operator.py
[2025-04-05T12:08:55.579+0000] {processor.py:914} INFO - Processing file /home/airflow/.local/lib/python3.12/site-packages/airflow/example_dags/example_bash_operator.py for tasks to queue
[2025-04-05T12:08:55.580+0000] {logging_mixin.py:190} INFO - [2025-04-05T12:08:55.580+0000] {dagbag.py:588} INFO - Filling up the DagBag from /home/airflow/.local/lib/python3.12/site-packages/airflow/example_dags/example_bash_operator.py
[2025-04-05T12:08:55.593+0000] {processor.py:925} INFO - DAG(s) 'example_bash_operator' retrieved from /home/airflow/.local/lib/python3.12/site-packages/airflow/example_dags/example_bash_operator.py
[2025-04-05T12:08:55.610+0000] {logging_mixin.py:190} INFO - [2025-04-05T12:08:55.610+0000] {dag.py:3239} INFO - Sync 1 DAGs
[2025-04-05T12:08:55.624+0000] {logging_mixin.py:190} INFO - [2025-04-05T12:08:55.624+0000] {dag.py:4180} INFO - Setting next_dagrun for example_bash_operator to 2025-04-04 00:00:00+00:00, run_after=2025-04-05 00:00:00+00:00
[2025-04-05T12:08:55.633+0000] {processor.py:208} INFO - Processing /home/airflow/.local/lib/python3.12/site-packages/airflow/example_dags/example_bash_operator.py took 0.061 seconds
[2025-04-05T12:09:26.529+0000] {processor.py:186} INFO - Started process (PID=358) to work on /home/airflow/.local/lib/python3.12/site-packages/airflow/example_dags/example_bash_operator.py
[2025-04-05T12:09:26.530+0000] {processor.py:914} INFO - Processing file /home/airflow/.local/lib/python3.12/site-packages/airflow/example_dags/example_bash_operator.py for tasks to queue
[2025-04-05T12:09:26.531+0000] {logging_mixin.py:190} INFO - [2025-04-05T12:09:26.531+0000] {dagbag.py:588} INFO - Filling up the DagBag from /home/airflow/.local/lib/python3.12/site-packages/airflow/example_dags/example_bash_operator.py
[2025-04-05T12:09:26.538+0000] {processor.py:925} INFO - DAG(s) 'example_bash_operator' retrieved from /home/airflow/.local/lib/python3.12/site-packages/airflow/example_dags/example_bash_operator.py
[2025-04-05T12:09:26.554+0000] {logging_mixin.py:190} INFO - [2025-04-05T12:09:26.553+0000] {dag.py:3239} INFO - Sync 1 DAGs
[2025-04-05T12:09:26.568+0000] {logging_mixin.py:190} INFO - [2025-04-05T12:09:26.568+0000] {dag.py:4180} INFO - Setting next_dagrun for example_bash_operator to 2025-04-04 00:00:00+00:00, run_after=2025-04-05 00:00:00+00:00
[2025-04-05T12:09:26.581+0000] {processor.py:208} INFO - Processing /home/airflow/.local/lib/python3.12/site-packages/airflow/example_dags/example_bash_operator.py took 0.055 seconds
[2025-04-05T12:09:57.135+0000] {processor.py:186} INFO - Started process (PID=422) to work on /home/airflow/.local/lib/python3.12/site-packages/airflow/example_dags/example_bash_operator.py
[2025-04-05T12:09:57.136+0000] {processor.py:914} INFO - Processing file /home/airflow/.local/lib/python3.12/site-packages/airflow/example_dags/example_bash_operator.py for tasks to queue
[2025-04-05T12:09:57.137+0000] {logging_mixin.py:190} INFO - [2025-04-05T12:09:57.137+0000] {dagbag.py:588} INFO - Filling up the DagBag from /home/airflow/.local/lib/python3.12/site-packages/airflow/example_dags/example_bash_operator.py
[2025-04-05T12:09:57.149+0000] {processor.py:925} INFO - DAG(s) 'example_bash_operator' retrieved from /home/airflow/.local/lib/python3.12/site-packages/airflow/example_dags/example_bash_operator.py
[2025-04-05T12:09:57.164+0000] {logging_mixin.py:190} INFO - [2025-04-05T12:09:57.164+0000] {dag.py:3239} INFO - Sync 1 DAGs
[2025-04-05T12:09:57.183+0000] {logging_mixin.py:190} INFO - [2025-04-05T12:09:57.183+0000] {dag.py:4180} INFO - Setting next_dagrun for example_bash_operator to 2025-04-04 00:00:00+00:00, run_after=2025-04-05 00:00:00+00:00
[2025-04-05T12:09:57.200+0000] {processor.py:208} INFO - Processing /home/airflow/.local/lib/python3.12/site-packages/airflow/example_dags/example_bash_operator.py took 0.069 seconds
[2025-04-05T12:10:28.080+0000] {processor.py:186} INFO - Started process (PID=486) to work on /home/airflow/.local/lib/python3.12/site-packages/airflow/example_dags/example_bash_operator.py
[2025-04-05T12:10:28.082+0000] {processor.py:914} INFO - Processing file /home/airflow/.local/lib/python3.12/site-packages/airflow/example_dags/example_bash_operator.py for tasks to queue
[2025-04-05T12:10:28.084+0000] {logging_mixin.py:190} INFO - [2025-04-05T12:10:28.084+0000] {dagbag.py:588} INFO - Filling up the DagBag from /home/airflow/.local/lib/python3.12/site-packages/airflow/example_dags/example_bash_operator.py
[2025-04-05T12:10:28.097+0000] {processor.py:925} INFO - DAG(s) 'example_bash_operator' retrieved from /home/airflow/.local/lib/python3.12/site-packages/airflow/example_dags/example_bash_operator.py
[2025-04-05T12:10:28.123+0000] {logging_mixin.py:190} INFO - [2025-04-05T12:10:28.123+0000] {dag.py:3239} INFO - Sync 1 DAGs
[2025-04-05T12:10:28.145+0000] {logging_mixin.py:190} INFO - [2025-04-05T12:10:28.145+0000] {dag.py:4180} INFO - Setting next_dagrun for example_bash_operator to 2025-04-04 00:00:00+00:00, run_after=2025-04-05 00:00:00+00:00
[2025-04-05T12:10:28.164+0000] {processor.py:208} INFO - Processing /home/airflow/.local/lib/python3.12/site-packages/airflow/example_dags/example_bash_operator.py took 0.090 seconds
[2025-04-05T12:10:58.364+0000] {processor.py:186} INFO - Started process (PID=550) to work on /home/airflow/.local/lib/python3.12/site-packages/airflow/example_dags/example_bash_operator.py
[2025-04-05T12:10:58.366+0000] {processor.py:914} INFO - Processing file /home/airflow/.local/lib/python3.12/site-packages/airflow/example_dags/example_bash_operator.py for tasks to queue
[2025-04-05T12:10:58.367+0000] {logging_mixin.py:190} INFO - [2025-04-05T12:10:58.367+0000] {dagbag.py:588} INFO - Filling up the DagBag from /home/airflow/.local/lib/python3.12/site-packages/airflow/example_dags/example_bash_operator.py
[2025-04-05T12:10:58.375+0000] {processor.py:925} INFO - DAG(s) 'example_bash_operator' retrieved from /home/airflow/.local/lib/python3.12/site-packages/airflow/example_dags/example_bash_operator.py
[2025-04-05T12:10:58.390+0000] {logging_mixin.py:190} INFO - [2025-04-05T12:10:58.389+0000] {dag.py:3239} INFO - Sync 1 DAGs
[2025-04-05T12:10:58.402+0000] {logging_mixin.py:190} INFO - [2025-04-05T12:10:58.402+0000] {dag.py:4180} INFO - Setting next_dagrun for example_bash_operator to 2025-04-04 00:00:00+00:00, run_after=2025-04-05 00:00:00+00:00
[2025-04-05T12:10:58.414+0000] {processor.py:208} INFO - Processing /home/airflow/.local/lib/python3.12/site-packages/airflow/example_dags/example_bash_operator.py took 0.054 seconds
[2025-04-05T12:11:29.312+0000] {processor.py:186} INFO - Started process (PID=613) to work on /home/airflow/.local/lib/python3.12/site-packages/airflow/example_dags/example_bash_operator.py
[2025-04-05T12:11:29.313+0000] {processor.py:914} INFO - Processing file /home/airflow/.local/lib/python3.12/site-packages/airflow/example_dags/example_bash_operator.py for tasks to queue
[2025-04-05T12:11:29.313+0000] {logging_mixin.py:190} INFO - [2025-04-05T12:11:29.313+0000] {dagbag.py:588} INFO - Filling up the DagBag from /home/airflow/.local/lib/python3.12/site-packages/airflow/example_dags/example_bash_operator.py
[2025-04-05T12:11:29.321+0000] {processor.py:925} INFO - DAG(s) 'example_bash_operator' retrieved from /home/airflow/.local/lib/python3.12/site-packages/airflow/example_dags/example_bash_operator.py
[2025-04-05T12:11:29.338+0000] {logging_mixin.py:190} INFO - [2025-04-05T12:11:29.338+0000] {dag.py:3239} INFO - Sync 1 DAGs
[2025-04-05T12:11:29.359+0000] {logging_mixin.py:190} INFO - [2025-04-05T12:11:29.359+0000] {dag.py:4180} INFO - Setting next_dagrun for example_bash_operator to 2025-04-04 00:00:00+00:00, run_after=2025-04-05 00:00:00+00:00
[2025-04-05T12:11:29.371+0000] {processor.py:208} INFO - Processing /home/airflow/.local/lib/python3.12/site-packages/airflow/example_dags/example_bash_operator.py took 0.063 seconds
[2025-04-05T12:12:00.951+0000] {processor.py:186} INFO - Started process (PID=676) to work on /home/airflow/.local/lib/python3.12/site-packages/airflow/example_dags/example_bash_operator.py
[2025-04-05T12:12:00.958+0000] {processor.py:914} INFO - Processing file /home/airflow/.local/lib/python3.12/site-packages/airflow/example_dags/example_bash_operator.py for tasks to queue
[2025-04-05T12:12:00.959+0000] {logging_mixin.py:190} INFO - [2025-04-05T12:12:00.958+0000] {dagbag.py:588} INFO - Filling up the DagBag from /home/airflow/.local/lib/python3.12/site-packages/airflow/example_dags/example_bash_operator.py
[2025-04-05T12:12:00.967+0000] {processor.py:925} INFO - DAG(s) 'example_bash_operator' retrieved from /home/airflow/.local/lib/python3.12/site-packages/airflow/example_dags/example_bash_operator.py
[2025-04-05T12:12:00.982+0000] {logging_mixin.py:190} INFO - [2025-04-05T12:12:00.982+0000] {dag.py:3239} INFO - Sync 1 DAGs
[2025-04-05T12:12:00.996+0000] {logging_mixin.py:190} INFO - [2025-04-05T12:12:00.996+0000] {dag.py:4180} INFO - Setting next_dagrun for example_bash_operator to 2025-04-04 00:00:00+00:00, run_after=2025-04-05 00:00:00+00:00
[2025-04-05T12:12:01.007+0000] {processor.py:208} INFO - Processing /home/airflow/.local/lib/python3.12/site-packages/airflow/example_dags/example_bash_operator.py took 0.061 seconds
