[2025-04-05T11:23:27.836+0000] {processor.py:186} INFO - Started process (PID=124) to work on /home/airflow/.local/lib/python3.12/site-packages/airflow/example_dags/example_sensors.py
[2025-04-05T11:23:27.837+0000] {processor.py:914} INFO - Processing file /home/airflow/.local/lib/python3.12/site-packages/airflow/example_dags/example_sensors.py for tasks to queue
[2025-04-05T11:23:27.839+0000] {logging_mixin.py:190} INFO - [2025-04-05T11:23:27.839+0000] {dagbag.py:588} INFO - Filling up the DagBag from /home/airflow/.local/lib/python3.12/site-packages/airflow/example_dags/example_sensors.py
[2025-04-05T11:23:27.848+0000] {processor.py:925} INFO - DAG(s) 'example_sensors' retrieved from /home/airflow/.local/lib/python3.12/site-packages/airflow/example_dags/example_sensors.py
[2025-04-05T11:23:27.928+0000] {logging_mixin.py:190} INFO - [2025-04-05T11:23:27.927+0000] {override.py:1912} INFO - Created Permission View: can edit on DAG:example_sensors
[2025-04-05T11:23:27.932+0000] {logging_mixin.py:190} INFO - [2025-04-05T11:23:27.932+0000] {override.py:1912} INFO - Created Permission View: can read on DAG:example_sensors
[2025-04-05T11:23:27.934+0000] {logging_mixin.py:190} INFO - [2025-04-05T11:23:27.934+0000] {override.py:1912} INFO - Created Permission View: can delete on DAG:example_sensors
[2025-04-05T11:23:27.937+0000] {logging_mixin.py:190} INFO - [2025-04-05T11:23:27.937+0000] {override.py:1912} INFO - Created Permission View: menu access on DAG Run:example_sensors
[2025-04-05T11:23:27.939+0000] {logging_mixin.py:190} INFO - [2025-04-05T11:23:27.939+0000] {override.py:1912} INFO - Created Permission View: can read on DAG Run:example_sensors
[2025-04-05T11:23:27.941+0000] {logging_mixin.py:190} INFO - [2025-04-05T11:23:27.941+0000] {override.py:1912} INFO - Created Permission View: can create on DAG Run:example_sensors
[2025-04-05T11:23:27.944+0000] {logging_mixin.py:190} INFO - [2025-04-05T11:23:27.943+0000] {override.py:1912} INFO - Created Permission View: can delete on DAG Run:example_sensors
[2025-04-05T11:23:27.944+0000] {logging_mixin.py:190} INFO - [2025-04-05T11:23:27.944+0000] {dag.py:3239} INFO - Sync 1 DAGs
[2025-04-05T11:23:27.953+0000] {logging_mixin.py:190} INFO - [2025-04-05T11:23:27.953+0000] {dag.py:3262} INFO - Creating ORM DAG for example_sensors
[2025-04-05T11:23:27.954+0000] {logging_mixin.py:190} INFO - [2025-04-05T11:23:27.954+0000] {dag.py:4180} INFO - Setting next_dagrun for example_sensors to None, run_after=None
[2025-04-05T11:23:27.964+0000] {processor.py:208} INFO - Processing /home/airflow/.local/lib/python3.12/site-packages/airflow/example_dags/example_sensors.py took 0.134 seconds
[2025-04-05T11:23:58.865+0000] {processor.py:186} INFO - Started process (PID=187) to work on /home/airflow/.local/lib/python3.12/site-packages/airflow/example_dags/example_sensors.py
[2025-04-05T11:23:58.867+0000] {processor.py:914} INFO - Processing file /home/airflow/.local/lib/python3.12/site-packages/airflow/example_dags/example_sensors.py for tasks to queue
[2025-04-05T11:23:58.868+0000] {logging_mixin.py:190} INFO - [2025-04-05T11:23:58.868+0000] {dagbag.py:588} INFO - Filling up the DagBag from /home/airflow/.local/lib/python3.12/site-packages/airflow/example_dags/example_sensors.py
[2025-04-05T11:23:58.875+0000] {processor.py:925} INFO - DAG(s) 'example_sensors' retrieved from /home/airflow/.local/lib/python3.12/site-packages/airflow/example_dags/example_sensors.py
[2025-04-05T11:23:58.889+0000] {logging_mixin.py:190} INFO - [2025-04-05T11:23:58.889+0000] {dag.py:3239} INFO - Sync 1 DAGs
[2025-04-05T11:23:58.896+0000] {logging_mixin.py:190} INFO - [2025-04-05T11:23:58.896+0000] {dag.py:4180} INFO - Setting next_dagrun for example_sensors to None, run_after=None
[2025-04-05T11:23:58.906+0000] {processor.py:208} INFO - Processing /home/airflow/.local/lib/python3.12/site-packages/airflow/example_dags/example_sensors.py took 0.044 seconds
[2025-04-05T11:24:30.159+0000] {processor.py:186} INFO - Started process (PID=250) to work on /home/airflow/.local/lib/python3.12/site-packages/airflow/example_dags/example_sensors.py
[2025-04-05T11:24:30.160+0000] {processor.py:914} INFO - Processing file /home/airflow/.local/lib/python3.12/site-packages/airflow/example_dags/example_sensors.py for tasks to queue
[2025-04-05T11:24:30.162+0000] {logging_mixin.py:190} INFO - [2025-04-05T11:24:30.162+0000] {dagbag.py:588} INFO - Filling up the DagBag from /home/airflow/.local/lib/python3.12/site-packages/airflow/example_dags/example_sensors.py
[2025-04-05T11:24:30.167+0000] {processor.py:925} INFO - DAG(s) 'example_sensors' retrieved from /home/airflow/.local/lib/python3.12/site-packages/airflow/example_dags/example_sensors.py
[2025-04-05T11:24:30.193+0000] {logging_mixin.py:190} INFO - [2025-04-05T11:24:30.193+0000] {dag.py:3239} INFO - Sync 1 DAGs
[2025-04-05T11:24:30.203+0000] {logging_mixin.py:190} INFO - [2025-04-05T11:24:30.203+0000] {dag.py:4180} INFO - Setting next_dagrun for example_sensors to None, run_after=None
[2025-04-05T11:24:30.212+0000] {processor.py:208} INFO - Processing /home/airflow/.local/lib/python3.12/site-packages/airflow/example_dags/example_sensors.py took 0.056 seconds
[2025-04-05T11:25:01.177+0000] {processor.py:186} INFO - Started process (PID=313) to work on /home/airflow/.local/lib/python3.12/site-packages/airflow/example_dags/example_sensors.py
[2025-04-05T11:25:01.178+0000] {processor.py:914} INFO - Processing file /home/airflow/.local/lib/python3.12/site-packages/airflow/example_dags/example_sensors.py for tasks to queue
[2025-04-05T11:25:01.179+0000] {logging_mixin.py:190} INFO - [2025-04-05T11:25:01.179+0000] {dagbag.py:588} INFO - Filling up the DagBag from /home/airflow/.local/lib/python3.12/site-packages/airflow/example_dags/example_sensors.py
[2025-04-05T11:25:01.185+0000] {processor.py:925} INFO - DAG(s) 'example_sensors' retrieved from /home/airflow/.local/lib/python3.12/site-packages/airflow/example_dags/example_sensors.py
[2025-04-05T11:25:01.197+0000] {logging_mixin.py:190} INFO - [2025-04-05T11:25:01.197+0000] {dag.py:3239} INFO - Sync 1 DAGs
[2025-04-05T11:25:01.204+0000] {logging_mixin.py:190} INFO - [2025-04-05T11:25:01.204+0000] {dag.py:4180} INFO - Setting next_dagrun for example_sensors to None, run_after=None
[2025-04-05T11:25:01.214+0000] {processor.py:208} INFO - Processing /home/airflow/.local/lib/python3.12/site-packages/airflow/example_dags/example_sensors.py took 0.041 seconds
[2025-04-05T11:25:32.331+0000] {processor.py:186} INFO - Started process (PID=376) to work on /home/airflow/.local/lib/python3.12/site-packages/airflow/example_dags/example_sensors.py
[2025-04-05T11:25:32.332+0000] {processor.py:914} INFO - Processing file /home/airflow/.local/lib/python3.12/site-packages/airflow/example_dags/example_sensors.py for tasks to queue
[2025-04-05T11:25:32.334+0000] {logging_mixin.py:190} INFO - [2025-04-05T11:25:32.334+0000] {dagbag.py:588} INFO - Filling up the DagBag from /home/airflow/.local/lib/python3.12/site-packages/airflow/example_dags/example_sensors.py
[2025-04-05T11:25:32.341+0000] {processor.py:925} INFO - DAG(s) 'example_sensors' retrieved from /home/airflow/.local/lib/python3.12/site-packages/airflow/example_dags/example_sensors.py
[2025-04-05T11:25:32.357+0000] {logging_mixin.py:190} INFO - [2025-04-05T11:25:32.357+0000] {dag.py:3239} INFO - Sync 1 DAGs
[2025-04-05T11:25:32.368+0000] {logging_mixin.py:190} INFO - [2025-04-05T11:25:32.368+0000] {dag.py:4180} INFO - Setting next_dagrun for example_sensors to None, run_after=None
[2025-04-05T11:25:32.381+0000] {processor.py:208} INFO - Processing /home/airflow/.local/lib/python3.12/site-packages/airflow/example_dags/example_sensors.py took 0.055 seconds
[2025-04-05T11:26:03.775+0000] {processor.py:186} INFO - Started process (PID=439) to work on /home/airflow/.local/lib/python3.12/site-packages/airflow/example_dags/example_sensors.py
[2025-04-05T11:26:03.779+0000] {processor.py:914} INFO - Processing file /home/airflow/.local/lib/python3.12/site-packages/airflow/example_dags/example_sensors.py for tasks to queue
[2025-04-05T11:26:03.783+0000] {logging_mixin.py:190} INFO - [2025-04-05T11:26:03.783+0000] {dagbag.py:588} INFO - Filling up the DagBag from /home/airflow/.local/lib/python3.12/site-packages/airflow/example_dags/example_sensors.py
[2025-04-05T11:26:03.791+0000] {processor.py:925} INFO - DAG(s) 'example_sensors' retrieved from /home/airflow/.local/lib/python3.12/site-packages/airflow/example_dags/example_sensors.py
[2025-04-05T11:26:03.810+0000] {logging_mixin.py:190} INFO - [2025-04-05T11:26:03.810+0000] {dag.py:3239} INFO - Sync 1 DAGs
[2025-04-05T11:26:03.823+0000] {logging_mixin.py:190} INFO - [2025-04-05T11:26:03.823+0000] {dag.py:4180} INFO - Setting next_dagrun for example_sensors to None, run_after=None
[2025-04-05T11:26:03.836+0000] {processor.py:208} INFO - Processing /home/airflow/.local/lib/python3.12/site-packages/airflow/example_dags/example_sensors.py took 0.068 seconds
[2025-04-05T11:26:34.392+0000] {processor.py:186} INFO - Started process (PID=502) to work on /home/airflow/.local/lib/python3.12/site-packages/airflow/example_dags/example_sensors.py
[2025-04-05T11:26:34.393+0000] {processor.py:914} INFO - Processing file /home/airflow/.local/lib/python3.12/site-packages/airflow/example_dags/example_sensors.py for tasks to queue
[2025-04-05T11:26:34.394+0000] {logging_mixin.py:190} INFO - [2025-04-05T11:26:34.394+0000] {dagbag.py:588} INFO - Filling up the DagBag from /home/airflow/.local/lib/python3.12/site-packages/airflow/example_dags/example_sensors.py
[2025-04-05T11:26:34.400+0000] {processor.py:925} INFO - DAG(s) 'example_sensors' retrieved from /home/airflow/.local/lib/python3.12/site-packages/airflow/example_dags/example_sensors.py
[2025-04-05T11:26:34.416+0000] {logging_mixin.py:190} INFO - [2025-04-05T11:26:34.415+0000] {dag.py:3239} INFO - Sync 1 DAGs
[2025-04-05T11:26:34.428+0000] {logging_mixin.py:190} INFO - [2025-04-05T11:26:34.427+0000] {dag.py:4180} INFO - Setting next_dagrun for example_sensors to None, run_after=None
[2025-04-05T11:26:34.440+0000] {processor.py:208} INFO - Processing /home/airflow/.local/lib/python3.12/site-packages/airflow/example_dags/example_sensors.py took 0.053 seconds
[2025-04-05T11:27:05.832+0000] {processor.py:186} INFO - Started process (PID=565) to work on /home/airflow/.local/lib/python3.12/site-packages/airflow/example_dags/example_sensors.py
[2025-04-05T11:27:05.833+0000] {processor.py:914} INFO - Processing file /home/airflow/.local/lib/python3.12/site-packages/airflow/example_dags/example_sensors.py for tasks to queue
[2025-04-05T11:27:05.834+0000] {logging_mixin.py:190} INFO - [2025-04-05T11:27:05.834+0000] {dagbag.py:588} INFO - Filling up the DagBag from /home/airflow/.local/lib/python3.12/site-packages/airflow/example_dags/example_sensors.py
[2025-04-05T11:27:05.840+0000] {processor.py:925} INFO - DAG(s) 'example_sensors' retrieved from /home/airflow/.local/lib/python3.12/site-packages/airflow/example_dags/example_sensors.py
[2025-04-05T11:27:05.854+0000] {logging_mixin.py:190} INFO - [2025-04-05T11:27:05.854+0000] {dag.py:3239} INFO - Sync 1 DAGs
[2025-04-05T11:27:05.862+0000] {logging_mixin.py:190} INFO - [2025-04-05T11:27:05.862+0000] {dag.py:4180} INFO - Setting next_dagrun for example_sensors to None, run_after=None
[2025-04-05T11:27:05.875+0000] {processor.py:208} INFO - Processing /home/airflow/.local/lib/python3.12/site-packages/airflow/example_dags/example_sensors.py took 0.047 seconds
[2025-04-05T11:32:01.688+0000] {processor.py:186} INFO - Started process (PID=124) to work on /home/airflow/.local/lib/python3.12/site-packages/airflow/example_dags/example_sensors.py
[2025-04-05T11:32:01.689+0000] {processor.py:914} INFO - Processing file /home/airflow/.local/lib/python3.12/site-packages/airflow/example_dags/example_sensors.py for tasks to queue
[2025-04-05T11:32:01.691+0000] {logging_mixin.py:190} INFO - [2025-04-05T11:32:01.691+0000] {dagbag.py:588} INFO - Filling up the DagBag from /home/airflow/.local/lib/python3.12/site-packages/airflow/example_dags/example_sensors.py
[2025-04-05T11:32:01.706+0000] {processor.py:925} INFO - DAG(s) 'example_sensors' retrieved from /home/airflow/.local/lib/python3.12/site-packages/airflow/example_dags/example_sensors.py
[2025-04-05T11:32:01.745+0000] {logging_mixin.py:190} INFO - [2025-04-05T11:32:01.744+0000] {dag.py:3239} INFO - Sync 1 DAGs
[2025-04-05T11:32:01.756+0000] {logging_mixin.py:190} INFO - [2025-04-05T11:32:01.756+0000] {dag.py:4180} INFO - Setting next_dagrun for example_sensors to None, run_after=None
[2025-04-05T11:32:01.769+0000] {processor.py:208} INFO - Processing /home/airflow/.local/lib/python3.12/site-packages/airflow/example_dags/example_sensors.py took 0.087 seconds
[2025-04-05T11:32:33.069+0000] {processor.py:186} INFO - Started process (PID=187) to work on /home/airflow/.local/lib/python3.12/site-packages/airflow/example_dags/example_sensors.py
[2025-04-05T11:32:33.070+0000] {processor.py:914} INFO - Processing file /home/airflow/.local/lib/python3.12/site-packages/airflow/example_dags/example_sensors.py for tasks to queue
[2025-04-05T11:32:33.071+0000] {logging_mixin.py:190} INFO - [2025-04-05T11:32:33.071+0000] {dagbag.py:588} INFO - Filling up the DagBag from /home/airflow/.local/lib/python3.12/site-packages/airflow/example_dags/example_sensors.py
[2025-04-05T11:32:33.078+0000] {processor.py:925} INFO - DAG(s) 'example_sensors' retrieved from /home/airflow/.local/lib/python3.12/site-packages/airflow/example_dags/example_sensors.py
[2025-04-05T11:32:33.097+0000] {logging_mixin.py:190} INFO - [2025-04-05T11:32:33.097+0000] {dag.py:3239} INFO - Sync 1 DAGs
[2025-04-05T11:32:33.104+0000] {logging_mixin.py:190} INFO - [2025-04-05T11:32:33.104+0000] {dag.py:4180} INFO - Setting next_dagrun for example_sensors to None, run_after=None
[2025-04-05T11:32:33.114+0000] {processor.py:208} INFO - Processing /home/airflow/.local/lib/python3.12/site-packages/airflow/example_dags/example_sensors.py took 0.049 seconds
[2025-04-05T11:39:10.537+0000] {processor.py:186} INFO - Started process (PID=129) to work on /home/airflow/.local/lib/python3.12/site-packages/airflow/example_dags/example_sensors.py
[2025-04-05T11:39:10.538+0000] {processor.py:914} INFO - Processing file /home/airflow/.local/lib/python3.12/site-packages/airflow/example_dags/example_sensors.py for tasks to queue
[2025-04-05T11:39:10.539+0000] {logging_mixin.py:190} INFO - [2025-04-05T11:39:10.539+0000] {dagbag.py:588} INFO - Filling up the DagBag from /home/airflow/.local/lib/python3.12/site-packages/airflow/example_dags/example_sensors.py
[2025-04-05T11:39:10.611+0000] {processor.py:925} INFO - DAG(s) 'example_sensors' retrieved from /home/airflow/.local/lib/python3.12/site-packages/airflow/example_dags/example_sensors.py
[2025-04-05T11:39:10.866+0000] {logging_mixin.py:190} INFO - [2025-04-05T11:39:10.865+0000] {dag.py:3239} INFO - Sync 1 DAGs
[2025-04-05T11:39:10.949+0000] {logging_mixin.py:190} INFO - [2025-04-05T11:39:10.948+0000] {dag.py:4180} INFO - Setting next_dagrun for example_sensors to None, run_after=None
[2025-04-05T11:39:10.991+0000] {processor.py:208} INFO - Processing /home/airflow/.local/lib/python3.12/site-packages/airflow/example_dags/example_sensors.py took 0.459 seconds
[2025-04-05T11:39:41.923+0000] {processor.py:186} INFO - Started process (PID=193) to work on /home/airflow/.local/lib/python3.12/site-packages/airflow/example_dags/example_sensors.py
[2025-04-05T11:39:41.925+0000] {processor.py:914} INFO - Processing file /home/airflow/.local/lib/python3.12/site-packages/airflow/example_dags/example_sensors.py for tasks to queue
[2025-04-05T11:39:41.927+0000] {logging_mixin.py:190} INFO - [2025-04-05T11:39:41.927+0000] {dagbag.py:588} INFO - Filling up the DagBag from /home/airflow/.local/lib/python3.12/site-packages/airflow/example_dags/example_sensors.py
[2025-04-05T11:39:41.934+0000] {processor.py:925} INFO - DAG(s) 'example_sensors' retrieved from /home/airflow/.local/lib/python3.12/site-packages/airflow/example_dags/example_sensors.py
[2025-04-05T11:39:41.954+0000] {logging_mixin.py:190} INFO - [2025-04-05T11:39:41.954+0000] {dag.py:3239} INFO - Sync 1 DAGs
[2025-04-05T11:39:41.964+0000] {logging_mixin.py:190} INFO - [2025-04-05T11:39:41.964+0000] {dag.py:4180} INFO - Setting next_dagrun for example_sensors to None, run_after=None
[2025-04-05T11:39:41.983+0000] {processor.py:208} INFO - Processing /home/airflow/.local/lib/python3.12/site-packages/airflow/example_dags/example_sensors.py took 0.066 seconds
[2025-04-05T11:40:12.742+0000] {processor.py:186} INFO - Started process (PID=256) to work on /home/airflow/.local/lib/python3.12/site-packages/airflow/example_dags/example_sensors.py
[2025-04-05T11:40:12.743+0000] {processor.py:914} INFO - Processing file /home/airflow/.local/lib/python3.12/site-packages/airflow/example_dags/example_sensors.py for tasks to queue
[2025-04-05T11:40:12.745+0000] {logging_mixin.py:190} INFO - [2025-04-05T11:40:12.745+0000] {dagbag.py:588} INFO - Filling up the DagBag from /home/airflow/.local/lib/python3.12/site-packages/airflow/example_dags/example_sensors.py
[2025-04-05T11:40:12.757+0000] {processor.py:925} INFO - DAG(s) 'example_sensors' retrieved from /home/airflow/.local/lib/python3.12/site-packages/airflow/example_dags/example_sensors.py
[2025-04-05T11:40:12.783+0000] {logging_mixin.py:190} INFO - [2025-04-05T11:40:12.783+0000] {dag.py:3239} INFO - Sync 1 DAGs
[2025-04-05T11:40:12.793+0000] {logging_mixin.py:190} INFO - [2025-04-05T11:40:12.793+0000] {dag.py:4180} INFO - Setting next_dagrun for example_sensors to None, run_after=None
[2025-04-05T11:40:12.812+0000] {processor.py:208} INFO - Processing /home/airflow/.local/lib/python3.12/site-packages/airflow/example_dags/example_sensors.py took 0.076 seconds
[2025-04-05T11:40:46.121+0000] {processor.py:186} INFO - Started process (PID=319) to work on /home/airflow/.local/lib/python3.12/site-packages/airflow/example_dags/example_sensors.py
[2025-04-05T11:40:46.124+0000] {processor.py:914} INFO - Processing file /home/airflow/.local/lib/python3.12/site-packages/airflow/example_dags/example_sensors.py for tasks to queue
[2025-04-05T11:40:46.126+0000] {logging_mixin.py:190} INFO - [2025-04-05T11:40:46.126+0000] {dagbag.py:588} INFO - Filling up the DagBag from /home/airflow/.local/lib/python3.12/site-packages/airflow/example_dags/example_sensors.py
[2025-04-05T11:40:46.134+0000] {processor.py:925} INFO - DAG(s) 'example_sensors' retrieved from /home/airflow/.local/lib/python3.12/site-packages/airflow/example_dags/example_sensors.py
[2025-04-05T11:40:46.152+0000] {logging_mixin.py:190} INFO - [2025-04-05T11:40:46.151+0000] {dag.py:3239} INFO - Sync 1 DAGs
[2025-04-05T11:40:46.162+0000] {logging_mixin.py:190} INFO - [2025-04-05T11:40:46.162+0000] {dag.py:4180} INFO - Setting next_dagrun for example_sensors to None, run_after=None
[2025-04-05T11:40:46.188+0000] {processor.py:208} INFO - Processing /home/airflow/.local/lib/python3.12/site-packages/airflow/example_dags/example_sensors.py took 0.075 seconds
[2025-04-05T11:41:17.499+0000] {processor.py:186} INFO - Started process (PID=382) to work on /home/airflow/.local/lib/python3.12/site-packages/airflow/example_dags/example_sensors.py
[2025-04-05T11:41:17.500+0000] {processor.py:914} INFO - Processing file /home/airflow/.local/lib/python3.12/site-packages/airflow/example_dags/example_sensors.py for tasks to queue
[2025-04-05T11:41:17.502+0000] {logging_mixin.py:190} INFO - [2025-04-05T11:41:17.502+0000] {dagbag.py:588} INFO - Filling up the DagBag from /home/airflow/.local/lib/python3.12/site-packages/airflow/example_dags/example_sensors.py
[2025-04-05T11:41:17.515+0000] {processor.py:925} INFO - DAG(s) 'example_sensors' retrieved from /home/airflow/.local/lib/python3.12/site-packages/airflow/example_dags/example_sensors.py
[2025-04-05T11:41:17.544+0000] {logging_mixin.py:190} INFO - [2025-04-05T11:41:17.544+0000] {dag.py:3239} INFO - Sync 1 DAGs
[2025-04-05T11:41:17.554+0000] {logging_mixin.py:190} INFO - [2025-04-05T11:41:17.554+0000] {dag.py:4180} INFO - Setting next_dagrun for example_sensors to None, run_after=None
[2025-04-05T11:41:17.573+0000] {processor.py:208} INFO - Processing /home/airflow/.local/lib/python3.12/site-packages/airflow/example_dags/example_sensors.py took 0.087 seconds
[2025-04-05T11:41:49.068+0000] {processor.py:186} INFO - Started process (PID=445) to work on /home/airflow/.local/lib/python3.12/site-packages/airflow/example_dags/example_sensors.py
[2025-04-05T11:41:49.069+0000] {processor.py:914} INFO - Processing file /home/airflow/.local/lib/python3.12/site-packages/airflow/example_dags/example_sensors.py for tasks to queue
[2025-04-05T11:41:49.070+0000] {logging_mixin.py:190} INFO - [2025-04-05T11:41:49.070+0000] {dagbag.py:588} INFO - Filling up the DagBag from /home/airflow/.local/lib/python3.12/site-packages/airflow/example_dags/example_sensors.py
[2025-04-05T11:41:49.081+0000] {processor.py:925} INFO - DAG(s) 'example_sensors' retrieved from /home/airflow/.local/lib/python3.12/site-packages/airflow/example_dags/example_sensors.py
[2025-04-05T11:41:49.104+0000] {logging_mixin.py:190} INFO - [2025-04-05T11:41:49.104+0000] {dag.py:3239} INFO - Sync 1 DAGs
[2025-04-05T11:41:49.111+0000] {logging_mixin.py:190} INFO - [2025-04-05T11:41:49.110+0000] {dag.py:4180} INFO - Setting next_dagrun for example_sensors to None, run_after=None
[2025-04-05T11:41:49.123+0000] {processor.py:208} INFO - Processing /home/airflow/.local/lib/python3.12/site-packages/airflow/example_dags/example_sensors.py took 0.059 seconds
[2025-04-05T11:42:19.941+0000] {processor.py:186} INFO - Started process (PID=508) to work on /home/airflow/.local/lib/python3.12/site-packages/airflow/example_dags/example_sensors.py
[2025-04-05T11:42:19.942+0000] {processor.py:914} INFO - Processing file /home/airflow/.local/lib/python3.12/site-packages/airflow/example_dags/example_sensors.py for tasks to queue
[2025-04-05T11:42:19.943+0000] {logging_mixin.py:190} INFO - [2025-04-05T11:42:19.943+0000] {dagbag.py:588} INFO - Filling up the DagBag from /home/airflow/.local/lib/python3.12/site-packages/airflow/example_dags/example_sensors.py
[2025-04-05T11:42:19.949+0000] {processor.py:925} INFO - DAG(s) 'example_sensors' retrieved from /home/airflow/.local/lib/python3.12/site-packages/airflow/example_dags/example_sensors.py
[2025-04-05T11:42:19.967+0000] {logging_mixin.py:190} INFO - [2025-04-05T11:42:19.967+0000] {dag.py:3239} INFO - Sync 1 DAGs
[2025-04-05T11:42:19.977+0000] {logging_mixin.py:190} INFO - [2025-04-05T11:42:19.976+0000] {dag.py:4180} INFO - Setting next_dagrun for example_sensors to None, run_after=None
[2025-04-05T11:42:19.993+0000] {processor.py:208} INFO - Processing /home/airflow/.local/lib/python3.12/site-packages/airflow/example_dags/example_sensors.py took 0.058 seconds
[2025-04-05T11:42:50.813+0000] {processor.py:186} INFO - Started process (PID=571) to work on /home/airflow/.local/lib/python3.12/site-packages/airflow/example_dags/example_sensors.py
[2025-04-05T11:42:50.814+0000] {processor.py:914} INFO - Processing file /home/airflow/.local/lib/python3.12/site-packages/airflow/example_dags/example_sensors.py for tasks to queue
[2025-04-05T11:42:50.817+0000] {logging_mixin.py:190} INFO - [2025-04-05T11:42:50.817+0000] {dagbag.py:588} INFO - Filling up the DagBag from /home/airflow/.local/lib/python3.12/site-packages/airflow/example_dags/example_sensors.py
[2025-04-05T11:42:50.826+0000] {processor.py:925} INFO - DAG(s) 'example_sensors' retrieved from /home/airflow/.local/lib/python3.12/site-packages/airflow/example_dags/example_sensors.py
[2025-04-05T11:42:50.842+0000] {logging_mixin.py:190} INFO - [2025-04-05T11:42:50.842+0000] {dag.py:3239} INFO - Sync 1 DAGs
[2025-04-05T11:42:50.851+0000] {logging_mixin.py:190} INFO - [2025-04-05T11:42:50.850+0000] {dag.py:4180} INFO - Setting next_dagrun for example_sensors to None, run_after=None
[2025-04-05T11:42:50.864+0000] {processor.py:208} INFO - Processing /home/airflow/.local/lib/python3.12/site-packages/airflow/example_dags/example_sensors.py took 0.056 seconds
[2025-04-05T11:44:56.285+0000] {processor.py:186} INFO - Started process (PID=123) to work on /home/airflow/.local/lib/python3.12/site-packages/airflow/example_dags/example_sensors.py
[2025-04-05T11:44:56.287+0000] {processor.py:914} INFO - Processing file /home/airflow/.local/lib/python3.12/site-packages/airflow/example_dags/example_sensors.py for tasks to queue
[2025-04-05T11:44:56.291+0000] {logging_mixin.py:190} INFO - [2025-04-05T11:44:56.290+0000] {dagbag.py:588} INFO - Filling up the DagBag from /home/airflow/.local/lib/python3.12/site-packages/airflow/example_dags/example_sensors.py
[2025-04-05T11:44:56.309+0000] {processor.py:925} INFO - DAG(s) 'example_sensors' retrieved from /home/airflow/.local/lib/python3.12/site-packages/airflow/example_dags/example_sensors.py
[2025-04-05T11:44:56.358+0000] {logging_mixin.py:190} INFO - [2025-04-05T11:44:56.358+0000] {dag.py:3239} INFO - Sync 1 DAGs
[2025-04-05T11:44:56.373+0000] {logging_mixin.py:190} INFO - [2025-04-05T11:44:56.373+0000] {dag.py:4180} INFO - Setting next_dagrun for example_sensors to None, run_after=None
[2025-04-05T11:44:56.390+0000] {processor.py:208} INFO - Processing /home/airflow/.local/lib/python3.12/site-packages/airflow/example_dags/example_sensors.py took 0.112 seconds
[2025-04-05T11:45:27.504+0000] {processor.py:186} INFO - Started process (PID=187) to work on /home/airflow/.local/lib/python3.12/site-packages/airflow/example_dags/example_sensors.py
[2025-04-05T11:45:27.505+0000] {processor.py:914} INFO - Processing file /home/airflow/.local/lib/python3.12/site-packages/airflow/example_dags/example_sensors.py for tasks to queue
[2025-04-05T11:45:27.506+0000] {logging_mixin.py:190} INFO - [2025-04-05T11:45:27.506+0000] {dagbag.py:588} INFO - Filling up the DagBag from /home/airflow/.local/lib/python3.12/site-packages/airflow/example_dags/example_sensors.py
[2025-04-05T11:45:27.512+0000] {processor.py:925} INFO - DAG(s) 'example_sensors' retrieved from /home/airflow/.local/lib/python3.12/site-packages/airflow/example_dags/example_sensors.py
[2025-04-05T11:45:27.530+0000] {logging_mixin.py:190} INFO - [2025-04-05T11:45:27.530+0000] {dag.py:3239} INFO - Sync 1 DAGs
[2025-04-05T11:45:27.539+0000] {logging_mixin.py:190} INFO - [2025-04-05T11:45:27.539+0000] {dag.py:4180} INFO - Setting next_dagrun for example_sensors to None, run_after=None
[2025-04-05T11:45:27.553+0000] {processor.py:208} INFO - Processing /home/airflow/.local/lib/python3.12/site-packages/airflow/example_dags/example_sensors.py took 0.053 seconds
[2025-04-05T11:45:59.238+0000] {processor.py:186} INFO - Started process (PID=251) to work on /home/airflow/.local/lib/python3.12/site-packages/airflow/example_dags/example_sensors.py
[2025-04-05T11:45:59.240+0000] {processor.py:914} INFO - Processing file /home/airflow/.local/lib/python3.12/site-packages/airflow/example_dags/example_sensors.py for tasks to queue
[2025-04-05T11:45:59.243+0000] {logging_mixin.py:190} INFO - [2025-04-05T11:45:59.242+0000] {dagbag.py:588} INFO - Filling up the DagBag from /home/airflow/.local/lib/python3.12/site-packages/airflow/example_dags/example_sensors.py
[2025-04-05T11:45:59.254+0000] {processor.py:925} INFO - DAG(s) 'example_sensors' retrieved from /home/airflow/.local/lib/python3.12/site-packages/airflow/example_dags/example_sensors.py
[2025-04-05T11:45:59.272+0000] {logging_mixin.py:190} INFO - [2025-04-05T11:45:59.272+0000] {dag.py:3239} INFO - Sync 1 DAGs
[2025-04-05T11:45:59.287+0000] {logging_mixin.py:190} INFO - [2025-04-05T11:45:59.287+0000] {dag.py:4180} INFO - Setting next_dagrun for example_sensors to None, run_after=None
[2025-04-05T11:45:59.302+0000] {processor.py:208} INFO - Processing /home/airflow/.local/lib/python3.12/site-packages/airflow/example_dags/example_sensors.py took 0.069 seconds
[2025-04-05T11:46:30.500+0000] {processor.py:186} INFO - Started process (PID=315) to work on /home/airflow/.local/lib/python3.12/site-packages/airflow/example_dags/example_sensors.py
[2025-04-05T11:46:30.501+0000] {processor.py:914} INFO - Processing file /home/airflow/.local/lib/python3.12/site-packages/airflow/example_dags/example_sensors.py for tasks to queue
[2025-04-05T11:46:30.503+0000] {logging_mixin.py:190} INFO - [2025-04-05T11:46:30.502+0000] {dagbag.py:588} INFO - Filling up the DagBag from /home/airflow/.local/lib/python3.12/site-packages/airflow/example_dags/example_sensors.py
[2025-04-05T11:46:30.509+0000] {processor.py:925} INFO - DAG(s) 'example_sensors' retrieved from /home/airflow/.local/lib/python3.12/site-packages/airflow/example_dags/example_sensors.py
[2025-04-05T11:46:30.531+0000] {logging_mixin.py:190} INFO - [2025-04-05T11:46:30.531+0000] {dag.py:3239} INFO - Sync 1 DAGs
[2025-04-05T11:46:30.539+0000] {logging_mixin.py:190} INFO - [2025-04-05T11:46:30.539+0000] {dag.py:4180} INFO - Setting next_dagrun for example_sensors to None, run_after=None
[2025-04-05T11:46:30.553+0000] {processor.py:208} INFO - Processing /home/airflow/.local/lib/python3.12/site-packages/airflow/example_dags/example_sensors.py took 0.058 seconds
[2025-04-05T11:47:01.478+0000] {processor.py:186} INFO - Started process (PID=378) to work on /home/airflow/.local/lib/python3.12/site-packages/airflow/example_dags/example_sensors.py
[2025-04-05T11:47:01.479+0000] {processor.py:914} INFO - Processing file /home/airflow/.local/lib/python3.12/site-packages/airflow/example_dags/example_sensors.py for tasks to queue
[2025-04-05T11:47:01.481+0000] {logging_mixin.py:190} INFO - [2025-04-05T11:47:01.481+0000] {dagbag.py:588} INFO - Filling up the DagBag from /home/airflow/.local/lib/python3.12/site-packages/airflow/example_dags/example_sensors.py
[2025-04-05T11:47:01.487+0000] {processor.py:925} INFO - DAG(s) 'example_sensors' retrieved from /home/airflow/.local/lib/python3.12/site-packages/airflow/example_dags/example_sensors.py
[2025-04-05T11:47:01.505+0000] {logging_mixin.py:190} INFO - [2025-04-05T11:47:01.505+0000] {dag.py:3239} INFO - Sync 1 DAGs
[2025-04-05T11:47:01.512+0000] {logging_mixin.py:190} INFO - [2025-04-05T11:47:01.512+0000] {dag.py:4180} INFO - Setting next_dagrun for example_sensors to None, run_after=None
[2025-04-05T11:47:01.531+0000] {processor.py:208} INFO - Processing /home/airflow/.local/lib/python3.12/site-packages/airflow/example_dags/example_sensors.py took 0.056 seconds
[2025-04-05T11:50:13.824+0000] {processor.py:186} INFO - Started process (PID=131) to work on /home/airflow/.local/lib/python3.12/site-packages/airflow/example_dags/example_sensors.py
[2025-04-05T11:50:13.825+0000] {processor.py:914} INFO - Processing file /home/airflow/.local/lib/python3.12/site-packages/airflow/example_dags/example_sensors.py for tasks to queue
[2025-04-05T11:50:13.827+0000] {logging_mixin.py:190} INFO - [2025-04-05T11:50:13.827+0000] {dagbag.py:588} INFO - Filling up the DagBag from /home/airflow/.local/lib/python3.12/site-packages/airflow/example_dags/example_sensors.py
[2025-04-05T11:50:13.837+0000] {processor.py:925} INFO - DAG(s) 'example_sensors' retrieved from /home/airflow/.local/lib/python3.12/site-packages/airflow/example_dags/example_sensors.py
[2025-04-05T11:50:13.871+0000] {logging_mixin.py:190} INFO - [2025-04-05T11:50:13.870+0000] {dag.py:3239} INFO - Sync 1 DAGs
[2025-04-05T11:50:13.883+0000] {logging_mixin.py:190} INFO - [2025-04-05T11:50:13.882+0000] {dag.py:4180} INFO - Setting next_dagrun for example_sensors to None, run_after=None
[2025-04-05T11:50:13.897+0000] {processor.py:208} INFO - Processing /home/airflow/.local/lib/python3.12/site-packages/airflow/example_dags/example_sensors.py took 0.078 seconds
[2025-04-05T11:50:45.416+0000] {processor.py:186} INFO - Started process (PID=195) to work on /home/airflow/.local/lib/python3.12/site-packages/airflow/example_dags/example_sensors.py
[2025-04-05T11:50:45.421+0000] {processor.py:914} INFO - Processing file /home/airflow/.local/lib/python3.12/site-packages/airflow/example_dags/example_sensors.py for tasks to queue
[2025-04-05T11:50:45.426+0000] {logging_mixin.py:190} INFO - [2025-04-05T11:50:45.425+0000] {dagbag.py:588} INFO - Filling up the DagBag from /home/airflow/.local/lib/python3.12/site-packages/airflow/example_dags/example_sensors.py
[2025-04-05T11:50:45.434+0000] {processor.py:925} INFO - DAG(s) 'example_sensors' retrieved from /home/airflow/.local/lib/python3.12/site-packages/airflow/example_dags/example_sensors.py
[2025-04-05T11:50:45.451+0000] {logging_mixin.py:190} INFO - [2025-04-05T11:50:45.451+0000] {dag.py:3239} INFO - Sync 1 DAGs
[2025-04-05T11:50:45.459+0000] {logging_mixin.py:190} INFO - [2025-04-05T11:50:45.459+0000] {dag.py:4180} INFO - Setting next_dagrun for example_sensors to None, run_after=None
[2025-04-05T11:50:45.469+0000] {processor.py:208} INFO - Processing /home/airflow/.local/lib/python3.12/site-packages/airflow/example_dags/example_sensors.py took 0.058 seconds
[2025-04-05T11:51:16.784+0000] {processor.py:186} INFO - Started process (PID=259) to work on /home/airflow/.local/lib/python3.12/site-packages/airflow/example_dags/example_sensors.py
[2025-04-05T11:51:16.785+0000] {processor.py:914} INFO - Processing file /home/airflow/.local/lib/python3.12/site-packages/airflow/example_dags/example_sensors.py for tasks to queue
[2025-04-05T11:51:16.787+0000] {logging_mixin.py:190} INFO - [2025-04-05T11:51:16.787+0000] {dagbag.py:588} INFO - Filling up the DagBag from /home/airflow/.local/lib/python3.12/site-packages/airflow/example_dags/example_sensors.py
[2025-04-05T11:51:16.799+0000] {processor.py:925} INFO - DAG(s) 'example_sensors' retrieved from /home/airflow/.local/lib/python3.12/site-packages/airflow/example_dags/example_sensors.py
[2025-04-05T11:51:16.823+0000] {logging_mixin.py:190} INFO - [2025-04-05T11:51:16.822+0000] {dag.py:3239} INFO - Sync 1 DAGs
[2025-04-05T11:51:16.837+0000] {logging_mixin.py:190} INFO - [2025-04-05T11:51:16.837+0000] {dag.py:4180} INFO - Setting next_dagrun for example_sensors to None, run_after=None
[2025-04-05T11:51:16.849+0000] {processor.py:208} INFO - Processing /home/airflow/.local/lib/python3.12/site-packages/airflow/example_dags/example_sensors.py took 0.069 seconds
[2025-04-05T11:51:47.969+0000] {processor.py:186} INFO - Started process (PID=323) to work on /home/airflow/.local/lib/python3.12/site-packages/airflow/example_dags/example_sensors.py
[2025-04-05T11:51:47.970+0000] {processor.py:914} INFO - Processing file /home/airflow/.local/lib/python3.12/site-packages/airflow/example_dags/example_sensors.py for tasks to queue
[2025-04-05T11:51:47.971+0000] {logging_mixin.py:190} INFO - [2025-04-05T11:51:47.971+0000] {dagbag.py:588} INFO - Filling up the DagBag from /home/airflow/.local/lib/python3.12/site-packages/airflow/example_dags/example_sensors.py
[2025-04-05T11:51:47.981+0000] {processor.py:925} INFO - DAG(s) 'example_sensors' retrieved from /home/airflow/.local/lib/python3.12/site-packages/airflow/example_dags/example_sensors.py
[2025-04-05T11:51:47.999+0000] {logging_mixin.py:190} INFO - [2025-04-05T11:51:47.999+0000] {dag.py:3239} INFO - Sync 1 DAGs
[2025-04-05T11:51:48.013+0000] {logging_mixin.py:190} INFO - [2025-04-05T11:51:48.013+0000] {dag.py:4180} INFO - Setting next_dagrun for example_sensors to None, run_after=None
[2025-04-05T11:51:48.027+0000] {processor.py:208} INFO - Processing /home/airflow/.local/lib/python3.12/site-packages/airflow/example_dags/example_sensors.py took 0.062 seconds
[2025-04-05T11:52:19.383+0000] {processor.py:186} INFO - Started process (PID=387) to work on /home/airflow/.local/lib/python3.12/site-packages/airflow/example_dags/example_sensors.py
[2025-04-05T11:52:19.385+0000] {processor.py:914} INFO - Processing file /home/airflow/.local/lib/python3.12/site-packages/airflow/example_dags/example_sensors.py for tasks to queue
[2025-04-05T11:52:19.387+0000] {logging_mixin.py:190} INFO - [2025-04-05T11:52:19.387+0000] {dagbag.py:588} INFO - Filling up the DagBag from /home/airflow/.local/lib/python3.12/site-packages/airflow/example_dags/example_sensors.py
[2025-04-05T11:52:19.394+0000] {processor.py:925} INFO - DAG(s) 'example_sensors' retrieved from /home/airflow/.local/lib/python3.12/site-packages/airflow/example_dags/example_sensors.py
[2025-04-05T11:52:19.417+0000] {logging_mixin.py:190} INFO - [2025-04-05T11:52:19.417+0000] {dag.py:3239} INFO - Sync 1 DAGs
[2025-04-05T11:52:19.426+0000] {logging_mixin.py:190} INFO - [2025-04-05T11:52:19.426+0000] {dag.py:4180} INFO - Setting next_dagrun for example_sensors to None, run_after=None
[2025-04-05T11:52:19.441+0000] {processor.py:208} INFO - Processing /home/airflow/.local/lib/python3.12/site-packages/airflow/example_dags/example_sensors.py took 0.064 seconds
[2025-04-05T12:07:24.822+0000] {processor.py:186} INFO - Started process (PID=124) to work on /home/airflow/.local/lib/python3.12/site-packages/airflow/example_dags/example_sensors.py
[2025-04-05T12:07:24.823+0000] {processor.py:914} INFO - Processing file /home/airflow/.local/lib/python3.12/site-packages/airflow/example_dags/example_sensors.py for tasks to queue
[2025-04-05T12:07:24.825+0000] {logging_mixin.py:190} INFO - [2025-04-05T12:07:24.824+0000] {dagbag.py:588} INFO - Filling up the DagBag from /home/airflow/.local/lib/python3.12/site-packages/airflow/example_dags/example_sensors.py
[2025-04-05T12:07:24.832+0000] {processor.py:925} INFO - DAG(s) 'example_sensors' retrieved from /home/airflow/.local/lib/python3.12/site-packages/airflow/example_dags/example_sensors.py
[2025-04-05T12:07:24.854+0000] {logging_mixin.py:190} INFO - [2025-04-05T12:07:24.853+0000] {dag.py:3239} INFO - Sync 1 DAGs
[2025-04-05T12:07:24.870+0000] {logging_mixin.py:190} INFO - [2025-04-05T12:07:24.869+0000] {dag.py:4180} INFO - Setting next_dagrun for example_sensors to None, run_after=None
[2025-04-05T12:07:24.882+0000] {processor.py:208} INFO - Processing /home/airflow/.local/lib/python3.12/site-packages/airflow/example_dags/example_sensors.py took 0.064 seconds
[2025-04-05T12:07:56.330+0000] {processor.py:186} INFO - Started process (PID=188) to work on /home/airflow/.local/lib/python3.12/site-packages/airflow/example_dags/example_sensors.py
[2025-04-05T12:07:56.334+0000] {processor.py:914} INFO - Processing file /home/airflow/.local/lib/python3.12/site-packages/airflow/example_dags/example_sensors.py for tasks to queue
[2025-04-05T12:07:56.335+0000] {logging_mixin.py:190} INFO - [2025-04-05T12:07:56.335+0000] {dagbag.py:588} INFO - Filling up the DagBag from /home/airflow/.local/lib/python3.12/site-packages/airflow/example_dags/example_sensors.py
[2025-04-05T12:07:56.342+0000] {processor.py:925} INFO - DAG(s) 'example_sensors' retrieved from /home/airflow/.local/lib/python3.12/site-packages/airflow/example_dags/example_sensors.py
[2025-04-05T12:07:56.355+0000] {logging_mixin.py:190} INFO - [2025-04-05T12:07:56.355+0000] {dag.py:3239} INFO - Sync 1 DAGs
[2025-04-05T12:07:56.367+0000] {logging_mixin.py:190} INFO - [2025-04-05T12:07:56.367+0000] {dag.py:4180} INFO - Setting next_dagrun for example_sensors to None, run_after=None
[2025-04-05T12:07:56.379+0000] {processor.py:208} INFO - Processing /home/airflow/.local/lib/python3.12/site-packages/airflow/example_dags/example_sensors.py took 0.053 seconds
[2025-04-05T12:08:28.309+0000] {processor.py:186} INFO - Started process (PID=252) to work on /home/airflow/.local/lib/python3.12/site-packages/airflow/example_dags/example_sensors.py
[2025-04-05T12:08:28.314+0000] {processor.py:914} INFO - Processing file /home/airflow/.local/lib/python3.12/site-packages/airflow/example_dags/example_sensors.py for tasks to queue
[2025-04-05T12:08:28.317+0000] {logging_mixin.py:190} INFO - [2025-04-05T12:08:28.317+0000] {dagbag.py:588} INFO - Filling up the DagBag from /home/airflow/.local/lib/python3.12/site-packages/airflow/example_dags/example_sensors.py
[2025-04-05T12:08:28.350+0000] {processor.py:925} INFO - DAG(s) 'example_sensors' retrieved from /home/airflow/.local/lib/python3.12/site-packages/airflow/example_dags/example_sensors.py
[2025-04-05T12:08:28.404+0000] {logging_mixin.py:190} INFO - [2025-04-05T12:08:28.401+0000] {dag.py:3239} INFO - Sync 1 DAGs
[2025-04-05T12:08:28.422+0000] {logging_mixin.py:190} INFO - [2025-04-05T12:08:28.422+0000] {dag.py:4180} INFO - Setting next_dagrun for example_sensors to None, run_after=None
[2025-04-05T12:08:28.461+0000] {processor.py:208} INFO - Processing /home/airflow/.local/lib/python3.12/site-packages/airflow/example_dags/example_sensors.py took 0.183 seconds
[2025-04-05T12:08:59.148+0000] {processor.py:186} INFO - Started process (PID=316) to work on /home/airflow/.local/lib/python3.12/site-packages/airflow/example_dags/example_sensors.py
[2025-04-05T12:08:59.152+0000] {processor.py:914} INFO - Processing file /home/airflow/.local/lib/python3.12/site-packages/airflow/example_dags/example_sensors.py for tasks to queue
[2025-04-05T12:08:59.154+0000] {logging_mixin.py:190} INFO - [2025-04-05T12:08:59.154+0000] {dagbag.py:588} INFO - Filling up the DagBag from /home/airflow/.local/lib/python3.12/site-packages/airflow/example_dags/example_sensors.py
[2025-04-05T12:08:59.163+0000] {processor.py:925} INFO - DAG(s) 'example_sensors' retrieved from /home/airflow/.local/lib/python3.12/site-packages/airflow/example_dags/example_sensors.py
[2025-04-05T12:08:59.190+0000] {logging_mixin.py:190} INFO - [2025-04-05T12:08:59.190+0000] {dag.py:3239} INFO - Sync 1 DAGs
[2025-04-05T12:08:59.198+0000] {logging_mixin.py:190} INFO - [2025-04-05T12:08:59.198+0000] {dag.py:4180} INFO - Setting next_dagrun for example_sensors to None, run_after=None
[2025-04-05T12:08:59.211+0000] {processor.py:208} INFO - Processing /home/airflow/.local/lib/python3.12/site-packages/airflow/example_dags/example_sensors.py took 0.066 seconds
[2025-04-05T12:09:29.913+0000] {processor.py:186} INFO - Started process (PID=380) to work on /home/airflow/.local/lib/python3.12/site-packages/airflow/example_dags/example_sensors.py
[2025-04-05T12:09:29.914+0000] {processor.py:914} INFO - Processing file /home/airflow/.local/lib/python3.12/site-packages/airflow/example_dags/example_sensors.py for tasks to queue
[2025-04-05T12:09:29.915+0000] {logging_mixin.py:190} INFO - [2025-04-05T12:09:29.915+0000] {dagbag.py:588} INFO - Filling up the DagBag from /home/airflow/.local/lib/python3.12/site-packages/airflow/example_dags/example_sensors.py
[2025-04-05T12:09:29.920+0000] {processor.py:925} INFO - DAG(s) 'example_sensors' retrieved from /home/airflow/.local/lib/python3.12/site-packages/airflow/example_dags/example_sensors.py
[2025-04-05T12:09:29.936+0000] {logging_mixin.py:190} INFO - [2025-04-05T12:09:29.936+0000] {dag.py:3239} INFO - Sync 1 DAGs
[2025-04-05T12:09:29.943+0000] {logging_mixin.py:190} INFO - [2025-04-05T12:09:29.943+0000] {dag.py:4180} INFO - Setting next_dagrun for example_sensors to None, run_after=None
[2025-04-05T12:09:29.956+0000] {processor.py:208} INFO - Processing /home/airflow/.local/lib/python3.12/site-packages/airflow/example_dags/example_sensors.py took 0.047 seconds
[2025-04-05T12:10:00.620+0000] {processor.py:186} INFO - Started process (PID=444) to work on /home/airflow/.local/lib/python3.12/site-packages/airflow/example_dags/example_sensors.py
[2025-04-05T12:10:00.622+0000] {processor.py:914} INFO - Processing file /home/airflow/.local/lib/python3.12/site-packages/airflow/example_dags/example_sensors.py for tasks to queue
[2025-04-05T12:10:00.623+0000] {logging_mixin.py:190} INFO - [2025-04-05T12:10:00.623+0000] {dagbag.py:588} INFO - Filling up the DagBag from /home/airflow/.local/lib/python3.12/site-packages/airflow/example_dags/example_sensors.py
[2025-04-05T12:10:00.629+0000] {processor.py:925} INFO - DAG(s) 'example_sensors' retrieved from /home/airflow/.local/lib/python3.12/site-packages/airflow/example_dags/example_sensors.py
[2025-04-05T12:10:00.646+0000] {logging_mixin.py:190} INFO - [2025-04-05T12:10:00.646+0000] {dag.py:3239} INFO - Sync 1 DAGs
[2025-04-05T12:10:00.653+0000] {logging_mixin.py:190} INFO - [2025-04-05T12:10:00.653+0000] {dag.py:4180} INFO - Setting next_dagrun for example_sensors to None, run_after=None
[2025-04-05T12:10:00.664+0000] {processor.py:208} INFO - Processing /home/airflow/.local/lib/python3.12/site-packages/airflow/example_dags/example_sensors.py took 0.047 seconds
[2025-04-05T12:10:31.658+0000] {processor.py:186} INFO - Started process (PID=508) to work on /home/airflow/.local/lib/python3.12/site-packages/airflow/example_dags/example_sensors.py
[2025-04-05T12:10:31.658+0000] {processor.py:914} INFO - Processing file /home/airflow/.local/lib/python3.12/site-packages/airflow/example_dags/example_sensors.py for tasks to queue
[2025-04-05T12:10:31.660+0000] {logging_mixin.py:190} INFO - [2025-04-05T12:10:31.659+0000] {dagbag.py:588} INFO - Filling up the DagBag from /home/airflow/.local/lib/python3.12/site-packages/airflow/example_dags/example_sensors.py
[2025-04-05T12:10:31.666+0000] {processor.py:925} INFO - DAG(s) 'example_sensors' retrieved from /home/airflow/.local/lib/python3.12/site-packages/airflow/example_dags/example_sensors.py
[2025-04-05T12:10:31.687+0000] {logging_mixin.py:190} INFO - [2025-04-05T12:10:31.687+0000] {dag.py:3239} INFO - Sync 1 DAGs
[2025-04-05T12:10:31.693+0000] {logging_mixin.py:190} INFO - [2025-04-05T12:10:31.693+0000] {dag.py:4180} INFO - Setting next_dagrun for example_sensors to None, run_after=None
[2025-04-05T12:10:31.707+0000] {processor.py:208} INFO - Processing /home/airflow/.local/lib/python3.12/site-packages/airflow/example_dags/example_sensors.py took 0.053 seconds
[2025-04-05T12:11:03.392+0000] {processor.py:186} INFO - Started process (PID=572) to work on /home/airflow/.local/lib/python3.12/site-packages/airflow/example_dags/example_sensors.py
[2025-04-05T12:11:03.394+0000] {processor.py:914} INFO - Processing file /home/airflow/.local/lib/python3.12/site-packages/airflow/example_dags/example_sensors.py for tasks to queue
[2025-04-05T12:11:03.400+0000] {logging_mixin.py:190} INFO - [2025-04-05T12:11:03.399+0000] {dagbag.py:588} INFO - Filling up the DagBag from /home/airflow/.local/lib/python3.12/site-packages/airflow/example_dags/example_sensors.py
[2025-04-05T12:11:03.413+0000] {processor.py:925} INFO - DAG(s) 'example_sensors' retrieved from /home/airflow/.local/lib/python3.12/site-packages/airflow/example_dags/example_sensors.py
[2025-04-05T12:11:03.449+0000] {logging_mixin.py:190} INFO - [2025-04-05T12:11:03.449+0000] {dag.py:3239} INFO - Sync 1 DAGs
[2025-04-05T12:11:03.459+0000] {logging_mixin.py:190} INFO - [2025-04-05T12:11:03.459+0000] {dag.py:4180} INFO - Setting next_dagrun for example_sensors to None, run_after=None
[2025-04-05T12:11:03.474+0000] {processor.py:208} INFO - Processing /home/airflow/.local/lib/python3.12/site-packages/airflow/example_dags/example_sensors.py took 0.089 seconds
[2025-04-05T12:11:34.674+0000] {processor.py:186} INFO - Started process (PID=635) to work on /home/airflow/.local/lib/python3.12/site-packages/airflow/example_dags/example_sensors.py
[2025-04-05T12:11:34.674+0000] {processor.py:914} INFO - Processing file /home/airflow/.local/lib/python3.12/site-packages/airflow/example_dags/example_sensors.py for tasks to queue
[2025-04-05T12:11:34.675+0000] {logging_mixin.py:190} INFO - [2025-04-05T12:11:34.675+0000] {dagbag.py:588} INFO - Filling up the DagBag from /home/airflow/.local/lib/python3.12/site-packages/airflow/example_dags/example_sensors.py
[2025-04-05T12:11:34.683+0000] {processor.py:925} INFO - DAG(s) 'example_sensors' retrieved from /home/airflow/.local/lib/python3.12/site-packages/airflow/example_dags/example_sensors.py
[2025-04-05T12:11:34.697+0000] {logging_mixin.py:190} INFO - [2025-04-05T12:11:34.697+0000] {dag.py:3239} INFO - Sync 1 DAGs
[2025-04-05T12:11:34.706+0000] {logging_mixin.py:190} INFO - [2025-04-05T12:11:34.706+0000] {dag.py:4180} INFO - Setting next_dagrun for example_sensors to None, run_after=None
[2025-04-05T12:11:34.721+0000] {processor.py:208} INFO - Processing /home/airflow/.local/lib/python3.12/site-packages/airflow/example_dags/example_sensors.py took 0.050 seconds
[2025-04-05T12:12:06.278+0000] {processor.py:186} INFO - Started process (PID=698) to work on /home/airflow/.local/lib/python3.12/site-packages/airflow/example_dags/example_sensors.py
[2025-04-05T12:12:06.280+0000] {processor.py:914} INFO - Processing file /home/airflow/.local/lib/python3.12/site-packages/airflow/example_dags/example_sensors.py for tasks to queue
[2025-04-05T12:12:06.282+0000] {logging_mixin.py:190} INFO - [2025-04-05T12:12:06.282+0000] {dagbag.py:588} INFO - Filling up the DagBag from /home/airflow/.local/lib/python3.12/site-packages/airflow/example_dags/example_sensors.py
[2025-04-05T12:12:06.287+0000] {processor.py:925} INFO - DAG(s) 'example_sensors' retrieved from /home/airflow/.local/lib/python3.12/site-packages/airflow/example_dags/example_sensors.py
[2025-04-05T12:12:06.302+0000] {logging_mixin.py:190} INFO - [2025-04-05T12:12:06.302+0000] {dag.py:3239} INFO - Sync 1 DAGs
[2025-04-05T12:12:06.309+0000] {logging_mixin.py:190} INFO - [2025-04-05T12:12:06.309+0000] {dag.py:4180} INFO - Setting next_dagrun for example_sensors to None, run_after=None
[2025-04-05T12:12:06.318+0000] {processor.py:208} INFO - Processing /home/airflow/.local/lib/python3.12/site-packages/airflow/example_dags/example_sensors.py took 0.042 seconds
