[2025-04-05T11:23:26.002+0000] {processor.py:186} INFO - Started process (PID=104) to work on /home/airflow/.local/lib/python3.12/site-packages/airflow/example_dags/example_latest_only.py
[2025-04-05T11:23:26.003+0000] {processor.py:914} INFO - Processing file /home/airflow/.local/lib/python3.12/site-packages/airflow/example_dags/example_latest_only.py for tasks to queue
[2025-04-05T11:23:26.004+0000] {logging_mixin.py:190} INFO - [2025-04-05T11:23:26.004+0000] {dagbag.py:588} INFO - Filling up the DagBag from /home/airflow/.local/lib/python3.12/site-packages/airflow/example_dags/example_latest_only.py
[2025-04-05T11:23:26.008+0000] {processor.py:925} INFO - DAG(s) 'latest_only' retrieved from /home/airflow/.local/lib/python3.12/site-packages/airflow/example_dags/example_latest_only.py
[2025-04-05T11:23:26.058+0000] {logging_mixin.py:190} INFO - [2025-04-05T11:23:26.058+0000] {override.py:1912} INFO - Created Permission View: can edit on DAG:latest_only
[2025-04-05T11:23:26.062+0000] {logging_mixin.py:190} INFO - [2025-04-05T11:23:26.062+0000] {override.py:1912} INFO - Created Permission View: can read on DAG:latest_only
[2025-04-05T11:23:26.064+0000] {logging_mixin.py:190} INFO - [2025-04-05T11:23:26.064+0000] {override.py:1912} INFO - Created Permission View: can delete on DAG:latest_only
[2025-04-05T11:23:26.068+0000] {logging_mixin.py:190} INFO - [2025-04-05T11:23:26.068+0000] {override.py:1912} INFO - Created Permission View: menu access on DAG Run:latest_only
[2025-04-05T11:23:26.072+0000] {logging_mixin.py:190} INFO - [2025-04-05T11:23:26.072+0000] {override.py:1912} INFO - Created Permission View: can read on DAG Run:latest_only
[2025-04-05T11:23:26.075+0000] {logging_mixin.py:190} INFO - [2025-04-05T11:23:26.075+0000] {override.py:1912} INFO - Created Permission View: can create on DAG Run:latest_only
[2025-04-05T11:23:26.077+0000] {logging_mixin.py:190} INFO - [2025-04-05T11:23:26.077+0000] {override.py:1912} INFO - Created Permission View: can delete on DAG Run:latest_only
[2025-04-05T11:23:26.077+0000] {logging_mixin.py:190} INFO - [2025-04-05T11:23:26.077+0000] {dag.py:3239} INFO - Sync 1 DAGs
[2025-04-05T11:23:26.082+0000] {logging_mixin.py:190} INFO - [2025-04-05T11:23:26.082+0000] {dag.py:3262} INFO - Creating ORM DAG for latest_only
[2025-04-05T11:23:26.087+0000] {logging_mixin.py:190} INFO - [2025-04-05T11:23:26.087+0000] {dag.py:4180} INFO - Setting next_dagrun for latest_only to 2025-04-05 04:00:00+00:00, run_after=2025-04-05 08:00:00+00:00
[2025-04-05T11:23:26.094+0000] {processor.py:208} INFO - Processing /home/airflow/.local/lib/python3.12/site-packages/airflow/example_dags/example_latest_only.py took 0.095 seconds
[2025-04-05T11:23:56.620+0000] {processor.py:186} INFO - Started process (PID=167) to work on /home/airflow/.local/lib/python3.12/site-packages/airflow/example_dags/example_latest_only.py
[2025-04-05T11:23:56.622+0000] {processor.py:914} INFO - Processing file /home/airflow/.local/lib/python3.12/site-packages/airflow/example_dags/example_latest_only.py for tasks to queue
[2025-04-05T11:23:56.624+0000] {logging_mixin.py:190} INFO - [2025-04-05T11:23:56.624+0000] {dagbag.py:588} INFO - Filling up the DagBag from /home/airflow/.local/lib/python3.12/site-packages/airflow/example_dags/example_latest_only.py
[2025-04-05T11:23:56.628+0000] {processor.py:925} INFO - DAG(s) 'latest_only' retrieved from /home/airflow/.local/lib/python3.12/site-packages/airflow/example_dags/example_latest_only.py
[2025-04-05T11:23:56.646+0000] {logging_mixin.py:190} INFO - [2025-04-05T11:23:56.646+0000] {dag.py:3239} INFO - Sync 1 DAGs
[2025-04-05T11:23:56.658+0000] {logging_mixin.py:190} INFO - [2025-04-05T11:23:56.658+0000] {dag.py:4180} INFO - Setting next_dagrun for latest_only to 2025-04-05 04:00:00+00:00, run_after=2025-04-05 08:00:00+00:00
[2025-04-05T11:23:56.667+0000] {processor.py:208} INFO - Processing /home/airflow/.local/lib/python3.12/site-packages/airflow/example_dags/example_latest_only.py took 0.050 seconds
[2025-04-05T11:24:27.082+0000] {processor.py:186} INFO - Started process (PID=230) to work on /home/airflow/.local/lib/python3.12/site-packages/airflow/example_dags/example_latest_only.py
[2025-04-05T11:24:27.082+0000] {processor.py:914} INFO - Processing file /home/airflow/.local/lib/python3.12/site-packages/airflow/example_dags/example_latest_only.py for tasks to queue
[2025-04-05T11:24:27.084+0000] {logging_mixin.py:190} INFO - [2025-04-05T11:24:27.084+0000] {dagbag.py:588} INFO - Filling up the DagBag from /home/airflow/.local/lib/python3.12/site-packages/airflow/example_dags/example_latest_only.py
[2025-04-05T11:24:27.089+0000] {processor.py:925} INFO - DAG(s) 'latest_only' retrieved from /home/airflow/.local/lib/python3.12/site-packages/airflow/example_dags/example_latest_only.py
[2025-04-05T11:24:27.099+0000] {logging_mixin.py:190} INFO - [2025-04-05T11:24:27.098+0000] {dag.py:3239} INFO - Sync 1 DAGs
[2025-04-05T11:24:27.110+0000] {logging_mixin.py:190} INFO - [2025-04-05T11:24:27.110+0000] {dag.py:4180} INFO - Setting next_dagrun for latest_only to 2025-04-05 04:00:00+00:00, run_after=2025-04-05 08:00:00+00:00
[2025-04-05T11:24:27.120+0000] {processor.py:208} INFO - Processing /home/airflow/.local/lib/python3.12/site-packages/airflow/example_dags/example_latest_only.py took 0.042 seconds
[2025-04-05T11:24:58.184+0000] {processor.py:186} INFO - Started process (PID=293) to work on /home/airflow/.local/lib/python3.12/site-packages/airflow/example_dags/example_latest_only.py
[2025-04-05T11:24:58.185+0000] {processor.py:914} INFO - Processing file /home/airflow/.local/lib/python3.12/site-packages/airflow/example_dags/example_latest_only.py for tasks to queue
[2025-04-05T11:24:58.186+0000] {logging_mixin.py:190} INFO - [2025-04-05T11:24:58.186+0000] {dagbag.py:588} INFO - Filling up the DagBag from /home/airflow/.local/lib/python3.12/site-packages/airflow/example_dags/example_latest_only.py
[2025-04-05T11:24:58.189+0000] {processor.py:925} INFO - DAG(s) 'latest_only' retrieved from /home/airflow/.local/lib/python3.12/site-packages/airflow/example_dags/example_latest_only.py
[2025-04-05T11:24:58.202+0000] {logging_mixin.py:190} INFO - [2025-04-05T11:24:58.202+0000] {dag.py:3239} INFO - Sync 1 DAGs
[2025-04-05T11:24:58.213+0000] {logging_mixin.py:190} INFO - [2025-04-05T11:24:58.213+0000] {dag.py:4180} INFO - Setting next_dagrun for latest_only to 2025-04-05 04:00:00+00:00, run_after=2025-04-05 08:00:00+00:00
[2025-04-05T11:24:58.221+0000] {processor.py:208} INFO - Processing /home/airflow/.local/lib/python3.12/site-packages/airflow/example_dags/example_latest_only.py took 0.040 seconds
[2025-04-05T11:25:29.589+0000] {processor.py:186} INFO - Started process (PID=356) to work on /home/airflow/.local/lib/python3.12/site-packages/airflow/example_dags/example_latest_only.py
[2025-04-05T11:25:29.589+0000] {processor.py:914} INFO - Processing file /home/airflow/.local/lib/python3.12/site-packages/airflow/example_dags/example_latest_only.py for tasks to queue
[2025-04-05T11:25:29.591+0000] {logging_mixin.py:190} INFO - [2025-04-05T11:25:29.591+0000] {dagbag.py:588} INFO - Filling up the DagBag from /home/airflow/.local/lib/python3.12/site-packages/airflow/example_dags/example_latest_only.py
[2025-04-05T11:25:29.595+0000] {processor.py:925} INFO - DAG(s) 'latest_only' retrieved from /home/airflow/.local/lib/python3.12/site-packages/airflow/example_dags/example_latest_only.py
[2025-04-05T11:25:29.606+0000] {logging_mixin.py:190} INFO - [2025-04-05T11:25:29.606+0000] {dag.py:3239} INFO - Sync 1 DAGs
[2025-04-05T11:25:29.624+0000] {logging_mixin.py:190} INFO - [2025-04-05T11:25:29.624+0000] {dag.py:4180} INFO - Setting next_dagrun for latest_only to 2025-04-05 04:00:00+00:00, run_after=2025-04-05 08:00:00+00:00
[2025-04-05T11:25:29.637+0000] {processor.py:208} INFO - Processing /home/airflow/.local/lib/python3.12/site-packages/airflow/example_dags/example_latest_only.py took 0.052 seconds
[2025-04-05T11:26:01.435+0000] {processor.py:186} INFO - Started process (PID=419) to work on /home/airflow/.local/lib/python3.12/site-packages/airflow/example_dags/example_latest_only.py
[2025-04-05T11:26:01.436+0000] {processor.py:914} INFO - Processing file /home/airflow/.local/lib/python3.12/site-packages/airflow/example_dags/example_latest_only.py for tasks to queue
[2025-04-05T11:26:01.437+0000] {logging_mixin.py:190} INFO - [2025-04-05T11:26:01.437+0000] {dagbag.py:588} INFO - Filling up the DagBag from /home/airflow/.local/lib/python3.12/site-packages/airflow/example_dags/example_latest_only.py
[2025-04-05T11:26:01.441+0000] {processor.py:925} INFO - DAG(s) 'latest_only' retrieved from /home/airflow/.local/lib/python3.12/site-packages/airflow/example_dags/example_latest_only.py
[2025-04-05T11:26:01.454+0000] {logging_mixin.py:190} INFO - [2025-04-05T11:26:01.453+0000] {dag.py:3239} INFO - Sync 1 DAGs
[2025-04-05T11:26:01.467+0000] {logging_mixin.py:190} INFO - [2025-04-05T11:26:01.467+0000] {dag.py:4180} INFO - Setting next_dagrun for latest_only to 2025-04-05 04:00:00+00:00, run_after=2025-04-05 08:00:00+00:00
[2025-04-05T11:26:01.476+0000] {processor.py:208} INFO - Processing /home/airflow/.local/lib/python3.12/site-packages/airflow/example_dags/example_latest_only.py took 0.046 seconds
[2025-04-05T11:26:32.043+0000] {processor.py:186} INFO - Started process (PID=482) to work on /home/airflow/.local/lib/python3.12/site-packages/airflow/example_dags/example_latest_only.py
[2025-04-05T11:26:32.045+0000] {processor.py:914} INFO - Processing file /home/airflow/.local/lib/python3.12/site-packages/airflow/example_dags/example_latest_only.py for tasks to queue
[2025-04-05T11:26:32.047+0000] {logging_mixin.py:190} INFO - [2025-04-05T11:26:32.047+0000] {dagbag.py:588} INFO - Filling up the DagBag from /home/airflow/.local/lib/python3.12/site-packages/airflow/example_dags/example_latest_only.py
[2025-04-05T11:26:32.051+0000] {processor.py:925} INFO - DAG(s) 'latest_only' retrieved from /home/airflow/.local/lib/python3.12/site-packages/airflow/example_dags/example_latest_only.py
[2025-04-05T11:26:32.064+0000] {logging_mixin.py:190} INFO - [2025-04-05T11:26:32.064+0000] {dag.py:3239} INFO - Sync 1 DAGs
[2025-04-05T11:26:32.075+0000] {logging_mixin.py:190} INFO - [2025-04-05T11:26:32.075+0000] {dag.py:4180} INFO - Setting next_dagrun for latest_only to 2025-04-05 04:00:00+00:00, run_after=2025-04-05 08:00:00+00:00
[2025-04-05T11:26:32.083+0000] {processor.py:208} INFO - Processing /home/airflow/.local/lib/python3.12/site-packages/airflow/example_dags/example_latest_only.py took 0.044 seconds
[2025-04-05T11:27:03.656+0000] {processor.py:186} INFO - Started process (PID=545) to work on /home/airflow/.local/lib/python3.12/site-packages/airflow/example_dags/example_latest_only.py
[2025-04-05T11:27:03.657+0000] {processor.py:914} INFO - Processing file /home/airflow/.local/lib/python3.12/site-packages/airflow/example_dags/example_latest_only.py for tasks to queue
[2025-04-05T11:27:03.660+0000] {logging_mixin.py:190} INFO - [2025-04-05T11:27:03.659+0000] {dagbag.py:588} INFO - Filling up the DagBag from /home/airflow/.local/lib/python3.12/site-packages/airflow/example_dags/example_latest_only.py
[2025-04-05T11:27:03.665+0000] {processor.py:925} INFO - DAG(s) 'latest_only' retrieved from /home/airflow/.local/lib/python3.12/site-packages/airflow/example_dags/example_latest_only.py
[2025-04-05T11:27:03.680+0000] {logging_mixin.py:190} INFO - [2025-04-05T11:27:03.680+0000] {dag.py:3239} INFO - Sync 1 DAGs
[2025-04-05T11:27:03.693+0000] {logging_mixin.py:190} INFO - [2025-04-05T11:27:03.693+0000] {dag.py:4180} INFO - Setting next_dagrun for latest_only to 2025-04-05 04:00:00+00:00, run_after=2025-04-05 08:00:00+00:00
[2025-04-05T11:27:03.701+0000] {processor.py:208} INFO - Processing /home/airflow/.local/lib/python3.12/site-packages/airflow/example_dags/example_latest_only.py took 0.049 seconds
[2025-04-05T11:31:59.942+0000] {processor.py:186} INFO - Started process (PID=104) to work on /home/airflow/.local/lib/python3.12/site-packages/airflow/example_dags/example_latest_only.py
[2025-04-05T11:31:59.944+0000] {processor.py:914} INFO - Processing file /home/airflow/.local/lib/python3.12/site-packages/airflow/example_dags/example_latest_only.py for tasks to queue
[2025-04-05T11:31:59.947+0000] {logging_mixin.py:190} INFO - [2025-04-05T11:31:59.947+0000] {dagbag.py:588} INFO - Filling up the DagBag from /home/airflow/.local/lib/python3.12/site-packages/airflow/example_dags/example_latest_only.py
[2025-04-05T11:31:59.962+0000] {processor.py:925} INFO - DAG(s) 'latest_only' retrieved from /home/airflow/.local/lib/python3.12/site-packages/airflow/example_dags/example_latest_only.py
[2025-04-05T11:31:59.991+0000] {logging_mixin.py:190} INFO - [2025-04-05T11:31:59.990+0000] {dag.py:3239} INFO - Sync 1 DAGs
[2025-04-05T11:32:00.006+0000] {logging_mixin.py:190} INFO - [2025-04-05T11:32:00.006+0000] {dag.py:4180} INFO - Setting next_dagrun for latest_only to 2025-04-05 04:00:00+00:00, run_after=2025-04-05 08:00:00+00:00
[2025-04-05T11:32:00.017+0000] {processor.py:208} INFO - Processing /home/airflow/.local/lib/python3.12/site-packages/airflow/example_dags/example_latest_only.py took 0.079 seconds
[2025-04-05T11:32:30.882+0000] {processor.py:186} INFO - Started process (PID=167) to work on /home/airflow/.local/lib/python3.12/site-packages/airflow/example_dags/example_latest_only.py
[2025-04-05T11:32:30.883+0000] {processor.py:914} INFO - Processing file /home/airflow/.local/lib/python3.12/site-packages/airflow/example_dags/example_latest_only.py for tasks to queue
[2025-04-05T11:32:30.885+0000] {logging_mixin.py:190} INFO - [2025-04-05T11:32:30.885+0000] {dagbag.py:588} INFO - Filling up the DagBag from /home/airflow/.local/lib/python3.12/site-packages/airflow/example_dags/example_latest_only.py
[2025-04-05T11:32:30.889+0000] {processor.py:925} INFO - DAG(s) 'latest_only' retrieved from /home/airflow/.local/lib/python3.12/site-packages/airflow/example_dags/example_latest_only.py
[2025-04-05T11:32:30.902+0000] {logging_mixin.py:190} INFO - [2025-04-05T11:32:30.901+0000] {dag.py:3239} INFO - Sync 1 DAGs
[2025-04-05T11:32:30.913+0000] {logging_mixin.py:190} INFO - [2025-04-05T11:32:30.912+0000] {dag.py:4180} INFO - Setting next_dagrun for latest_only to 2025-04-05 04:00:00+00:00, run_after=2025-04-05 08:00:00+00:00
[2025-04-05T11:32:30.920+0000] {processor.py:208} INFO - Processing /home/airflow/.local/lib/python3.12/site-packages/airflow/example_dags/example_latest_only.py took 0.042 seconds
[2025-04-05T11:39:08.728+0000] {processor.py:186} INFO - Started process (PID=109) to work on /home/airflow/.local/lib/python3.12/site-packages/airflow/example_dags/example_latest_only.py
[2025-04-05T11:39:08.729+0000] {processor.py:914} INFO - Processing file /home/airflow/.local/lib/python3.12/site-packages/airflow/example_dags/example_latest_only.py for tasks to queue
[2025-04-05T11:39:08.730+0000] {logging_mixin.py:190} INFO - [2025-04-05T11:39:08.730+0000] {dagbag.py:588} INFO - Filling up the DagBag from /home/airflow/.local/lib/python3.12/site-packages/airflow/example_dags/example_latest_only.py
[2025-04-05T11:39:08.736+0000] {processor.py:925} INFO - DAG(s) 'latest_only' retrieved from /home/airflow/.local/lib/python3.12/site-packages/airflow/example_dags/example_latest_only.py
[2025-04-05T11:39:08.771+0000] {logging_mixin.py:190} INFO - [2025-04-05T11:39:08.771+0000] {dag.py:3239} INFO - Sync 1 DAGs
[2025-04-05T11:39:08.787+0000] {logging_mixin.py:190} INFO - [2025-04-05T11:39:08.786+0000] {dag.py:4180} INFO - Setting next_dagrun for latest_only to 2025-04-05 04:00:00+00:00, run_after=2025-04-05 08:00:00+00:00
[2025-04-05T11:39:08.796+0000] {processor.py:208} INFO - Processing /home/airflow/.local/lib/python3.12/site-packages/airflow/example_dags/example_latest_only.py took 0.071 seconds
[2025-04-05T11:39:40.327+0000] {processor.py:186} INFO - Started process (PID=173) to work on /home/airflow/.local/lib/python3.12/site-packages/airflow/example_dags/example_latest_only.py
[2025-04-05T11:39:40.329+0000] {processor.py:914} INFO - Processing file /home/airflow/.local/lib/python3.12/site-packages/airflow/example_dags/example_latest_only.py for tasks to queue
[2025-04-05T11:39:40.332+0000] {logging_mixin.py:190} INFO - [2025-04-05T11:39:40.332+0000] {dagbag.py:588} INFO - Filling up the DagBag from /home/airflow/.local/lib/python3.12/site-packages/airflow/example_dags/example_latest_only.py
[2025-04-05T11:39:40.339+0000] {processor.py:925} INFO - DAG(s) 'latest_only' retrieved from /home/airflow/.local/lib/python3.12/site-packages/airflow/example_dags/example_latest_only.py
[2025-04-05T11:39:40.367+0000] {logging_mixin.py:190} INFO - [2025-04-05T11:39:40.367+0000] {dag.py:3239} INFO - Sync 1 DAGs
[2025-04-05T11:39:40.390+0000] {logging_mixin.py:190} INFO - [2025-04-05T11:39:40.390+0000] {dag.py:4180} INFO - Setting next_dagrun for latest_only to 2025-04-05 04:00:00+00:00, run_after=2025-04-05 08:00:00+00:00
[2025-04-05T11:39:40.407+0000] {processor.py:208} INFO - Processing /home/airflow/.local/lib/python3.12/site-packages/airflow/example_dags/example_latest_only.py took 0.095 seconds
[2025-04-05T11:40:11.222+0000] {processor.py:186} INFO - Started process (PID=236) to work on /home/airflow/.local/lib/python3.12/site-packages/airflow/example_dags/example_latest_only.py
[2025-04-05T11:40:11.223+0000] {processor.py:914} INFO - Processing file /home/airflow/.local/lib/python3.12/site-packages/airflow/example_dags/example_latest_only.py for tasks to queue
[2025-04-05T11:40:11.226+0000] {logging_mixin.py:190} INFO - [2025-04-05T11:40:11.225+0000] {dagbag.py:588} INFO - Filling up the DagBag from /home/airflow/.local/lib/python3.12/site-packages/airflow/example_dags/example_latest_only.py
[2025-04-05T11:40:11.233+0000] {processor.py:925} INFO - DAG(s) 'latest_only' retrieved from /home/airflow/.local/lib/python3.12/site-packages/airflow/example_dags/example_latest_only.py
[2025-04-05T11:40:11.254+0000] {logging_mixin.py:190} INFO - [2025-04-05T11:40:11.254+0000] {dag.py:3239} INFO - Sync 1 DAGs
[2025-04-05T11:40:11.274+0000] {logging_mixin.py:190} INFO - [2025-04-05T11:40:11.274+0000] {dag.py:4180} INFO - Setting next_dagrun for latest_only to 2025-04-05 04:00:00+00:00, run_after=2025-04-05 08:00:00+00:00
[2025-04-05T11:40:11.285+0000] {processor.py:208} INFO - Processing /home/airflow/.local/lib/python3.12/site-packages/airflow/example_dags/example_latest_only.py took 0.068 seconds
[2025-04-05T11:40:41.420+0000] {processor.py:186} INFO - Started process (PID=298) to work on /home/airflow/.local/lib/python3.12/site-packages/airflow/example_dags/example_latest_only.py
[2025-04-05T11:40:41.421+0000] {processor.py:914} INFO - Processing file /home/airflow/.local/lib/python3.12/site-packages/airflow/example_dags/example_latest_only.py for tasks to queue
[2025-04-05T11:40:41.423+0000] {logging_mixin.py:190} INFO - [2025-04-05T11:40:41.423+0000] {dagbag.py:588} INFO - Filling up the DagBag from /home/airflow/.local/lib/python3.12/site-packages/airflow/example_dags/example_latest_only.py
[2025-04-05T11:40:41.427+0000] {processor.py:925} INFO - DAG(s) 'latest_only' retrieved from /home/airflow/.local/lib/python3.12/site-packages/airflow/example_dags/example_latest_only.py
[2025-04-05T11:40:41.496+0000] {logging_mixin.py:190} INFO - [2025-04-05T11:40:41.495+0000] {dag.py:3239} INFO - Sync 1 DAGs
[2025-04-05T11:40:41.515+0000] {logging_mixin.py:190} INFO - [2025-04-05T11:40:41.515+0000] {dag.py:4180} INFO - Setting next_dagrun for latest_only to 2025-04-05 04:00:00+00:00, run_after=2025-04-05 08:00:00+00:00
[2025-04-05T11:40:41.528+0000] {processor.py:208} INFO - Processing /home/airflow/.local/lib/python3.12/site-packages/airflow/example_dags/example_latest_only.py took 0.111 seconds
[2025-04-05T11:41:12.580+0000] {processor.py:186} INFO - Started process (PID=361) to work on /home/airflow/.local/lib/python3.12/site-packages/airflow/example_dags/example_latest_only.py
[2025-04-05T11:41:12.581+0000] {processor.py:914} INFO - Processing file /home/airflow/.local/lib/python3.12/site-packages/airflow/example_dags/example_latest_only.py for tasks to queue
[2025-04-05T11:41:12.583+0000] {logging_mixin.py:190} INFO - [2025-04-05T11:41:12.583+0000] {dagbag.py:588} INFO - Filling up the DagBag from /home/airflow/.local/lib/python3.12/site-packages/airflow/example_dags/example_latest_only.py
[2025-04-05T11:41:12.588+0000] {processor.py:925} INFO - DAG(s) 'latest_only' retrieved from /home/airflow/.local/lib/python3.12/site-packages/airflow/example_dags/example_latest_only.py
[2025-04-05T11:41:12.602+0000] {logging_mixin.py:190} INFO - [2025-04-05T11:41:12.602+0000] {dag.py:3239} INFO - Sync 1 DAGs
[2025-04-05T11:41:12.615+0000] {logging_mixin.py:190} INFO - [2025-04-05T11:41:12.615+0000] {dag.py:4180} INFO - Setting next_dagrun for latest_only to 2025-04-05 04:00:00+00:00, run_after=2025-04-05 08:00:00+00:00
[2025-04-05T11:41:12.625+0000] {processor.py:208} INFO - Processing /home/airflow/.local/lib/python3.12/site-packages/airflow/example_dags/example_latest_only.py took 0.048 seconds
[2025-04-05T11:41:42.884+0000] {processor.py:186} INFO - Started process (PID=423) to work on /home/airflow/.local/lib/python3.12/site-packages/airflow/example_dags/example_latest_only.py
[2025-04-05T11:41:42.886+0000] {processor.py:914} INFO - Processing file /home/airflow/.local/lib/python3.12/site-packages/airflow/example_dags/example_latest_only.py for tasks to queue
[2025-04-05T11:41:42.892+0000] {logging_mixin.py:190} INFO - [2025-04-05T11:41:42.892+0000] {dagbag.py:588} INFO - Filling up the DagBag from /home/airflow/.local/lib/python3.12/site-packages/airflow/example_dags/example_latest_only.py
[2025-04-05T11:41:42.900+0000] {processor.py:925} INFO - DAG(s) 'latest_only' retrieved from /home/airflow/.local/lib/python3.12/site-packages/airflow/example_dags/example_latest_only.py
[2025-04-05T11:41:42.923+0000] {logging_mixin.py:190} INFO - [2025-04-05T11:41:42.923+0000] {dag.py:3239} INFO - Sync 1 DAGs
[2025-04-05T11:41:42.937+0000] {logging_mixin.py:190} INFO - [2025-04-05T11:41:42.937+0000] {dag.py:4180} INFO - Setting next_dagrun for latest_only to 2025-04-05 04:00:00+00:00, run_after=2025-04-05 08:00:00+00:00
[2025-04-05T11:41:42.951+0000] {processor.py:208} INFO - Processing /home/airflow/.local/lib/python3.12/site-packages/airflow/example_dags/example_latest_only.py took 0.072 seconds
[2025-04-05T11:42:13.107+0000] {processor.py:186} INFO - Started process (PID=486) to work on /home/airflow/.local/lib/python3.12/site-packages/airflow/example_dags/example_latest_only.py
[2025-04-05T11:42:13.107+0000] {processor.py:914} INFO - Processing file /home/airflow/.local/lib/python3.12/site-packages/airflow/example_dags/example_latest_only.py for tasks to queue
[2025-04-05T11:42:13.109+0000] {logging_mixin.py:190} INFO - [2025-04-05T11:42:13.109+0000] {dagbag.py:588} INFO - Filling up the DagBag from /home/airflow/.local/lib/python3.12/site-packages/airflow/example_dags/example_latest_only.py
[2025-04-05T11:42:13.113+0000] {processor.py:925} INFO - DAG(s) 'latest_only' retrieved from /home/airflow/.local/lib/python3.12/site-packages/airflow/example_dags/example_latest_only.py
[2025-04-05T11:42:13.122+0000] {logging_mixin.py:190} INFO - [2025-04-05T11:42:13.122+0000] {dag.py:3239} INFO - Sync 1 DAGs
[2025-04-05T11:42:13.132+0000] {logging_mixin.py:190} INFO - [2025-04-05T11:42:13.132+0000] {dag.py:4180} INFO - Setting next_dagrun for latest_only to 2025-04-05 04:00:00+00:00, run_after=2025-04-05 08:00:00+00:00
[2025-04-05T11:42:13.139+0000] {processor.py:208} INFO - Processing /home/airflow/.local/lib/python3.12/site-packages/airflow/example_dags/example_latest_only.py took 0.036 seconds
[2025-04-05T11:42:43.646+0000] {processor.py:186} INFO - Started process (PID=549) to work on /home/airflow/.local/lib/python3.12/site-packages/airflow/example_dags/example_latest_only.py
[2025-04-05T11:42:43.647+0000] {processor.py:914} INFO - Processing file /home/airflow/.local/lib/python3.12/site-packages/airflow/example_dags/example_latest_only.py for tasks to queue
[2025-04-05T11:42:43.649+0000] {logging_mixin.py:190} INFO - [2025-04-05T11:42:43.648+0000] {dagbag.py:588} INFO - Filling up the DagBag from /home/airflow/.local/lib/python3.12/site-packages/airflow/example_dags/example_latest_only.py
[2025-04-05T11:42:43.653+0000] {processor.py:925} INFO - DAG(s) 'latest_only' retrieved from /home/airflow/.local/lib/python3.12/site-packages/airflow/example_dags/example_latest_only.py
[2025-04-05T11:42:43.665+0000] {logging_mixin.py:190} INFO - [2025-04-05T11:42:43.664+0000] {dag.py:3239} INFO - Sync 1 DAGs
[2025-04-05T11:42:43.695+0000] {logging_mixin.py:190} INFO - [2025-04-05T11:42:43.695+0000] {dag.py:4180} INFO - Setting next_dagrun for latest_only to 2025-04-05 04:00:00+00:00, run_after=2025-04-05 08:00:00+00:00
[2025-04-05T11:42:43.716+0000] {processor.py:208} INFO - Processing /home/airflow/.local/lib/python3.12/site-packages/airflow/example_dags/example_latest_only.py took 0.073 seconds
[2025-04-05T11:44:52.512+0000] {processor.py:186} INFO - Started process (PID=103) to work on /home/airflow/.local/lib/python3.12/site-packages/airflow/example_dags/example_latest_only.py
[2025-04-05T11:44:52.518+0000] {processor.py:914} INFO - Processing file /home/airflow/.local/lib/python3.12/site-packages/airflow/example_dags/example_latest_only.py for tasks to queue
[2025-04-05T11:44:52.523+0000] {logging_mixin.py:190} INFO - [2025-04-05T11:44:52.522+0000] {dagbag.py:588} INFO - Filling up the DagBag from /home/airflow/.local/lib/python3.12/site-packages/airflow/example_dags/example_latest_only.py
[2025-04-05T11:44:52.536+0000] {processor.py:925} INFO - DAG(s) 'latest_only' retrieved from /home/airflow/.local/lib/python3.12/site-packages/airflow/example_dags/example_latest_only.py
[2025-04-05T11:44:52.575+0000] {logging_mixin.py:190} INFO - [2025-04-05T11:44:52.574+0000] {dag.py:3239} INFO - Sync 1 DAGs
[2025-04-05T11:44:52.615+0000] {logging_mixin.py:190} INFO - [2025-04-05T11:44:52.614+0000] {dag.py:4180} INFO - Setting next_dagrun for latest_only to 2025-04-05 04:00:00+00:00, run_after=2025-04-05 08:00:00+00:00
[2025-04-05T11:44:52.638+0000] {processor.py:208} INFO - Processing /home/airflow/.local/lib/python3.12/site-packages/airflow/example_dags/example_latest_only.py took 0.130 seconds
[2025-04-05T11:45:23.826+0000] {processor.py:186} INFO - Started process (PID=167) to work on /home/airflow/.local/lib/python3.12/site-packages/airflow/example_dags/example_latest_only.py
[2025-04-05T11:45:23.832+0000] {processor.py:914} INFO - Processing file /home/airflow/.local/lib/python3.12/site-packages/airflow/example_dags/example_latest_only.py for tasks to queue
[2025-04-05T11:45:23.835+0000] {logging_mixin.py:190} INFO - [2025-04-05T11:45:23.834+0000] {dagbag.py:588} INFO - Filling up the DagBag from /home/airflow/.local/lib/python3.12/site-packages/airflow/example_dags/example_latest_only.py
[2025-04-05T11:45:23.843+0000] {processor.py:925} INFO - DAG(s) 'latest_only' retrieved from /home/airflow/.local/lib/python3.12/site-packages/airflow/example_dags/example_latest_only.py
[2025-04-05T11:45:23.861+0000] {logging_mixin.py:190} INFO - [2025-04-05T11:45:23.861+0000] {dag.py:3239} INFO - Sync 1 DAGs
[2025-04-05T11:45:23.882+0000] {logging_mixin.py:190} INFO - [2025-04-05T11:45:23.881+0000] {dag.py:4180} INFO - Setting next_dagrun for latest_only to 2025-04-05 04:00:00+00:00, run_after=2025-04-05 08:00:00+00:00
[2025-04-05T11:45:23.900+0000] {processor.py:208} INFO - Processing /home/airflow/.local/lib/python3.12/site-packages/airflow/example_dags/example_latest_only.py took 0.082 seconds
[2025-04-05T11:45:54.764+0000] {processor.py:186} INFO - Started process (PID=231) to work on /home/airflow/.local/lib/python3.12/site-packages/airflow/example_dags/example_latest_only.py
[2025-04-05T11:45:54.766+0000] {processor.py:914} INFO - Processing file /home/airflow/.local/lib/python3.12/site-packages/airflow/example_dags/example_latest_only.py for tasks to queue
[2025-04-05T11:45:54.768+0000] {logging_mixin.py:190} INFO - [2025-04-05T11:45:54.768+0000] {dagbag.py:588} INFO - Filling up the DagBag from /home/airflow/.local/lib/python3.12/site-packages/airflow/example_dags/example_latest_only.py
[2025-04-05T11:45:54.772+0000] {processor.py:925} INFO - DAG(s) 'latest_only' retrieved from /home/airflow/.local/lib/python3.12/site-packages/airflow/example_dags/example_latest_only.py
[2025-04-05T11:45:54.785+0000] {logging_mixin.py:190} INFO - [2025-04-05T11:45:54.785+0000] {dag.py:3239} INFO - Sync 1 DAGs
[2025-04-05T11:45:54.800+0000] {logging_mixin.py:190} INFO - [2025-04-05T11:45:54.800+0000] {dag.py:4180} INFO - Setting next_dagrun for latest_only to 2025-04-05 04:00:00+00:00, run_after=2025-04-05 08:00:00+00:00
[2025-04-05T11:45:54.808+0000] {processor.py:208} INFO - Processing /home/airflow/.local/lib/python3.12/site-packages/airflow/example_dags/example_latest_only.py took 0.051 seconds
[2025-04-05T11:46:26.570+0000] {processor.py:186} INFO - Started process (PID=295) to work on /home/airflow/.local/lib/python3.12/site-packages/airflow/example_dags/example_latest_only.py
[2025-04-05T11:46:26.571+0000] {processor.py:914} INFO - Processing file /home/airflow/.local/lib/python3.12/site-packages/airflow/example_dags/example_latest_only.py for tasks to queue
[2025-04-05T11:46:26.573+0000] {logging_mixin.py:190} INFO - [2025-04-05T11:46:26.573+0000] {dagbag.py:588} INFO - Filling up the DagBag from /home/airflow/.local/lib/python3.12/site-packages/airflow/example_dags/example_latest_only.py
[2025-04-05T11:46:26.577+0000] {processor.py:925} INFO - DAG(s) 'latest_only' retrieved from /home/airflow/.local/lib/python3.12/site-packages/airflow/example_dags/example_latest_only.py
[2025-04-05T11:46:26.614+0000] {logging_mixin.py:190} INFO - [2025-04-05T11:46:26.613+0000] {dag.py:3239} INFO - Sync 1 DAGs
[2025-04-05T11:46:26.636+0000] {logging_mixin.py:190} INFO - [2025-04-05T11:46:26.636+0000] {dag.py:4180} INFO - Setting next_dagrun for latest_only to 2025-04-05 04:00:00+00:00, run_after=2025-04-05 08:00:00+00:00
[2025-04-05T11:46:26.647+0000] {processor.py:208} INFO - Processing /home/airflow/.local/lib/python3.12/site-packages/airflow/example_dags/example_latest_only.py took 0.080 seconds
[2025-04-05T11:46:57.094+0000] {processor.py:186} INFO - Started process (PID=358) to work on /home/airflow/.local/lib/python3.12/site-packages/airflow/example_dags/example_latest_only.py
[2025-04-05T11:46:57.095+0000] {processor.py:914} INFO - Processing file /home/airflow/.local/lib/python3.12/site-packages/airflow/example_dags/example_latest_only.py for tasks to queue
[2025-04-05T11:46:57.096+0000] {logging_mixin.py:190} INFO - [2025-04-05T11:46:57.096+0000] {dagbag.py:588} INFO - Filling up the DagBag from /home/airflow/.local/lib/python3.12/site-packages/airflow/example_dags/example_latest_only.py
[2025-04-05T11:46:57.100+0000] {processor.py:925} INFO - DAG(s) 'latest_only' retrieved from /home/airflow/.local/lib/python3.12/site-packages/airflow/example_dags/example_latest_only.py
[2025-04-05T11:46:57.111+0000] {logging_mixin.py:190} INFO - [2025-04-05T11:46:57.111+0000] {dag.py:3239} INFO - Sync 1 DAGs
[2025-04-05T11:46:57.123+0000] {logging_mixin.py:190} INFO - [2025-04-05T11:46:57.123+0000] {dag.py:4180} INFO - Setting next_dagrun for latest_only to 2025-04-05 04:00:00+00:00, run_after=2025-04-05 08:00:00+00:00
[2025-04-05T11:46:57.131+0000] {processor.py:208} INFO - Processing /home/airflow/.local/lib/python3.12/site-packages/airflow/example_dags/example_latest_only.py took 0.040 seconds
[2025-04-05T11:47:28.201+0000] {processor.py:186} INFO - Started process (PID=422) to work on /home/airflow/.local/lib/python3.12/site-packages/airflow/example_dags/example_latest_only.py
[2025-04-05T11:47:28.202+0000] {processor.py:914} INFO - Processing file /home/airflow/.local/lib/python3.12/site-packages/airflow/example_dags/example_latest_only.py for tasks to queue
[2025-04-05T11:47:28.204+0000] {logging_mixin.py:190} INFO - [2025-04-05T11:47:28.203+0000] {dagbag.py:588} INFO - Filling up the DagBag from /home/airflow/.local/lib/python3.12/site-packages/airflow/example_dags/example_latest_only.py
[2025-04-05T11:47:28.208+0000] {processor.py:925} INFO - DAG(s) 'latest_only' retrieved from /home/airflow/.local/lib/python3.12/site-packages/airflow/example_dags/example_latest_only.py
[2025-04-05T11:47:28.219+0000] {logging_mixin.py:190} INFO - [2025-04-05T11:47:28.219+0000] {dag.py:3239} INFO - Sync 1 DAGs
[2025-04-05T11:47:28.230+0000] {logging_mixin.py:190} INFO - [2025-04-05T11:47:28.230+0000] {dag.py:4180} INFO - Setting next_dagrun for latest_only to 2025-04-05 04:00:00+00:00, run_after=2025-04-05 08:00:00+00:00
[2025-04-05T11:47:28.240+0000] {processor.py:208} INFO - Processing /home/airflow/.local/lib/python3.12/site-packages/airflow/example_dags/example_latest_only.py took 0.042 seconds
[2025-04-05T11:50:09.075+0000] {processor.py:186} INFO - Started process (PID=111) to work on /home/airflow/.local/lib/python3.12/site-packages/airflow/example_dags/example_latest_only.py
[2025-04-05T11:50:09.082+0000] {processor.py:914} INFO - Processing file /home/airflow/.local/lib/python3.12/site-packages/airflow/example_dags/example_latest_only.py for tasks to queue
[2025-04-05T11:50:09.089+0000] {logging_mixin.py:190} INFO - [2025-04-05T11:50:09.088+0000] {dagbag.py:588} INFO - Filling up the DagBag from /home/airflow/.local/lib/python3.12/site-packages/airflow/example_dags/example_latest_only.py
[2025-04-05T11:50:09.128+0000] {processor.py:925} INFO - DAG(s) 'latest_only' retrieved from /home/airflow/.local/lib/python3.12/site-packages/airflow/example_dags/example_latest_only.py
[2025-04-05T11:50:09.172+0000] {logging_mixin.py:190} INFO - [2025-04-05T11:50:09.172+0000] {dag.py:3239} INFO - Sync 1 DAGs
[2025-04-05T11:50:09.210+0000] {logging_mixin.py:190} INFO - [2025-04-05T11:50:09.209+0000] {dag.py:4180} INFO - Setting next_dagrun for latest_only to 2025-04-05 04:00:00+00:00, run_after=2025-04-05 08:00:00+00:00
[2025-04-05T11:50:09.268+0000] {processor.py:208} INFO - Processing /home/airflow/.local/lib/python3.12/site-packages/airflow/example_dags/example_latest_only.py took 0.225 seconds
[2025-04-05T11:50:39.635+0000] {processor.py:186} INFO - Started process (PID=175) to work on /home/airflow/.local/lib/python3.12/site-packages/airflow/example_dags/example_latest_only.py
[2025-04-05T11:50:39.636+0000] {processor.py:914} INFO - Processing file /home/airflow/.local/lib/python3.12/site-packages/airflow/example_dags/example_latest_only.py for tasks to queue
[2025-04-05T11:50:39.637+0000] {logging_mixin.py:190} INFO - [2025-04-05T11:50:39.637+0000] {dagbag.py:588} INFO - Filling up the DagBag from /home/airflow/.local/lib/python3.12/site-packages/airflow/example_dags/example_latest_only.py
[2025-04-05T11:50:39.642+0000] {processor.py:925} INFO - DAG(s) 'latest_only' retrieved from /home/airflow/.local/lib/python3.12/site-packages/airflow/example_dags/example_latest_only.py
[2025-04-05T11:50:39.659+0000] {logging_mixin.py:190} INFO - [2025-04-05T11:50:39.659+0000] {dag.py:3239} INFO - Sync 1 DAGs
[2025-04-05T11:50:39.673+0000] {logging_mixin.py:190} INFO - [2025-04-05T11:50:39.673+0000] {dag.py:4180} INFO - Setting next_dagrun for latest_only to 2025-04-05 04:00:00+00:00, run_after=2025-04-05 08:00:00+00:00
[2025-04-05T11:50:39.681+0000] {processor.py:208} INFO - Processing /home/airflow/.local/lib/python3.12/site-packages/airflow/example_dags/example_latest_only.py took 0.050 seconds
[2025-04-05T11:51:10.211+0000] {processor.py:186} INFO - Started process (PID=239) to work on /home/airflow/.local/lib/python3.12/site-packages/airflow/example_dags/example_latest_only.py
[2025-04-05T11:51:10.212+0000] {processor.py:914} INFO - Processing file /home/airflow/.local/lib/python3.12/site-packages/airflow/example_dags/example_latest_only.py for tasks to queue
[2025-04-05T11:51:10.214+0000] {logging_mixin.py:190} INFO - [2025-04-05T11:51:10.214+0000] {dagbag.py:588} INFO - Filling up the DagBag from /home/airflow/.local/lib/python3.12/site-packages/airflow/example_dags/example_latest_only.py
[2025-04-05T11:51:10.218+0000] {processor.py:925} INFO - DAG(s) 'latest_only' retrieved from /home/airflow/.local/lib/python3.12/site-packages/airflow/example_dags/example_latest_only.py
[2025-04-05T11:51:10.228+0000] {logging_mixin.py:190} INFO - [2025-04-05T11:51:10.227+0000] {dag.py:3239} INFO - Sync 1 DAGs
[2025-04-05T11:51:10.238+0000] {logging_mixin.py:190} INFO - [2025-04-05T11:51:10.238+0000] {dag.py:4180} INFO - Setting next_dagrun for latest_only to 2025-04-05 04:00:00+00:00, run_after=2025-04-05 08:00:00+00:00
[2025-04-05T11:51:10.245+0000] {processor.py:208} INFO - Processing /home/airflow/.local/lib/python3.12/site-packages/airflow/example_dags/example_latest_only.py took 0.038 seconds
[2025-04-05T11:51:41.137+0000] {processor.py:186} INFO - Started process (PID=303) to work on /home/airflow/.local/lib/python3.12/site-packages/airflow/example_dags/example_latest_only.py
[2025-04-05T11:51:41.141+0000] {processor.py:914} INFO - Processing file /home/airflow/.local/lib/python3.12/site-packages/airflow/example_dags/example_latest_only.py for tasks to queue
[2025-04-05T11:51:41.144+0000] {logging_mixin.py:190} INFO - [2025-04-05T11:51:41.144+0000] {dagbag.py:588} INFO - Filling up the DagBag from /home/airflow/.local/lib/python3.12/site-packages/airflow/example_dags/example_latest_only.py
[2025-04-05T11:51:41.154+0000] {processor.py:925} INFO - DAG(s) 'latest_only' retrieved from /home/airflow/.local/lib/python3.12/site-packages/airflow/example_dags/example_latest_only.py
[2025-04-05T11:51:41.175+0000] {logging_mixin.py:190} INFO - [2025-04-05T11:51:41.175+0000] {dag.py:3239} INFO - Sync 1 DAGs
[2025-04-05T11:51:41.190+0000] {logging_mixin.py:190} INFO - [2025-04-05T11:51:41.189+0000] {dag.py:4180} INFO - Setting next_dagrun for latest_only to 2025-04-05 04:00:00+00:00, run_after=2025-04-05 08:00:00+00:00
[2025-04-05T11:51:41.199+0000] {processor.py:208} INFO - Processing /home/airflow/.local/lib/python3.12/site-packages/airflow/example_dags/example_latest_only.py took 0.072 seconds
[2025-04-05T11:52:11.383+0000] {processor.py:186} INFO - Started process (PID=366) to work on /home/airflow/.local/lib/python3.12/site-packages/airflow/example_dags/example_latest_only.py
[2025-04-05T11:52:11.384+0000] {processor.py:914} INFO - Processing file /home/airflow/.local/lib/python3.12/site-packages/airflow/example_dags/example_latest_only.py for tasks to queue
[2025-04-05T11:52:11.387+0000] {logging_mixin.py:190} INFO - [2025-04-05T11:52:11.386+0000] {dagbag.py:588} INFO - Filling up the DagBag from /home/airflow/.local/lib/python3.12/site-packages/airflow/example_dags/example_latest_only.py
[2025-04-05T11:52:11.395+0000] {processor.py:925} INFO - DAG(s) 'latest_only' retrieved from /home/airflow/.local/lib/python3.12/site-packages/airflow/example_dags/example_latest_only.py
[2025-04-05T11:52:11.411+0000] {logging_mixin.py:190} INFO - [2025-04-05T11:52:11.411+0000] {dag.py:3239} INFO - Sync 1 DAGs
[2025-04-05T11:52:11.432+0000] {logging_mixin.py:190} INFO - [2025-04-05T11:52:11.432+0000] {dag.py:4180} INFO - Setting next_dagrun for latest_only to 2025-04-05 04:00:00+00:00, run_after=2025-04-05 08:00:00+00:00
[2025-04-05T11:52:11.442+0000] {processor.py:208} INFO - Processing /home/airflow/.local/lib/python3.12/site-packages/airflow/example_dags/example_latest_only.py took 0.067 seconds
[2025-04-05T12:07:23.034+0000] {processor.py:186} INFO - Started process (PID=98) to work on /home/airflow/.local/lib/python3.12/site-packages/airflow/example_dags/example_latest_only.py
[2025-04-05T12:07:23.036+0000] {processor.py:914} INFO - Processing file /home/airflow/.local/lib/python3.12/site-packages/airflow/example_dags/example_latest_only.py for tasks to queue
[2025-04-05T12:07:23.038+0000] {logging_mixin.py:190} INFO - [2025-04-05T12:07:23.038+0000] {dagbag.py:588} INFO - Filling up the DagBag from /home/airflow/.local/lib/python3.12/site-packages/airflow/example_dags/example_latest_only.py
[2025-04-05T12:07:23.044+0000] {processor.py:925} INFO - DAG(s) 'latest_only' retrieved from /home/airflow/.local/lib/python3.12/site-packages/airflow/example_dags/example_latest_only.py
[2025-04-05T12:07:23.071+0000] {logging_mixin.py:190} INFO - [2025-04-05T12:07:23.071+0000] {dag.py:3239} INFO - Sync 1 DAGs
[2025-04-05T12:07:23.087+0000] {logging_mixin.py:190} INFO - [2025-04-05T12:07:23.087+0000] {dag.py:4180} INFO - Setting next_dagrun for latest_only to 2025-04-05 08:00:00+00:00, run_after=2025-04-05 12:00:00+00:00
[2025-04-05T12:07:23.116+0000] {processor.py:208} INFO - Processing /home/airflow/.local/lib/python3.12/site-packages/airflow/example_dags/example_latest_only.py took 0.087 seconds
[2025-04-05T12:07:53.984+0000] {processor.py:186} INFO - Started process (PID=168) to work on /home/airflow/.local/lib/python3.12/site-packages/airflow/example_dags/example_latest_only.py
[2025-04-05T12:07:53.986+0000] {processor.py:914} INFO - Processing file /home/airflow/.local/lib/python3.12/site-packages/airflow/example_dags/example_latest_only.py for tasks to queue
[2025-04-05T12:07:53.988+0000] {logging_mixin.py:190} INFO - [2025-04-05T12:07:53.987+0000] {dagbag.py:588} INFO - Filling up the DagBag from /home/airflow/.local/lib/python3.12/site-packages/airflow/example_dags/example_latest_only.py
[2025-04-05T12:07:53.991+0000] {processor.py:925} INFO - DAG(s) 'latest_only' retrieved from /home/airflow/.local/lib/python3.12/site-packages/airflow/example_dags/example_latest_only.py
[2025-04-05T12:07:54.008+0000] {logging_mixin.py:190} INFO - [2025-04-05T12:07:54.008+0000] {dag.py:3239} INFO - Sync 1 DAGs
[2025-04-05T12:07:54.022+0000] {logging_mixin.py:190} INFO - [2025-04-05T12:07:54.022+0000] {dag.py:4180} INFO - Setting next_dagrun for latest_only to 2025-04-05 08:00:00+00:00, run_after=2025-04-05 12:00:00+00:00
[2025-04-05T12:07:54.037+0000] {processor.py:208} INFO - Processing /home/airflow/.local/lib/python3.12/site-packages/airflow/example_dags/example_latest_only.py took 0.057 seconds
[2025-04-05T12:08:24.648+0000] {processor.py:186} INFO - Started process (PID=232) to work on /home/airflow/.local/lib/python3.12/site-packages/airflow/example_dags/example_latest_only.py
[2025-04-05T12:08:24.649+0000] {processor.py:914} INFO - Processing file /home/airflow/.local/lib/python3.12/site-packages/airflow/example_dags/example_latest_only.py for tasks to queue
[2025-04-05T12:08:24.650+0000] {logging_mixin.py:190} INFO - [2025-04-05T12:08:24.650+0000] {dagbag.py:588} INFO - Filling up the DagBag from /home/airflow/.local/lib/python3.12/site-packages/airflow/example_dags/example_latest_only.py
[2025-04-05T12:08:24.654+0000] {processor.py:925} INFO - DAG(s) 'latest_only' retrieved from /home/airflow/.local/lib/python3.12/site-packages/airflow/example_dags/example_latest_only.py
[2025-04-05T12:08:24.664+0000] {logging_mixin.py:190} INFO - [2025-04-05T12:08:24.664+0000] {dag.py:3239} INFO - Sync 1 DAGs
[2025-04-05T12:08:24.675+0000] {logging_mixin.py:190} INFO - [2025-04-05T12:08:24.675+0000] {dag.py:4180} INFO - Setting next_dagrun for latest_only to 2025-04-05 08:00:00+00:00, run_after=2025-04-05 12:00:00+00:00
[2025-04-05T12:08:24.683+0000] {processor.py:208} INFO - Processing /home/airflow/.local/lib/python3.12/site-packages/airflow/example_dags/example_latest_only.py took 0.038 seconds
[2025-04-05T12:08:55.651+0000] {processor.py:186} INFO - Started process (PID=296) to work on /home/airflow/.local/lib/python3.12/site-packages/airflow/example_dags/example_latest_only.py
[2025-04-05T12:08:55.652+0000] {processor.py:914} INFO - Processing file /home/airflow/.local/lib/python3.12/site-packages/airflow/example_dags/example_latest_only.py for tasks to queue
[2025-04-05T12:08:55.654+0000] {logging_mixin.py:190} INFO - [2025-04-05T12:08:55.653+0000] {dagbag.py:588} INFO - Filling up the DagBag from /home/airflow/.local/lib/python3.12/site-packages/airflow/example_dags/example_latest_only.py
[2025-04-05T12:08:55.662+0000] {processor.py:925} INFO - DAG(s) 'latest_only' retrieved from /home/airflow/.local/lib/python3.12/site-packages/airflow/example_dags/example_latest_only.py
[2025-04-05T12:08:55.680+0000] {logging_mixin.py:190} INFO - [2025-04-05T12:08:55.679+0000] {dag.py:3239} INFO - Sync 1 DAGs
[2025-04-05T12:08:55.697+0000] {logging_mixin.py:190} INFO - [2025-04-05T12:08:55.696+0000] {dag.py:4180} INFO - Setting next_dagrun for latest_only to 2025-04-05 08:00:00+00:00, run_after=2025-04-05 12:00:00+00:00
[2025-04-05T12:08:55.706+0000] {processor.py:208} INFO - Processing /home/airflow/.local/lib/python3.12/site-packages/airflow/example_dags/example_latest_only.py took 0.059 seconds
[2025-04-05T12:09:26.593+0000] {processor.py:186} INFO - Started process (PID=360) to work on /home/airflow/.local/lib/python3.12/site-packages/airflow/example_dags/example_latest_only.py
[2025-04-05T12:09:26.595+0000] {processor.py:914} INFO - Processing file /home/airflow/.local/lib/python3.12/site-packages/airflow/example_dags/example_latest_only.py for tasks to queue
[2025-04-05T12:09:26.596+0000] {logging_mixin.py:190} INFO - [2025-04-05T12:09:26.596+0000] {dagbag.py:588} INFO - Filling up the DagBag from /home/airflow/.local/lib/python3.12/site-packages/airflow/example_dags/example_latest_only.py
[2025-04-05T12:09:26.600+0000] {processor.py:925} INFO - DAG(s) 'latest_only' retrieved from /home/airflow/.local/lib/python3.12/site-packages/airflow/example_dags/example_latest_only.py
[2025-04-05T12:09:26.615+0000] {logging_mixin.py:190} INFO - [2025-04-05T12:09:26.615+0000] {dag.py:3239} INFO - Sync 1 DAGs
[2025-04-05T12:09:26.630+0000] {logging_mixin.py:190} INFO - [2025-04-05T12:09:26.630+0000] {dag.py:4180} INFO - Setting next_dagrun for latest_only to 2025-04-05 08:00:00+00:00, run_after=2025-04-05 12:00:00+00:00
[2025-04-05T12:09:26.646+0000] {processor.py:208} INFO - Processing /home/airflow/.local/lib/python3.12/site-packages/airflow/example_dags/example_latest_only.py took 0.056 seconds
[2025-04-05T12:09:57.217+0000] {processor.py:186} INFO - Started process (PID=424) to work on /home/airflow/.local/lib/python3.12/site-packages/airflow/example_dags/example_latest_only.py
[2025-04-05T12:09:57.218+0000] {processor.py:914} INFO - Processing file /home/airflow/.local/lib/python3.12/site-packages/airflow/example_dags/example_latest_only.py for tasks to queue
[2025-04-05T12:09:57.220+0000] {logging_mixin.py:190} INFO - [2025-04-05T12:09:57.219+0000] {dagbag.py:588} INFO - Filling up the DagBag from /home/airflow/.local/lib/python3.12/site-packages/airflow/example_dags/example_latest_only.py
[2025-04-05T12:09:57.226+0000] {processor.py:925} INFO - DAG(s) 'latest_only' retrieved from /home/airflow/.local/lib/python3.12/site-packages/airflow/example_dags/example_latest_only.py
[2025-04-05T12:09:57.243+0000] {logging_mixin.py:190} INFO - [2025-04-05T12:09:57.243+0000] {dag.py:3239} INFO - Sync 1 DAGs
[2025-04-05T12:09:57.257+0000] {logging_mixin.py:190} INFO - [2025-04-05T12:09:57.257+0000] {dag.py:4180} INFO - Setting next_dagrun for latest_only to 2025-04-05 08:00:00+00:00, run_after=2025-04-05 12:00:00+00:00
[2025-04-05T12:09:57.270+0000] {processor.py:208} INFO - Processing /home/airflow/.local/lib/python3.12/site-packages/airflow/example_dags/example_latest_only.py took 0.058 seconds
[2025-04-05T12:10:28.196+0000] {processor.py:186} INFO - Started process (PID=488) to work on /home/airflow/.local/lib/python3.12/site-packages/airflow/example_dags/example_latest_only.py
[2025-04-05T12:10:28.197+0000] {processor.py:914} INFO - Processing file /home/airflow/.local/lib/python3.12/site-packages/airflow/example_dags/example_latest_only.py for tasks to queue
[2025-04-05T12:10:28.199+0000] {logging_mixin.py:190} INFO - [2025-04-05T12:10:28.199+0000] {dagbag.py:588} INFO - Filling up the DagBag from /home/airflow/.local/lib/python3.12/site-packages/airflow/example_dags/example_latest_only.py
[2025-04-05T12:10:28.207+0000] {processor.py:925} INFO - DAG(s) 'latest_only' retrieved from /home/airflow/.local/lib/python3.12/site-packages/airflow/example_dags/example_latest_only.py
[2025-04-05T12:10:28.223+0000] {logging_mixin.py:190} INFO - [2025-04-05T12:10:28.223+0000] {dag.py:3239} INFO - Sync 1 DAGs
[2025-04-05T12:10:28.238+0000] {logging_mixin.py:190} INFO - [2025-04-05T12:10:28.238+0000] {dag.py:4180} INFO - Setting next_dagrun for latest_only to 2025-04-05 08:00:00+00:00, run_after=2025-04-05 12:00:00+00:00
[2025-04-05T12:10:28.252+0000] {processor.py:208} INFO - Processing /home/airflow/.local/lib/python3.12/site-packages/airflow/example_dags/example_latest_only.py took 0.061 seconds
[2025-04-05T12:10:58.428+0000] {processor.py:186} INFO - Started process (PID=552) to work on /home/airflow/.local/lib/python3.12/site-packages/airflow/example_dags/example_latest_only.py
[2025-04-05T12:10:58.428+0000] {processor.py:914} INFO - Processing file /home/airflow/.local/lib/python3.12/site-packages/airflow/example_dags/example_latest_only.py for tasks to queue
[2025-04-05T12:10:58.430+0000] {logging_mixin.py:190} INFO - [2025-04-05T12:10:58.429+0000] {dagbag.py:588} INFO - Filling up the DagBag from /home/airflow/.local/lib/python3.12/site-packages/airflow/example_dags/example_latest_only.py
[2025-04-05T12:10:58.434+0000] {processor.py:925} INFO - DAG(s) 'latest_only' retrieved from /home/airflow/.local/lib/python3.12/site-packages/airflow/example_dags/example_latest_only.py
[2025-04-05T12:10:58.445+0000] {logging_mixin.py:190} INFO - [2025-04-05T12:10:58.445+0000] {dag.py:3239} INFO - Sync 1 DAGs
[2025-04-05T12:10:58.457+0000] {logging_mixin.py:190} INFO - [2025-04-05T12:10:58.456+0000] {dag.py:4180} INFO - Setting next_dagrun for latest_only to 2025-04-05 08:00:00+00:00, run_after=2025-04-05 12:00:00+00:00
[2025-04-05T12:10:58.465+0000] {processor.py:208} INFO - Processing /home/airflow/.local/lib/python3.12/site-packages/airflow/example_dags/example_latest_only.py took 0.041 seconds
[2025-04-05T12:11:29.385+0000] {processor.py:186} INFO - Started process (PID=615) to work on /home/airflow/.local/lib/python3.12/site-packages/airflow/example_dags/example_latest_only.py
[2025-04-05T12:11:29.386+0000] {processor.py:914} INFO - Processing file /home/airflow/.local/lib/python3.12/site-packages/airflow/example_dags/example_latest_only.py for tasks to queue
[2025-04-05T12:11:29.387+0000] {logging_mixin.py:190} INFO - [2025-04-05T12:11:29.387+0000] {dagbag.py:588} INFO - Filling up the DagBag from /home/airflow/.local/lib/python3.12/site-packages/airflow/example_dags/example_latest_only.py
[2025-04-05T12:11:29.391+0000] {processor.py:925} INFO - DAG(s) 'latest_only' retrieved from /home/airflow/.local/lib/python3.12/site-packages/airflow/example_dags/example_latest_only.py
[2025-04-05T12:11:29.401+0000] {logging_mixin.py:190} INFO - [2025-04-05T12:11:29.401+0000] {dag.py:3239} INFO - Sync 1 DAGs
[2025-04-05T12:11:29.415+0000] {logging_mixin.py:190} INFO - [2025-04-05T12:11:29.415+0000] {dag.py:4180} INFO - Setting next_dagrun for latest_only to 2025-04-05 08:00:00+00:00, run_after=2025-04-05 12:00:00+00:00
[2025-04-05T12:11:29.424+0000] {processor.py:208} INFO - Processing /home/airflow/.local/lib/python3.12/site-packages/airflow/example_dags/example_latest_only.py took 0.042 seconds
[2025-04-05T12:12:01.025+0000] {processor.py:186} INFO - Started process (PID=678) to work on /home/airflow/.local/lib/python3.12/site-packages/airflow/example_dags/example_latest_only.py
[2025-04-05T12:12:01.026+0000] {processor.py:914} INFO - Processing file /home/airflow/.local/lib/python3.12/site-packages/airflow/example_dags/example_latest_only.py for tasks to queue
[2025-04-05T12:12:01.027+0000] {logging_mixin.py:190} INFO - [2025-04-05T12:12:01.027+0000] {dagbag.py:588} INFO - Filling up the DagBag from /home/airflow/.local/lib/python3.12/site-packages/airflow/example_dags/example_latest_only.py
[2025-04-05T12:12:01.032+0000] {processor.py:925} INFO - DAG(s) 'latest_only' retrieved from /home/airflow/.local/lib/python3.12/site-packages/airflow/example_dags/example_latest_only.py
[2025-04-05T12:12:01.041+0000] {logging_mixin.py:190} INFO - [2025-04-05T12:12:01.041+0000] {dag.py:3239} INFO - Sync 1 DAGs
[2025-04-05T12:12:01.053+0000] {logging_mixin.py:190} INFO - [2025-04-05T12:12:01.053+0000] {dag.py:4180} INFO - Setting next_dagrun for latest_only to 2025-04-05 08:00:00+00:00, run_after=2025-04-05 12:00:00+00:00
[2025-04-05T12:12:01.061+0000] {processor.py:208} INFO - Processing /home/airflow/.local/lib/python3.12/site-packages/airflow/example_dags/example_latest_only.py took 0.040 seconds
