[2025-04-05T11:23:27.910+0000] {processor.py:186} INFO - Started process (PID=125) to work on /home/airflow/.local/lib/python3.12/site-packages/airflow/example_dags/example_dataset_alias.py
[2025-04-05T11:23:27.911+0000] {processor.py:914} INFO - Processing file /home/airflow/.local/lib/python3.12/site-packages/airflow/example_dags/example_dataset_alias.py for tasks to queue
[2025-04-05T11:23:27.913+0000] {logging_mixin.py:190} INFO - [2025-04-05T11:23:27.913+0000] {dagbag.py:588} INFO - Filling up the DagBag from /home/airflow/.local/lib/python3.12/site-packages/airflow/example_dags/example_dataset_alias.py
[2025-04-05T11:23:28.388+0000] {processor.py:925} INFO - DAG(s) 'dataset_s3_bucket_producer', 'dataset_alias_example_alias_consumer', 'dataset_s3_bucket_consumer', 'dataset_alias_example_alias_producer' retrieved from /home/airflow/.local/lib/python3.12/site-packages/airflow/example_dags/example_dataset_alias.py
[2025-04-05T11:23:28.490+0000] {logging_mixin.py:190} INFO - [2025-04-05T11:23:28.489+0000] {override.py:1912} INFO - Created Permission View: can edit on DAG:dataset_s3_bucket_producer
[2025-04-05T11:23:28.495+0000] {logging_mixin.py:190} INFO - [2025-04-05T11:23:28.495+0000] {override.py:1912} INFO - Created Permission View: can read on DAG:dataset_s3_bucket_producer
[2025-04-05T11:23:28.498+0000] {logging_mixin.py:190} INFO - [2025-04-05T11:23:28.498+0000] {override.py:1912} INFO - Created Permission View: can delete on DAG:dataset_s3_bucket_producer
[2025-04-05T11:23:28.501+0000] {logging_mixin.py:190} INFO - [2025-04-05T11:23:28.501+0000] {override.py:1912} INFO - Created Permission View: menu access on DAG Run:dataset_s3_bucket_producer
[2025-04-05T11:23:28.503+0000] {logging_mixin.py:190} INFO - [2025-04-05T11:23:28.503+0000] {override.py:1912} INFO - Created Permission View: can read on DAG Run:dataset_s3_bucket_producer
[2025-04-05T11:23:28.505+0000] {logging_mixin.py:190} INFO - [2025-04-05T11:23:28.505+0000] {override.py:1912} INFO - Created Permission View: can create on DAG Run:dataset_s3_bucket_producer
[2025-04-05T11:23:28.508+0000] {logging_mixin.py:190} INFO - [2025-04-05T11:23:28.507+0000] {override.py:1912} INFO - Created Permission View: can delete on DAG Run:dataset_s3_bucket_producer
[2025-04-05T11:23:28.513+0000] {logging_mixin.py:190} INFO - [2025-04-05T11:23:28.513+0000] {override.py:1912} INFO - Created Permission View: can edit on DAG:dataset_alias_example_alias_consumer
[2025-04-05T11:23:28.518+0000] {logging_mixin.py:190} INFO - [2025-04-05T11:23:28.517+0000] {override.py:1912} INFO - Created Permission View: can read on DAG:dataset_alias_example_alias_consumer
[2025-04-05T11:23:28.523+0000] {logging_mixin.py:190} INFO - [2025-04-05T11:23:28.523+0000] {override.py:1912} INFO - Created Permission View: can delete on DAG:dataset_alias_example_alias_consumer
[2025-04-05T11:23:28.526+0000] {logging_mixin.py:190} INFO - [2025-04-05T11:23:28.526+0000] {override.py:1912} INFO - Created Permission View: menu access on DAG Run:dataset_alias_example_alias_consumer
[2025-04-05T11:23:28.528+0000] {logging_mixin.py:190} INFO - [2025-04-05T11:23:28.528+0000] {override.py:1912} INFO - Created Permission View: can read on DAG Run:dataset_alias_example_alias_consumer
[2025-04-05T11:23:28.531+0000] {logging_mixin.py:190} INFO - [2025-04-05T11:23:28.530+0000] {override.py:1912} INFO - Created Permission View: can create on DAG Run:dataset_alias_example_alias_consumer
[2025-04-05T11:23:28.533+0000] {logging_mixin.py:190} INFO - [2025-04-05T11:23:28.533+0000] {override.py:1912} INFO - Created Permission View: can delete on DAG Run:dataset_alias_example_alias_consumer
[2025-04-05T11:23:28.538+0000] {logging_mixin.py:190} INFO - [2025-04-05T11:23:28.538+0000] {override.py:1912} INFO - Created Permission View: can edit on DAG:dataset_s3_bucket_consumer
[2025-04-05T11:23:28.540+0000] {logging_mixin.py:190} INFO - [2025-04-05T11:23:28.540+0000] {override.py:1912} INFO - Created Permission View: can read on DAG:dataset_s3_bucket_consumer
[2025-04-05T11:23:28.542+0000] {logging_mixin.py:190} INFO - [2025-04-05T11:23:28.542+0000] {override.py:1912} INFO - Created Permission View: can delete on DAG:dataset_s3_bucket_consumer
[2025-04-05T11:23:28.544+0000] {logging_mixin.py:190} INFO - [2025-04-05T11:23:28.544+0000] {override.py:1912} INFO - Created Permission View: menu access on DAG Run:dataset_s3_bucket_consumer
[2025-04-05T11:23:28.546+0000] {logging_mixin.py:190} INFO - [2025-04-05T11:23:28.546+0000] {override.py:1912} INFO - Created Permission View: can read on DAG Run:dataset_s3_bucket_consumer
[2025-04-05T11:23:28.548+0000] {logging_mixin.py:190} INFO - [2025-04-05T11:23:28.548+0000] {override.py:1912} INFO - Created Permission View: can create on DAG Run:dataset_s3_bucket_consumer
[2025-04-05T11:23:28.550+0000] {logging_mixin.py:190} INFO - [2025-04-05T11:23:28.550+0000] {override.py:1912} INFO - Created Permission View: can delete on DAG Run:dataset_s3_bucket_consumer
[2025-04-05T11:23:28.554+0000] {logging_mixin.py:190} INFO - [2025-04-05T11:23:28.554+0000] {override.py:1912} INFO - Created Permission View: can edit on DAG:dataset_alias_example_alias_producer
[2025-04-05T11:23:28.557+0000] {logging_mixin.py:190} INFO - [2025-04-05T11:23:28.556+0000] {override.py:1912} INFO - Created Permission View: can read on DAG:dataset_alias_example_alias_producer
[2025-04-05T11:23:28.559+0000] {logging_mixin.py:190} INFO - [2025-04-05T11:23:28.559+0000] {override.py:1912} INFO - Created Permission View: can delete on DAG:dataset_alias_example_alias_producer
[2025-04-05T11:23:28.562+0000] {logging_mixin.py:190} INFO - [2025-04-05T11:23:28.561+0000] {override.py:1912} INFO - Created Permission View: menu access on DAG Run:dataset_alias_example_alias_producer
[2025-04-05T11:23:28.563+0000] {logging_mixin.py:190} INFO - [2025-04-05T11:23:28.563+0000] {override.py:1912} INFO - Created Permission View: can read on DAG Run:dataset_alias_example_alias_producer
[2025-04-05T11:23:28.565+0000] {logging_mixin.py:190} INFO - [2025-04-05T11:23:28.565+0000] {override.py:1912} INFO - Created Permission View: can create on DAG Run:dataset_alias_example_alias_producer
[2025-04-05T11:23:28.568+0000] {logging_mixin.py:190} INFO - [2025-04-05T11:23:28.567+0000] {override.py:1912} INFO - Created Permission View: can delete on DAG Run:dataset_alias_example_alias_producer
[2025-04-05T11:23:28.568+0000] {logging_mixin.py:190} INFO - [2025-04-05T11:23:28.568+0000] {dag.py:3239} INFO - Sync 4 DAGs
[2025-04-05T11:23:28.575+0000] {logging_mixin.py:190} INFO - [2025-04-05T11:23:28.575+0000] {dag.py:3262} INFO - Creating ORM DAG for dataset_alias_example_alias_producer
[2025-04-05T11:23:28.575+0000] {logging_mixin.py:190} INFO - [2025-04-05T11:23:28.575+0000] {dag.py:3262} INFO - Creating ORM DAG for dataset_s3_bucket_producer
[2025-04-05T11:23:28.576+0000] {logging_mixin.py:190} INFO - [2025-04-05T11:23:28.576+0000] {dag.py:3262} INFO - Creating ORM DAG for dataset_alias_example_alias_consumer
[2025-04-05T11:23:28.576+0000] {logging_mixin.py:190} INFO - [2025-04-05T11:23:28.576+0000] {dag.py:3262} INFO - Creating ORM DAG for dataset_s3_bucket_consumer
[2025-04-05T11:23:28.580+0000] {logging_mixin.py:190} INFO - [2025-04-05T11:23:28.580+0000] {dag.py:4180} INFO - Setting next_dagrun for dataset_alias_example_alias_consumer to None, run_after=None
[2025-04-05T11:23:28.580+0000] {logging_mixin.py:190} INFO - [2025-04-05T11:23:28.580+0000] {dag.py:4180} INFO - Setting next_dagrun for dataset_alias_example_alias_producer to None, run_after=None
[2025-04-05T11:23:28.580+0000] {logging_mixin.py:190} INFO - [2025-04-05T11:23:28.580+0000] {dag.py:4180} INFO - Setting next_dagrun for dataset_s3_bucket_consumer to None, run_after=None
[2025-04-05T11:23:28.581+0000] {logging_mixin.py:190} INFO - [2025-04-05T11:23:28.581+0000] {dag.py:4180} INFO - Setting next_dagrun for dataset_s3_bucket_producer to None, run_after=None
[2025-04-05T11:23:28.595+0000] {processor.py:208} INFO - Processing /home/airflow/.local/lib/python3.12/site-packages/airflow/example_dags/example_dataset_alias.py took 0.689 seconds
[2025-04-05T11:23:58.941+0000] {processor.py:186} INFO - Started process (PID=190) to work on /home/airflow/.local/lib/python3.12/site-packages/airflow/example_dags/example_dataset_alias.py
[2025-04-05T11:23:58.942+0000] {processor.py:914} INFO - Processing file /home/airflow/.local/lib/python3.12/site-packages/airflow/example_dags/example_dataset_alias.py for tasks to queue
[2025-04-05T11:23:58.943+0000] {logging_mixin.py:190} INFO - [2025-04-05T11:23:58.943+0000] {dagbag.py:588} INFO - Filling up the DagBag from /home/airflow/.local/lib/python3.12/site-packages/airflow/example_dags/example_dataset_alias.py
[2025-04-05T11:23:59.401+0000] {processor.py:925} INFO - DAG(s) 'dataset_alias_example_alias_consumer', 'dataset_s3_bucket_producer', 'dataset_s3_bucket_consumer', 'dataset_alias_example_alias_producer' retrieved from /home/airflow/.local/lib/python3.12/site-packages/airflow/example_dags/example_dataset_alias.py
[2025-04-05T11:23:59.409+0000] {logging_mixin.py:190} INFO - [2025-04-05T11:23:59.409+0000] {dag.py:3239} INFO - Sync 4 DAGs
[2025-04-05T11:23:59.418+0000] {logging_mixin.py:190} INFO - [2025-04-05T11:23:59.418+0000] {dag.py:4180} INFO - Setting next_dagrun for dataset_alias_example_alias_consumer to None, run_after=None
[2025-04-05T11:23:59.419+0000] {logging_mixin.py:190} INFO - [2025-04-05T11:23:59.419+0000] {dag.py:4180} INFO - Setting next_dagrun for dataset_alias_example_alias_producer to None, run_after=None
[2025-04-05T11:23:59.420+0000] {logging_mixin.py:190} INFO - [2025-04-05T11:23:59.420+0000] {dag.py:4180} INFO - Setting next_dagrun for dataset_s3_bucket_consumer to None, run_after=None
[2025-04-05T11:23:59.420+0000] {logging_mixin.py:190} INFO - [2025-04-05T11:23:59.420+0000] {dag.py:4180} INFO - Setting next_dagrun for dataset_s3_bucket_producer to None, run_after=None
[2025-04-05T11:23:59.428+0000] {processor.py:208} INFO - Processing /home/airflow/.local/lib/python3.12/site-packages/airflow/example_dags/example_dataset_alias.py took 0.491 seconds
[2025-04-05T11:24:30.189+0000] {processor.py:186} INFO - Started process (PID=251) to work on /home/airflow/.local/lib/python3.12/site-packages/airflow/example_dags/example_dataset_alias.py
[2025-04-05T11:24:30.190+0000] {processor.py:914} INFO - Processing file /home/airflow/.local/lib/python3.12/site-packages/airflow/example_dags/example_dataset_alias.py for tasks to queue
[2025-04-05T11:24:30.192+0000] {logging_mixin.py:190} INFO - [2025-04-05T11:24:30.191+0000] {dagbag.py:588} INFO - Filling up the DagBag from /home/airflow/.local/lib/python3.12/site-packages/airflow/example_dags/example_dataset_alias.py
[2025-04-05T11:24:30.524+0000] {processor.py:925} INFO - DAG(s) 'dataset_alias_example_alias_producer', 'dataset_s3_bucket_producer', 'dataset_alias_example_alias_consumer', 'dataset_s3_bucket_consumer' retrieved from /home/airflow/.local/lib/python3.12/site-packages/airflow/example_dags/example_dataset_alias.py
[2025-04-05T11:24:30.533+0000] {logging_mixin.py:190} INFO - [2025-04-05T11:24:30.533+0000] {dag.py:3239} INFO - Sync 4 DAGs
[2025-04-05T11:24:30.541+0000] {logging_mixin.py:190} INFO - [2025-04-05T11:24:30.541+0000] {dag.py:4180} INFO - Setting next_dagrun for dataset_alias_example_alias_consumer to None, run_after=None
[2025-04-05T11:24:30.542+0000] {logging_mixin.py:190} INFO - [2025-04-05T11:24:30.542+0000] {dag.py:4180} INFO - Setting next_dagrun for dataset_alias_example_alias_producer to None, run_after=None
[2025-04-05T11:24:30.542+0000] {logging_mixin.py:190} INFO - [2025-04-05T11:24:30.542+0000] {dag.py:4180} INFO - Setting next_dagrun for dataset_s3_bucket_consumer to None, run_after=None
[2025-04-05T11:24:30.543+0000] {logging_mixin.py:190} INFO - [2025-04-05T11:24:30.543+0000] {dag.py:4180} INFO - Setting next_dagrun for dataset_s3_bucket_producer to None, run_after=None
[2025-04-05T11:24:30.550+0000] {processor.py:208} INFO - Processing /home/airflow/.local/lib/python3.12/site-packages/airflow/example_dags/example_dataset_alias.py took 0.367 seconds
[2025-04-05T11:25:01.212+0000] {processor.py:186} INFO - Started process (PID=314) to work on /home/airflow/.local/lib/python3.12/site-packages/airflow/example_dags/example_dataset_alias.py
[2025-04-05T11:25:01.213+0000] {processor.py:914} INFO - Processing file /home/airflow/.local/lib/python3.12/site-packages/airflow/example_dags/example_dataset_alias.py for tasks to queue
[2025-04-05T11:25:01.214+0000] {logging_mixin.py:190} INFO - [2025-04-05T11:25:01.214+0000] {dagbag.py:588} INFO - Filling up the DagBag from /home/airflow/.local/lib/python3.12/site-packages/airflow/example_dags/example_dataset_alias.py
[2025-04-05T11:25:01.629+0000] {processor.py:925} INFO - DAG(s) 'dataset_alias_example_alias_producer', 'dataset_s3_bucket_consumer', 'dataset_alias_example_alias_consumer', 'dataset_s3_bucket_producer' retrieved from /home/airflow/.local/lib/python3.12/site-packages/airflow/example_dags/example_dataset_alias.py
[2025-04-05T11:25:01.639+0000] {logging_mixin.py:190} INFO - [2025-04-05T11:25:01.639+0000] {dag.py:3239} INFO - Sync 4 DAGs
[2025-04-05T11:25:01.652+0000] {logging_mixin.py:190} INFO - [2025-04-05T11:25:01.651+0000] {dag.py:4180} INFO - Setting next_dagrun for dataset_alias_example_alias_consumer to None, run_after=None
[2025-04-05T11:25:01.653+0000] {logging_mixin.py:190} INFO - [2025-04-05T11:25:01.653+0000] {dag.py:4180} INFO - Setting next_dagrun for dataset_alias_example_alias_producer to None, run_after=None
[2025-04-05T11:25:01.654+0000] {logging_mixin.py:190} INFO - [2025-04-05T11:25:01.653+0000] {dag.py:4180} INFO - Setting next_dagrun for dataset_s3_bucket_consumer to None, run_after=None
[2025-04-05T11:25:01.654+0000] {logging_mixin.py:190} INFO - [2025-04-05T11:25:01.654+0000] {dag.py:4180} INFO - Setting next_dagrun for dataset_s3_bucket_producer to None, run_after=None
[2025-04-05T11:25:01.664+0000] {processor.py:208} INFO - Processing /home/airflow/.local/lib/python3.12/site-packages/airflow/example_dags/example_dataset_alias.py took 0.455 seconds
[2025-04-05T11:25:32.381+0000] {processor.py:186} INFO - Started process (PID=377) to work on /home/airflow/.local/lib/python3.12/site-packages/airflow/example_dags/example_dataset_alias.py
[2025-04-05T11:25:32.381+0000] {processor.py:914} INFO - Processing file /home/airflow/.local/lib/python3.12/site-packages/airflow/example_dags/example_dataset_alias.py for tasks to queue
[2025-04-05T11:25:32.385+0000] {logging_mixin.py:190} INFO - [2025-04-05T11:25:32.385+0000] {dagbag.py:588} INFO - Filling up the DagBag from /home/airflow/.local/lib/python3.12/site-packages/airflow/example_dags/example_dataset_alias.py
[2025-04-05T11:25:32.772+0000] {processor.py:925} INFO - DAG(s) 'dataset_alias_example_alias_consumer', 'dataset_s3_bucket_producer', 'dataset_s3_bucket_consumer', 'dataset_alias_example_alias_producer' retrieved from /home/airflow/.local/lib/python3.12/site-packages/airflow/example_dags/example_dataset_alias.py
[2025-04-05T11:25:32.779+0000] {logging_mixin.py:190} INFO - [2025-04-05T11:25:32.779+0000] {dag.py:3239} INFO - Sync 4 DAGs
[2025-04-05T11:25:32.789+0000] {logging_mixin.py:190} INFO - [2025-04-05T11:25:32.789+0000] {dag.py:4180} INFO - Setting next_dagrun for dataset_alias_example_alias_consumer to None, run_after=None
[2025-04-05T11:25:32.790+0000] {logging_mixin.py:190} INFO - [2025-04-05T11:25:32.790+0000] {dag.py:4180} INFO - Setting next_dagrun for dataset_alias_example_alias_producer to None, run_after=None
[2025-04-05T11:25:32.791+0000] {logging_mixin.py:190} INFO - [2025-04-05T11:25:32.791+0000] {dag.py:4180} INFO - Setting next_dagrun for dataset_s3_bucket_consumer to None, run_after=None
[2025-04-05T11:25:32.791+0000] {logging_mixin.py:190} INFO - [2025-04-05T11:25:32.791+0000] {dag.py:4180} INFO - Setting next_dagrun for dataset_s3_bucket_producer to None, run_after=None
[2025-04-05T11:25:32.799+0000] {processor.py:208} INFO - Processing /home/airflow/.local/lib/python3.12/site-packages/airflow/example_dags/example_dataset_alias.py took 0.423 seconds
[2025-04-05T11:26:03.827+0000] {processor.py:186} INFO - Started process (PID=440) to work on /home/airflow/.local/lib/python3.12/site-packages/airflow/example_dags/example_dataset_alias.py
[2025-04-05T11:26:03.829+0000] {processor.py:914} INFO - Processing file /home/airflow/.local/lib/python3.12/site-packages/airflow/example_dags/example_dataset_alias.py for tasks to queue
[2025-04-05T11:26:03.832+0000] {logging_mixin.py:190} INFO - [2025-04-05T11:26:03.832+0000] {dagbag.py:588} INFO - Filling up the DagBag from /home/airflow/.local/lib/python3.12/site-packages/airflow/example_dags/example_dataset_alias.py
[2025-04-05T11:26:04.181+0000] {processor.py:925} INFO - DAG(s) 'dataset_alias_example_alias_consumer', 'dataset_s3_bucket_producer', 'dataset_s3_bucket_consumer', 'dataset_alias_example_alias_producer' retrieved from /home/airflow/.local/lib/python3.12/site-packages/airflow/example_dags/example_dataset_alias.py
[2025-04-05T11:26:04.189+0000] {logging_mixin.py:190} INFO - [2025-04-05T11:26:04.189+0000] {dag.py:3239} INFO - Sync 4 DAGs
[2025-04-05T11:26:04.198+0000] {logging_mixin.py:190} INFO - [2025-04-05T11:26:04.197+0000] {dag.py:4180} INFO - Setting next_dagrun for dataset_alias_example_alias_consumer to None, run_after=None
[2025-04-05T11:26:04.199+0000] {logging_mixin.py:190} INFO - [2025-04-05T11:26:04.198+0000] {dag.py:4180} INFO - Setting next_dagrun for dataset_alias_example_alias_producer to None, run_after=None
[2025-04-05T11:26:04.199+0000] {logging_mixin.py:190} INFO - [2025-04-05T11:26:04.199+0000] {dag.py:4180} INFO - Setting next_dagrun for dataset_s3_bucket_consumer to None, run_after=None
[2025-04-05T11:26:04.200+0000] {logging_mixin.py:190} INFO - [2025-04-05T11:26:04.199+0000] {dag.py:4180} INFO - Setting next_dagrun for dataset_s3_bucket_producer to None, run_after=None
[2025-04-05T11:26:04.207+0000] {processor.py:208} INFO - Processing /home/airflow/.local/lib/python3.12/site-packages/airflow/example_dags/example_dataset_alias.py took 0.387 seconds
[2025-04-05T11:26:34.435+0000] {processor.py:186} INFO - Started process (PID=503) to work on /home/airflow/.local/lib/python3.12/site-packages/airflow/example_dags/example_dataset_alias.py
[2025-04-05T11:26:34.436+0000] {processor.py:914} INFO - Processing file /home/airflow/.local/lib/python3.12/site-packages/airflow/example_dags/example_dataset_alias.py for tasks to queue
[2025-04-05T11:26:34.438+0000] {logging_mixin.py:190} INFO - [2025-04-05T11:26:34.438+0000] {dagbag.py:588} INFO - Filling up the DagBag from /home/airflow/.local/lib/python3.12/site-packages/airflow/example_dags/example_dataset_alias.py
[2025-04-05T11:26:34.812+0000] {processor.py:925} INFO - DAG(s) 'dataset_s3_bucket_consumer', 'dataset_s3_bucket_producer', 'dataset_alias_example_alias_consumer', 'dataset_alias_example_alias_producer' retrieved from /home/airflow/.local/lib/python3.12/site-packages/airflow/example_dags/example_dataset_alias.py
[2025-04-05T11:26:34.821+0000] {logging_mixin.py:190} INFO - [2025-04-05T11:26:34.820+0000] {dag.py:3239} INFO - Sync 4 DAGs
[2025-04-05T11:26:34.832+0000] {logging_mixin.py:190} INFO - [2025-04-05T11:26:34.832+0000] {dag.py:4180} INFO - Setting next_dagrun for dataset_alias_example_alias_consumer to None, run_after=None
[2025-04-05T11:26:34.834+0000] {logging_mixin.py:190} INFO - [2025-04-05T11:26:34.834+0000] {dag.py:4180} INFO - Setting next_dagrun for dataset_alias_example_alias_producer to None, run_after=None
[2025-04-05T11:26:34.837+0000] {logging_mixin.py:190} INFO - [2025-04-05T11:26:34.837+0000] {dag.py:4180} INFO - Setting next_dagrun for dataset_s3_bucket_consumer to None, run_after=None
[2025-04-05T11:26:34.838+0000] {logging_mixin.py:190} INFO - [2025-04-05T11:26:34.838+0000] {dag.py:4180} INFO - Setting next_dagrun for dataset_s3_bucket_producer to None, run_after=None
[2025-04-05T11:26:34.857+0000] {processor.py:208} INFO - Processing /home/airflow/.local/lib/python3.12/site-packages/airflow/example_dags/example_dataset_alias.py took 0.426 seconds
[2025-04-05T11:27:05.871+0000] {processor.py:186} INFO - Started process (PID=566) to work on /home/airflow/.local/lib/python3.12/site-packages/airflow/example_dags/example_dataset_alias.py
[2025-04-05T11:27:05.871+0000] {processor.py:914} INFO - Processing file /home/airflow/.local/lib/python3.12/site-packages/airflow/example_dags/example_dataset_alias.py for tasks to queue
[2025-04-05T11:27:05.873+0000] {logging_mixin.py:190} INFO - [2025-04-05T11:27:05.872+0000] {dagbag.py:588} INFO - Filling up the DagBag from /home/airflow/.local/lib/python3.12/site-packages/airflow/example_dags/example_dataset_alias.py
[2025-04-05T11:27:06.262+0000] {processor.py:925} INFO - DAG(s) 'dataset_alias_example_alias_consumer', 'dataset_alias_example_alias_producer', 'dataset_s3_bucket_consumer', 'dataset_s3_bucket_producer' retrieved from /home/airflow/.local/lib/python3.12/site-packages/airflow/example_dags/example_dataset_alias.py
[2025-04-05T11:27:06.276+0000] {logging_mixin.py:190} INFO - [2025-04-05T11:27:06.276+0000] {dag.py:3239} INFO - Sync 4 DAGs
[2025-04-05T11:27:06.286+0000] {logging_mixin.py:190} INFO - [2025-04-05T11:27:06.286+0000] {dag.py:4180} INFO - Setting next_dagrun for dataset_alias_example_alias_consumer to None, run_after=None
[2025-04-05T11:27:06.288+0000] {logging_mixin.py:190} INFO - [2025-04-05T11:27:06.287+0000] {dag.py:4180} INFO - Setting next_dagrun for dataset_alias_example_alias_producer to None, run_after=None
[2025-04-05T11:27:06.288+0000] {logging_mixin.py:190} INFO - [2025-04-05T11:27:06.288+0000] {dag.py:4180} INFO - Setting next_dagrun for dataset_s3_bucket_consumer to None, run_after=None
[2025-04-05T11:27:06.289+0000] {logging_mixin.py:190} INFO - [2025-04-05T11:27:06.289+0000] {dag.py:4180} INFO - Setting next_dagrun for dataset_s3_bucket_producer to None, run_after=None
[2025-04-05T11:27:06.298+0000] {processor.py:208} INFO - Processing /home/airflow/.local/lib/python3.12/site-packages/airflow/example_dags/example_dataset_alias.py took 0.431 seconds
[2025-04-05T11:32:01.748+0000] {processor.py:186} INFO - Started process (PID=125) to work on /home/airflow/.local/lib/python3.12/site-packages/airflow/example_dags/example_dataset_alias.py
[2025-04-05T11:32:01.752+0000] {processor.py:914} INFO - Processing file /home/airflow/.local/lib/python3.12/site-packages/airflow/example_dags/example_dataset_alias.py for tasks to queue
[2025-04-05T11:32:01.756+0000] {logging_mixin.py:190} INFO - [2025-04-05T11:32:01.756+0000] {dagbag.py:588} INFO - Filling up the DagBag from /home/airflow/.local/lib/python3.12/site-packages/airflow/example_dags/example_dataset_alias.py
[2025-04-05T11:32:02.344+0000] {processor.py:925} INFO - DAG(s) 'dataset_alias_example_alias_producer', 'dataset_s3_bucket_consumer', 'dataset_s3_bucket_producer', 'dataset_alias_example_alias_consumer' retrieved from /home/airflow/.local/lib/python3.12/site-packages/airflow/example_dags/example_dataset_alias.py
[2025-04-05T11:32:02.355+0000] {logging_mixin.py:190} INFO - [2025-04-05T11:32:02.354+0000] {dag.py:3239} INFO - Sync 4 DAGs
[2025-04-05T11:32:02.377+0000] {logging_mixin.py:190} INFO - [2025-04-05T11:32:02.377+0000] {dag.py:4180} INFO - Setting next_dagrun for dataset_alias_example_alias_consumer to None, run_after=None
[2025-04-05T11:32:02.380+0000] {logging_mixin.py:190} INFO - [2025-04-05T11:32:02.380+0000] {dag.py:4180} INFO - Setting next_dagrun for dataset_alias_example_alias_producer to None, run_after=None
[2025-04-05T11:32:02.381+0000] {logging_mixin.py:190} INFO - [2025-04-05T11:32:02.381+0000] {dag.py:4180} INFO - Setting next_dagrun for dataset_s3_bucket_consumer to None, run_after=None
[2025-04-05T11:32:02.381+0000] {logging_mixin.py:190} INFO - [2025-04-05T11:32:02.381+0000] {dag.py:4180} INFO - Setting next_dagrun for dataset_s3_bucket_producer to None, run_after=None
[2025-04-05T11:32:02.401+0000] {processor.py:208} INFO - Processing /home/airflow/.local/lib/python3.12/site-packages/airflow/example_dags/example_dataset_alias.py took 0.659 seconds
[2025-04-05T11:32:33.236+0000] {processor.py:186} INFO - Started process (PID=194) to work on /home/airflow/.local/lib/python3.12/site-packages/airflow/example_dags/example_dataset_alias.py
[2025-04-05T11:32:33.259+0000] {processor.py:914} INFO - Processing file /home/airflow/.local/lib/python3.12/site-packages/airflow/example_dags/example_dataset_alias.py for tasks to queue
[2025-04-05T11:32:33.276+0000] {logging_mixin.py:190} INFO - [2025-04-05T11:32:33.275+0000] {dagbag.py:588} INFO - Filling up the DagBag from /home/airflow/.local/lib/python3.12/site-packages/airflow/example_dags/example_dataset_alias.py
[2025-04-05T11:32:33.711+0000] {processor.py:925} INFO - DAG(s) 'dataset_alias_example_alias_consumer', 'dataset_s3_bucket_consumer', 'dataset_s3_bucket_producer', 'dataset_alias_example_alias_producer' retrieved from /home/airflow/.local/lib/python3.12/site-packages/airflow/example_dags/example_dataset_alias.py
[2025-04-05T11:32:33.721+0000] {logging_mixin.py:190} INFO - [2025-04-05T11:32:33.721+0000] {dag.py:3239} INFO - Sync 4 DAGs
[2025-04-05T11:32:33.731+0000] {logging_mixin.py:190} INFO - [2025-04-05T11:32:33.731+0000] {dag.py:4180} INFO - Setting next_dagrun for dataset_alias_example_alias_consumer to None, run_after=None
[2025-04-05T11:32:33.732+0000] {logging_mixin.py:190} INFO - [2025-04-05T11:32:33.732+0000] {dag.py:4180} INFO - Setting next_dagrun for dataset_alias_example_alias_producer to None, run_after=None
[2025-04-05T11:32:33.733+0000] {logging_mixin.py:190} INFO - [2025-04-05T11:32:33.733+0000] {dag.py:4180} INFO - Setting next_dagrun for dataset_s3_bucket_consumer to None, run_after=None
[2025-04-05T11:32:33.734+0000] {logging_mixin.py:190} INFO - [2025-04-05T11:32:33.733+0000] {dag.py:4180} INFO - Setting next_dagrun for dataset_s3_bucket_producer to None, run_after=None
[2025-04-05T11:32:33.745+0000] {processor.py:208} INFO - Processing /home/airflow/.local/lib/python3.12/site-packages/airflow/example_dags/example_dataset_alias.py took 0.513 seconds
[2025-04-05T11:39:10.902+0000] {processor.py:186} INFO - Started process (PID=130) to work on /home/airflow/.local/lib/python3.12/site-packages/airflow/example_dags/example_dataset_alias.py
[2025-04-05T11:39:10.907+0000] {processor.py:914} INFO - Processing file /home/airflow/.local/lib/python3.12/site-packages/airflow/example_dags/example_dataset_alias.py for tasks to queue
[2025-04-05T11:39:10.934+0000] {logging_mixin.py:190} INFO - [2025-04-05T11:39:10.934+0000] {dagbag.py:588} INFO - Filling up the DagBag from /home/airflow/.local/lib/python3.12/site-packages/airflow/example_dags/example_dataset_alias.py
[2025-04-05T11:39:11.757+0000] {processor.py:925} INFO - DAG(s) 'dataset_alias_example_alias_consumer', 'dataset_s3_bucket_consumer', 'dataset_alias_example_alias_producer', 'dataset_s3_bucket_producer' retrieved from /home/airflow/.local/lib/python3.12/site-packages/airflow/example_dags/example_dataset_alias.py
[2025-04-05T11:39:11.775+0000] {logging_mixin.py:190} INFO - [2025-04-05T11:39:11.775+0000] {dag.py:3239} INFO - Sync 4 DAGs
[2025-04-05T11:39:11.791+0000] {logging_mixin.py:190} INFO - [2025-04-05T11:39:11.790+0000] {dag.py:4180} INFO - Setting next_dagrun for dataset_alias_example_alias_consumer to None, run_after=None
[2025-04-05T11:39:11.792+0000] {logging_mixin.py:190} INFO - [2025-04-05T11:39:11.792+0000] {dag.py:4180} INFO - Setting next_dagrun for dataset_alias_example_alias_producer to None, run_after=None
[2025-04-05T11:39:11.793+0000] {logging_mixin.py:190} INFO - [2025-04-05T11:39:11.793+0000] {dag.py:4180} INFO - Setting next_dagrun for dataset_s3_bucket_consumer to None, run_after=None
[2025-04-05T11:39:11.794+0000] {logging_mixin.py:190} INFO - [2025-04-05T11:39:11.794+0000] {dag.py:4180} INFO - Setting next_dagrun for dataset_s3_bucket_producer to None, run_after=None
[2025-04-05T11:39:11.807+0000] {processor.py:208} INFO - Processing /home/airflow/.local/lib/python3.12/site-packages/airflow/example_dags/example_dataset_alias.py took 0.927 seconds
[2025-04-05T11:39:42.119+0000] {processor.py:186} INFO - Started process (PID=200) to work on /home/airflow/.local/lib/python3.12/site-packages/airflow/example_dags/example_dataset_alias.py
[2025-04-05T11:39:42.119+0000] {processor.py:914} INFO - Processing file /home/airflow/.local/lib/python3.12/site-packages/airflow/example_dags/example_dataset_alias.py for tasks to queue
[2025-04-05T11:39:42.121+0000] {logging_mixin.py:190} INFO - [2025-04-05T11:39:42.121+0000] {dagbag.py:588} INFO - Filling up the DagBag from /home/airflow/.local/lib/python3.12/site-packages/airflow/example_dags/example_dataset_alias.py
[2025-04-05T11:39:42.693+0000] {processor.py:925} INFO - DAG(s) 'dataset_s3_bucket_consumer', 'dataset_alias_example_alias_producer', 'dataset_alias_example_alias_consumer', 'dataset_s3_bucket_producer' retrieved from /home/airflow/.local/lib/python3.12/site-packages/airflow/example_dags/example_dataset_alias.py
[2025-04-05T11:39:42.702+0000] {logging_mixin.py:190} INFO - [2025-04-05T11:39:42.701+0000] {dag.py:3239} INFO - Sync 4 DAGs
[2025-04-05T11:39:42.711+0000] {logging_mixin.py:190} INFO - [2025-04-05T11:39:42.711+0000] {dag.py:4180} INFO - Setting next_dagrun for dataset_alias_example_alias_consumer to None, run_after=None
[2025-04-05T11:39:42.712+0000] {logging_mixin.py:190} INFO - [2025-04-05T11:39:42.712+0000] {dag.py:4180} INFO - Setting next_dagrun for dataset_alias_example_alias_producer to None, run_after=None
[2025-04-05T11:39:42.713+0000] {logging_mixin.py:190} INFO - [2025-04-05T11:39:42.713+0000] {dag.py:4180} INFO - Setting next_dagrun for dataset_s3_bucket_consumer to None, run_after=None
[2025-04-05T11:39:42.713+0000] {logging_mixin.py:190} INFO - [2025-04-05T11:39:42.713+0000] {dag.py:4180} INFO - Setting next_dagrun for dataset_s3_bucket_producer to None, run_after=None
[2025-04-05T11:39:42.722+0000] {processor.py:208} INFO - Processing /home/airflow/.local/lib/python3.12/site-packages/airflow/example_dags/example_dataset_alias.py took 0.606 seconds
[2025-04-05T11:40:12.985+0000] {processor.py:186} INFO - Started process (PID=261) to work on /home/airflow/.local/lib/python3.12/site-packages/airflow/example_dags/example_dataset_alias.py
[2025-04-05T11:40:12.985+0000] {processor.py:914} INFO - Processing file /home/airflow/.local/lib/python3.12/site-packages/airflow/example_dags/example_dataset_alias.py for tasks to queue
[2025-04-05T11:40:12.987+0000] {logging_mixin.py:190} INFO - [2025-04-05T11:40:12.986+0000] {dagbag.py:588} INFO - Filling up the DagBag from /home/airflow/.local/lib/python3.12/site-packages/airflow/example_dags/example_dataset_alias.py
[2025-04-05T11:40:13.366+0000] {processor.py:925} INFO - DAG(s) 'dataset_alias_example_alias_consumer', 'dataset_alias_example_alias_producer', 'dataset_s3_bucket_consumer', 'dataset_s3_bucket_producer' retrieved from /home/airflow/.local/lib/python3.12/site-packages/airflow/example_dags/example_dataset_alias.py
[2025-04-05T11:40:13.377+0000] {logging_mixin.py:190} INFO - [2025-04-05T11:40:13.377+0000] {dag.py:3239} INFO - Sync 4 DAGs
[2025-04-05T11:40:13.387+0000] {logging_mixin.py:190} INFO - [2025-04-05T11:40:13.387+0000] {dag.py:4180} INFO - Setting next_dagrun for dataset_alias_example_alias_consumer to None, run_after=None
[2025-04-05T11:40:13.389+0000] {logging_mixin.py:190} INFO - [2025-04-05T11:40:13.389+0000] {dag.py:4180} INFO - Setting next_dagrun for dataset_alias_example_alias_producer to None, run_after=None
[2025-04-05T11:40:13.390+0000] {logging_mixin.py:190} INFO - [2025-04-05T11:40:13.390+0000] {dag.py:4180} INFO - Setting next_dagrun for dataset_s3_bucket_consumer to None, run_after=None
[2025-04-05T11:40:13.391+0000] {logging_mixin.py:190} INFO - [2025-04-05T11:40:13.391+0000] {dag.py:4180} INFO - Setting next_dagrun for dataset_s3_bucket_producer to None, run_after=None
[2025-04-05T11:40:13.401+0000] {processor.py:208} INFO - Processing /home/airflow/.local/lib/python3.12/site-packages/airflow/example_dags/example_dataset_alias.py took 0.421 seconds
[2025-04-05T11:40:46.187+0000] {processor.py:186} INFO - Started process (PID=320) to work on /home/airflow/.local/lib/python3.12/site-packages/airflow/example_dags/example_dataset_alias.py
[2025-04-05T11:40:46.188+0000] {processor.py:914} INFO - Processing file /home/airflow/.local/lib/python3.12/site-packages/airflow/example_dags/example_dataset_alias.py for tasks to queue
[2025-04-05T11:40:46.192+0000] {logging_mixin.py:190} INFO - [2025-04-05T11:40:46.191+0000] {dagbag.py:588} INFO - Filling up the DagBag from /home/airflow/.local/lib/python3.12/site-packages/airflow/example_dags/example_dataset_alias.py
[2025-04-05T11:40:47.319+0000] {processor.py:925} INFO - DAG(s) 'dataset_alias_example_alias_consumer', 'dataset_alias_example_alias_producer', 'dataset_s3_bucket_producer', 'dataset_s3_bucket_consumer' retrieved from /home/airflow/.local/lib/python3.12/site-packages/airflow/example_dags/example_dataset_alias.py
[2025-04-05T11:40:47.331+0000] {logging_mixin.py:190} INFO - [2025-04-05T11:40:47.331+0000] {dag.py:3239} INFO - Sync 4 DAGs
[2025-04-05T11:40:47.345+0000] {logging_mixin.py:190} INFO - [2025-04-05T11:40:47.345+0000] {dag.py:4180} INFO - Setting next_dagrun for dataset_alias_example_alias_consumer to None, run_after=None
[2025-04-05T11:40:47.346+0000] {logging_mixin.py:190} INFO - [2025-04-05T11:40:47.346+0000] {dag.py:4180} INFO - Setting next_dagrun for dataset_alias_example_alias_producer to None, run_after=None
[2025-04-05T11:40:47.347+0000] {logging_mixin.py:190} INFO - [2025-04-05T11:40:47.347+0000] {dag.py:4180} INFO - Setting next_dagrun for dataset_s3_bucket_consumer to None, run_after=None
[2025-04-05T11:40:47.347+0000] {logging_mixin.py:190} INFO - [2025-04-05T11:40:47.347+0000] {dag.py:4180} INFO - Setting next_dagrun for dataset_s3_bucket_producer to None, run_after=None
[2025-04-05T11:40:47.357+0000] {processor.py:208} INFO - Processing /home/airflow/.local/lib/python3.12/site-packages/airflow/example_dags/example_dataset_alias.py took 1.177 seconds
[2025-04-05T11:41:17.634+0000] {processor.py:186} INFO - Started process (PID=385) to work on /home/airflow/.local/lib/python3.12/site-packages/airflow/example_dags/example_dataset_alias.py
[2025-04-05T11:41:17.635+0000] {processor.py:914} INFO - Processing file /home/airflow/.local/lib/python3.12/site-packages/airflow/example_dags/example_dataset_alias.py for tasks to queue
[2025-04-05T11:41:17.636+0000] {logging_mixin.py:190} INFO - [2025-04-05T11:41:17.636+0000] {dagbag.py:588} INFO - Filling up the DagBag from /home/airflow/.local/lib/python3.12/site-packages/airflow/example_dags/example_dataset_alias.py
[2025-04-05T11:41:18.117+0000] {processor.py:925} INFO - DAG(s) 'dataset_s3_bucket_consumer', 'dataset_alias_example_alias_producer', 'dataset_alias_example_alias_consumer', 'dataset_s3_bucket_producer' retrieved from /home/airflow/.local/lib/python3.12/site-packages/airflow/example_dags/example_dataset_alias.py
[2025-04-05T11:41:18.127+0000] {logging_mixin.py:190} INFO - [2025-04-05T11:41:18.126+0000] {dag.py:3239} INFO - Sync 4 DAGs
[2025-04-05T11:41:18.137+0000] {logging_mixin.py:190} INFO - [2025-04-05T11:41:18.137+0000] {dag.py:4180} INFO - Setting next_dagrun for dataset_alias_example_alias_consumer to None, run_after=None
[2025-04-05T11:41:18.139+0000] {logging_mixin.py:190} INFO - [2025-04-05T11:41:18.139+0000] {dag.py:4180} INFO - Setting next_dagrun for dataset_alias_example_alias_producer to None, run_after=None
[2025-04-05T11:41:18.140+0000] {logging_mixin.py:190} INFO - [2025-04-05T11:41:18.139+0000] {dag.py:4180} INFO - Setting next_dagrun for dataset_s3_bucket_consumer to None, run_after=None
[2025-04-05T11:41:18.140+0000] {logging_mixin.py:190} INFO - [2025-04-05T11:41:18.140+0000] {dag.py:4180} INFO - Setting next_dagrun for dataset_s3_bucket_producer to None, run_after=None
[2025-04-05T11:41:18.155+0000] {processor.py:208} INFO - Processing /home/airflow/.local/lib/python3.12/site-packages/airflow/example_dags/example_dataset_alias.py took 0.524 seconds
[2025-04-05T11:41:49.132+0000] {processor.py:186} INFO - Started process (PID=446) to work on /home/airflow/.local/lib/python3.12/site-packages/airflow/example_dags/example_dataset_alias.py
[2025-04-05T11:41:49.135+0000] {processor.py:914} INFO - Processing file /home/airflow/.local/lib/python3.12/site-packages/airflow/example_dags/example_dataset_alias.py for tasks to queue
[2025-04-05T11:41:49.137+0000] {logging_mixin.py:190} INFO - [2025-04-05T11:41:49.137+0000] {dagbag.py:588} INFO - Filling up the DagBag from /home/airflow/.local/lib/python3.12/site-packages/airflow/example_dags/example_dataset_alias.py
[2025-04-05T11:41:49.557+0000] {processor.py:925} INFO - DAG(s) 'dataset_s3_bucket_producer', 'dataset_alias_example_alias_producer', 'dataset_s3_bucket_consumer', 'dataset_alias_example_alias_consumer' retrieved from /home/airflow/.local/lib/python3.12/site-packages/airflow/example_dags/example_dataset_alias.py
[2025-04-05T11:41:49.566+0000] {logging_mixin.py:190} INFO - [2025-04-05T11:41:49.566+0000] {dag.py:3239} INFO - Sync 4 DAGs
[2025-04-05T11:41:49.577+0000] {logging_mixin.py:190} INFO - [2025-04-05T11:41:49.577+0000] {dag.py:4180} INFO - Setting next_dagrun for dataset_alias_example_alias_consumer to None, run_after=None
[2025-04-05T11:41:49.579+0000] {logging_mixin.py:190} INFO - [2025-04-05T11:41:49.578+0000] {dag.py:4180} INFO - Setting next_dagrun for dataset_alias_example_alias_producer to None, run_after=None
[2025-04-05T11:41:49.579+0000] {logging_mixin.py:190} INFO - [2025-04-05T11:41:49.579+0000] {dag.py:4180} INFO - Setting next_dagrun for dataset_s3_bucket_consumer to None, run_after=None
[2025-04-05T11:41:49.580+0000] {logging_mixin.py:190} INFO - [2025-04-05T11:41:49.580+0000] {dag.py:4180} INFO - Setting next_dagrun for dataset_s3_bucket_producer to None, run_after=None
[2025-04-05T11:41:49.589+0000] {processor.py:208} INFO - Processing /home/airflow/.local/lib/python3.12/site-packages/airflow/example_dags/example_dataset_alias.py took 0.460 seconds
[2025-04-05T11:42:20.018+0000] {processor.py:186} INFO - Started process (PID=510) to work on /home/airflow/.local/lib/python3.12/site-packages/airflow/example_dags/example_dataset_alias.py
[2025-04-05T11:42:20.019+0000] {processor.py:914} INFO - Processing file /home/airflow/.local/lib/python3.12/site-packages/airflow/example_dags/example_dataset_alias.py for tasks to queue
[2025-04-05T11:42:20.021+0000] {logging_mixin.py:190} INFO - [2025-04-05T11:42:20.020+0000] {dagbag.py:588} INFO - Filling up the DagBag from /home/airflow/.local/lib/python3.12/site-packages/airflow/example_dags/example_dataset_alias.py
[2025-04-05T11:42:20.364+0000] {processor.py:925} INFO - DAG(s) 'dataset_alias_example_alias_producer', 'dataset_alias_example_alias_consumer', 'dataset_s3_bucket_consumer', 'dataset_s3_bucket_producer' retrieved from /home/airflow/.local/lib/python3.12/site-packages/airflow/example_dags/example_dataset_alias.py
[2025-04-05T11:42:20.375+0000] {logging_mixin.py:190} INFO - [2025-04-05T11:42:20.375+0000] {dag.py:3239} INFO - Sync 4 DAGs
[2025-04-05T11:42:20.385+0000] {logging_mixin.py:190} INFO - [2025-04-05T11:42:20.385+0000] {dag.py:4180} INFO - Setting next_dagrun for dataset_alias_example_alias_consumer to None, run_after=None
[2025-04-05T11:42:20.386+0000] {logging_mixin.py:190} INFO - [2025-04-05T11:42:20.386+0000] {dag.py:4180} INFO - Setting next_dagrun for dataset_alias_example_alias_producer to None, run_after=None
[2025-04-05T11:42:20.388+0000] {logging_mixin.py:190} INFO - [2025-04-05T11:42:20.388+0000] {dag.py:4180} INFO - Setting next_dagrun for dataset_s3_bucket_consumer to None, run_after=None
[2025-04-05T11:42:20.388+0000] {logging_mixin.py:190} INFO - [2025-04-05T11:42:20.388+0000] {dag.py:4180} INFO - Setting next_dagrun for dataset_s3_bucket_producer to None, run_after=None
[2025-04-05T11:42:20.396+0000] {processor.py:208} INFO - Processing /home/airflow/.local/lib/python3.12/site-packages/airflow/example_dags/example_dataset_alias.py took 0.382 seconds
[2025-04-05T11:42:50.943+0000] {processor.py:186} INFO - Started process (PID=575) to work on /home/airflow/.local/lib/python3.12/site-packages/airflow/example_dags/example_dataset_alias.py
[2025-04-05T11:42:50.944+0000] {processor.py:914} INFO - Processing file /home/airflow/.local/lib/python3.12/site-packages/airflow/example_dags/example_dataset_alias.py for tasks to queue
[2025-04-05T11:42:50.945+0000] {logging_mixin.py:190} INFO - [2025-04-05T11:42:50.945+0000] {dagbag.py:588} INFO - Filling up the DagBag from /home/airflow/.local/lib/python3.12/site-packages/airflow/example_dags/example_dataset_alias.py
[2025-04-05T11:42:51.279+0000] {processor.py:925} INFO - DAG(s) 'dataset_s3_bucket_producer', 'dataset_alias_example_alias_producer', 'dataset_alias_example_alias_consumer', 'dataset_s3_bucket_consumer' retrieved from /home/airflow/.local/lib/python3.12/site-packages/airflow/example_dags/example_dataset_alias.py
[2025-04-05T11:42:51.287+0000] {logging_mixin.py:190} INFO - [2025-04-05T11:42:51.287+0000] {dag.py:3239} INFO - Sync 4 DAGs
[2025-04-05T11:42:51.296+0000] {logging_mixin.py:190} INFO - [2025-04-05T11:42:51.295+0000] {dag.py:4180} INFO - Setting next_dagrun for dataset_alias_example_alias_consumer to None, run_after=None
[2025-04-05T11:42:51.297+0000] {logging_mixin.py:190} INFO - [2025-04-05T11:42:51.296+0000] {dag.py:4180} INFO - Setting next_dagrun for dataset_alias_example_alias_producer to None, run_after=None
[2025-04-05T11:42:51.297+0000] {logging_mixin.py:190} INFO - [2025-04-05T11:42:51.297+0000] {dag.py:4180} INFO - Setting next_dagrun for dataset_s3_bucket_consumer to None, run_after=None
[2025-04-05T11:42:51.298+0000] {logging_mixin.py:190} INFO - [2025-04-05T11:42:51.298+0000] {dag.py:4180} INFO - Setting next_dagrun for dataset_s3_bucket_producer to None, run_after=None
[2025-04-05T11:42:51.305+0000] {processor.py:208} INFO - Processing /home/airflow/.local/lib/python3.12/site-packages/airflow/example_dags/example_dataset_alias.py took 0.365 seconds
[2025-04-05T11:44:56.361+0000] {processor.py:186} INFO - Started process (PID=124) to work on /home/airflow/.local/lib/python3.12/site-packages/airflow/example_dags/example_dataset_alias.py
[2025-04-05T11:44:56.363+0000] {processor.py:914} INFO - Processing file /home/airflow/.local/lib/python3.12/site-packages/airflow/example_dags/example_dataset_alias.py for tasks to queue
[2025-04-05T11:44:56.364+0000] {logging_mixin.py:190} INFO - [2025-04-05T11:44:56.364+0000] {dagbag.py:588} INFO - Filling up the DagBag from /home/airflow/.local/lib/python3.12/site-packages/airflow/example_dags/example_dataset_alias.py
[2025-04-05T11:44:57.885+0000] {processor.py:925} INFO - DAG(s) 'dataset_s3_bucket_consumer', 'dataset_s3_bucket_producer', 'dataset_alias_example_alias_producer', 'dataset_alias_example_alias_consumer' retrieved from /home/airflow/.local/lib/python3.12/site-packages/airflow/example_dags/example_dataset_alias.py
[2025-04-05T11:44:57.900+0000] {logging_mixin.py:190} INFO - [2025-04-05T11:44:57.899+0000] {dag.py:3239} INFO - Sync 4 DAGs
[2025-04-05T11:44:57.921+0000] {logging_mixin.py:190} INFO - [2025-04-05T11:44:57.921+0000] {dag.py:4180} INFO - Setting next_dagrun for dataset_alias_example_alias_consumer to None, run_after=None
[2025-04-05T11:44:57.925+0000] {logging_mixin.py:190} INFO - [2025-04-05T11:44:57.925+0000] {dag.py:4180} INFO - Setting next_dagrun for dataset_alias_example_alias_producer to None, run_after=None
[2025-04-05T11:44:57.927+0000] {logging_mixin.py:190} INFO - [2025-04-05T11:44:57.927+0000] {dag.py:4180} INFO - Setting next_dagrun for dataset_s3_bucket_consumer to None, run_after=None
[2025-04-05T11:44:57.928+0000] {logging_mixin.py:190} INFO - [2025-04-05T11:44:57.928+0000] {dag.py:4180} INFO - Setting next_dagrun for dataset_s3_bucket_producer to None, run_after=None
[2025-04-05T11:44:57.946+0000] {processor.py:208} INFO - Processing /home/airflow/.local/lib/python3.12/site-packages/airflow/example_dags/example_dataset_alias.py took 1.591 seconds
[2025-04-05T11:45:28.751+0000] {processor.py:186} INFO - Started process (PID=194) to work on /home/airflow/.local/lib/python3.12/site-packages/airflow/example_dags/example_dataset_alias.py
[2025-04-05T11:45:28.752+0000] {processor.py:914} INFO - Processing file /home/airflow/.local/lib/python3.12/site-packages/airflow/example_dags/example_dataset_alias.py for tasks to queue
[2025-04-05T11:45:28.755+0000] {logging_mixin.py:190} INFO - [2025-04-05T11:45:28.755+0000] {dagbag.py:588} INFO - Filling up the DagBag from /home/airflow/.local/lib/python3.12/site-packages/airflow/example_dags/example_dataset_alias.py
[2025-04-05T11:45:29.258+0000] {processor.py:925} INFO - DAG(s) 'dataset_alias_example_alias_consumer', 'dataset_s3_bucket_producer', 'dataset_alias_example_alias_producer', 'dataset_s3_bucket_consumer' retrieved from /home/airflow/.local/lib/python3.12/site-packages/airflow/example_dags/example_dataset_alias.py
[2025-04-05T11:45:29.267+0000] {logging_mixin.py:190} INFO - [2025-04-05T11:45:29.266+0000] {dag.py:3239} INFO - Sync 4 DAGs
[2025-04-05T11:45:29.282+0000] {logging_mixin.py:190} INFO - [2025-04-05T11:45:29.282+0000] {dag.py:4180} INFO - Setting next_dagrun for dataset_alias_example_alias_consumer to None, run_after=None
[2025-04-05T11:45:29.285+0000] {logging_mixin.py:190} INFO - [2025-04-05T11:45:29.285+0000] {dag.py:4180} INFO - Setting next_dagrun for dataset_alias_example_alias_producer to None, run_after=None
[2025-04-05T11:45:29.287+0000] {logging_mixin.py:190} INFO - [2025-04-05T11:45:29.286+0000] {dag.py:4180} INFO - Setting next_dagrun for dataset_s3_bucket_consumer to None, run_after=None
[2025-04-05T11:45:29.287+0000] {logging_mixin.py:190} INFO - [2025-04-05T11:45:29.287+0000] {dag.py:4180} INFO - Setting next_dagrun for dataset_s3_bucket_producer to None, run_after=None
[2025-04-05T11:45:29.304+0000] {processor.py:208} INFO - Processing /home/airflow/.local/lib/python3.12/site-packages/airflow/example_dags/example_dataset_alias.py took 0.560 seconds
[2025-04-05T11:45:59.453+0000] {processor.py:186} INFO - Started process (PID=258) to work on /home/airflow/.local/lib/python3.12/site-packages/airflow/example_dags/example_dataset_alias.py
[2025-04-05T11:45:59.454+0000] {processor.py:914} INFO - Processing file /home/airflow/.local/lib/python3.12/site-packages/airflow/example_dags/example_dataset_alias.py for tasks to queue
[2025-04-05T11:45:59.455+0000] {logging_mixin.py:190} INFO - [2025-04-05T11:45:59.455+0000] {dagbag.py:588} INFO - Filling up the DagBag from /home/airflow/.local/lib/python3.12/site-packages/airflow/example_dags/example_dataset_alias.py
[2025-04-05T11:45:59.877+0000] {processor.py:925} INFO - DAG(s) 'dataset_alias_example_alias_producer', 'dataset_s3_bucket_producer', 'dataset_s3_bucket_consumer', 'dataset_alias_example_alias_consumer' retrieved from /home/airflow/.local/lib/python3.12/site-packages/airflow/example_dags/example_dataset_alias.py
[2025-04-05T11:45:59.889+0000] {logging_mixin.py:190} INFO - [2025-04-05T11:45:59.889+0000] {dag.py:3239} INFO - Sync 4 DAGs
[2025-04-05T11:45:59.902+0000] {logging_mixin.py:190} INFO - [2025-04-05T11:45:59.902+0000] {dag.py:4180} INFO - Setting next_dagrun for dataset_alias_example_alias_consumer to None, run_after=None
[2025-04-05T11:45:59.904+0000] {logging_mixin.py:190} INFO - [2025-04-05T11:45:59.904+0000] {dag.py:4180} INFO - Setting next_dagrun for dataset_alias_example_alias_producer to None, run_after=None
[2025-04-05T11:45:59.905+0000] {logging_mixin.py:190} INFO - [2025-04-05T11:45:59.905+0000] {dag.py:4180} INFO - Setting next_dagrun for dataset_s3_bucket_consumer to None, run_after=None
[2025-04-05T11:45:59.905+0000] {logging_mixin.py:190} INFO - [2025-04-05T11:45:59.905+0000] {dag.py:4180} INFO - Setting next_dagrun for dataset_s3_bucket_producer to None, run_after=None
[2025-04-05T11:45:59.923+0000] {processor.py:208} INFO - Processing /home/airflow/.local/lib/python3.12/site-packages/airflow/example_dags/example_dataset_alias.py took 0.473 seconds
[2025-04-05T11:46:30.651+0000] {processor.py:186} INFO - Started process (PID=321) to work on /home/airflow/.local/lib/python3.12/site-packages/airflow/example_dags/example_dataset_alias.py
[2025-04-05T11:46:30.652+0000] {processor.py:914} INFO - Processing file /home/airflow/.local/lib/python3.12/site-packages/airflow/example_dags/example_dataset_alias.py for tasks to queue
[2025-04-05T11:46:30.654+0000] {logging_mixin.py:190} INFO - [2025-04-05T11:46:30.653+0000] {dagbag.py:588} INFO - Filling up the DagBag from /home/airflow/.local/lib/python3.12/site-packages/airflow/example_dags/example_dataset_alias.py
[2025-04-05T11:46:31.030+0000] {processor.py:925} INFO - DAG(s) 'dataset_alias_example_alias_consumer', 'dataset_s3_bucket_producer', 'dataset_alias_example_alias_producer', 'dataset_s3_bucket_consumer' retrieved from /home/airflow/.local/lib/python3.12/site-packages/airflow/example_dags/example_dataset_alias.py
[2025-04-05T11:46:31.039+0000] {logging_mixin.py:190} INFO - [2025-04-05T11:46:31.039+0000] {dag.py:3239} INFO - Sync 4 DAGs
[2025-04-05T11:46:31.047+0000] {logging_mixin.py:190} INFO - [2025-04-05T11:46:31.047+0000] {dag.py:4180} INFO - Setting next_dagrun for dataset_alias_example_alias_consumer to None, run_after=None
[2025-04-05T11:46:31.049+0000] {logging_mixin.py:190} INFO - [2025-04-05T11:46:31.049+0000] {dag.py:4180} INFO - Setting next_dagrun for dataset_alias_example_alias_producer to None, run_after=None
[2025-04-05T11:46:31.049+0000] {logging_mixin.py:190} INFO - [2025-04-05T11:46:31.049+0000] {dag.py:4180} INFO - Setting next_dagrun for dataset_s3_bucket_consumer to None, run_after=None
[2025-04-05T11:46:31.050+0000] {logging_mixin.py:190} INFO - [2025-04-05T11:46:31.050+0000] {dag.py:4180} INFO - Setting next_dagrun for dataset_s3_bucket_producer to None, run_after=None
[2025-04-05T11:46:31.058+0000] {processor.py:208} INFO - Processing /home/airflow/.local/lib/python3.12/site-packages/airflow/example_dags/example_dataset_alias.py took 0.412 seconds
[2025-04-05T11:47:01.587+0000] {processor.py:186} INFO - Started process (PID=381) to work on /home/airflow/.local/lib/python3.12/site-packages/airflow/example_dags/example_dataset_alias.py
[2025-04-05T11:47:01.589+0000] {processor.py:914} INFO - Processing file /home/airflow/.local/lib/python3.12/site-packages/airflow/example_dags/example_dataset_alias.py for tasks to queue
[2025-04-05T11:47:01.592+0000] {logging_mixin.py:190} INFO - [2025-04-05T11:47:01.592+0000] {dagbag.py:588} INFO - Filling up the DagBag from /home/airflow/.local/lib/python3.12/site-packages/airflow/example_dags/example_dataset_alias.py
[2025-04-05T11:47:01.976+0000] {processor.py:925} INFO - DAG(s) 'dataset_alias_example_alias_producer', 'dataset_alias_example_alias_consumer', 'dataset_s3_bucket_consumer', 'dataset_s3_bucket_producer' retrieved from /home/airflow/.local/lib/python3.12/site-packages/airflow/example_dags/example_dataset_alias.py
[2025-04-05T11:47:01.985+0000] {logging_mixin.py:190} INFO - [2025-04-05T11:47:01.984+0000] {dag.py:3239} INFO - Sync 4 DAGs
[2025-04-05T11:47:01.995+0000] {logging_mixin.py:190} INFO - [2025-04-05T11:47:01.995+0000] {dag.py:4180} INFO - Setting next_dagrun for dataset_alias_example_alias_consumer to None, run_after=None
[2025-04-05T11:47:01.996+0000] {logging_mixin.py:190} INFO - [2025-04-05T11:47:01.996+0000] {dag.py:4180} INFO - Setting next_dagrun for dataset_alias_example_alias_producer to None, run_after=None
[2025-04-05T11:47:01.997+0000] {logging_mixin.py:190} INFO - [2025-04-05T11:47:01.997+0000] {dag.py:4180} INFO - Setting next_dagrun for dataset_s3_bucket_consumer to None, run_after=None
[2025-04-05T11:47:01.998+0000] {logging_mixin.py:190} INFO - [2025-04-05T11:47:01.998+0000] {dag.py:4180} INFO - Setting next_dagrun for dataset_s3_bucket_producer to None, run_after=None
[2025-04-05T11:47:02.008+0000] {processor.py:208} INFO - Processing /home/airflow/.local/lib/python3.12/site-packages/airflow/example_dags/example_dataset_alias.py took 0.427 seconds
[2025-04-05T11:50:13.931+0000] {processor.py:186} INFO - Started process (PID=132) to work on /home/airflow/.local/lib/python3.12/site-packages/airflow/example_dags/example_dataset_alias.py
[2025-04-05T11:50:13.933+0000] {processor.py:914} INFO - Processing file /home/airflow/.local/lib/python3.12/site-packages/airflow/example_dags/example_dataset_alias.py for tasks to queue
[2025-04-05T11:50:13.936+0000] {logging_mixin.py:190} INFO - [2025-04-05T11:50:13.936+0000] {dagbag.py:588} INFO - Filling up the DagBag from /home/airflow/.local/lib/python3.12/site-packages/airflow/example_dags/example_dataset_alias.py
[2025-04-05T11:50:16.218+0000] {processor.py:925} INFO - DAG(s) 'dataset_alias_example_alias_producer', 'dataset_s3_bucket_producer', 'dataset_alias_example_alias_consumer', 'dataset_s3_bucket_consumer' retrieved from /home/airflow/.local/lib/python3.12/site-packages/airflow/example_dags/example_dataset_alias.py
[2025-04-05T11:50:16.229+0000] {logging_mixin.py:190} INFO - [2025-04-05T11:50:16.229+0000] {dag.py:3239} INFO - Sync 4 DAGs
[2025-04-05T11:50:16.250+0000] {logging_mixin.py:190} INFO - [2025-04-05T11:50:16.249+0000] {dag.py:4180} INFO - Setting next_dagrun for dataset_alias_example_alias_consumer to None, run_after=None
[2025-04-05T11:50:16.252+0000] {logging_mixin.py:190} INFO - [2025-04-05T11:50:16.252+0000] {dag.py:4180} INFO - Setting next_dagrun for dataset_alias_example_alias_producer to None, run_after=None
[2025-04-05T11:50:16.253+0000] {logging_mixin.py:190} INFO - [2025-04-05T11:50:16.253+0000] {dag.py:4180} INFO - Setting next_dagrun for dataset_s3_bucket_consumer to None, run_after=None
[2025-04-05T11:50:16.253+0000] {logging_mixin.py:190} INFO - [2025-04-05T11:50:16.253+0000] {dag.py:4180} INFO - Setting next_dagrun for dataset_s3_bucket_producer to None, run_after=None
[2025-04-05T11:50:16.269+0000] {processor.py:208} INFO - Processing /home/airflow/.local/lib/python3.12/site-packages/airflow/example_dags/example_dataset_alias.py took 2.352 seconds
[2025-04-05T11:50:46.592+0000] {processor.py:186} INFO - Started process (PID=201) to work on /home/airflow/.local/lib/python3.12/site-packages/airflow/example_dags/example_dataset_alias.py
[2025-04-05T11:50:46.594+0000] {processor.py:914} INFO - Processing file /home/airflow/.local/lib/python3.12/site-packages/airflow/example_dags/example_dataset_alias.py for tasks to queue
[2025-04-05T11:50:46.598+0000] {logging_mixin.py:190} INFO - [2025-04-05T11:50:46.598+0000] {dagbag.py:588} INFO - Filling up the DagBag from /home/airflow/.local/lib/python3.12/site-packages/airflow/example_dags/example_dataset_alias.py
[2025-04-05T11:50:47.420+0000] {processor.py:925} INFO - DAG(s) 'dataset_alias_example_alias_consumer', 'dataset_s3_bucket_consumer', 'dataset_alias_example_alias_producer', 'dataset_s3_bucket_producer' retrieved from /home/airflow/.local/lib/python3.12/site-packages/airflow/example_dags/example_dataset_alias.py
[2025-04-05T11:50:47.445+0000] {logging_mixin.py:190} INFO - [2025-04-05T11:50:47.444+0000] {dag.py:3239} INFO - Sync 4 DAGs
[2025-04-05T11:50:47.460+0000] {logging_mixin.py:190} INFO - [2025-04-05T11:50:47.459+0000] {dag.py:4180} INFO - Setting next_dagrun for dataset_alias_example_alias_consumer to None, run_after=None
[2025-04-05T11:50:47.461+0000] {logging_mixin.py:190} INFO - [2025-04-05T11:50:47.461+0000] {dag.py:4180} INFO - Setting next_dagrun for dataset_alias_example_alias_producer to None, run_after=None
[2025-04-05T11:50:47.461+0000] {logging_mixin.py:190} INFO - [2025-04-05T11:50:47.461+0000] {dag.py:4180} INFO - Setting next_dagrun for dataset_s3_bucket_consumer to None, run_after=None
[2025-04-05T11:50:47.462+0000] {logging_mixin.py:190} INFO - [2025-04-05T11:50:47.462+0000] {dag.py:4180} INFO - Setting next_dagrun for dataset_s3_bucket_producer to None, run_after=None
[2025-04-05T11:50:47.472+0000] {processor.py:208} INFO - Processing /home/airflow/.local/lib/python3.12/site-packages/airflow/example_dags/example_dataset_alias.py took 0.890 seconds
[2025-04-05T11:51:18.011+0000] {processor.py:186} INFO - Started process (PID=266) to work on /home/airflow/.local/lib/python3.12/site-packages/airflow/example_dags/example_dataset_alias.py
[2025-04-05T11:51:18.017+0000] {processor.py:914} INFO - Processing file /home/airflow/.local/lib/python3.12/site-packages/airflow/example_dags/example_dataset_alias.py for tasks to queue
[2025-04-05T11:51:18.026+0000] {logging_mixin.py:190} INFO - [2025-04-05T11:51:18.025+0000] {dagbag.py:588} INFO - Filling up the DagBag from /home/airflow/.local/lib/python3.12/site-packages/airflow/example_dags/example_dataset_alias.py
[2025-04-05T11:51:18.715+0000] {processor.py:925} INFO - DAG(s) 'dataset_s3_bucket_consumer', 'dataset_s3_bucket_producer', 'dataset_alias_example_alias_producer', 'dataset_alias_example_alias_consumer' retrieved from /home/airflow/.local/lib/python3.12/site-packages/airflow/example_dags/example_dataset_alias.py
[2025-04-05T11:51:18.724+0000] {logging_mixin.py:190} INFO - [2025-04-05T11:51:18.723+0000] {dag.py:3239} INFO - Sync 4 DAGs
[2025-04-05T11:51:18.734+0000] {logging_mixin.py:190} INFO - [2025-04-05T11:51:18.734+0000] {dag.py:4180} INFO - Setting next_dagrun for dataset_alias_example_alias_consumer to None, run_after=None
[2025-04-05T11:51:18.735+0000] {logging_mixin.py:190} INFO - [2025-04-05T11:51:18.735+0000] {dag.py:4180} INFO - Setting next_dagrun for dataset_alias_example_alias_producer to None, run_after=None
[2025-04-05T11:51:18.735+0000] {logging_mixin.py:190} INFO - [2025-04-05T11:51:18.735+0000] {dag.py:4180} INFO - Setting next_dagrun for dataset_s3_bucket_consumer to None, run_after=None
[2025-04-05T11:51:18.736+0000] {logging_mixin.py:190} INFO - [2025-04-05T11:51:18.736+0000] {dag.py:4180} INFO - Setting next_dagrun for dataset_s3_bucket_producer to None, run_after=None
[2025-04-05T11:51:18.745+0000] {processor.py:208} INFO - Processing /home/airflow/.local/lib/python3.12/site-packages/airflow/example_dags/example_dataset_alias.py took 0.763 seconds
[2025-04-05T11:51:49.148+0000] {processor.py:186} INFO - Started process (PID=330) to work on /home/airflow/.local/lib/python3.12/site-packages/airflow/example_dags/example_dataset_alias.py
[2025-04-05T11:51:49.149+0000] {processor.py:914} INFO - Processing file /home/airflow/.local/lib/python3.12/site-packages/airflow/example_dags/example_dataset_alias.py for tasks to queue
[2025-04-05T11:51:49.151+0000] {logging_mixin.py:190} INFO - [2025-04-05T11:51:49.150+0000] {dagbag.py:588} INFO - Filling up the DagBag from /home/airflow/.local/lib/python3.12/site-packages/airflow/example_dags/example_dataset_alias.py
[2025-04-05T11:51:49.586+0000] {processor.py:925} INFO - DAG(s) 'dataset_s3_bucket_consumer', 'dataset_alias_example_alias_consumer', 'dataset_alias_example_alias_producer', 'dataset_s3_bucket_producer' retrieved from /home/airflow/.local/lib/python3.12/site-packages/airflow/example_dags/example_dataset_alias.py
[2025-04-05T11:51:49.596+0000] {logging_mixin.py:190} INFO - [2025-04-05T11:51:49.596+0000] {dag.py:3239} INFO - Sync 4 DAGs
[2025-04-05T11:51:49.607+0000] {logging_mixin.py:190} INFO - [2025-04-05T11:51:49.607+0000] {dag.py:4180} INFO - Setting next_dagrun for dataset_alias_example_alias_consumer to None, run_after=None
[2025-04-05T11:51:49.608+0000] {logging_mixin.py:190} INFO - [2025-04-05T11:51:49.608+0000] {dag.py:4180} INFO - Setting next_dagrun for dataset_alias_example_alias_producer to None, run_after=None
[2025-04-05T11:51:49.609+0000] {logging_mixin.py:190} INFO - [2025-04-05T11:51:49.609+0000] {dag.py:4180} INFO - Setting next_dagrun for dataset_s3_bucket_consumer to None, run_after=None
[2025-04-05T11:51:49.609+0000] {logging_mixin.py:190} INFO - [2025-04-05T11:51:49.609+0000] {dag.py:4180} INFO - Setting next_dagrun for dataset_s3_bucket_producer to None, run_after=None
[2025-04-05T11:51:49.618+0000] {processor.py:208} INFO - Processing /home/airflow/.local/lib/python3.12/site-packages/airflow/example_dags/example_dataset_alias.py took 0.476 seconds
[2025-04-05T11:52:20.584+0000] {processor.py:186} INFO - Started process (PID=394) to work on /home/airflow/.local/lib/python3.12/site-packages/airflow/example_dags/example_dataset_alias.py
[2025-04-05T11:52:20.588+0000] {processor.py:914} INFO - Processing file /home/airflow/.local/lib/python3.12/site-packages/airflow/example_dags/example_dataset_alias.py for tasks to queue
[2025-04-05T11:52:20.594+0000] {logging_mixin.py:190} INFO - [2025-04-05T11:52:20.593+0000] {dagbag.py:588} INFO - Filling up the DagBag from /home/airflow/.local/lib/python3.12/site-packages/airflow/example_dags/example_dataset_alias.py
[2025-04-05T11:52:21.006+0000] {processor.py:925} INFO - DAG(s) 'dataset_s3_bucket_producer', 'dataset_alias_example_alias_consumer', 'dataset_s3_bucket_consumer', 'dataset_alias_example_alias_producer' retrieved from /home/airflow/.local/lib/python3.12/site-packages/airflow/example_dags/example_dataset_alias.py
[2025-04-05T11:52:21.014+0000] {logging_mixin.py:190} INFO - [2025-04-05T11:52:21.014+0000] {dag.py:3239} INFO - Sync 4 DAGs
[2025-04-05T11:52:21.023+0000] {logging_mixin.py:190} INFO - [2025-04-05T11:52:21.023+0000] {dag.py:4180} INFO - Setting next_dagrun for dataset_alias_example_alias_consumer to None, run_after=None
[2025-04-05T11:52:21.025+0000] {logging_mixin.py:190} INFO - [2025-04-05T11:52:21.025+0000] {dag.py:4180} INFO - Setting next_dagrun for dataset_alias_example_alias_producer to None, run_after=None
[2025-04-05T11:52:21.026+0000] {logging_mixin.py:190} INFO - [2025-04-05T11:52:21.026+0000] {dag.py:4180} INFO - Setting next_dagrun for dataset_s3_bucket_consumer to None, run_after=None
[2025-04-05T11:52:21.027+0000] {logging_mixin.py:190} INFO - [2025-04-05T11:52:21.027+0000] {dag.py:4180} INFO - Setting next_dagrun for dataset_s3_bucket_producer to None, run_after=None
[2025-04-05T11:52:21.035+0000] {processor.py:208} INFO - Processing /home/airflow/.local/lib/python3.12/site-packages/airflow/example_dags/example_dataset_alias.py took 0.461 seconds
[2025-04-05T12:07:24.848+0000] {processor.py:186} INFO - Started process (PID=125) to work on /home/airflow/.local/lib/python3.12/site-packages/airflow/example_dags/example_dataset_alias.py
[2025-04-05T12:07:24.851+0000] {processor.py:914} INFO - Processing file /home/airflow/.local/lib/python3.12/site-packages/airflow/example_dags/example_dataset_alias.py for tasks to queue
[2025-04-05T12:07:24.858+0000] {logging_mixin.py:190} INFO - [2025-04-05T12:07:24.857+0000] {dagbag.py:588} INFO - Filling up the DagBag from /home/airflow/.local/lib/python3.12/site-packages/airflow/example_dags/example_dataset_alias.py
[2025-04-05T12:07:25.261+0000] {processor.py:925} INFO - DAG(s) 'dataset_alias_example_alias_consumer', 'dataset_s3_bucket_consumer', 'dataset_s3_bucket_producer', 'dataset_alias_example_alias_producer' retrieved from /home/airflow/.local/lib/python3.12/site-packages/airflow/example_dags/example_dataset_alias.py
[2025-04-05T12:07:25.268+0000] {logging_mixin.py:190} INFO - [2025-04-05T12:07:25.268+0000] {dag.py:3239} INFO - Sync 4 DAGs
[2025-04-05T12:07:25.278+0000] {logging_mixin.py:190} INFO - [2025-04-05T12:07:25.278+0000] {dag.py:4180} INFO - Setting next_dagrun for dataset_alias_example_alias_consumer to None, run_after=None
[2025-04-05T12:07:25.279+0000] {logging_mixin.py:190} INFO - [2025-04-05T12:07:25.279+0000] {dag.py:4180} INFO - Setting next_dagrun for dataset_alias_example_alias_producer to None, run_after=None
[2025-04-05T12:07:25.280+0000] {logging_mixin.py:190} INFO - [2025-04-05T12:07:25.280+0000] {dag.py:4180} INFO - Setting next_dagrun for dataset_s3_bucket_consumer to None, run_after=None
[2025-04-05T12:07:25.280+0000] {logging_mixin.py:190} INFO - [2025-04-05T12:07:25.280+0000] {dag.py:4180} INFO - Setting next_dagrun for dataset_s3_bucket_producer to None, run_after=None
[2025-04-05T12:07:25.289+0000] {processor.py:208} INFO - Processing /home/airflow/.local/lib/python3.12/site-packages/airflow/example_dags/example_dataset_alias.py took 0.446 seconds
[2025-04-05T12:07:56.346+0000] {processor.py:186} INFO - Started process (PID=189) to work on /home/airflow/.local/lib/python3.12/site-packages/airflow/example_dags/example_dataset_alias.py
[2025-04-05T12:07:56.346+0000] {processor.py:914} INFO - Processing file /home/airflow/.local/lib/python3.12/site-packages/airflow/example_dags/example_dataset_alias.py for tasks to queue
[2025-04-05T12:07:56.347+0000] {logging_mixin.py:190} INFO - [2025-04-05T12:07:56.347+0000] {dagbag.py:588} INFO - Filling up the DagBag from /home/airflow/.local/lib/python3.12/site-packages/airflow/example_dags/example_dataset_alias.py
[2025-04-05T12:07:56.682+0000] {processor.py:925} INFO - DAG(s) 'dataset_alias_example_alias_consumer', 'dataset_s3_bucket_consumer', 'dataset_alias_example_alias_producer', 'dataset_s3_bucket_producer' retrieved from /home/airflow/.local/lib/python3.12/site-packages/airflow/example_dags/example_dataset_alias.py
[2025-04-05T12:07:56.689+0000] {logging_mixin.py:190} INFO - [2025-04-05T12:07:56.689+0000] {dag.py:3239} INFO - Sync 4 DAGs
[2025-04-05T12:07:56.698+0000] {logging_mixin.py:190} INFO - [2025-04-05T12:07:56.698+0000] {dag.py:4180} INFO - Setting next_dagrun for dataset_alias_example_alias_consumer to None, run_after=None
[2025-04-05T12:07:56.699+0000] {logging_mixin.py:190} INFO - [2025-04-05T12:07:56.699+0000] {dag.py:4180} INFO - Setting next_dagrun for dataset_alias_example_alias_producer to None, run_after=None
[2025-04-05T12:07:56.699+0000] {logging_mixin.py:190} INFO - [2025-04-05T12:07:56.699+0000] {dag.py:4180} INFO - Setting next_dagrun for dataset_s3_bucket_consumer to None, run_after=None
[2025-04-05T12:07:56.700+0000] {logging_mixin.py:190} INFO - [2025-04-05T12:07:56.700+0000] {dag.py:4180} INFO - Setting next_dagrun for dataset_s3_bucket_producer to None, run_after=None
[2025-04-05T12:07:56.707+0000] {processor.py:208} INFO - Processing /home/airflow/.local/lib/python3.12/site-packages/airflow/example_dags/example_dataset_alias.py took 0.365 seconds
[2025-04-05T12:08:28.427+0000] {processor.py:186} INFO - Started process (PID=253) to work on /home/airflow/.local/lib/python3.12/site-packages/airflow/example_dags/example_dataset_alias.py
[2025-04-05T12:08:28.428+0000] {processor.py:914} INFO - Processing file /home/airflow/.local/lib/python3.12/site-packages/airflow/example_dags/example_dataset_alias.py for tasks to queue
[2025-04-05T12:08:28.431+0000] {logging_mixin.py:190} INFO - [2025-04-05T12:08:28.431+0000] {dagbag.py:588} INFO - Filling up the DagBag from /home/airflow/.local/lib/python3.12/site-packages/airflow/example_dags/example_dataset_alias.py
[2025-04-05T12:08:29.452+0000] {processor.py:925} INFO - DAG(s) 'dataset_alias_example_alias_producer', 'dataset_alias_example_alias_consumer', 'dataset_s3_bucket_consumer', 'dataset_s3_bucket_producer' retrieved from /home/airflow/.local/lib/python3.12/site-packages/airflow/example_dags/example_dataset_alias.py
[2025-04-05T12:08:29.467+0000] {logging_mixin.py:190} INFO - [2025-04-05T12:08:29.466+0000] {dag.py:3239} INFO - Sync 4 DAGs
[2025-04-05T12:08:29.480+0000] {logging_mixin.py:190} INFO - [2025-04-05T12:08:29.480+0000] {dag.py:4180} INFO - Setting next_dagrun for dataset_alias_example_alias_consumer to None, run_after=None
[2025-04-05T12:08:29.482+0000] {logging_mixin.py:190} INFO - [2025-04-05T12:08:29.482+0000] {dag.py:4180} INFO - Setting next_dagrun for dataset_alias_example_alias_producer to None, run_after=None
[2025-04-05T12:08:29.483+0000] {logging_mixin.py:190} INFO - [2025-04-05T12:08:29.483+0000] {dag.py:4180} INFO - Setting next_dagrun for dataset_s3_bucket_consumer to None, run_after=None
[2025-04-05T12:08:29.483+0000] {logging_mixin.py:190} INFO - [2025-04-05T12:08:29.483+0000] {dag.py:4180} INFO - Setting next_dagrun for dataset_s3_bucket_producer to None, run_after=None
[2025-04-05T12:08:29.495+0000] {processor.py:208} INFO - Processing /home/airflow/.local/lib/python3.12/site-packages/airflow/example_dags/example_dataset_alias.py took 1.074 seconds
[2025-04-05T12:09:00.357+0000] {processor.py:186} INFO - Started process (PID=323) to work on /home/airflow/.local/lib/python3.12/site-packages/airflow/example_dags/example_dataset_alias.py
[2025-04-05T12:09:00.359+0000] {processor.py:914} INFO - Processing file /home/airflow/.local/lib/python3.12/site-packages/airflow/example_dags/example_dataset_alias.py for tasks to queue
[2025-04-05T12:09:00.362+0000] {logging_mixin.py:190} INFO - [2025-04-05T12:09:00.361+0000] {dagbag.py:588} INFO - Filling up the DagBag from /home/airflow/.local/lib/python3.12/site-packages/airflow/example_dags/example_dataset_alias.py
[2025-04-05T12:09:00.896+0000] {processor.py:925} INFO - DAG(s) 'dataset_s3_bucket_producer', 'dataset_alias_example_alias_consumer', 'dataset_alias_example_alias_producer', 'dataset_s3_bucket_consumer' retrieved from /home/airflow/.local/lib/python3.12/site-packages/airflow/example_dags/example_dataset_alias.py
[2025-04-05T12:09:00.906+0000] {logging_mixin.py:190} INFO - [2025-04-05T12:09:00.905+0000] {dag.py:3239} INFO - Sync 4 DAGs
[2025-04-05T12:09:00.917+0000] {logging_mixin.py:190} INFO - [2025-04-05T12:09:00.917+0000] {dag.py:4180} INFO - Setting next_dagrun for dataset_alias_example_alias_consumer to None, run_after=None
[2025-04-05T12:09:00.919+0000] {logging_mixin.py:190} INFO - [2025-04-05T12:09:00.919+0000] {dag.py:4180} INFO - Setting next_dagrun for dataset_alias_example_alias_producer to None, run_after=None
[2025-04-05T12:09:00.920+0000] {logging_mixin.py:190} INFO - [2025-04-05T12:09:00.920+0000] {dag.py:4180} INFO - Setting next_dagrun for dataset_s3_bucket_consumer to None, run_after=None
[2025-04-05T12:09:00.920+0000] {logging_mixin.py:190} INFO - [2025-04-05T12:09:00.920+0000] {dag.py:4180} INFO - Setting next_dagrun for dataset_s3_bucket_producer to None, run_after=None
[2025-04-05T12:09:00.931+0000] {processor.py:208} INFO - Processing /home/airflow/.local/lib/python3.12/site-packages/airflow/example_dags/example_dataset_alias.py took 0.581 seconds
[2025-04-05T12:09:31.083+0000] {processor.py:186} INFO - Started process (PID=387) to work on /home/airflow/.local/lib/python3.12/site-packages/airflow/example_dags/example_dataset_alias.py
[2025-04-05T12:09:31.085+0000] {processor.py:914} INFO - Processing file /home/airflow/.local/lib/python3.12/site-packages/airflow/example_dags/example_dataset_alias.py for tasks to queue
[2025-04-05T12:09:31.087+0000] {logging_mixin.py:190} INFO - [2025-04-05T12:09:31.087+0000] {dagbag.py:588} INFO - Filling up the DagBag from /home/airflow/.local/lib/python3.12/site-packages/airflow/example_dags/example_dataset_alias.py
[2025-04-05T12:09:31.431+0000] {processor.py:925} INFO - DAG(s) 'dataset_alias_example_alias_consumer', 'dataset_s3_bucket_producer', 'dataset_s3_bucket_consumer', 'dataset_alias_example_alias_producer' retrieved from /home/airflow/.local/lib/python3.12/site-packages/airflow/example_dags/example_dataset_alias.py
[2025-04-05T12:09:31.439+0000] {logging_mixin.py:190} INFO - [2025-04-05T12:09:31.439+0000] {dag.py:3239} INFO - Sync 4 DAGs
[2025-04-05T12:09:31.448+0000] {logging_mixin.py:190} INFO - [2025-04-05T12:09:31.447+0000] {dag.py:4180} INFO - Setting next_dagrun for dataset_alias_example_alias_consumer to None, run_after=None
[2025-04-05T12:09:31.448+0000] {logging_mixin.py:190} INFO - [2025-04-05T12:09:31.448+0000] {dag.py:4180} INFO - Setting next_dagrun for dataset_alias_example_alias_producer to None, run_after=None
[2025-04-05T12:09:31.449+0000] {logging_mixin.py:190} INFO - [2025-04-05T12:09:31.449+0000] {dag.py:4180} INFO - Setting next_dagrun for dataset_s3_bucket_consumer to None, run_after=None
[2025-04-05T12:09:31.450+0000] {logging_mixin.py:190} INFO - [2025-04-05T12:09:31.449+0000] {dag.py:4180} INFO - Setting next_dagrun for dataset_s3_bucket_producer to None, run_after=None
[2025-04-05T12:09:31.457+0000] {processor.py:208} INFO - Processing /home/airflow/.local/lib/python3.12/site-packages/airflow/example_dags/example_dataset_alias.py took 0.381 seconds
[2025-04-05T12:10:01.789+0000] {processor.py:186} INFO - Started process (PID=451) to work on /home/airflow/.local/lib/python3.12/site-packages/airflow/example_dags/example_dataset_alias.py
[2025-04-05T12:10:01.791+0000] {processor.py:914} INFO - Processing file /home/airflow/.local/lib/python3.12/site-packages/airflow/example_dags/example_dataset_alias.py for tasks to queue
[2025-04-05T12:10:01.794+0000] {logging_mixin.py:190} INFO - [2025-04-05T12:10:01.793+0000] {dagbag.py:588} INFO - Filling up the DagBag from /home/airflow/.local/lib/python3.12/site-packages/airflow/example_dags/example_dataset_alias.py
[2025-04-05T12:10:02.122+0000] {processor.py:925} INFO - DAG(s) 'dataset_alias_example_alias_producer', 'dataset_s3_bucket_consumer', 'dataset_s3_bucket_producer', 'dataset_alias_example_alias_consumer' retrieved from /home/airflow/.local/lib/python3.12/site-packages/airflow/example_dags/example_dataset_alias.py
[2025-04-05T12:10:02.130+0000] {logging_mixin.py:190} INFO - [2025-04-05T12:10:02.130+0000] {dag.py:3239} INFO - Sync 4 DAGs
[2025-04-05T12:10:02.139+0000] {logging_mixin.py:190} INFO - [2025-04-05T12:10:02.139+0000] {dag.py:4180} INFO - Setting next_dagrun for dataset_alias_example_alias_consumer to None, run_after=None
[2025-04-05T12:10:02.140+0000] {logging_mixin.py:190} INFO - [2025-04-05T12:10:02.140+0000] {dag.py:4180} INFO - Setting next_dagrun for dataset_alias_example_alias_producer to None, run_after=None
[2025-04-05T12:10:02.140+0000] {logging_mixin.py:190} INFO - [2025-04-05T12:10:02.140+0000] {dag.py:4180} INFO - Setting next_dagrun for dataset_s3_bucket_consumer to None, run_after=None
[2025-04-05T12:10:02.141+0000] {logging_mixin.py:190} INFO - [2025-04-05T12:10:02.141+0000] {dag.py:4180} INFO - Setting next_dagrun for dataset_s3_bucket_producer to None, run_after=None
[2025-04-05T12:10:02.149+0000] {processor.py:208} INFO - Processing /home/airflow/.local/lib/python3.12/site-packages/airflow/example_dags/example_dataset_alias.py took 0.366 seconds
[2025-04-05T12:10:32.815+0000] {processor.py:186} INFO - Started process (PID=515) to work on /home/airflow/.local/lib/python3.12/site-packages/airflow/example_dags/example_dataset_alias.py
[2025-04-05T12:10:32.817+0000] {processor.py:914} INFO - Processing file /home/airflow/.local/lib/python3.12/site-packages/airflow/example_dags/example_dataset_alias.py for tasks to queue
[2025-04-05T12:10:32.820+0000] {logging_mixin.py:190} INFO - [2025-04-05T12:10:32.819+0000] {dagbag.py:588} INFO - Filling up the DagBag from /home/airflow/.local/lib/python3.12/site-packages/airflow/example_dags/example_dataset_alias.py
[2025-04-05T12:10:33.413+0000] {processor.py:925} INFO - DAG(s) 'dataset_s3_bucket_consumer', 'dataset_alias_example_alias_consumer', 'dataset_s3_bucket_producer', 'dataset_alias_example_alias_producer' retrieved from /home/airflow/.local/lib/python3.12/site-packages/airflow/example_dags/example_dataset_alias.py
[2025-04-05T12:10:33.422+0000] {logging_mixin.py:190} INFO - [2025-04-05T12:10:33.421+0000] {dag.py:3239} INFO - Sync 4 DAGs
[2025-04-05T12:10:33.434+0000] {logging_mixin.py:190} INFO - [2025-04-05T12:10:33.433+0000] {dag.py:4180} INFO - Setting next_dagrun for dataset_alias_example_alias_consumer to None, run_after=None
[2025-04-05T12:10:33.435+0000] {logging_mixin.py:190} INFO - [2025-04-05T12:10:33.435+0000] {dag.py:4180} INFO - Setting next_dagrun for dataset_alias_example_alias_producer to None, run_after=None
[2025-04-05T12:10:33.436+0000] {logging_mixin.py:190} INFO - [2025-04-05T12:10:33.435+0000] {dag.py:4180} INFO - Setting next_dagrun for dataset_s3_bucket_consumer to None, run_after=None
[2025-04-05T12:10:33.436+0000] {logging_mixin.py:190} INFO - [2025-04-05T12:10:33.436+0000] {dag.py:4180} INFO - Setting next_dagrun for dataset_s3_bucket_producer to None, run_after=None
[2025-04-05T12:10:33.453+0000] {processor.py:208} INFO - Processing /home/airflow/.local/lib/python3.12/site-packages/airflow/example_dags/example_dataset_alias.py took 0.644 seconds
[2025-04-05T12:11:03.631+0000] {processor.py:186} INFO - Started process (PID=579) to work on /home/airflow/.local/lib/python3.12/site-packages/airflow/example_dags/example_dataset_alias.py
[2025-04-05T12:11:03.632+0000] {processor.py:914} INFO - Processing file /home/airflow/.local/lib/python3.12/site-packages/airflow/example_dags/example_dataset_alias.py for tasks to queue
[2025-04-05T12:11:03.633+0000] {logging_mixin.py:190} INFO - [2025-04-05T12:11:03.633+0000] {dagbag.py:588} INFO - Filling up the DagBag from /home/airflow/.local/lib/python3.12/site-packages/airflow/example_dags/example_dataset_alias.py
[2025-04-05T12:11:04.311+0000] {processor.py:925} INFO - DAG(s) 'dataset_s3_bucket_consumer', 'dataset_alias_example_alias_consumer', 'dataset_alias_example_alias_producer', 'dataset_s3_bucket_producer' retrieved from /home/airflow/.local/lib/python3.12/site-packages/airflow/example_dags/example_dataset_alias.py
[2025-04-05T12:11:04.334+0000] {logging_mixin.py:190} INFO - [2025-04-05T12:11:04.334+0000] {dag.py:3239} INFO - Sync 4 DAGs
[2025-04-05T12:11:04.348+0000] {logging_mixin.py:190} INFO - [2025-04-05T12:11:04.348+0000] {dag.py:4180} INFO - Setting next_dagrun for dataset_alias_example_alias_consumer to None, run_after=None
[2025-04-05T12:11:04.350+0000] {logging_mixin.py:190} INFO - [2025-04-05T12:11:04.350+0000] {dag.py:4180} INFO - Setting next_dagrun for dataset_alias_example_alias_producer to None, run_after=None
[2025-04-05T12:11:04.351+0000] {logging_mixin.py:190} INFO - [2025-04-05T12:11:04.351+0000] {dag.py:4180} INFO - Setting next_dagrun for dataset_s3_bucket_consumer to None, run_after=None
[2025-04-05T12:11:04.351+0000] {logging_mixin.py:190} INFO - [2025-04-05T12:11:04.351+0000] {dag.py:4180} INFO - Setting next_dagrun for dataset_s3_bucket_producer to None, run_after=None
[2025-04-05T12:11:04.362+0000] {processor.py:208} INFO - Processing /home/airflow/.local/lib/python3.12/site-packages/airflow/example_dags/example_dataset_alias.py took 0.735 seconds
[2025-04-05T12:11:34.845+0000] {processor.py:186} INFO - Started process (PID=642) to work on /home/airflow/.local/lib/python3.12/site-packages/airflow/example_dags/example_dataset_alias.py
[2025-04-05T12:11:34.846+0000] {processor.py:914} INFO - Processing file /home/airflow/.local/lib/python3.12/site-packages/airflow/example_dags/example_dataset_alias.py for tasks to queue
[2025-04-05T12:11:34.846+0000] {logging_mixin.py:190} INFO - [2025-04-05T12:11:34.846+0000] {dagbag.py:588} INFO - Filling up the DagBag from /home/airflow/.local/lib/python3.12/site-packages/airflow/example_dags/example_dataset_alias.py
[2025-04-05T12:11:35.161+0000] {processor.py:925} INFO - DAG(s) 'dataset_alias_example_alias_consumer', 'dataset_s3_bucket_producer', 'dataset_s3_bucket_consumer', 'dataset_alias_example_alias_producer' retrieved from /home/airflow/.local/lib/python3.12/site-packages/airflow/example_dags/example_dataset_alias.py
[2025-04-05T12:11:35.169+0000] {logging_mixin.py:190} INFO - [2025-04-05T12:11:35.169+0000] {dag.py:3239} INFO - Sync 4 DAGs
[2025-04-05T12:11:35.179+0000] {logging_mixin.py:190} INFO - [2025-04-05T12:11:35.179+0000] {dag.py:4180} INFO - Setting next_dagrun for dataset_alias_example_alias_consumer to None, run_after=None
[2025-04-05T12:11:35.180+0000] {logging_mixin.py:190} INFO - [2025-04-05T12:11:35.180+0000] {dag.py:4180} INFO - Setting next_dagrun for dataset_alias_example_alias_producer to None, run_after=None
[2025-04-05T12:11:35.181+0000] {logging_mixin.py:190} INFO - [2025-04-05T12:11:35.181+0000] {dag.py:4180} INFO - Setting next_dagrun for dataset_s3_bucket_consumer to None, run_after=None
[2025-04-05T12:11:35.182+0000] {logging_mixin.py:190} INFO - [2025-04-05T12:11:35.182+0000] {dag.py:4180} INFO - Setting next_dagrun for dataset_s3_bucket_producer to None, run_after=None
[2025-04-05T12:11:35.191+0000] {processor.py:208} INFO - Processing /home/airflow/.local/lib/python3.12/site-packages/airflow/example_dags/example_dataset_alias.py took 0.348 seconds
[2025-04-05T12:12:06.319+0000] {processor.py:186} INFO - Started process (PID=699) to work on /home/airflow/.local/lib/python3.12/site-packages/airflow/example_dags/example_dataset_alias.py
[2025-04-05T12:12:06.321+0000] {processor.py:914} INFO - Processing file /home/airflow/.local/lib/python3.12/site-packages/airflow/example_dags/example_dataset_alias.py for tasks to queue
[2025-04-05T12:12:06.322+0000] {logging_mixin.py:190} INFO - [2025-04-05T12:12:06.322+0000] {dagbag.py:588} INFO - Filling up the DagBag from /home/airflow/.local/lib/python3.12/site-packages/airflow/example_dags/example_dataset_alias.py
[2025-04-05T12:12:06.686+0000] {processor.py:925} INFO - DAG(s) 'dataset_s3_bucket_producer', 'dataset_s3_bucket_consumer', 'dataset_alias_example_alias_consumer', 'dataset_alias_example_alias_producer' retrieved from /home/airflow/.local/lib/python3.12/site-packages/airflow/example_dags/example_dataset_alias.py
[2025-04-05T12:12:06.695+0000] {logging_mixin.py:190} INFO - [2025-04-05T12:12:06.695+0000] {dag.py:3239} INFO - Sync 4 DAGs
[2025-04-05T12:12:06.705+0000] {logging_mixin.py:190} INFO - [2025-04-05T12:12:06.705+0000] {dag.py:4180} INFO - Setting next_dagrun for dataset_alias_example_alias_consumer to None, run_after=None
[2025-04-05T12:12:06.706+0000] {logging_mixin.py:190} INFO - [2025-04-05T12:12:06.706+0000] {dag.py:4180} INFO - Setting next_dagrun for dataset_alias_example_alias_producer to None, run_after=None
[2025-04-05T12:12:06.707+0000] {logging_mixin.py:190} INFO - [2025-04-05T12:12:06.707+0000] {dag.py:4180} INFO - Setting next_dagrun for dataset_s3_bucket_consumer to None, run_after=None
[2025-04-05T12:12:06.709+0000] {logging_mixin.py:190} INFO - [2025-04-05T12:12:06.709+0000] {dag.py:4180} INFO - Setting next_dagrun for dataset_s3_bucket_producer to None, run_after=None
[2025-04-05T12:12:06.719+0000] {processor.py:208} INFO - Processing /home/airflow/.local/lib/python3.12/site-packages/airflow/example_dags/example_dataset_alias.py took 0.406 seconds
