[2025-04-05T11:23:26.904+0000] {processor.py:186} INFO - Started process (PID=119) to work on /home/airflow/.local/lib/python3.12/site-packages/airflow/example_dags/example_xcomargs.py
[2025-04-05T11:23:26.904+0000] {processor.py:914} INFO - Processing file /home/airflow/.local/lib/python3.12/site-packages/airflow/example_dags/example_xcomargs.py for tasks to queue
[2025-04-05T11:23:26.905+0000] {logging_mixin.py:190} INFO - [2025-04-05T11:23:26.905+0000] {dagbag.py:588} INFO - Filling up the DagBag from /home/airflow/.local/lib/python3.12/site-packages/airflow/example_dags/example_xcomargs.py
[2025-04-05T11:23:26.911+0000] {processor.py:925} INFO - DAG(s) 'example_xcom_args_with_operators', 'example_xcom_args' retrieved from /home/airflow/.local/lib/python3.12/site-packages/airflow/example_dags/example_xcomargs.py
[2025-04-05T11:23:26.961+0000] {logging_mixin.py:190} INFO - [2025-04-05T11:23:26.961+0000] {override.py:1912} INFO - Created Permission View: can edit on DAG:example_xcom_args_with_operators
[2025-04-05T11:23:26.965+0000] {logging_mixin.py:190} INFO - [2025-04-05T11:23:26.965+0000] {override.py:1912} INFO - Created Permission View: can read on DAG:example_xcom_args_with_operators
[2025-04-05T11:23:26.968+0000] {logging_mixin.py:190} INFO - [2025-04-05T11:23:26.967+0000] {override.py:1912} INFO - Created Permission View: can delete on DAG:example_xcom_args_with_operators
[2025-04-05T11:23:26.970+0000] {logging_mixin.py:190} INFO - [2025-04-05T11:23:26.970+0000] {override.py:1912} INFO - Created Permission View: menu access on DAG Run:example_xcom_args_with_operators
[2025-04-05T11:23:26.972+0000] {logging_mixin.py:190} INFO - [2025-04-05T11:23:26.972+0000] {override.py:1912} INFO - Created Permission View: can read on DAG Run:example_xcom_args_with_operators
[2025-04-05T11:23:26.976+0000] {logging_mixin.py:190} INFO - [2025-04-05T11:23:26.975+0000] {override.py:1912} INFO - Created Permission View: can create on DAG Run:example_xcom_args_with_operators
[2025-04-05T11:23:26.981+0000] {logging_mixin.py:190} INFO - [2025-04-05T11:23:26.981+0000] {override.py:1912} INFO - Created Permission View: can delete on DAG Run:example_xcom_args_with_operators
[2025-04-05T11:23:26.989+0000] {logging_mixin.py:190} INFO - [2025-04-05T11:23:26.989+0000] {override.py:1912} INFO - Created Permission View: can edit on DAG:example_xcom_args
[2025-04-05T11:23:26.992+0000] {logging_mixin.py:190} INFO - [2025-04-05T11:23:26.992+0000] {override.py:1912} INFO - Created Permission View: can read on DAG:example_xcom_args
[2025-04-05T11:23:26.995+0000] {logging_mixin.py:190} INFO - [2025-04-05T11:23:26.995+0000] {override.py:1912} INFO - Created Permission View: can delete on DAG:example_xcom_args
[2025-04-05T11:23:26.999+0000] {logging_mixin.py:190} INFO - [2025-04-05T11:23:26.998+0000] {override.py:1912} INFO - Created Permission View: menu access on DAG Run:example_xcom_args
[2025-04-05T11:23:27.002+0000] {logging_mixin.py:190} INFO - [2025-04-05T11:23:27.001+0000] {override.py:1912} INFO - Created Permission View: can read on DAG Run:example_xcom_args
[2025-04-05T11:23:27.005+0000] {logging_mixin.py:190} INFO - [2025-04-05T11:23:27.005+0000] {override.py:1912} INFO - Created Permission View: can create on DAG Run:example_xcom_args
[2025-04-05T11:23:27.008+0000] {logging_mixin.py:190} INFO - [2025-04-05T11:23:27.008+0000] {override.py:1912} INFO - Created Permission View: can delete on DAG Run:example_xcom_args
[2025-04-05T11:23:27.008+0000] {logging_mixin.py:190} INFO - [2025-04-05T11:23:27.008+0000] {dag.py:3239} INFO - Sync 2 DAGs
[2025-04-05T11:23:27.015+0000] {logging_mixin.py:190} INFO - [2025-04-05T11:23:27.015+0000] {dag.py:3262} INFO - Creating ORM DAG for example_xcom_args_with_operators
[2025-04-05T11:23:27.015+0000] {logging_mixin.py:190} INFO - [2025-04-05T11:23:27.015+0000] {dag.py:3262} INFO - Creating ORM DAG for example_xcom_args
[2025-04-05T11:23:27.016+0000] {logging_mixin.py:190} INFO - [2025-04-05T11:23:27.016+0000] {dag.py:4180} INFO - Setting next_dagrun for example_xcom_args to None, run_after=None
[2025-04-05T11:23:27.016+0000] {logging_mixin.py:190} INFO - [2025-04-05T11:23:27.016+0000] {dag.py:4180} INFO - Setting next_dagrun for example_xcom_args_with_operators to None, run_after=None
[2025-04-05T11:23:27.026+0000] {processor.py:208} INFO - Processing /home/airflow/.local/lib/python3.12/site-packages/airflow/example_dags/example_xcomargs.py took 0.125 seconds
[2025-04-05T11:23:57.128+0000] {processor.py:186} INFO - Started process (PID=182) to work on /home/airflow/.local/lib/python3.12/site-packages/airflow/example_dags/example_xcomargs.py
[2025-04-05T11:23:57.129+0000] {processor.py:914} INFO - Processing file /home/airflow/.local/lib/python3.12/site-packages/airflow/example_dags/example_xcomargs.py for tasks to queue
[2025-04-05T11:23:57.132+0000] {logging_mixin.py:190} INFO - [2025-04-05T11:23:57.131+0000] {dagbag.py:588} INFO - Filling up the DagBag from /home/airflow/.local/lib/python3.12/site-packages/airflow/example_dags/example_xcomargs.py
[2025-04-05T11:23:57.141+0000] {processor.py:925} INFO - DAG(s) 'example_xcom_args_with_operators', 'example_xcom_args' retrieved from /home/airflow/.local/lib/python3.12/site-packages/airflow/example_dags/example_xcomargs.py
[2025-04-05T11:23:57.160+0000] {logging_mixin.py:190} INFO - [2025-04-05T11:23:57.160+0000] {dag.py:3239} INFO - Sync 2 DAGs
[2025-04-05T11:23:57.167+0000] {logging_mixin.py:190} INFO - [2025-04-05T11:23:57.167+0000] {dag.py:4180} INFO - Setting next_dagrun for example_xcom_args to None, run_after=None
[2025-04-05T11:23:57.169+0000] {logging_mixin.py:190} INFO - [2025-04-05T11:23:57.168+0000] {dag.py:4180} INFO - Setting next_dagrun for example_xcom_args_with_operators to None, run_after=None
[2025-04-05T11:23:57.176+0000] {processor.py:208} INFO - Processing /home/airflow/.local/lib/python3.12/site-packages/airflow/example_dags/example_xcomargs.py took 0.052 seconds
[2025-04-05T11:24:27.573+0000] {processor.py:186} INFO - Started process (PID=245) to work on /home/airflow/.local/lib/python3.12/site-packages/airflow/example_dags/example_xcomargs.py
[2025-04-05T11:24:27.574+0000] {processor.py:914} INFO - Processing file /home/airflow/.local/lib/python3.12/site-packages/airflow/example_dags/example_xcomargs.py for tasks to queue
[2025-04-05T11:24:27.576+0000] {logging_mixin.py:190} INFO - [2025-04-05T11:24:27.576+0000] {dagbag.py:588} INFO - Filling up the DagBag from /home/airflow/.local/lib/python3.12/site-packages/airflow/example_dags/example_xcomargs.py
[2025-04-05T11:24:27.583+0000] {processor.py:925} INFO - DAG(s) 'example_xcom_args_with_operators', 'example_xcom_args' retrieved from /home/airflow/.local/lib/python3.12/site-packages/airflow/example_dags/example_xcomargs.py
[2025-04-05T11:24:27.599+0000] {logging_mixin.py:190} INFO - [2025-04-05T11:24:27.599+0000] {dag.py:3239} INFO - Sync 2 DAGs
[2025-04-05T11:24:27.608+0000] {logging_mixin.py:190} INFO - [2025-04-05T11:24:27.608+0000] {dag.py:4180} INFO - Setting next_dagrun for example_xcom_args to None, run_after=None
[2025-04-05T11:24:27.610+0000] {logging_mixin.py:190} INFO - [2025-04-05T11:24:27.610+0000] {dag.py:4180} INFO - Setting next_dagrun for example_xcom_args_with_operators to None, run_after=None
[2025-04-05T11:24:27.617+0000] {processor.py:208} INFO - Processing /home/airflow/.local/lib/python3.12/site-packages/airflow/example_dags/example_xcomargs.py took 0.048 seconds
[2025-04-05T11:24:58.624+0000] {processor.py:186} INFO - Started process (PID=308) to work on /home/airflow/.local/lib/python3.12/site-packages/airflow/example_dags/example_xcomargs.py
[2025-04-05T11:24:58.624+0000] {processor.py:914} INFO - Processing file /home/airflow/.local/lib/python3.12/site-packages/airflow/example_dags/example_xcomargs.py for tasks to queue
[2025-04-05T11:24:58.626+0000] {logging_mixin.py:190} INFO - [2025-04-05T11:24:58.626+0000] {dagbag.py:588} INFO - Filling up the DagBag from /home/airflow/.local/lib/python3.12/site-packages/airflow/example_dags/example_xcomargs.py
[2025-04-05T11:24:58.633+0000] {processor.py:925} INFO - DAG(s) 'example_xcom_args', 'example_xcom_args_with_operators' retrieved from /home/airflow/.local/lib/python3.12/site-packages/airflow/example_dags/example_xcomargs.py
[2025-04-05T11:24:58.647+0000] {logging_mixin.py:190} INFO - [2025-04-05T11:24:58.647+0000] {dag.py:3239} INFO - Sync 2 DAGs
[2025-04-05T11:24:58.655+0000] {logging_mixin.py:190} INFO - [2025-04-05T11:24:58.655+0000] {dag.py:4180} INFO - Setting next_dagrun for example_xcom_args to None, run_after=None
[2025-04-05T11:24:58.656+0000] {logging_mixin.py:190} INFO - [2025-04-05T11:24:58.656+0000] {dag.py:4180} INFO - Setting next_dagrun for example_xcom_args_with_operators to None, run_after=None
[2025-04-05T11:24:58.667+0000] {processor.py:208} INFO - Processing /home/airflow/.local/lib/python3.12/site-packages/airflow/example_dags/example_xcomargs.py took 0.047 seconds
[2025-04-05T11:25:30.082+0000] {processor.py:186} INFO - Started process (PID=371) to work on /home/airflow/.local/lib/python3.12/site-packages/airflow/example_dags/example_xcomargs.py
[2025-04-05T11:25:30.086+0000] {processor.py:914} INFO - Processing file /home/airflow/.local/lib/python3.12/site-packages/airflow/example_dags/example_xcomargs.py for tasks to queue
[2025-04-05T11:25:30.087+0000] {logging_mixin.py:190} INFO - [2025-04-05T11:25:30.087+0000] {dagbag.py:588} INFO - Filling up the DagBag from /home/airflow/.local/lib/python3.12/site-packages/airflow/example_dags/example_xcomargs.py
[2025-04-05T11:25:30.093+0000] {processor.py:925} INFO - DAG(s) 'example_xcom_args', 'example_xcom_args_with_operators' retrieved from /home/airflow/.local/lib/python3.12/site-packages/airflow/example_dags/example_xcomargs.py
[2025-04-05T11:25:30.110+0000] {logging_mixin.py:190} INFO - [2025-04-05T11:25:30.110+0000] {dag.py:3239} INFO - Sync 2 DAGs
[2025-04-05T11:25:30.119+0000] {logging_mixin.py:190} INFO - [2025-04-05T11:25:30.119+0000] {dag.py:4180} INFO - Setting next_dagrun for example_xcom_args to None, run_after=None
[2025-04-05T11:25:30.121+0000] {logging_mixin.py:190} INFO - [2025-04-05T11:25:30.121+0000] {dag.py:4180} INFO - Setting next_dagrun for example_xcom_args_with_operators to None, run_after=None
[2025-04-05T11:25:30.129+0000] {processor.py:208} INFO - Processing /home/airflow/.local/lib/python3.12/site-packages/airflow/example_dags/example_xcomargs.py took 0.051 seconds
[2025-04-05T11:26:01.891+0000] {processor.py:186} INFO - Started process (PID=434) to work on /home/airflow/.local/lib/python3.12/site-packages/airflow/example_dags/example_xcomargs.py
[2025-04-05T11:26:01.894+0000] {processor.py:914} INFO - Processing file /home/airflow/.local/lib/python3.12/site-packages/airflow/example_dags/example_xcomargs.py for tasks to queue
[2025-04-05T11:26:01.896+0000] {logging_mixin.py:190} INFO - [2025-04-05T11:26:01.896+0000] {dagbag.py:588} INFO - Filling up the DagBag from /home/airflow/.local/lib/python3.12/site-packages/airflow/example_dags/example_xcomargs.py
[2025-04-05T11:26:01.901+0000] {processor.py:925} INFO - DAG(s) 'example_xcom_args', 'example_xcom_args_with_operators' retrieved from /home/airflow/.local/lib/python3.12/site-packages/airflow/example_dags/example_xcomargs.py
[2025-04-05T11:26:01.914+0000] {logging_mixin.py:190} INFO - [2025-04-05T11:26:01.914+0000] {dag.py:3239} INFO - Sync 2 DAGs
[2025-04-05T11:26:01.923+0000] {logging_mixin.py:190} INFO - [2025-04-05T11:26:01.922+0000] {dag.py:4180} INFO - Setting next_dagrun for example_xcom_args to None, run_after=None
[2025-04-05T11:26:01.925+0000] {logging_mixin.py:190} INFO - [2025-04-05T11:26:01.925+0000] {dag.py:4180} INFO - Setting next_dagrun for example_xcom_args_with_operators to None, run_after=None
[2025-04-05T11:26:01.932+0000] {processor.py:208} INFO - Processing /home/airflow/.local/lib/python3.12/site-packages/airflow/example_dags/example_xcomargs.py took 0.044 seconds
[2025-04-05T11:26:32.678+0000] {processor.py:186} INFO - Started process (PID=497) to work on /home/airflow/.local/lib/python3.12/site-packages/airflow/example_dags/example_xcomargs.py
[2025-04-05T11:26:32.680+0000] {processor.py:914} INFO - Processing file /home/airflow/.local/lib/python3.12/site-packages/airflow/example_dags/example_xcomargs.py for tasks to queue
[2025-04-05T11:26:32.682+0000] {logging_mixin.py:190} INFO - [2025-04-05T11:26:32.682+0000] {dagbag.py:588} INFO - Filling up the DagBag from /home/airflow/.local/lib/python3.12/site-packages/airflow/example_dags/example_xcomargs.py
[2025-04-05T11:26:32.689+0000] {processor.py:925} INFO - DAG(s) 'example_xcom_args', 'example_xcom_args_with_operators' retrieved from /home/airflow/.local/lib/python3.12/site-packages/airflow/example_dags/example_xcomargs.py
[2025-04-05T11:26:32.703+0000] {logging_mixin.py:190} INFO - [2025-04-05T11:26:32.703+0000] {dag.py:3239} INFO - Sync 2 DAGs
[2025-04-05T11:26:32.712+0000] {logging_mixin.py:190} INFO - [2025-04-05T11:26:32.711+0000] {dag.py:4180} INFO - Setting next_dagrun for example_xcom_args to None, run_after=None
[2025-04-05T11:26:32.714+0000] {logging_mixin.py:190} INFO - [2025-04-05T11:26:32.714+0000] {dag.py:4180} INFO - Setting next_dagrun for example_xcom_args_with_operators to None, run_after=None
[2025-04-05T11:26:32.723+0000] {processor.py:208} INFO - Processing /home/airflow/.local/lib/python3.12/site-packages/airflow/example_dags/example_xcomargs.py took 0.048 seconds
[2025-04-05T11:27:04.145+0000] {processor.py:186} INFO - Started process (PID=560) to work on /home/airflow/.local/lib/python3.12/site-packages/airflow/example_dags/example_xcomargs.py
[2025-04-05T11:27:04.146+0000] {processor.py:914} INFO - Processing file /home/airflow/.local/lib/python3.12/site-packages/airflow/example_dags/example_xcomargs.py for tasks to queue
[2025-04-05T11:27:04.150+0000] {logging_mixin.py:190} INFO - [2025-04-05T11:27:04.150+0000] {dagbag.py:588} INFO - Filling up the DagBag from /home/airflow/.local/lib/python3.12/site-packages/airflow/example_dags/example_xcomargs.py
[2025-04-05T11:27:04.158+0000] {processor.py:925} INFO - DAG(s) 'example_xcom_args_with_operators', 'example_xcom_args' retrieved from /home/airflow/.local/lib/python3.12/site-packages/airflow/example_dags/example_xcomargs.py
[2025-04-05T11:27:04.169+0000] {logging_mixin.py:190} INFO - [2025-04-05T11:27:04.169+0000] {dag.py:3239} INFO - Sync 2 DAGs
[2025-04-05T11:27:04.176+0000] {logging_mixin.py:190} INFO - [2025-04-05T11:27:04.176+0000] {dag.py:4180} INFO - Setting next_dagrun for example_xcom_args to None, run_after=None
[2025-04-05T11:27:04.178+0000] {logging_mixin.py:190} INFO - [2025-04-05T11:27:04.178+0000] {dag.py:4180} INFO - Setting next_dagrun for example_xcom_args_with_operators to None, run_after=None
[2025-04-05T11:27:04.185+0000] {processor.py:208} INFO - Processing /home/airflow/.local/lib/python3.12/site-packages/airflow/example_dags/example_xcomargs.py took 0.043 seconds
[2025-04-05T11:32:00.800+0000] {processor.py:186} INFO - Started process (PID=119) to work on /home/airflow/.local/lib/python3.12/site-packages/airflow/example_dags/example_xcomargs.py
[2025-04-05T11:32:00.801+0000] {processor.py:914} INFO - Processing file /home/airflow/.local/lib/python3.12/site-packages/airflow/example_dags/example_xcomargs.py for tasks to queue
[2025-04-05T11:32:00.803+0000] {logging_mixin.py:190} INFO - [2025-04-05T11:32:00.802+0000] {dagbag.py:588} INFO - Filling up the DagBag from /home/airflow/.local/lib/python3.12/site-packages/airflow/example_dags/example_xcomargs.py
[2025-04-05T11:32:00.810+0000] {processor.py:925} INFO - DAG(s) 'example_xcom_args_with_operators', 'example_xcom_args' retrieved from /home/airflow/.local/lib/python3.12/site-packages/airflow/example_dags/example_xcomargs.py
[2025-04-05T11:32:00.825+0000] {logging_mixin.py:190} INFO - [2025-04-05T11:32:00.825+0000] {dag.py:3239} INFO - Sync 2 DAGs
[2025-04-05T11:32:00.841+0000] {logging_mixin.py:190} INFO - [2025-04-05T11:32:00.840+0000] {dag.py:4180} INFO - Setting next_dagrun for example_xcom_args to None, run_after=None
[2025-04-05T11:32:00.847+0000] {logging_mixin.py:190} INFO - [2025-04-05T11:32:00.847+0000] {dag.py:4180} INFO - Setting next_dagrun for example_xcom_args_with_operators to None, run_after=None
[2025-04-05T11:32:00.859+0000] {processor.py:208} INFO - Processing /home/airflow/.local/lib/python3.12/site-packages/airflow/example_dags/example_xcomargs.py took 0.062 seconds
[2025-04-05T11:32:31.341+0000] {processor.py:186} INFO - Started process (PID=182) to work on /home/airflow/.local/lib/python3.12/site-packages/airflow/example_dags/example_xcomargs.py
[2025-04-05T11:32:31.342+0000] {processor.py:914} INFO - Processing file /home/airflow/.local/lib/python3.12/site-packages/airflow/example_dags/example_xcomargs.py for tasks to queue
[2025-04-05T11:32:31.344+0000] {logging_mixin.py:190} INFO - [2025-04-05T11:32:31.343+0000] {dagbag.py:588} INFO - Filling up the DagBag from /home/airflow/.local/lib/python3.12/site-packages/airflow/example_dags/example_xcomargs.py
[2025-04-05T11:32:31.349+0000] {processor.py:925} INFO - DAG(s) 'example_xcom_args', 'example_xcom_args_with_operators' retrieved from /home/airflow/.local/lib/python3.12/site-packages/airflow/example_dags/example_xcomargs.py
[2025-04-05T11:32:31.360+0000] {logging_mixin.py:190} INFO - [2025-04-05T11:32:31.360+0000] {dag.py:3239} INFO - Sync 2 DAGs
[2025-04-05T11:32:31.366+0000] {logging_mixin.py:190} INFO - [2025-04-05T11:32:31.366+0000] {dag.py:4180} INFO - Setting next_dagrun for example_xcom_args to None, run_after=None
[2025-04-05T11:32:31.368+0000] {logging_mixin.py:190} INFO - [2025-04-05T11:32:31.368+0000] {dag.py:4180} INFO - Setting next_dagrun for example_xcom_args_with_operators to None, run_after=None
[2025-04-05T11:32:31.374+0000] {processor.py:208} INFO - Processing /home/airflow/.local/lib/python3.12/site-packages/airflow/example_dags/example_xcomargs.py took 0.039 seconds
[2025-04-05T11:39:09.649+0000] {processor.py:186} INFO - Started process (PID=124) to work on /home/airflow/.local/lib/python3.12/site-packages/airflow/example_dags/example_xcomargs.py
[2025-04-05T11:39:09.650+0000] {processor.py:914} INFO - Processing file /home/airflow/.local/lib/python3.12/site-packages/airflow/example_dags/example_xcomargs.py for tasks to queue
[2025-04-05T11:39:09.653+0000] {logging_mixin.py:190} INFO - [2025-04-05T11:39:09.653+0000] {dagbag.py:588} INFO - Filling up the DagBag from /home/airflow/.local/lib/python3.12/site-packages/airflow/example_dags/example_xcomargs.py
[2025-04-05T11:39:09.660+0000] {processor.py:925} INFO - DAG(s) 'example_xcom_args', 'example_xcom_args_with_operators' retrieved from /home/airflow/.local/lib/python3.12/site-packages/airflow/example_dags/example_xcomargs.py
[2025-04-05T11:39:09.673+0000] {logging_mixin.py:190} INFO - [2025-04-05T11:39:09.673+0000] {dag.py:3239} INFO - Sync 2 DAGs
[2025-04-05T11:39:09.681+0000] {logging_mixin.py:190} INFO - [2025-04-05T11:39:09.681+0000] {dag.py:4180} INFO - Setting next_dagrun for example_xcom_args to None, run_after=None
[2025-04-05T11:39:09.683+0000] {logging_mixin.py:190} INFO - [2025-04-05T11:39:09.683+0000] {dag.py:4180} INFO - Setting next_dagrun for example_xcom_args_with_operators to None, run_after=None
[2025-04-05T11:39:09.690+0000] {processor.py:208} INFO - Processing /home/airflow/.local/lib/python3.12/site-packages/airflow/example_dags/example_xcomargs.py took 0.045 seconds
[2025-04-05T11:39:40.915+0000] {processor.py:186} INFO - Started process (PID=188) to work on /home/airflow/.local/lib/python3.12/site-packages/airflow/example_dags/example_xcomargs.py
[2025-04-05T11:39:40.916+0000] {processor.py:914} INFO - Processing file /home/airflow/.local/lib/python3.12/site-packages/airflow/example_dags/example_xcomargs.py for tasks to queue
[2025-04-05T11:39:40.917+0000] {logging_mixin.py:190} INFO - [2025-04-05T11:39:40.917+0000] {dagbag.py:588} INFO - Filling up the DagBag from /home/airflow/.local/lib/python3.12/site-packages/airflow/example_dags/example_xcomargs.py
[2025-04-05T11:39:40.923+0000] {processor.py:925} INFO - DAG(s) 'example_xcom_args', 'example_xcom_args_with_operators' retrieved from /home/airflow/.local/lib/python3.12/site-packages/airflow/example_dags/example_xcomargs.py
[2025-04-05T11:39:40.945+0000] {logging_mixin.py:190} INFO - [2025-04-05T11:39:40.945+0000] {dag.py:3239} INFO - Sync 2 DAGs
[2025-04-05T11:39:40.953+0000] {logging_mixin.py:190} INFO - [2025-04-05T11:39:40.953+0000] {dag.py:4180} INFO - Setting next_dagrun for example_xcom_args to None, run_after=None
[2025-04-05T11:39:40.955+0000] {logging_mixin.py:190} INFO - [2025-04-05T11:39:40.955+0000] {dag.py:4180} INFO - Setting next_dagrun for example_xcom_args_with_operators to None, run_after=None
[2025-04-05T11:39:40.966+0000] {processor.py:208} INFO - Processing /home/airflow/.local/lib/python3.12/site-packages/airflow/example_dags/example_xcomargs.py took 0.053 seconds
[2025-04-05T11:40:12.013+0000] {processor.py:186} INFO - Started process (PID=251) to work on /home/airflow/.local/lib/python3.12/site-packages/airflow/example_dags/example_xcomargs.py
[2025-04-05T11:40:12.014+0000] {processor.py:914} INFO - Processing file /home/airflow/.local/lib/python3.12/site-packages/airflow/example_dags/example_xcomargs.py for tasks to queue
[2025-04-05T11:40:12.017+0000] {logging_mixin.py:190} INFO - [2025-04-05T11:40:12.017+0000] {dagbag.py:588} INFO - Filling up the DagBag from /home/airflow/.local/lib/python3.12/site-packages/airflow/example_dags/example_xcomargs.py
[2025-04-05T11:40:12.026+0000] {processor.py:925} INFO - DAG(s) 'example_xcom_args', 'example_xcom_args_with_operators' retrieved from /home/airflow/.local/lib/python3.12/site-packages/airflow/example_dags/example_xcomargs.py
[2025-04-05T11:40:12.041+0000] {logging_mixin.py:190} INFO - [2025-04-05T11:40:12.041+0000] {dag.py:3239} INFO - Sync 2 DAGs
[2025-04-05T11:40:12.049+0000] {logging_mixin.py:190} INFO - [2025-04-05T11:40:12.049+0000] {dag.py:4180} INFO - Setting next_dagrun for example_xcom_args to None, run_after=None
[2025-04-05T11:40:12.052+0000] {logging_mixin.py:190} INFO - [2025-04-05T11:40:12.052+0000] {dag.py:4180} INFO - Setting next_dagrun for example_xcom_args_with_operators to None, run_after=None
[2025-04-05T11:40:12.063+0000] {processor.py:208} INFO - Processing /home/airflow/.local/lib/python3.12/site-packages/airflow/example_dags/example_xcomargs.py took 0.056 seconds
[2025-04-05T11:40:42.448+0000] {processor.py:186} INFO - Started process (PID=314) to work on /home/airflow/.local/lib/python3.12/site-packages/airflow/example_dags/example_xcomargs.py
[2025-04-05T11:40:42.452+0000] {processor.py:914} INFO - Processing file /home/airflow/.local/lib/python3.12/site-packages/airflow/example_dags/example_xcomargs.py for tasks to queue
[2025-04-05T11:40:42.454+0000] {logging_mixin.py:190} INFO - [2025-04-05T11:40:42.453+0000] {dagbag.py:588} INFO - Filling up the DagBag from /home/airflow/.local/lib/python3.12/site-packages/airflow/example_dags/example_xcomargs.py
[2025-04-05T11:40:42.460+0000] {processor.py:925} INFO - DAG(s) 'example_xcom_args_with_operators', 'example_xcom_args' retrieved from /home/airflow/.local/lib/python3.12/site-packages/airflow/example_dags/example_xcomargs.py
[2025-04-05T11:40:42.473+0000] {logging_mixin.py:190} INFO - [2025-04-05T11:40:42.473+0000] {dag.py:3239} INFO - Sync 2 DAGs
[2025-04-05T11:40:42.482+0000] {logging_mixin.py:190} INFO - [2025-04-05T11:40:42.482+0000] {dag.py:4180} INFO - Setting next_dagrun for example_xcom_args to None, run_after=None
[2025-04-05T11:40:42.484+0000] {logging_mixin.py:190} INFO - [2025-04-05T11:40:42.484+0000] {dag.py:4180} INFO - Setting next_dagrun for example_xcom_args_with_operators to None, run_after=None
[2025-04-05T11:40:42.490+0000] {processor.py:208} INFO - Processing /home/airflow/.local/lib/python3.12/site-packages/airflow/example_dags/example_xcomargs.py took 0.046 seconds
[2025-04-05T11:41:13.414+0000] {processor.py:186} INFO - Started process (PID=377) to work on /home/airflow/.local/lib/python3.12/site-packages/airflow/example_dags/example_xcomargs.py
[2025-04-05T11:41:13.417+0000] {processor.py:914} INFO - Processing file /home/airflow/.local/lib/python3.12/site-packages/airflow/example_dags/example_xcomargs.py for tasks to queue
[2025-04-05T11:41:13.420+0000] {logging_mixin.py:190} INFO - [2025-04-05T11:41:13.420+0000] {dagbag.py:588} INFO - Filling up the DagBag from /home/airflow/.local/lib/python3.12/site-packages/airflow/example_dags/example_xcomargs.py
[2025-04-05T11:41:13.433+0000] {processor.py:925} INFO - DAG(s) 'example_xcom_args_with_operators', 'example_xcom_args' retrieved from /home/airflow/.local/lib/python3.12/site-packages/airflow/example_dags/example_xcomargs.py
[2025-04-05T11:41:13.450+0000] {logging_mixin.py:190} INFO - [2025-04-05T11:41:13.450+0000] {dag.py:3239} INFO - Sync 2 DAGs
[2025-04-05T11:41:13.458+0000] {logging_mixin.py:190} INFO - [2025-04-05T11:41:13.458+0000] {dag.py:4180} INFO - Setting next_dagrun for example_xcom_args to None, run_after=None
[2025-04-05T11:41:13.460+0000] {logging_mixin.py:190} INFO - [2025-04-05T11:41:13.460+0000] {dag.py:4180} INFO - Setting next_dagrun for example_xcom_args_with_operators to None, run_after=None
[2025-04-05T11:41:13.470+0000] {processor.py:208} INFO - Processing /home/airflow/.local/lib/python3.12/site-packages/airflow/example_dags/example_xcomargs.py took 0.060 seconds
[2025-04-05T11:41:44.280+0000] {processor.py:186} INFO - Started process (PID=440) to work on /home/airflow/.local/lib/python3.12/site-packages/airflow/example_dags/example_xcomargs.py
[2025-04-05T11:41:44.283+0000] {processor.py:914} INFO - Processing file /home/airflow/.local/lib/python3.12/site-packages/airflow/example_dags/example_xcomargs.py for tasks to queue
[2025-04-05T11:41:44.285+0000] {logging_mixin.py:190} INFO - [2025-04-05T11:41:44.285+0000] {dagbag.py:588} INFO - Filling up the DagBag from /home/airflow/.local/lib/python3.12/site-packages/airflow/example_dags/example_xcomargs.py
[2025-04-05T11:41:44.294+0000] {processor.py:925} INFO - DAG(s) 'example_xcom_args_with_operators', 'example_xcom_args' retrieved from /home/airflow/.local/lib/python3.12/site-packages/airflow/example_dags/example_xcomargs.py
[2025-04-05T11:41:44.312+0000] {logging_mixin.py:190} INFO - [2025-04-05T11:41:44.311+0000] {dag.py:3239} INFO - Sync 2 DAGs
[2025-04-05T11:41:44.321+0000] {logging_mixin.py:190} INFO - [2025-04-05T11:41:44.321+0000] {dag.py:4180} INFO - Setting next_dagrun for example_xcom_args to None, run_after=None
[2025-04-05T11:41:44.323+0000] {logging_mixin.py:190} INFO - [2025-04-05T11:41:44.323+0000] {dag.py:4180} INFO - Setting next_dagrun for example_xcom_args_with_operators to None, run_after=None
[2025-04-05T11:41:44.330+0000] {processor.py:208} INFO - Processing /home/airflow/.local/lib/python3.12/site-packages/airflow/example_dags/example_xcomargs.py took 0.053 seconds
[2025-04-05T11:42:15.089+0000] {processor.py:186} INFO - Started process (PID=503) to work on /home/airflow/.local/lib/python3.12/site-packages/airflow/example_dags/example_xcomargs.py
[2025-04-05T11:42:15.090+0000] {processor.py:914} INFO - Processing file /home/airflow/.local/lib/python3.12/site-packages/airflow/example_dags/example_xcomargs.py for tasks to queue
[2025-04-05T11:42:15.093+0000] {logging_mixin.py:190} INFO - [2025-04-05T11:42:15.092+0000] {dagbag.py:588} INFO - Filling up the DagBag from /home/airflow/.local/lib/python3.12/site-packages/airflow/example_dags/example_xcomargs.py
[2025-04-05T11:42:15.104+0000] {processor.py:925} INFO - DAG(s) 'example_xcom_args_with_operators', 'example_xcom_args' retrieved from /home/airflow/.local/lib/python3.12/site-packages/airflow/example_dags/example_xcomargs.py
[2025-04-05T11:42:15.126+0000] {logging_mixin.py:190} INFO - [2025-04-05T11:42:15.126+0000] {dag.py:3239} INFO - Sync 2 DAGs
[2025-04-05T11:42:15.134+0000] {logging_mixin.py:190} INFO - [2025-04-05T11:42:15.134+0000] {dag.py:4180} INFO - Setting next_dagrun for example_xcom_args to None, run_after=None
[2025-04-05T11:42:15.137+0000] {logging_mixin.py:190} INFO - [2025-04-05T11:42:15.136+0000] {dag.py:4180} INFO - Setting next_dagrun for example_xcom_args_with_operators to None, run_after=None
[2025-04-05T11:42:15.146+0000] {processor.py:208} INFO - Processing /home/airflow/.local/lib/python3.12/site-packages/airflow/example_dags/example_xcomargs.py took 0.064 seconds
[2025-04-05T11:42:45.532+0000] {processor.py:186} INFO - Started process (PID=565) to work on /home/airflow/.local/lib/python3.12/site-packages/airflow/example_dags/example_xcomargs.py
[2025-04-05T11:42:45.537+0000] {processor.py:914} INFO - Processing file /home/airflow/.local/lib/python3.12/site-packages/airflow/example_dags/example_xcomargs.py for tasks to queue
[2025-04-05T11:42:45.539+0000] {logging_mixin.py:190} INFO - [2025-04-05T11:42:45.539+0000] {dagbag.py:588} INFO - Filling up the DagBag from /home/airflow/.local/lib/python3.12/site-packages/airflow/example_dags/example_xcomargs.py
[2025-04-05T11:42:45.545+0000] {processor.py:925} INFO - DAG(s) 'example_xcom_args_with_operators', 'example_xcom_args' retrieved from /home/airflow/.local/lib/python3.12/site-packages/airflow/example_dags/example_xcomargs.py
[2025-04-05T11:42:45.564+0000] {logging_mixin.py:190} INFO - [2025-04-05T11:42:45.563+0000] {dag.py:3239} INFO - Sync 2 DAGs
[2025-04-05T11:42:45.572+0000] {logging_mixin.py:190} INFO - [2025-04-05T11:42:45.572+0000] {dag.py:4180} INFO - Setting next_dagrun for example_xcom_args to None, run_after=None
[2025-04-05T11:42:45.580+0000] {logging_mixin.py:190} INFO - [2025-04-05T11:42:45.580+0000] {dag.py:4180} INFO - Setting next_dagrun for example_xcom_args_with_operators to None, run_after=None
[2025-04-05T11:42:45.589+0000] {processor.py:208} INFO - Processing /home/airflow/.local/lib/python3.12/site-packages/airflow/example_dags/example_xcomargs.py took 0.067 seconds
[2025-04-05T11:44:54.084+0000] {processor.py:186} INFO - Started process (PID=118) to work on /home/airflow/.local/lib/python3.12/site-packages/airflow/example_dags/example_xcomargs.py
[2025-04-05T11:44:54.089+0000] {processor.py:914} INFO - Processing file /home/airflow/.local/lib/python3.12/site-packages/airflow/example_dags/example_xcomargs.py for tasks to queue
[2025-04-05T11:44:54.091+0000] {logging_mixin.py:190} INFO - [2025-04-05T11:44:54.091+0000] {dagbag.py:588} INFO - Filling up the DagBag from /home/airflow/.local/lib/python3.12/site-packages/airflow/example_dags/example_xcomargs.py
[2025-04-05T11:44:54.100+0000] {processor.py:925} INFO - DAG(s) 'example_xcom_args', 'example_xcom_args_with_operators' retrieved from /home/airflow/.local/lib/python3.12/site-packages/airflow/example_dags/example_xcomargs.py
[2025-04-05T11:44:54.119+0000] {logging_mixin.py:190} INFO - [2025-04-05T11:44:54.118+0000] {dag.py:3239} INFO - Sync 2 DAGs
[2025-04-05T11:44:54.147+0000] {logging_mixin.py:190} INFO - [2025-04-05T11:44:54.146+0000] {dag.py:4180} INFO - Setting next_dagrun for example_xcom_args to None, run_after=None
[2025-04-05T11:44:54.154+0000] {logging_mixin.py:190} INFO - [2025-04-05T11:44:54.154+0000] {dag.py:4180} INFO - Setting next_dagrun for example_xcom_args_with_operators to None, run_after=None
[2025-04-05T11:44:54.436+0000] {processor.py:208} INFO - Processing /home/airflow/.local/lib/python3.12/site-packages/airflow/example_dags/example_xcomargs.py took 0.354 seconds
[2025-04-05T11:45:25.419+0000] {processor.py:186} INFO - Started process (PID=182) to work on /home/airflow/.local/lib/python3.12/site-packages/airflow/example_dags/example_xcomargs.py
[2025-04-05T11:45:25.420+0000] {processor.py:914} INFO - Processing file /home/airflow/.local/lib/python3.12/site-packages/airflow/example_dags/example_xcomargs.py for tasks to queue
[2025-04-05T11:45:25.423+0000] {logging_mixin.py:190} INFO - [2025-04-05T11:45:25.422+0000] {dagbag.py:588} INFO - Filling up the DagBag from /home/airflow/.local/lib/python3.12/site-packages/airflow/example_dags/example_xcomargs.py
[2025-04-05T11:45:25.431+0000] {processor.py:925} INFO - DAG(s) 'example_xcom_args', 'example_xcom_args_with_operators' retrieved from /home/airflow/.local/lib/python3.12/site-packages/airflow/example_dags/example_xcomargs.py
[2025-04-05T11:45:25.447+0000] {logging_mixin.py:190} INFO - [2025-04-05T11:45:25.447+0000] {dag.py:3239} INFO - Sync 2 DAGs
[2025-04-05T11:45:25.456+0000] {logging_mixin.py:190} INFO - [2025-04-05T11:45:25.456+0000] {dag.py:4180} INFO - Setting next_dagrun for example_xcom_args to None, run_after=None
[2025-04-05T11:45:25.458+0000] {logging_mixin.py:190} INFO - [2025-04-05T11:45:25.458+0000] {dag.py:4180} INFO - Setting next_dagrun for example_xcom_args_with_operators to None, run_after=None
[2025-04-05T11:45:25.465+0000] {processor.py:208} INFO - Processing /home/airflow/.local/lib/python3.12/site-packages/airflow/example_dags/example_xcomargs.py took 0.051 seconds
[2025-04-05T11:45:56.271+0000] {processor.py:186} INFO - Started process (PID=246) to work on /home/airflow/.local/lib/python3.12/site-packages/airflow/example_dags/example_xcomargs.py
[2025-04-05T11:45:56.272+0000] {processor.py:914} INFO - Processing file /home/airflow/.local/lib/python3.12/site-packages/airflow/example_dags/example_xcomargs.py for tasks to queue
[2025-04-05T11:45:56.273+0000] {logging_mixin.py:190} INFO - [2025-04-05T11:45:56.273+0000] {dagbag.py:588} INFO - Filling up the DagBag from /home/airflow/.local/lib/python3.12/site-packages/airflow/example_dags/example_xcomargs.py
[2025-04-05T11:45:56.279+0000] {processor.py:925} INFO - DAG(s) 'example_xcom_args', 'example_xcom_args_with_operators' retrieved from /home/airflow/.local/lib/python3.12/site-packages/airflow/example_dags/example_xcomargs.py
[2025-04-05T11:45:56.292+0000] {logging_mixin.py:190} INFO - [2025-04-05T11:45:56.292+0000] {dag.py:3239} INFO - Sync 2 DAGs
[2025-04-05T11:45:56.300+0000] {logging_mixin.py:190} INFO - [2025-04-05T11:45:56.300+0000] {dag.py:4180} INFO - Setting next_dagrun for example_xcom_args to None, run_after=None
[2025-04-05T11:45:56.302+0000] {logging_mixin.py:190} INFO - [2025-04-05T11:45:56.302+0000] {dag.py:4180} INFO - Setting next_dagrun for example_xcom_args_with_operators to None, run_after=None
[2025-04-05T11:45:56.310+0000] {processor.py:208} INFO - Processing /home/airflow/.local/lib/python3.12/site-packages/airflow/example_dags/example_xcomargs.py took 0.043 seconds
[2025-04-05T11:46:27.328+0000] {processor.py:186} INFO - Started process (PID=310) to work on /home/airflow/.local/lib/python3.12/site-packages/airflow/example_dags/example_xcomargs.py
[2025-04-05T11:46:27.329+0000] {processor.py:914} INFO - Processing file /home/airflow/.local/lib/python3.12/site-packages/airflow/example_dags/example_xcomargs.py for tasks to queue
[2025-04-05T11:46:27.336+0000] {logging_mixin.py:190} INFO - [2025-04-05T11:46:27.333+0000] {dagbag.py:588} INFO - Filling up the DagBag from /home/airflow/.local/lib/python3.12/site-packages/airflow/example_dags/example_xcomargs.py
[2025-04-05T11:46:27.351+0000] {processor.py:925} INFO - DAG(s) 'example_xcom_args_with_operators', 'example_xcom_args' retrieved from /home/airflow/.local/lib/python3.12/site-packages/airflow/example_dags/example_xcomargs.py
[2025-04-05T11:46:27.381+0000] {logging_mixin.py:190} INFO - [2025-04-05T11:46:27.381+0000] {dag.py:3239} INFO - Sync 2 DAGs
[2025-04-05T11:46:27.393+0000] {logging_mixin.py:190} INFO - [2025-04-05T11:46:27.393+0000] {dag.py:4180} INFO - Setting next_dagrun for example_xcom_args to None, run_after=None
[2025-04-05T11:46:27.395+0000] {logging_mixin.py:190} INFO - [2025-04-05T11:46:27.395+0000] {dag.py:4180} INFO - Setting next_dagrun for example_xcom_args_with_operators to None, run_after=None
[2025-04-05T11:46:27.408+0000] {processor.py:208} INFO - Processing /home/airflow/.local/lib/python3.12/site-packages/airflow/example_dags/example_xcomargs.py took 0.087 seconds
[2025-04-05T11:46:57.565+0000] {processor.py:186} INFO - Started process (PID=373) to work on /home/airflow/.local/lib/python3.12/site-packages/airflow/example_dags/example_xcomargs.py
[2025-04-05T11:46:57.566+0000] {processor.py:914} INFO - Processing file /home/airflow/.local/lib/python3.12/site-packages/airflow/example_dags/example_xcomargs.py for tasks to queue
[2025-04-05T11:46:57.568+0000] {logging_mixin.py:190} INFO - [2025-04-05T11:46:57.568+0000] {dagbag.py:588} INFO - Filling up the DagBag from /home/airflow/.local/lib/python3.12/site-packages/airflow/example_dags/example_xcomargs.py
[2025-04-05T11:46:57.573+0000] {processor.py:925} INFO - DAG(s) 'example_xcom_args', 'example_xcom_args_with_operators' retrieved from /home/airflow/.local/lib/python3.12/site-packages/airflow/example_dags/example_xcomargs.py
[2025-04-05T11:46:57.588+0000] {logging_mixin.py:190} INFO - [2025-04-05T11:46:57.588+0000] {dag.py:3239} INFO - Sync 2 DAGs
[2025-04-05T11:46:57.595+0000] {logging_mixin.py:190} INFO - [2025-04-05T11:46:57.595+0000] {dag.py:4180} INFO - Setting next_dagrun for example_xcom_args to None, run_after=None
[2025-04-05T11:46:57.598+0000] {logging_mixin.py:190} INFO - [2025-04-05T11:46:57.598+0000] {dag.py:4180} INFO - Setting next_dagrun for example_xcom_args_with_operators to None, run_after=None
[2025-04-05T11:46:57.608+0000] {processor.py:208} INFO - Processing /home/airflow/.local/lib/python3.12/site-packages/airflow/example_dags/example_xcomargs.py took 0.046 seconds
[2025-04-05T11:47:28.783+0000] {processor.py:186} INFO - Started process (PID=437) to work on /home/airflow/.local/lib/python3.12/site-packages/airflow/example_dags/example_xcomargs.py
[2025-04-05T11:47:28.785+0000] {processor.py:914} INFO - Processing file /home/airflow/.local/lib/python3.12/site-packages/airflow/example_dags/example_xcomargs.py for tasks to queue
[2025-04-05T11:47:28.786+0000] {logging_mixin.py:190} INFO - [2025-04-05T11:47:28.786+0000] {dagbag.py:588} INFO - Filling up the DagBag from /home/airflow/.local/lib/python3.12/site-packages/airflow/example_dags/example_xcomargs.py
[2025-04-05T11:47:28.794+0000] {processor.py:925} INFO - DAG(s) 'example_xcom_args', 'example_xcom_args_with_operators' retrieved from /home/airflow/.local/lib/python3.12/site-packages/airflow/example_dags/example_xcomargs.py
[2025-04-05T11:47:28.812+0000] {logging_mixin.py:190} INFO - [2025-04-05T11:47:28.812+0000] {dag.py:3239} INFO - Sync 2 DAGs
[2025-04-05T11:47:28.836+0000] {logging_mixin.py:190} INFO - [2025-04-05T11:47:28.836+0000] {dag.py:4180} INFO - Setting next_dagrun for example_xcom_args to None, run_after=None
[2025-04-05T11:47:28.839+0000] {logging_mixin.py:190} INFO - [2025-04-05T11:47:28.839+0000] {dag.py:4180} INFO - Setting next_dagrun for example_xcom_args_with_operators to None, run_after=None
[2025-04-05T11:47:28.854+0000] {processor.py:208} INFO - Processing /home/airflow/.local/lib/python3.12/site-packages/airflow/example_dags/example_xcomargs.py took 0.077 seconds
[2025-04-05T11:50:11.884+0000] {processor.py:186} INFO - Started process (PID=126) to work on /home/airflow/.local/lib/python3.12/site-packages/airflow/example_dags/example_xcomargs.py
[2025-04-05T11:50:11.885+0000] {processor.py:914} INFO - Processing file /home/airflow/.local/lib/python3.12/site-packages/airflow/example_dags/example_xcomargs.py for tasks to queue
[2025-04-05T11:50:11.887+0000] {logging_mixin.py:190} INFO - [2025-04-05T11:50:11.887+0000] {dagbag.py:588} INFO - Filling up the DagBag from /home/airflow/.local/lib/python3.12/site-packages/airflow/example_dags/example_xcomargs.py
[2025-04-05T11:50:11.894+0000] {processor.py:925} INFO - DAG(s) 'example_xcom_args_with_operators', 'example_xcom_args' retrieved from /home/airflow/.local/lib/python3.12/site-packages/airflow/example_dags/example_xcomargs.py
[2025-04-05T11:50:11.913+0000] {logging_mixin.py:190} INFO - [2025-04-05T11:50:11.913+0000] {dag.py:3239} INFO - Sync 2 DAGs
[2025-04-05T11:50:11.922+0000] {logging_mixin.py:190} INFO - [2025-04-05T11:50:11.922+0000] {dag.py:4180} INFO - Setting next_dagrun for example_xcom_args to None, run_after=None
[2025-04-05T11:50:11.926+0000] {logging_mixin.py:190} INFO - [2025-04-05T11:50:11.926+0000] {dag.py:4180} INFO - Setting next_dagrun for example_xcom_args_with_operators to None, run_after=None
[2025-04-05T11:50:11.953+0000] {processor.py:208} INFO - Processing /home/airflow/.local/lib/python3.12/site-packages/airflow/example_dags/example_xcomargs.py took 0.074 seconds
[2025-04-05T11:50:42.360+0000] {processor.py:186} INFO - Started process (PID=190) to work on /home/airflow/.local/lib/python3.12/site-packages/airflow/example_dags/example_xcomargs.py
[2025-04-05T11:50:42.361+0000] {processor.py:914} INFO - Processing file /home/airflow/.local/lib/python3.12/site-packages/airflow/example_dags/example_xcomargs.py for tasks to queue
[2025-04-05T11:50:42.363+0000] {logging_mixin.py:190} INFO - [2025-04-05T11:50:42.363+0000] {dagbag.py:588} INFO - Filling up the DagBag from /home/airflow/.local/lib/python3.12/site-packages/airflow/example_dags/example_xcomargs.py
[2025-04-05T11:50:42.369+0000] {processor.py:925} INFO - DAG(s) 'example_xcom_args_with_operators', 'example_xcom_args' retrieved from /home/airflow/.local/lib/python3.12/site-packages/airflow/example_dags/example_xcomargs.py
[2025-04-05T11:50:42.390+0000] {logging_mixin.py:190} INFO - [2025-04-05T11:50:42.389+0000] {dag.py:3239} INFO - Sync 2 DAGs
[2025-04-05T11:50:42.397+0000] {logging_mixin.py:190} INFO - [2025-04-05T11:50:42.397+0000] {dag.py:4180} INFO - Setting next_dagrun for example_xcom_args to None, run_after=None
[2025-04-05T11:50:42.400+0000] {logging_mixin.py:190} INFO - [2025-04-05T11:50:42.400+0000] {dag.py:4180} INFO - Setting next_dagrun for example_xcom_args_with_operators to None, run_after=None
[2025-04-05T11:50:42.413+0000] {processor.py:208} INFO - Processing /home/airflow/.local/lib/python3.12/site-packages/airflow/example_dags/example_xcomargs.py took 0.056 seconds
[2025-04-05T11:51:12.850+0000] {processor.py:186} INFO - Started process (PID=254) to work on /home/airflow/.local/lib/python3.12/site-packages/airflow/example_dags/example_xcomargs.py
[2025-04-05T11:51:12.852+0000] {processor.py:914} INFO - Processing file /home/airflow/.local/lib/python3.12/site-packages/airflow/example_dags/example_xcomargs.py for tasks to queue
[2025-04-05T11:51:12.853+0000] {logging_mixin.py:190} INFO - [2025-04-05T11:51:12.853+0000] {dagbag.py:588} INFO - Filling up the DagBag from /home/airflow/.local/lib/python3.12/site-packages/airflow/example_dags/example_xcomargs.py
[2025-04-05T11:51:12.860+0000] {processor.py:925} INFO - DAG(s) 'example_xcom_args_with_operators', 'example_xcom_args' retrieved from /home/airflow/.local/lib/python3.12/site-packages/airflow/example_dags/example_xcomargs.py
[2025-04-05T11:51:12.878+0000] {logging_mixin.py:190} INFO - [2025-04-05T11:51:12.878+0000] {dag.py:3239} INFO - Sync 2 DAGs
[2025-04-05T11:51:12.885+0000] {logging_mixin.py:190} INFO - [2025-04-05T11:51:12.885+0000] {dag.py:4180} INFO - Setting next_dagrun for example_xcom_args to None, run_after=None
[2025-04-05T11:51:12.886+0000] {logging_mixin.py:190} INFO - [2025-04-05T11:51:12.886+0000] {dag.py:4180} INFO - Setting next_dagrun for example_xcom_args_with_operators to None, run_after=None
[2025-04-05T11:51:12.893+0000] {processor.py:208} INFO - Processing /home/airflow/.local/lib/python3.12/site-packages/airflow/example_dags/example_xcomargs.py took 0.047 seconds
[2025-04-05T11:51:43.047+0000] {processor.py:186} INFO - Started process (PID=318) to work on /home/airflow/.local/lib/python3.12/site-packages/airflow/example_dags/example_xcomargs.py
[2025-04-05T11:51:43.048+0000] {processor.py:914} INFO - Processing file /home/airflow/.local/lib/python3.12/site-packages/airflow/example_dags/example_xcomargs.py for tasks to queue
[2025-04-05T11:51:43.051+0000] {logging_mixin.py:190} INFO - [2025-04-05T11:51:43.050+0000] {dagbag.py:588} INFO - Filling up the DagBag from /home/airflow/.local/lib/python3.12/site-packages/airflow/example_dags/example_xcomargs.py
[2025-04-05T11:51:43.056+0000] {processor.py:925} INFO - DAG(s) 'example_xcom_args', 'example_xcom_args_with_operators' retrieved from /home/airflow/.local/lib/python3.12/site-packages/airflow/example_dags/example_xcomargs.py
[2025-04-05T11:51:43.075+0000] {logging_mixin.py:190} INFO - [2025-04-05T11:51:43.075+0000] {dag.py:3239} INFO - Sync 2 DAGs
[2025-04-05T11:51:43.082+0000] {logging_mixin.py:190} INFO - [2025-04-05T11:51:43.082+0000] {dag.py:4180} INFO - Setting next_dagrun for example_xcom_args to None, run_after=None
[2025-04-05T11:51:43.084+0000] {logging_mixin.py:190} INFO - [2025-04-05T11:51:43.084+0000] {dag.py:4180} INFO - Setting next_dagrun for example_xcom_args_with_operators to None, run_after=None
[2025-04-05T11:51:43.091+0000] {processor.py:208} INFO - Processing /home/airflow/.local/lib/python3.12/site-packages/airflow/example_dags/example_xcomargs.py took 0.047 seconds
[2025-04-05T11:52:13.361+0000] {processor.py:186} INFO - Started process (PID=382) to work on /home/airflow/.local/lib/python3.12/site-packages/airflow/example_dags/example_xcomargs.py
[2025-04-05T11:52:13.362+0000] {processor.py:914} INFO - Processing file /home/airflow/.local/lib/python3.12/site-packages/airflow/example_dags/example_xcomargs.py for tasks to queue
[2025-04-05T11:52:13.365+0000] {logging_mixin.py:190} INFO - [2025-04-05T11:52:13.364+0000] {dagbag.py:588} INFO - Filling up the DagBag from /home/airflow/.local/lib/python3.12/site-packages/airflow/example_dags/example_xcomargs.py
[2025-04-05T11:52:13.371+0000] {processor.py:925} INFO - DAG(s) 'example_xcom_args', 'example_xcom_args_with_operators' retrieved from /home/airflow/.local/lib/python3.12/site-packages/airflow/example_dags/example_xcomargs.py
[2025-04-05T11:52:13.388+0000] {logging_mixin.py:190} INFO - [2025-04-05T11:52:13.388+0000] {dag.py:3239} INFO - Sync 2 DAGs
[2025-04-05T11:52:13.399+0000] {logging_mixin.py:190} INFO - [2025-04-05T11:52:13.399+0000] {dag.py:4180} INFO - Setting next_dagrun for example_xcom_args to None, run_after=None
[2025-04-05T11:52:13.405+0000] {logging_mixin.py:190} INFO - [2025-04-05T11:52:13.405+0000] {dag.py:4180} INFO - Setting next_dagrun for example_xcom_args_with_operators to None, run_after=None
[2025-04-05T11:52:13.450+0000] {processor.py:208} INFO - Processing /home/airflow/.local/lib/python3.12/site-packages/airflow/example_dags/example_xcomargs.py took 0.093 seconds
[2025-04-05T12:07:24.010+0000] {processor.py:186} INFO - Started process (PID=119) to work on /home/airflow/.local/lib/python3.12/site-packages/airflow/example_dags/example_xcomargs.py
[2025-04-05T12:07:24.013+0000] {processor.py:914} INFO - Processing file /home/airflow/.local/lib/python3.12/site-packages/airflow/example_dags/example_xcomargs.py for tasks to queue
[2025-04-05T12:07:24.018+0000] {logging_mixin.py:190} INFO - [2025-04-05T12:07:24.018+0000] {dagbag.py:588} INFO - Filling up the DagBag from /home/airflow/.local/lib/python3.12/site-packages/airflow/example_dags/example_xcomargs.py
[2025-04-05T12:07:24.031+0000] {processor.py:925} INFO - DAG(s) 'example_xcom_args_with_operators', 'example_xcom_args' retrieved from /home/airflow/.local/lib/python3.12/site-packages/airflow/example_dags/example_xcomargs.py
[2025-04-05T12:07:24.049+0000] {logging_mixin.py:190} INFO - [2025-04-05T12:07:24.049+0000] {dag.py:3239} INFO - Sync 2 DAGs
[2025-04-05T12:07:24.058+0000] {logging_mixin.py:190} INFO - [2025-04-05T12:07:24.058+0000] {dag.py:4180} INFO - Setting next_dagrun for example_xcom_args to None, run_after=None
[2025-04-05T12:07:24.062+0000] {logging_mixin.py:190} INFO - [2025-04-05T12:07:24.062+0000] {dag.py:4180} INFO - Setting next_dagrun for example_xcom_args_with_operators to None, run_after=None
[2025-04-05T12:07:24.077+0000] {processor.py:208} INFO - Processing /home/airflow/.local/lib/python3.12/site-packages/airflow/example_dags/example_xcomargs.py took 0.071 seconds
[2025-04-05T12:07:54.592+0000] {processor.py:186} INFO - Started process (PID=183) to work on /home/airflow/.local/lib/python3.12/site-packages/airflow/example_dags/example_xcomargs.py
[2025-04-05T12:07:54.593+0000] {processor.py:914} INFO - Processing file /home/airflow/.local/lib/python3.12/site-packages/airflow/example_dags/example_xcomargs.py for tasks to queue
[2025-04-05T12:07:54.594+0000] {logging_mixin.py:190} INFO - [2025-04-05T12:07:54.594+0000] {dagbag.py:588} INFO - Filling up the DagBag from /home/airflow/.local/lib/python3.12/site-packages/airflow/example_dags/example_xcomargs.py
[2025-04-05T12:07:54.604+0000] {processor.py:925} INFO - DAG(s) 'example_xcom_args', 'example_xcom_args_with_operators' retrieved from /home/airflow/.local/lib/python3.12/site-packages/airflow/example_dags/example_xcomargs.py
[2025-04-05T12:07:54.624+0000] {logging_mixin.py:190} INFO - [2025-04-05T12:07:54.624+0000] {dag.py:3239} INFO - Sync 2 DAGs
[2025-04-05T12:07:54.632+0000] {logging_mixin.py:190} INFO - [2025-04-05T12:07:54.632+0000] {dag.py:4180} INFO - Setting next_dagrun for example_xcom_args to None, run_after=None
[2025-04-05T12:07:54.635+0000] {logging_mixin.py:190} INFO - [2025-04-05T12:07:54.635+0000] {dag.py:4180} INFO - Setting next_dagrun for example_xcom_args_with_operators to None, run_after=None
[2025-04-05T12:07:54.647+0000] {processor.py:208} INFO - Processing /home/airflow/.local/lib/python3.12/site-packages/airflow/example_dags/example_xcomargs.py took 0.058 seconds
[2025-04-05T12:08:25.163+0000] {processor.py:186} INFO - Started process (PID=247) to work on /home/airflow/.local/lib/python3.12/site-packages/airflow/example_dags/example_xcomargs.py
[2025-04-05T12:08:25.166+0000] {processor.py:914} INFO - Processing file /home/airflow/.local/lib/python3.12/site-packages/airflow/example_dags/example_xcomargs.py for tasks to queue
[2025-04-05T12:08:25.172+0000] {logging_mixin.py:190} INFO - [2025-04-05T12:08:25.171+0000] {dagbag.py:588} INFO - Filling up the DagBag from /home/airflow/.local/lib/python3.12/site-packages/airflow/example_dags/example_xcomargs.py
[2025-04-05T12:08:25.179+0000] {processor.py:925} INFO - DAG(s) 'example_xcom_args_with_operators', 'example_xcom_args' retrieved from /home/airflow/.local/lib/python3.12/site-packages/airflow/example_dags/example_xcomargs.py
[2025-04-05T12:08:25.196+0000] {logging_mixin.py:190} INFO - [2025-04-05T12:08:25.196+0000] {dag.py:3239} INFO - Sync 2 DAGs
[2025-04-05T12:08:25.208+0000] {logging_mixin.py:190} INFO - [2025-04-05T12:08:25.207+0000] {dag.py:4180} INFO - Setting next_dagrun for example_xcom_args to None, run_after=None
[2025-04-05T12:08:25.209+0000] {logging_mixin.py:190} INFO - [2025-04-05T12:08:25.209+0000] {dag.py:4180} INFO - Setting next_dagrun for example_xcom_args_with_operators to None, run_after=None
[2025-04-05T12:08:25.216+0000] {processor.py:208} INFO - Processing /home/airflow/.local/lib/python3.12/site-packages/airflow/example_dags/example_xcomargs.py took 0.057 seconds
[2025-04-05T12:08:56.302+0000] {processor.py:186} INFO - Started process (PID=311) to work on /home/airflow/.local/lib/python3.12/site-packages/airflow/example_dags/example_xcomargs.py
[2025-04-05T12:08:56.303+0000] {processor.py:914} INFO - Processing file /home/airflow/.local/lib/python3.12/site-packages/airflow/example_dags/example_xcomargs.py for tasks to queue
[2025-04-05T12:08:56.304+0000] {logging_mixin.py:190} INFO - [2025-04-05T12:08:56.304+0000] {dagbag.py:588} INFO - Filling up the DagBag from /home/airflow/.local/lib/python3.12/site-packages/airflow/example_dags/example_xcomargs.py
[2025-04-05T12:08:56.310+0000] {processor.py:925} INFO - DAG(s) 'example_xcom_args', 'example_xcom_args_with_operators' retrieved from /home/airflow/.local/lib/python3.12/site-packages/airflow/example_dags/example_xcomargs.py
[2025-04-05T12:08:56.322+0000] {logging_mixin.py:190} INFO - [2025-04-05T12:08:56.322+0000] {dag.py:3239} INFO - Sync 2 DAGs
[2025-04-05T12:08:56.329+0000] {logging_mixin.py:190} INFO - [2025-04-05T12:08:56.329+0000] {dag.py:4180} INFO - Setting next_dagrun for example_xcom_args to None, run_after=None
[2025-04-05T12:08:56.331+0000] {logging_mixin.py:190} INFO - [2025-04-05T12:08:56.331+0000] {dag.py:4180} INFO - Setting next_dagrun for example_xcom_args_with_operators to None, run_after=None
[2025-04-05T12:08:56.340+0000] {processor.py:208} INFO - Processing /home/airflow/.local/lib/python3.12/site-packages/airflow/example_dags/example_xcomargs.py took 0.042 seconds
[2025-04-05T12:09:27.199+0000] {processor.py:186} INFO - Started process (PID=375) to work on /home/airflow/.local/lib/python3.12/site-packages/airflow/example_dags/example_xcomargs.py
[2025-04-05T12:09:27.200+0000] {processor.py:914} INFO - Processing file /home/airflow/.local/lib/python3.12/site-packages/airflow/example_dags/example_xcomargs.py for tasks to queue
[2025-04-05T12:09:27.201+0000] {logging_mixin.py:190} INFO - [2025-04-05T12:09:27.200+0000] {dagbag.py:588} INFO - Filling up the DagBag from /home/airflow/.local/lib/python3.12/site-packages/airflow/example_dags/example_xcomargs.py
[2025-04-05T12:09:27.206+0000] {processor.py:925} INFO - DAG(s) 'example_xcom_args_with_operators', 'example_xcom_args' retrieved from /home/airflow/.local/lib/python3.12/site-packages/airflow/example_dags/example_xcomargs.py
[2025-04-05T12:09:27.216+0000] {logging_mixin.py:190} INFO - [2025-04-05T12:09:27.216+0000] {dag.py:3239} INFO - Sync 2 DAGs
[2025-04-05T12:09:27.224+0000] {logging_mixin.py:190} INFO - [2025-04-05T12:09:27.224+0000] {dag.py:4180} INFO - Setting next_dagrun for example_xcom_args to None, run_after=None
[2025-04-05T12:09:27.228+0000] {logging_mixin.py:190} INFO - [2025-04-05T12:09:27.227+0000] {dag.py:4180} INFO - Setting next_dagrun for example_xcom_args_with_operators to None, run_after=None
[2025-04-05T12:09:27.236+0000] {processor.py:208} INFO - Processing /home/airflow/.local/lib/python3.12/site-packages/airflow/example_dags/example_xcomargs.py took 0.041 seconds
[2025-04-05T12:09:57.915+0000] {processor.py:186} INFO - Started process (PID=439) to work on /home/airflow/.local/lib/python3.12/site-packages/airflow/example_dags/example_xcomargs.py
[2025-04-05T12:09:57.916+0000] {processor.py:914} INFO - Processing file /home/airflow/.local/lib/python3.12/site-packages/airflow/example_dags/example_xcomargs.py for tasks to queue
[2025-04-05T12:09:57.918+0000] {logging_mixin.py:190} INFO - [2025-04-05T12:09:57.918+0000] {dagbag.py:588} INFO - Filling up the DagBag from /home/airflow/.local/lib/python3.12/site-packages/airflow/example_dags/example_xcomargs.py
[2025-04-05T12:09:57.942+0000] {processor.py:925} INFO - DAG(s) 'example_xcom_args_with_operators', 'example_xcom_args' retrieved from /home/airflow/.local/lib/python3.12/site-packages/airflow/example_dags/example_xcomargs.py
[2025-04-05T12:09:57.972+0000] {logging_mixin.py:190} INFO - [2025-04-05T12:09:57.972+0000] {dag.py:3239} INFO - Sync 2 DAGs
[2025-04-05T12:09:57.989+0000] {logging_mixin.py:190} INFO - [2025-04-05T12:09:57.989+0000] {dag.py:4180} INFO - Setting next_dagrun for example_xcom_args to None, run_after=None
[2025-04-05T12:09:57.991+0000] {logging_mixin.py:190} INFO - [2025-04-05T12:09:57.991+0000] {dag.py:4180} INFO - Setting next_dagrun for example_xcom_args_with_operators to None, run_after=None
[2025-04-05T12:09:57.999+0000] {processor.py:208} INFO - Processing /home/airflow/.local/lib/python3.12/site-packages/airflow/example_dags/example_xcomargs.py took 0.092 seconds
[2025-04-05T12:10:28.748+0000] {processor.py:186} INFO - Started process (PID=503) to work on /home/airflow/.local/lib/python3.12/site-packages/airflow/example_dags/example_xcomargs.py
[2025-04-05T12:10:28.748+0000] {processor.py:914} INFO - Processing file /home/airflow/.local/lib/python3.12/site-packages/airflow/example_dags/example_xcomargs.py for tasks to queue
[2025-04-05T12:10:28.750+0000] {logging_mixin.py:190} INFO - [2025-04-05T12:10:28.749+0000] {dagbag.py:588} INFO - Filling up the DagBag from /home/airflow/.local/lib/python3.12/site-packages/airflow/example_dags/example_xcomargs.py
[2025-04-05T12:10:28.756+0000] {processor.py:925} INFO - DAG(s) 'example_xcom_args', 'example_xcom_args_with_operators' retrieved from /home/airflow/.local/lib/python3.12/site-packages/airflow/example_dags/example_xcomargs.py
[2025-04-05T12:10:28.779+0000] {logging_mixin.py:190} INFO - [2025-04-05T12:10:28.778+0000] {dag.py:3239} INFO - Sync 2 DAGs
[2025-04-05T12:10:28.788+0000] {logging_mixin.py:190} INFO - [2025-04-05T12:10:28.788+0000] {dag.py:4180} INFO - Setting next_dagrun for example_xcom_args to None, run_after=None
[2025-04-05T12:10:28.790+0000] {logging_mixin.py:190} INFO - [2025-04-05T12:10:28.790+0000] {dag.py:4180} INFO - Setting next_dagrun for example_xcom_args_with_operators to None, run_after=None
[2025-04-05T12:10:28.797+0000] {processor.py:208} INFO - Processing /home/airflow/.local/lib/python3.12/site-packages/airflow/example_dags/example_xcomargs.py took 0.053 seconds
[2025-04-05T12:10:58.973+0000] {processor.py:186} INFO - Started process (PID=567) to work on /home/airflow/.local/lib/python3.12/site-packages/airflow/example_dags/example_xcomargs.py
[2025-04-05T12:10:58.978+0000] {processor.py:914} INFO - Processing file /home/airflow/.local/lib/python3.12/site-packages/airflow/example_dags/example_xcomargs.py for tasks to queue
[2025-04-05T12:10:58.979+0000] {logging_mixin.py:190} INFO - [2025-04-05T12:10:58.979+0000] {dagbag.py:588} INFO - Filling up the DagBag from /home/airflow/.local/lib/python3.12/site-packages/airflow/example_dags/example_xcomargs.py
[2025-04-05T12:10:58.986+0000] {processor.py:925} INFO - DAG(s) 'example_xcom_args', 'example_xcom_args_with_operators' retrieved from /home/airflow/.local/lib/python3.12/site-packages/airflow/example_dags/example_xcomargs.py
[2025-04-05T12:10:59.000+0000] {logging_mixin.py:190} INFO - [2025-04-05T12:10:59.000+0000] {dag.py:3239} INFO - Sync 2 DAGs
[2025-04-05T12:10:59.010+0000] {logging_mixin.py:190} INFO - [2025-04-05T12:10:59.010+0000] {dag.py:4180} INFO - Setting next_dagrun for example_xcom_args to None, run_after=None
[2025-04-05T12:10:59.012+0000] {logging_mixin.py:190} INFO - [2025-04-05T12:10:59.012+0000] {dag.py:4180} INFO - Setting next_dagrun for example_xcom_args_with_operators to None, run_after=None
[2025-04-05T12:10:59.020+0000] {processor.py:208} INFO - Processing /home/airflow/.local/lib/python3.12/site-packages/airflow/example_dags/example_xcomargs.py took 0.051 seconds
[2025-04-05T12:11:29.870+0000] {processor.py:186} INFO - Started process (PID=630) to work on /home/airflow/.local/lib/python3.12/site-packages/airflow/example_dags/example_xcomargs.py
[2025-04-05T12:11:29.871+0000] {processor.py:914} INFO - Processing file /home/airflow/.local/lib/python3.12/site-packages/airflow/example_dags/example_xcomargs.py for tasks to queue
[2025-04-05T12:11:29.872+0000] {logging_mixin.py:190} INFO - [2025-04-05T12:11:29.872+0000] {dagbag.py:588} INFO - Filling up the DagBag from /home/airflow/.local/lib/python3.12/site-packages/airflow/example_dags/example_xcomargs.py
[2025-04-05T12:11:29.878+0000] {processor.py:925} INFO - DAG(s) 'example_xcom_args', 'example_xcom_args_with_operators' retrieved from /home/airflow/.local/lib/python3.12/site-packages/airflow/example_dags/example_xcomargs.py
[2025-04-05T12:11:29.891+0000] {logging_mixin.py:190} INFO - [2025-04-05T12:11:29.891+0000] {dag.py:3239} INFO - Sync 2 DAGs
[2025-04-05T12:11:29.906+0000] {logging_mixin.py:190} INFO - [2025-04-05T12:11:29.906+0000] {dag.py:4180} INFO - Setting next_dagrun for example_xcom_args to None, run_after=None
[2025-04-05T12:11:29.909+0000] {logging_mixin.py:190} INFO - [2025-04-05T12:11:29.908+0000] {dag.py:4180} INFO - Setting next_dagrun for example_xcom_args_with_operators to None, run_after=None
[2025-04-05T12:11:29.921+0000] {processor.py:208} INFO - Processing /home/airflow/.local/lib/python3.12/site-packages/airflow/example_dags/example_xcomargs.py took 0.054 seconds
[2025-04-05T12:12:01.516+0000] {processor.py:186} INFO - Started process (PID=693) to work on /home/airflow/.local/lib/python3.12/site-packages/airflow/example_dags/example_xcomargs.py
[2025-04-05T12:12:01.517+0000] {processor.py:914} INFO - Processing file /home/airflow/.local/lib/python3.12/site-packages/airflow/example_dags/example_xcomargs.py for tasks to queue
[2025-04-05T12:12:01.519+0000] {logging_mixin.py:190} INFO - [2025-04-05T12:12:01.518+0000] {dagbag.py:588} INFO - Filling up the DagBag from /home/airflow/.local/lib/python3.12/site-packages/airflow/example_dags/example_xcomargs.py
[2025-04-05T12:12:01.526+0000] {processor.py:925} INFO - DAG(s) 'example_xcom_args', 'example_xcom_args_with_operators' retrieved from /home/airflow/.local/lib/python3.12/site-packages/airflow/example_dags/example_xcomargs.py
[2025-04-05T12:12:01.538+0000] {logging_mixin.py:190} INFO - [2025-04-05T12:12:01.538+0000] {dag.py:3239} INFO - Sync 2 DAGs
[2025-04-05T12:12:01.546+0000] {logging_mixin.py:190} INFO - [2025-04-05T12:12:01.545+0000] {dag.py:4180} INFO - Setting next_dagrun for example_xcom_args to None, run_after=None
[2025-04-05T12:12:01.548+0000] {logging_mixin.py:190} INFO - [2025-04-05T12:12:01.547+0000] {dag.py:4180} INFO - Setting next_dagrun for example_xcom_args_with_operators to None, run_after=None
[2025-04-05T12:12:01.555+0000] {processor.py:208} INFO - Processing /home/airflow/.local/lib/python3.12/site-packages/airflow/example_dags/example_xcomargs.py took 0.043 seconds
