[2025-04-05T11:23:23.104+0000] {processor.py:186} INFO - Started process (PID=77) to work on /home/airflow/.local/lib/python3.12/site-packages/airflow/example_dags/example_branch_operator.py
[2025-04-05T11:23:23.104+0000] {processor.py:914} INFO - Processing file /home/airflow/.local/lib/python3.12/site-packages/airflow/example_dags/example_branch_operator.py for tasks to queue
[2025-04-05T11:23:23.106+0000] {logging_mixin.py:190} INFO - [2025-04-05T11:23:23.106+0000] {dagbag.py:588} INFO - Filling up the DagBag from /home/airflow/.local/lib/python3.12/site-packages/airflow/example_dags/example_branch_operator.py
[2025-04-05T11:23:23.115+0000] {processor.py:925} INFO - DAG(s) 'example_branch_operator' retrieved from /home/airflow/.local/lib/python3.12/site-packages/airflow/example_dags/example_branch_operator.py
[2025-04-05T11:23:23.171+0000] {logging_mixin.py:190} INFO - [2025-04-05T11:23:23.171+0000] {override.py:1912} INFO - Created Permission View: can edit on DAG:example_branch_operator
[2025-04-05T11:23:23.175+0000] {logging_mixin.py:190} INFO - [2025-04-05T11:23:23.175+0000] {override.py:1912} INFO - Created Permission View: can read on DAG:example_branch_operator
[2025-04-05T11:23:23.179+0000] {logging_mixin.py:190} INFO - [2025-04-05T11:23:23.179+0000] {override.py:1912} INFO - Created Permission View: can delete on DAG:example_branch_operator
[2025-04-05T11:23:23.182+0000] {logging_mixin.py:190} INFO - [2025-04-05T11:23:23.182+0000] {override.py:1912} INFO - Created Permission View: menu access on DAG Run:example_branch_operator
[2025-04-05T11:23:23.185+0000] {logging_mixin.py:190} INFO - [2025-04-05T11:23:23.185+0000] {override.py:1912} INFO - Created Permission View: can read on DAG Run:example_branch_operator
[2025-04-05T11:23:23.187+0000] {logging_mixin.py:190} INFO - [2025-04-05T11:23:23.187+0000] {override.py:1912} INFO - Created Permission View: can create on DAG Run:example_branch_operator
[2025-04-05T11:23:23.191+0000] {logging_mixin.py:190} INFO - [2025-04-05T11:23:23.190+0000] {override.py:1912} INFO - Created Permission View: can delete on DAG Run:example_branch_operator
[2025-04-05T11:23:23.191+0000] {logging_mixin.py:190} INFO - [2025-04-05T11:23:23.191+0000] {dag.py:3239} INFO - Sync 1 DAGs
[2025-04-05T11:23:23.200+0000] {logging_mixin.py:190} INFO - [2025-04-05T11:23:23.200+0000] {dag.py:3262} INFO - Creating ORM DAG for example_branch_operator
[2025-04-05T11:23:23.206+0000] {logging_mixin.py:190} INFO - [2025-04-05T11:23:23.205+0000] {dag.py:4180} INFO - Setting next_dagrun for example_branch_operator to 2025-04-04 00:00:00+00:00, run_after=2025-04-05 00:00:00+00:00
[2025-04-05T11:23:23.217+0000] {processor.py:208} INFO - Processing /home/airflow/.local/lib/python3.12/site-packages/airflow/example_dags/example_branch_operator.py took 0.116 seconds
[2025-04-05T11:23:54.062+0000] {processor.py:186} INFO - Started process (PID=145) to work on /home/airflow/.local/lib/python3.12/site-packages/airflow/example_dags/example_branch_operator.py
[2025-04-05T11:23:54.067+0000] {processor.py:914} INFO - Processing file /home/airflow/.local/lib/python3.12/site-packages/airflow/example_dags/example_branch_operator.py for tasks to queue
[2025-04-05T11:23:54.070+0000] {logging_mixin.py:190} INFO - [2025-04-05T11:23:54.069+0000] {dagbag.py:588} INFO - Filling up the DagBag from /home/airflow/.local/lib/python3.12/site-packages/airflow/example_dags/example_branch_operator.py
[2025-04-05T11:23:54.086+0000] {processor.py:925} INFO - DAG(s) 'example_branch_operator' retrieved from /home/airflow/.local/lib/python3.12/site-packages/airflow/example_dags/example_branch_operator.py
[2025-04-05T11:23:54.119+0000] {logging_mixin.py:190} INFO - [2025-04-05T11:23:54.118+0000] {dag.py:3239} INFO - Sync 1 DAGs
[2025-04-05T11:23:54.142+0000] {logging_mixin.py:190} INFO - [2025-04-05T11:23:54.142+0000] {dag.py:4180} INFO - Setting next_dagrun for example_branch_operator to 2025-04-04 00:00:00+00:00, run_after=2025-04-05 00:00:00+00:00
[2025-04-05T11:23:54.154+0000] {processor.py:208} INFO - Processing /home/airflow/.local/lib/python3.12/site-packages/airflow/example_dags/example_branch_operator.py took 0.097 seconds
[2025-04-05T11:24:24.625+0000] {processor.py:186} INFO - Started process (PID=208) to work on /home/airflow/.local/lib/python3.12/site-packages/airflow/example_dags/example_branch_operator.py
[2025-04-05T11:24:24.627+0000] {processor.py:914} INFO - Processing file /home/airflow/.local/lib/python3.12/site-packages/airflow/example_dags/example_branch_operator.py for tasks to queue
[2025-04-05T11:24:24.630+0000] {logging_mixin.py:190} INFO - [2025-04-05T11:24:24.630+0000] {dagbag.py:588} INFO - Filling up the DagBag from /home/airflow/.local/lib/python3.12/site-packages/airflow/example_dags/example_branch_operator.py
[2025-04-05T11:24:24.646+0000] {processor.py:925} INFO - DAG(s) 'example_branch_operator' retrieved from /home/airflow/.local/lib/python3.12/site-packages/airflow/example_dags/example_branch_operator.py
[2025-04-05T11:24:24.665+0000] {logging_mixin.py:190} INFO - [2025-04-05T11:24:24.665+0000] {dag.py:3239} INFO - Sync 1 DAGs
[2025-04-05T11:24:24.690+0000] {logging_mixin.py:190} INFO - [2025-04-05T11:24:24.690+0000] {dag.py:4180} INFO - Setting next_dagrun for example_branch_operator to 2025-04-04 00:00:00+00:00, run_after=2025-04-05 00:00:00+00:00
[2025-04-05T11:24:24.702+0000] {processor.py:208} INFO - Processing /home/airflow/.local/lib/python3.12/site-packages/airflow/example_dags/example_branch_operator.py took 0.085 seconds
[2025-04-05T11:24:55.037+0000] {processor.py:186} INFO - Started process (PID=271) to work on /home/airflow/.local/lib/python3.12/site-packages/airflow/example_dags/example_branch_operator.py
[2025-04-05T11:24:55.039+0000] {processor.py:914} INFO - Processing file /home/airflow/.local/lib/python3.12/site-packages/airflow/example_dags/example_branch_operator.py for tasks to queue
[2025-04-05T11:24:55.041+0000] {logging_mixin.py:190} INFO - [2025-04-05T11:24:55.041+0000] {dagbag.py:588} INFO - Filling up the DagBag from /home/airflow/.local/lib/python3.12/site-packages/airflow/example_dags/example_branch_operator.py
[2025-04-05T11:24:55.059+0000] {processor.py:925} INFO - DAG(s) 'example_branch_operator' retrieved from /home/airflow/.local/lib/python3.12/site-packages/airflow/example_dags/example_branch_operator.py
[2025-04-05T11:24:55.078+0000] {logging_mixin.py:190} INFO - [2025-04-05T11:24:55.078+0000] {dag.py:3239} INFO - Sync 1 DAGs
[2025-04-05T11:24:55.099+0000] {logging_mixin.py:190} INFO - [2025-04-05T11:24:55.099+0000] {dag.py:4180} INFO - Setting next_dagrun for example_branch_operator to 2025-04-04 00:00:00+00:00, run_after=2025-04-05 00:00:00+00:00
[2025-04-05T11:24:55.111+0000] {processor.py:208} INFO - Processing /home/airflow/.local/lib/python3.12/site-packages/airflow/example_dags/example_branch_operator.py took 0.081 seconds
[2025-04-05T11:25:25.141+0000] {processor.py:186} INFO - Started process (PID=333) to work on /home/airflow/.local/lib/python3.12/site-packages/airflow/example_dags/example_branch_operator.py
[2025-04-05T11:25:25.142+0000] {processor.py:914} INFO - Processing file /home/airflow/.local/lib/python3.12/site-packages/airflow/example_dags/example_branch_operator.py for tasks to queue
[2025-04-05T11:25:25.143+0000] {logging_mixin.py:190} INFO - [2025-04-05T11:25:25.143+0000] {dagbag.py:588} INFO - Filling up the DagBag from /home/airflow/.local/lib/python3.12/site-packages/airflow/example_dags/example_branch_operator.py
[2025-04-05T11:25:25.153+0000] {processor.py:925} INFO - DAG(s) 'example_branch_operator' retrieved from /home/airflow/.local/lib/python3.12/site-packages/airflow/example_dags/example_branch_operator.py
[2025-04-05T11:25:25.172+0000] {logging_mixin.py:190} INFO - [2025-04-05T11:25:25.172+0000] {dag.py:3239} INFO - Sync 1 DAGs
[2025-04-05T11:25:25.185+0000] {logging_mixin.py:190} INFO - [2025-04-05T11:25:25.185+0000] {dag.py:4180} INFO - Setting next_dagrun for example_branch_operator to 2025-04-04 00:00:00+00:00, run_after=2025-04-05 00:00:00+00:00
[2025-04-05T11:25:25.193+0000] {processor.py:208} INFO - Processing /home/airflow/.local/lib/python3.12/site-packages/airflow/example_dags/example_branch_operator.py took 0.057 seconds
[2025-04-05T11:25:55.387+0000] {processor.py:186} INFO - Started process (PID=397) to work on /home/airflow/.local/lib/python3.12/site-packages/airflow/example_dags/example_branch_operator.py
[2025-04-05T11:25:55.388+0000] {processor.py:914} INFO - Processing file /home/airflow/.local/lib/python3.12/site-packages/airflow/example_dags/example_branch_operator.py for tasks to queue
[2025-04-05T11:25:55.390+0000] {logging_mixin.py:190} INFO - [2025-04-05T11:25:55.390+0000] {dagbag.py:588} INFO - Filling up the DagBag from /home/airflow/.local/lib/python3.12/site-packages/airflow/example_dags/example_branch_operator.py
[2025-04-05T11:25:55.404+0000] {processor.py:925} INFO - DAG(s) 'example_branch_operator' retrieved from /home/airflow/.local/lib/python3.12/site-packages/airflow/example_dags/example_branch_operator.py
[2025-04-05T11:25:55.433+0000] {logging_mixin.py:190} INFO - [2025-04-05T11:25:55.432+0000] {dag.py:3239} INFO - Sync 1 DAGs
[2025-04-05T11:25:55.455+0000] {logging_mixin.py:190} INFO - [2025-04-05T11:25:55.455+0000] {dag.py:4180} INFO - Setting next_dagrun for example_branch_operator to 2025-04-04 00:00:00+00:00, run_after=2025-04-05 00:00:00+00:00
[2025-04-05T11:25:55.468+0000] {processor.py:208} INFO - Processing /home/airflow/.local/lib/python3.12/site-packages/airflow/example_dags/example_branch_operator.py took 0.086 seconds
[2025-04-05T11:26:25.649+0000] {processor.py:186} INFO - Started process (PID=459) to work on /home/airflow/.local/lib/python3.12/site-packages/airflow/example_dags/example_branch_operator.py
[2025-04-05T11:26:25.651+0000] {processor.py:914} INFO - Processing file /home/airflow/.local/lib/python3.12/site-packages/airflow/example_dags/example_branch_operator.py for tasks to queue
[2025-04-05T11:26:25.654+0000] {logging_mixin.py:190} INFO - [2025-04-05T11:26:25.653+0000] {dagbag.py:588} INFO - Filling up the DagBag from /home/airflow/.local/lib/python3.12/site-packages/airflow/example_dags/example_branch_operator.py
[2025-04-05T11:26:25.670+0000] {processor.py:925} INFO - DAG(s) 'example_branch_operator' retrieved from /home/airflow/.local/lib/python3.12/site-packages/airflow/example_dags/example_branch_operator.py
[2025-04-05T11:26:25.689+0000] {logging_mixin.py:190} INFO - [2025-04-05T11:26:25.689+0000] {dag.py:3239} INFO - Sync 1 DAGs
[2025-04-05T11:26:25.702+0000] {logging_mixin.py:190} INFO - [2025-04-05T11:26:25.702+0000] {dag.py:4180} INFO - Setting next_dagrun for example_branch_operator to 2025-04-04 00:00:00+00:00, run_after=2025-04-05 00:00:00+00:00
[2025-04-05T11:26:25.710+0000] {processor.py:208} INFO - Processing /home/airflow/.local/lib/python3.12/site-packages/airflow/example_dags/example_branch_operator.py took 0.067 seconds
[2025-04-05T11:26:56.195+0000] {processor.py:186} INFO - Started process (PID=523) to work on /home/airflow/.local/lib/python3.12/site-packages/airflow/example_dags/example_branch_operator.py
[2025-04-05T11:26:56.198+0000] {processor.py:914} INFO - Processing file /home/airflow/.local/lib/python3.12/site-packages/airflow/example_dags/example_branch_operator.py for tasks to queue
[2025-04-05T11:26:56.201+0000] {logging_mixin.py:190} INFO - [2025-04-05T11:26:56.200+0000] {dagbag.py:588} INFO - Filling up the DagBag from /home/airflow/.local/lib/python3.12/site-packages/airflow/example_dags/example_branch_operator.py
[2025-04-05T11:26:56.217+0000] {processor.py:925} INFO - DAG(s) 'example_branch_operator' retrieved from /home/airflow/.local/lib/python3.12/site-packages/airflow/example_dags/example_branch_operator.py
[2025-04-05T11:26:56.235+0000] {logging_mixin.py:190} INFO - [2025-04-05T11:26:56.235+0000] {dag.py:3239} INFO - Sync 1 DAGs
[2025-04-05T11:26:56.248+0000] {logging_mixin.py:190} INFO - [2025-04-05T11:26:56.247+0000] {dag.py:4180} INFO - Setting next_dagrun for example_branch_operator to 2025-04-04 00:00:00+00:00, run_after=2025-04-05 00:00:00+00:00
[2025-04-05T11:26:56.256+0000] {processor.py:208} INFO - Processing /home/airflow/.local/lib/python3.12/site-packages/airflow/example_dags/example_branch_operator.py took 0.067 seconds
[2025-04-05T11:31:57.050+0000] {processor.py:186} INFO - Started process (PID=83) to work on /home/airflow/.local/lib/python3.12/site-packages/airflow/example_dags/example_branch_operator.py
[2025-04-05T11:31:57.055+0000] {processor.py:914} INFO - Processing file /home/airflow/.local/lib/python3.12/site-packages/airflow/example_dags/example_branch_operator.py for tasks to queue
[2025-04-05T11:31:57.083+0000] {logging_mixin.py:190} INFO - [2025-04-05T11:31:57.080+0000] {dagbag.py:588} INFO - Filling up the DagBag from /home/airflow/.local/lib/python3.12/site-packages/airflow/example_dags/example_branch_operator.py
[2025-04-05T11:31:57.135+0000] {processor.py:925} INFO - DAG(s) 'example_branch_operator' retrieved from /home/airflow/.local/lib/python3.12/site-packages/airflow/example_dags/example_branch_operator.py
[2025-04-05T11:31:57.389+0000] {logging_mixin.py:190} INFO - [2025-04-05T11:31:57.389+0000] {dag.py:3239} INFO - Sync 1 DAGs
[2025-04-05T11:31:57.445+0000] {logging_mixin.py:190} INFO - [2025-04-05T11:31:57.445+0000] {dag.py:4180} INFO - Setting next_dagrun for example_branch_operator to 2025-04-04 00:00:00+00:00, run_after=2025-04-05 00:00:00+00:00
[2025-04-05T11:31:57.492+0000] {processor.py:208} INFO - Processing /home/airflow/.local/lib/python3.12/site-packages/airflow/example_dags/example_branch_operator.py took 0.454 seconds
[2025-04-05T11:32:27.548+0000] {processor.py:186} INFO - Started process (PID=145) to work on /home/airflow/.local/lib/python3.12/site-packages/airflow/example_dags/example_branch_operator.py
[2025-04-05T11:32:27.553+0000] {processor.py:914} INFO - Processing file /home/airflow/.local/lib/python3.12/site-packages/airflow/example_dags/example_branch_operator.py for tasks to queue
[2025-04-05T11:32:27.555+0000] {logging_mixin.py:190} INFO - [2025-04-05T11:32:27.555+0000] {dagbag.py:588} INFO - Filling up the DagBag from /home/airflow/.local/lib/python3.12/site-packages/airflow/example_dags/example_branch_operator.py
[2025-04-05T11:32:27.569+0000] {processor.py:925} INFO - DAG(s) 'example_branch_operator' retrieved from /home/airflow/.local/lib/python3.12/site-packages/airflow/example_dags/example_branch_operator.py
[2025-04-05T11:32:27.586+0000] {logging_mixin.py:190} INFO - [2025-04-05T11:32:27.585+0000] {dag.py:3239} INFO - Sync 1 DAGs
[2025-04-05T11:32:27.598+0000] {logging_mixin.py:190} INFO - [2025-04-05T11:32:27.598+0000] {dag.py:4180} INFO - Setting next_dagrun for example_branch_operator to 2025-04-04 00:00:00+00:00, run_after=2025-04-05 00:00:00+00:00
[2025-04-05T11:32:27.613+0000] {processor.py:208} INFO - Processing /home/airflow/.local/lib/python3.12/site-packages/airflow/example_dags/example_branch_operator.py took 0.070 seconds
[2025-04-05T11:39:04.650+0000] {processor.py:186} INFO - Started process (PID=82) to work on /home/airflow/.local/lib/python3.12/site-packages/airflow/example_dags/example_branch_operator.py
[2025-04-05T11:39:04.657+0000] {processor.py:914} INFO - Processing file /home/airflow/.local/lib/python3.12/site-packages/airflow/example_dags/example_branch_operator.py for tasks to queue
[2025-04-05T11:39:04.678+0000] {logging_mixin.py:190} INFO - [2025-04-05T11:39:04.673+0000] {dagbag.py:588} INFO - Filling up the DagBag from /home/airflow/.local/lib/python3.12/site-packages/airflow/example_dags/example_branch_operator.py
[2025-04-05T11:39:04.741+0000] {processor.py:925} INFO - DAG(s) 'example_branch_operator' retrieved from /home/airflow/.local/lib/python3.12/site-packages/airflow/example_dags/example_branch_operator.py
[2025-04-05T11:39:05.267+0000] {logging_mixin.py:190} INFO - [2025-04-05T11:39:05.266+0000] {dag.py:3239} INFO - Sync 1 DAGs
[2025-04-05T11:39:05.337+0000] {logging_mixin.py:190} INFO - [2025-04-05T11:39:05.336+0000] {dag.py:4180} INFO - Setting next_dagrun for example_branch_operator to 2025-04-04 00:00:00+00:00, run_after=2025-04-05 00:00:00+00:00
[2025-04-05T11:39:05.396+0000] {processor.py:208} INFO - Processing /home/airflow/.local/lib/python3.12/site-packages/airflow/example_dags/example_branch_operator.py took 0.775 seconds
[2025-04-05T11:39:36.028+0000] {processor.py:186} INFO - Started process (PID=151) to work on /home/airflow/.local/lib/python3.12/site-packages/airflow/example_dags/example_branch_operator.py
[2025-04-05T11:39:36.029+0000] {processor.py:914} INFO - Processing file /home/airflow/.local/lib/python3.12/site-packages/airflow/example_dags/example_branch_operator.py for tasks to queue
[2025-04-05T11:39:36.030+0000] {logging_mixin.py:190} INFO - [2025-04-05T11:39:36.030+0000] {dagbag.py:588} INFO - Filling up the DagBag from /home/airflow/.local/lib/python3.12/site-packages/airflow/example_dags/example_branch_operator.py
[2025-04-05T11:39:36.045+0000] {processor.py:925} INFO - DAG(s) 'example_branch_operator' retrieved from /home/airflow/.local/lib/python3.12/site-packages/airflow/example_dags/example_branch_operator.py
[2025-04-05T11:39:36.064+0000] {logging_mixin.py:190} INFO - [2025-04-05T11:39:36.064+0000] {dag.py:3239} INFO - Sync 1 DAGs
[2025-04-05T11:39:36.077+0000] {logging_mixin.py:190} INFO - [2025-04-05T11:39:36.077+0000] {dag.py:4180} INFO - Setting next_dagrun for example_branch_operator to 2025-04-04 00:00:00+00:00, run_after=2025-04-05 00:00:00+00:00
[2025-04-05T11:39:36.088+0000] {processor.py:208} INFO - Processing /home/airflow/.local/lib/python3.12/site-packages/airflow/example_dags/example_branch_operator.py took 0.066 seconds
[2025-04-05T11:40:06.504+0000] {processor.py:186} INFO - Started process (PID=214) to work on /home/airflow/.local/lib/python3.12/site-packages/airflow/example_dags/example_branch_operator.py
[2025-04-05T11:40:06.505+0000] {processor.py:914} INFO - Processing file /home/airflow/.local/lib/python3.12/site-packages/airflow/example_dags/example_branch_operator.py for tasks to queue
[2025-04-05T11:40:06.507+0000] {logging_mixin.py:190} INFO - [2025-04-05T11:40:06.507+0000] {dagbag.py:588} INFO - Filling up the DagBag from /home/airflow/.local/lib/python3.12/site-packages/airflow/example_dags/example_branch_operator.py
[2025-04-05T11:40:06.521+0000] {processor.py:925} INFO - DAG(s) 'example_branch_operator' retrieved from /home/airflow/.local/lib/python3.12/site-packages/airflow/example_dags/example_branch_operator.py
[2025-04-05T11:40:06.554+0000] {logging_mixin.py:190} INFO - [2025-04-05T11:40:06.554+0000] {dag.py:3239} INFO - Sync 1 DAGs
[2025-04-05T11:40:06.593+0000] {logging_mixin.py:190} INFO - [2025-04-05T11:40:06.592+0000] {dag.py:4180} INFO - Setting next_dagrun for example_branch_operator to 2025-04-04 00:00:00+00:00, run_after=2025-04-05 00:00:00+00:00
[2025-04-05T11:40:06.629+0000] {processor.py:208} INFO - Processing /home/airflow/.local/lib/python3.12/site-packages/airflow/example_dags/example_branch_operator.py took 0.131 seconds
[2025-04-05T11:40:36.720+0000] {processor.py:186} INFO - Started process (PID=277) to work on /home/airflow/.local/lib/python3.12/site-packages/airflow/example_dags/example_branch_operator.py
[2025-04-05T11:40:36.721+0000] {processor.py:914} INFO - Processing file /home/airflow/.local/lib/python3.12/site-packages/airflow/example_dags/example_branch_operator.py for tasks to queue
[2025-04-05T11:40:36.728+0000] {logging_mixin.py:190} INFO - [2025-04-05T11:40:36.724+0000] {dagbag.py:588} INFO - Filling up the DagBag from /home/airflow/.local/lib/python3.12/site-packages/airflow/example_dags/example_branch_operator.py
[2025-04-05T11:40:36.775+0000] {processor.py:925} INFO - DAG(s) 'example_branch_operator' retrieved from /home/airflow/.local/lib/python3.12/site-packages/airflow/example_dags/example_branch_operator.py
[2025-04-05T11:40:36.808+0000] {logging_mixin.py:190} INFO - [2025-04-05T11:40:36.807+0000] {dag.py:3239} INFO - Sync 1 DAGs
[2025-04-05T11:40:36.841+0000] {logging_mixin.py:190} INFO - [2025-04-05T11:40:36.841+0000] {dag.py:4180} INFO - Setting next_dagrun for example_branch_operator to 2025-04-04 00:00:00+00:00, run_after=2025-04-05 00:00:00+00:00
[2025-04-05T11:40:36.861+0000] {processor.py:208} INFO - Processing /home/airflow/.local/lib/python3.12/site-packages/airflow/example_dags/example_branch_operator.py took 0.157 seconds
[2025-04-05T11:41:07.223+0000] {processor.py:186} INFO - Started process (PID=340) to work on /home/airflow/.local/lib/python3.12/site-packages/airflow/example_dags/example_branch_operator.py
[2025-04-05T11:41:07.229+0000] {processor.py:914} INFO - Processing file /home/airflow/.local/lib/python3.12/site-packages/airflow/example_dags/example_branch_operator.py for tasks to queue
[2025-04-05T11:41:07.233+0000] {logging_mixin.py:190} INFO - [2025-04-05T11:41:07.233+0000] {dagbag.py:588} INFO - Filling up the DagBag from /home/airflow/.local/lib/python3.12/site-packages/airflow/example_dags/example_branch_operator.py
[2025-04-05T11:41:07.251+0000] {processor.py:925} INFO - DAG(s) 'example_branch_operator' retrieved from /home/airflow/.local/lib/python3.12/site-packages/airflow/example_dags/example_branch_operator.py
[2025-04-05T11:41:07.282+0000] {logging_mixin.py:190} INFO - [2025-04-05T11:41:07.282+0000] {dag.py:3239} INFO - Sync 1 DAGs
[2025-04-05T11:41:07.297+0000] {logging_mixin.py:190} INFO - [2025-04-05T11:41:07.296+0000] {dag.py:4180} INFO - Setting next_dagrun for example_branch_operator to 2025-04-04 00:00:00+00:00, run_after=2025-04-05 00:00:00+00:00
[2025-04-05T11:41:07.306+0000] {processor.py:208} INFO - Processing /home/airflow/.local/lib/python3.12/site-packages/airflow/example_dags/example_branch_operator.py took 0.090 seconds
[2025-04-05T11:41:37.900+0000] {processor.py:186} INFO - Started process (PID=403) to work on /home/airflow/.local/lib/python3.12/site-packages/airflow/example_dags/example_branch_operator.py
[2025-04-05T11:41:37.907+0000] {processor.py:914} INFO - Processing file /home/airflow/.local/lib/python3.12/site-packages/airflow/example_dags/example_branch_operator.py for tasks to queue
[2025-04-05T11:41:37.911+0000] {logging_mixin.py:190} INFO - [2025-04-05T11:41:37.911+0000] {dagbag.py:588} INFO - Filling up the DagBag from /home/airflow/.local/lib/python3.12/site-packages/airflow/example_dags/example_branch_operator.py
[2025-04-05T11:41:37.935+0000] {processor.py:925} INFO - DAG(s) 'example_branch_operator' retrieved from /home/airflow/.local/lib/python3.12/site-packages/airflow/example_dags/example_branch_operator.py
[2025-04-05T11:41:37.962+0000] {logging_mixin.py:190} INFO - [2025-04-05T11:41:37.962+0000] {dag.py:3239} INFO - Sync 1 DAGs
[2025-04-05T11:41:37.981+0000] {logging_mixin.py:190} INFO - [2025-04-05T11:41:37.980+0000] {dag.py:4180} INFO - Setting next_dagrun for example_branch_operator to 2025-04-04 00:00:00+00:00, run_after=2025-04-05 00:00:00+00:00
[2025-04-05T11:41:37.991+0000] {processor.py:208} INFO - Processing /home/airflow/.local/lib/python3.12/site-packages/airflow/example_dags/example_branch_operator.py took 0.100 seconds
[2025-04-05T11:42:08.121+0000] {processor.py:186} INFO - Started process (PID=465) to work on /home/airflow/.local/lib/python3.12/site-packages/airflow/example_dags/example_branch_operator.py
[2025-04-05T11:42:08.122+0000] {processor.py:914} INFO - Processing file /home/airflow/.local/lib/python3.12/site-packages/airflow/example_dags/example_branch_operator.py for tasks to queue
[2025-04-05T11:42:08.126+0000] {logging_mixin.py:190} INFO - [2025-04-05T11:42:08.125+0000] {dagbag.py:588} INFO - Filling up the DagBag from /home/airflow/.local/lib/python3.12/site-packages/airflow/example_dags/example_branch_operator.py
[2025-04-05T11:42:08.144+0000] {processor.py:925} INFO - DAG(s) 'example_branch_operator' retrieved from /home/airflow/.local/lib/python3.12/site-packages/airflow/example_dags/example_branch_operator.py
[2025-04-05T11:42:08.163+0000] {logging_mixin.py:190} INFO - [2025-04-05T11:42:08.163+0000] {dag.py:3239} INFO - Sync 1 DAGs
[2025-04-05T11:42:08.179+0000] {logging_mixin.py:190} INFO - [2025-04-05T11:42:08.179+0000] {dag.py:4180} INFO - Setting next_dagrun for example_branch_operator to 2025-04-04 00:00:00+00:00, run_after=2025-04-05 00:00:00+00:00
[2025-04-05T11:42:08.191+0000] {processor.py:208} INFO - Processing /home/airflow/.local/lib/python3.12/site-packages/airflow/example_dags/example_branch_operator.py took 0.078 seconds
[2025-04-05T11:42:38.709+0000] {processor.py:186} INFO - Started process (PID=529) to work on /home/airflow/.local/lib/python3.12/site-packages/airflow/example_dags/example_branch_operator.py
[2025-04-05T11:42:38.714+0000] {processor.py:914} INFO - Processing file /home/airflow/.local/lib/python3.12/site-packages/airflow/example_dags/example_branch_operator.py for tasks to queue
[2025-04-05T11:42:38.718+0000] {logging_mixin.py:190} INFO - [2025-04-05T11:42:38.718+0000] {dagbag.py:588} INFO - Filling up the DagBag from /home/airflow/.local/lib/python3.12/site-packages/airflow/example_dags/example_branch_operator.py
[2025-04-05T11:42:38.735+0000] {processor.py:925} INFO - DAG(s) 'example_branch_operator' retrieved from /home/airflow/.local/lib/python3.12/site-packages/airflow/example_dags/example_branch_operator.py
[2025-04-05T11:42:38.761+0000] {logging_mixin.py:190} INFO - [2025-04-05T11:42:38.760+0000] {dag.py:3239} INFO - Sync 1 DAGs
[2025-04-05T11:42:38.774+0000] {logging_mixin.py:190} INFO - [2025-04-05T11:42:38.773+0000] {dag.py:4180} INFO - Setting next_dagrun for example_branch_operator to 2025-04-04 00:00:00+00:00, run_after=2025-04-05 00:00:00+00:00
[2025-04-05T11:42:38.783+0000] {processor.py:208} INFO - Processing /home/airflow/.local/lib/python3.12/site-packages/airflow/example_dags/example_branch_operator.py took 0.081 seconds
[2025-04-05T11:44:48.517+0000] {processor.py:186} INFO - Started process (PID=77) to work on /home/airflow/.local/lib/python3.12/site-packages/airflow/example_dags/example_branch_operator.py
[2025-04-05T11:44:48.519+0000] {processor.py:914} INFO - Processing file /home/airflow/.local/lib/python3.12/site-packages/airflow/example_dags/example_branch_operator.py for tasks to queue
[2025-04-05T11:44:48.527+0000] {logging_mixin.py:190} INFO - [2025-04-05T11:44:48.526+0000] {dagbag.py:588} INFO - Filling up the DagBag from /home/airflow/.local/lib/python3.12/site-packages/airflow/example_dags/example_branch_operator.py
[2025-04-05T11:44:48.550+0000] {processor.py:925} INFO - DAG(s) 'example_branch_operator' retrieved from /home/airflow/.local/lib/python3.12/site-packages/airflow/example_dags/example_branch_operator.py
[2025-04-05T11:44:48.788+0000] {logging_mixin.py:190} INFO - [2025-04-05T11:44:48.788+0000] {dag.py:3239} INFO - Sync 1 DAGs
[2025-04-05T11:44:48.810+0000] {logging_mixin.py:190} INFO - [2025-04-05T11:44:48.810+0000] {dag.py:4180} INFO - Setting next_dagrun for example_branch_operator to 2025-04-04 00:00:00+00:00, run_after=2025-04-05 00:00:00+00:00
[2025-04-05T11:44:48.851+0000] {processor.py:208} INFO - Processing /home/airflow/.local/lib/python3.12/site-packages/airflow/example_dags/example_branch_operator.py took 0.345 seconds
[2025-04-05T11:45:19.149+0000] {processor.py:186} INFO - Started process (PID=139) to work on /home/airflow/.local/lib/python3.12/site-packages/airflow/example_dags/example_branch_operator.py
[2025-04-05T11:45:19.150+0000] {processor.py:914} INFO - Processing file /home/airflow/.local/lib/python3.12/site-packages/airflow/example_dags/example_branch_operator.py for tasks to queue
[2025-04-05T11:45:19.160+0000] {logging_mixin.py:190} INFO - [2025-04-05T11:45:19.153+0000] {dagbag.py:588} INFO - Filling up the DagBag from /home/airflow/.local/lib/python3.12/site-packages/airflow/example_dags/example_branch_operator.py
[2025-04-05T11:45:19.185+0000] {processor.py:925} INFO - DAG(s) 'example_branch_operator' retrieved from /home/airflow/.local/lib/python3.12/site-packages/airflow/example_dags/example_branch_operator.py
[2025-04-05T11:45:19.206+0000] {logging_mixin.py:190} INFO - [2025-04-05T11:45:19.206+0000] {dag.py:3239} INFO - Sync 1 DAGs
[2025-04-05T11:45:19.228+0000] {logging_mixin.py:190} INFO - [2025-04-05T11:45:19.228+0000] {dag.py:4180} INFO - Setting next_dagrun for example_branch_operator to 2025-04-04 00:00:00+00:00, run_after=2025-04-05 00:00:00+00:00
[2025-04-05T11:45:19.239+0000] {processor.py:208} INFO - Processing /home/airflow/.local/lib/python3.12/site-packages/airflow/example_dags/example_branch_operator.py took 0.096 seconds
[2025-04-05T11:45:50.088+0000] {processor.py:186} INFO - Started process (PID=209) to work on /home/airflow/.local/lib/python3.12/site-packages/airflow/example_dags/example_branch_operator.py
[2025-04-05T11:45:50.091+0000] {processor.py:914} INFO - Processing file /home/airflow/.local/lib/python3.12/site-packages/airflow/example_dags/example_branch_operator.py for tasks to queue
[2025-04-05T11:45:50.094+0000] {logging_mixin.py:190} INFO - [2025-04-05T11:45:50.093+0000] {dagbag.py:588} INFO - Filling up the DagBag from /home/airflow/.local/lib/python3.12/site-packages/airflow/example_dags/example_branch_operator.py
[2025-04-05T11:45:50.112+0000] {processor.py:925} INFO - DAG(s) 'example_branch_operator' retrieved from /home/airflow/.local/lib/python3.12/site-packages/airflow/example_dags/example_branch_operator.py
[2025-04-05T11:45:50.162+0000] {logging_mixin.py:190} INFO - [2025-04-05T11:45:50.162+0000] {dag.py:3239} INFO - Sync 1 DAGs
[2025-04-05T11:45:50.184+0000] {logging_mixin.py:190} INFO - [2025-04-05T11:45:50.184+0000] {dag.py:4180} INFO - Setting next_dagrun for example_branch_operator to 2025-04-04 00:00:00+00:00, run_after=2025-04-05 00:00:00+00:00
[2025-04-05T11:45:50.202+0000] {processor.py:208} INFO - Processing /home/airflow/.local/lib/python3.12/site-packages/airflow/example_dags/example_branch_operator.py took 0.120 seconds
[2025-04-05T11:46:20.706+0000] {processor.py:186} INFO - Started process (PID=273) to work on /home/airflow/.local/lib/python3.12/site-packages/airflow/example_dags/example_branch_operator.py
[2025-04-05T11:46:20.712+0000] {processor.py:914} INFO - Processing file /home/airflow/.local/lib/python3.12/site-packages/airflow/example_dags/example_branch_operator.py for tasks to queue
[2025-04-05T11:46:20.727+0000] {logging_mixin.py:190} INFO - [2025-04-05T11:46:20.725+0000] {dagbag.py:588} INFO - Filling up the DagBag from /home/airflow/.local/lib/python3.12/site-packages/airflow/example_dags/example_branch_operator.py
[2025-04-05T11:46:20.768+0000] {processor.py:925} INFO - DAG(s) 'example_branch_operator' retrieved from /home/airflow/.local/lib/python3.12/site-packages/airflow/example_dags/example_branch_operator.py
[2025-04-05T11:46:20.834+0000] {logging_mixin.py:190} INFO - [2025-04-05T11:46:20.834+0000] {dag.py:3239} INFO - Sync 1 DAGs
[2025-04-05T11:46:20.880+0000] {logging_mixin.py:190} INFO - [2025-04-05T11:46:20.880+0000] {dag.py:4180} INFO - Setting next_dagrun for example_branch_operator to 2025-04-04 00:00:00+00:00, run_after=2025-04-05 00:00:00+00:00
[2025-04-05T11:46:20.900+0000] {processor.py:208} INFO - Processing /home/airflow/.local/lib/python3.12/site-packages/airflow/example_dags/example_branch_operator.py took 0.208 seconds
[2025-04-05T11:46:51.503+0000] {processor.py:186} INFO - Started process (PID=336) to work on /home/airflow/.local/lib/python3.12/site-packages/airflow/example_dags/example_branch_operator.py
[2025-04-05T11:46:51.504+0000] {processor.py:914} INFO - Processing file /home/airflow/.local/lib/python3.12/site-packages/airflow/example_dags/example_branch_operator.py for tasks to queue
[2025-04-05T11:46:51.516+0000] {logging_mixin.py:190} INFO - [2025-04-05T11:46:51.515+0000] {dagbag.py:588} INFO - Filling up the DagBag from /home/airflow/.local/lib/python3.12/site-packages/airflow/example_dags/example_branch_operator.py
[2025-04-05T11:46:51.537+0000] {processor.py:925} INFO - DAG(s) 'example_branch_operator' retrieved from /home/airflow/.local/lib/python3.12/site-packages/airflow/example_dags/example_branch_operator.py
[2025-04-05T11:46:51.562+0000] {logging_mixin.py:190} INFO - [2025-04-05T11:46:51.562+0000] {dag.py:3239} INFO - Sync 1 DAGs
[2025-04-05T11:46:51.587+0000] {logging_mixin.py:190} INFO - [2025-04-05T11:46:51.586+0000] {dag.py:4180} INFO - Setting next_dagrun for example_branch_operator to 2025-04-04 00:00:00+00:00, run_after=2025-04-05 00:00:00+00:00
[2025-04-05T11:46:51.606+0000] {processor.py:208} INFO - Processing /home/airflow/.local/lib/python3.12/site-packages/airflow/example_dags/example_branch_operator.py took 0.113 seconds
[2025-04-05T11:47:22.644+0000] {processor.py:186} INFO - Started process (PID=400) to work on /home/airflow/.local/lib/python3.12/site-packages/airflow/example_dags/example_branch_operator.py
[2025-04-05T11:47:22.645+0000] {processor.py:914} INFO - Processing file /home/airflow/.local/lib/python3.12/site-packages/airflow/example_dags/example_branch_operator.py for tasks to queue
[2025-04-05T11:47:22.648+0000] {logging_mixin.py:190} INFO - [2025-04-05T11:47:22.648+0000] {dagbag.py:588} INFO - Filling up the DagBag from /home/airflow/.local/lib/python3.12/site-packages/airflow/example_dags/example_branch_operator.py
[2025-04-05T11:47:22.670+0000] {processor.py:925} INFO - DAG(s) 'example_branch_operator' retrieved from /home/airflow/.local/lib/python3.12/site-packages/airflow/example_dags/example_branch_operator.py
[2025-04-05T11:47:22.712+0000] {logging_mixin.py:190} INFO - [2025-04-05T11:47:22.712+0000] {dag.py:3239} INFO - Sync 1 DAGs
[2025-04-05T11:47:22.733+0000] {logging_mixin.py:190} INFO - [2025-04-05T11:47:22.733+0000] {dag.py:4180} INFO - Setting next_dagrun for example_branch_operator to 2025-04-04 00:00:00+00:00, run_after=2025-04-05 00:00:00+00:00
[2025-04-05T11:47:22.747+0000] {processor.py:208} INFO - Processing /home/airflow/.local/lib/python3.12/site-packages/airflow/example_dags/example_branch_operator.py took 0.112 seconds
[2025-04-05T11:49:59.697+0000] {processor.py:186} INFO - Started process (PID=90) to work on /home/airflow/.local/lib/python3.12/site-packages/airflow/example_dags/example_branch_operator.py
[2025-04-05T11:49:59.702+0000] {processor.py:914} INFO - Processing file /home/airflow/.local/lib/python3.12/site-packages/airflow/example_dags/example_branch_operator.py for tasks to queue
[2025-04-05T11:49:59.718+0000] {logging_mixin.py:190} INFO - [2025-04-05T11:49:59.717+0000] {dagbag.py:588} INFO - Filling up the DagBag from /home/airflow/.local/lib/python3.12/site-packages/airflow/example_dags/example_branch_operator.py
[2025-04-05T11:49:59.778+0000] {processor.py:925} INFO - DAG(s) 'example_branch_operator' retrieved from /home/airflow/.local/lib/python3.12/site-packages/airflow/example_dags/example_branch_operator.py
[2025-04-05T11:50:00.095+0000] {logging_mixin.py:190} INFO - [2025-04-05T11:50:00.092+0000] {dag.py:3239} INFO - Sync 1 DAGs
[2025-04-05T11:50:00.139+0000] {logging_mixin.py:190} INFO - [2025-04-05T11:50:00.138+0000] {dag.py:4180} INFO - Setting next_dagrun for example_branch_operator to 2025-04-04 00:00:00+00:00, run_after=2025-04-05 00:00:00+00:00
[2025-04-05T11:50:00.174+0000] {processor.py:208} INFO - Processing /home/airflow/.local/lib/python3.12/site-packages/airflow/example_dags/example_branch_operator.py took 0.492 seconds
[2025-04-05T11:50:30.331+0000] {processor.py:186} INFO - Started process (PID=153) to work on /home/airflow/.local/lib/python3.12/site-packages/airflow/example_dags/example_branch_operator.py
[2025-04-05T11:50:30.333+0000] {processor.py:914} INFO - Processing file /home/airflow/.local/lib/python3.12/site-packages/airflow/example_dags/example_branch_operator.py for tasks to queue
[2025-04-05T11:50:30.334+0000] {logging_mixin.py:190} INFO - [2025-04-05T11:50:30.334+0000] {dagbag.py:588} INFO - Filling up the DagBag from /home/airflow/.local/lib/python3.12/site-packages/airflow/example_dags/example_branch_operator.py
[2025-04-05T11:50:30.350+0000] {processor.py:925} INFO - DAG(s) 'example_branch_operator' retrieved from /home/airflow/.local/lib/python3.12/site-packages/airflow/example_dags/example_branch_operator.py
[2025-04-05T11:50:30.366+0000] {logging_mixin.py:190} INFO - [2025-04-05T11:50:30.366+0000] {dag.py:3239} INFO - Sync 1 DAGs
[2025-04-05T11:50:30.379+0000] {logging_mixin.py:190} INFO - [2025-04-05T11:50:30.379+0000] {dag.py:4180} INFO - Setting next_dagrun for example_branch_operator to 2025-04-04 00:00:00+00:00, run_after=2025-04-05 00:00:00+00:00
[2025-04-05T11:50:30.391+0000] {processor.py:208} INFO - Processing /home/airflow/.local/lib/python3.12/site-packages/airflow/example_dags/example_branch_operator.py took 0.064 seconds
[2025-04-05T11:51:01.202+0000] {processor.py:186} INFO - Started process (PID=217) to work on /home/airflow/.local/lib/python3.12/site-packages/airflow/example_dags/example_branch_operator.py
[2025-04-05T11:51:01.206+0000] {processor.py:914} INFO - Processing file /home/airflow/.local/lib/python3.12/site-packages/airflow/example_dags/example_branch_operator.py for tasks to queue
[2025-04-05T11:51:01.212+0000] {logging_mixin.py:190} INFO - [2025-04-05T11:51:01.212+0000] {dagbag.py:588} INFO - Filling up the DagBag from /home/airflow/.local/lib/python3.12/site-packages/airflow/example_dags/example_branch_operator.py
[2025-04-05T11:51:01.238+0000] {processor.py:925} INFO - DAG(s) 'example_branch_operator' retrieved from /home/airflow/.local/lib/python3.12/site-packages/airflow/example_dags/example_branch_operator.py
[2025-04-05T11:51:01.267+0000] {logging_mixin.py:190} INFO - [2025-04-05T11:51:01.267+0000] {dag.py:3239} INFO - Sync 1 DAGs
[2025-04-05T11:51:01.301+0000] {logging_mixin.py:190} INFO - [2025-04-05T11:51:01.300+0000] {dag.py:4180} INFO - Setting next_dagrun for example_branch_operator to 2025-04-04 00:00:00+00:00, run_after=2025-04-05 00:00:00+00:00
[2025-04-05T11:51:01.316+0000] {processor.py:208} INFO - Processing /home/airflow/.local/lib/python3.12/site-packages/airflow/example_dags/example_branch_operator.py took 0.129 seconds
[2025-04-05T11:51:31.454+0000] {processor.py:186} INFO - Started process (PID=281) to work on /home/airflow/.local/lib/python3.12/site-packages/airflow/example_dags/example_branch_operator.py
[2025-04-05T11:51:31.460+0000] {processor.py:914} INFO - Processing file /home/airflow/.local/lib/python3.12/site-packages/airflow/example_dags/example_branch_operator.py for tasks to queue
[2025-04-05T11:51:31.463+0000] {logging_mixin.py:190} INFO - [2025-04-05T11:51:31.462+0000] {dagbag.py:588} INFO - Filling up the DagBag from /home/airflow/.local/lib/python3.12/site-packages/airflow/example_dags/example_branch_operator.py
[2025-04-05T11:51:31.481+0000] {processor.py:925} INFO - DAG(s) 'example_branch_operator' retrieved from /home/airflow/.local/lib/python3.12/site-packages/airflow/example_dags/example_branch_operator.py
[2025-04-05T11:51:31.508+0000] {logging_mixin.py:190} INFO - [2025-04-05T11:51:31.508+0000] {dag.py:3239} INFO - Sync 1 DAGs
[2025-04-05T11:51:31.524+0000] {logging_mixin.py:190} INFO - [2025-04-05T11:51:31.524+0000] {dag.py:4180} INFO - Setting next_dagrun for example_branch_operator to 2025-04-04 00:00:00+00:00, run_after=2025-04-05 00:00:00+00:00
[2025-04-05T11:51:31.534+0000] {processor.py:208} INFO - Processing /home/airflow/.local/lib/python3.12/site-packages/airflow/example_dags/example_branch_operator.py took 0.088 seconds
[2025-04-05T11:52:01.789+0000] {processor.py:186} INFO - Started process (PID=345) to work on /home/airflow/.local/lib/python3.12/site-packages/airflow/example_dags/example_branch_operator.py
[2025-04-05T11:52:01.791+0000] {processor.py:914} INFO - Processing file /home/airflow/.local/lib/python3.12/site-packages/airflow/example_dags/example_branch_operator.py for tasks to queue
[2025-04-05T11:52:01.796+0000] {logging_mixin.py:190} INFO - [2025-04-05T11:52:01.796+0000] {dagbag.py:588} INFO - Filling up the DagBag from /home/airflow/.local/lib/python3.12/site-packages/airflow/example_dags/example_branch_operator.py
[2025-04-05T11:52:01.819+0000] {processor.py:925} INFO - DAG(s) 'example_branch_operator' retrieved from /home/airflow/.local/lib/python3.12/site-packages/airflow/example_dags/example_branch_operator.py
[2025-04-05T11:52:01.856+0000] {logging_mixin.py:190} INFO - [2025-04-05T11:52:01.856+0000] {dag.py:3239} INFO - Sync 1 DAGs
[2025-04-05T11:52:01.880+0000] {logging_mixin.py:190} INFO - [2025-04-05T11:52:01.880+0000] {dag.py:4180} INFO - Setting next_dagrun for example_branch_operator to 2025-04-04 00:00:00+00:00, run_after=2025-04-05 00:00:00+00:00
[2025-04-05T11:52:01.894+0000] {processor.py:208} INFO - Processing /home/airflow/.local/lib/python3.12/site-packages/airflow/example_dags/example_branch_operator.py took 0.130 seconds
[2025-04-05T12:07:21.474+0000] {processor.py:186} INFO - Started process (PID=77) to work on /home/airflow/.local/lib/python3.12/site-packages/airflow/example_dags/example_branch_operator.py
[2025-04-05T12:07:21.476+0000] {processor.py:914} INFO - Processing file /home/airflow/.local/lib/python3.12/site-packages/airflow/example_dags/example_branch_operator.py for tasks to queue
[2025-04-05T12:07:21.477+0000] {logging_mixin.py:190} INFO - [2025-04-05T12:07:21.477+0000] {dagbag.py:588} INFO - Filling up the DagBag from /home/airflow/.local/lib/python3.12/site-packages/airflow/example_dags/example_branch_operator.py
[2025-04-05T12:07:21.490+0000] {processor.py:925} INFO - DAG(s) 'example_branch_operator' retrieved from /home/airflow/.local/lib/python3.12/site-packages/airflow/example_dags/example_branch_operator.py
[2025-04-05T12:07:21.571+0000] {logging_mixin.py:190} INFO - [2025-04-05T12:07:21.571+0000] {dag.py:3239} INFO - Sync 1 DAGs
[2025-04-05T12:07:21.583+0000] {logging_mixin.py:190} INFO - [2025-04-05T12:07:21.583+0000] {dag.py:4180} INFO - Setting next_dagrun for example_branch_operator to 2025-04-04 00:00:00+00:00, run_after=2025-04-05 00:00:00+00:00
[2025-04-05T12:07:21.595+0000] {processor.py:208} INFO - Processing /home/airflow/.local/lib/python3.12/site-packages/airflow/example_dags/example_branch_operator.py took 0.132 seconds
[2025-04-05T12:07:51.665+0000] {processor.py:186} INFO - Started process (PID=140) to work on /home/airflow/.local/lib/python3.12/site-packages/airflow/example_dags/example_branch_operator.py
[2025-04-05T12:07:51.666+0000] {processor.py:914} INFO - Processing file /home/airflow/.local/lib/python3.12/site-packages/airflow/example_dags/example_branch_operator.py for tasks to queue
[2025-04-05T12:07:51.670+0000] {logging_mixin.py:190} INFO - [2025-04-05T12:07:51.670+0000] {dagbag.py:588} INFO - Filling up the DagBag from /home/airflow/.local/lib/python3.12/site-packages/airflow/example_dags/example_branch_operator.py
[2025-04-05T12:07:51.679+0000] {processor.py:925} INFO - DAG(s) 'example_branch_operator' retrieved from /home/airflow/.local/lib/python3.12/site-packages/airflow/example_dags/example_branch_operator.py
[2025-04-05T12:07:51.692+0000] {logging_mixin.py:190} INFO - [2025-04-05T12:07:51.692+0000] {dag.py:3239} INFO - Sync 1 DAGs
[2025-04-05T12:07:51.704+0000] {logging_mixin.py:190} INFO - [2025-04-05T12:07:51.704+0000] {dag.py:4180} INFO - Setting next_dagrun for example_branch_operator to 2025-04-04 00:00:00+00:00, run_after=2025-04-05 00:00:00+00:00
[2025-04-05T12:07:51.713+0000] {processor.py:208} INFO - Processing /home/airflow/.local/lib/python3.12/site-packages/airflow/example_dags/example_branch_operator.py took 0.050 seconds
[2025-04-05T12:08:22.349+0000] {processor.py:186} INFO - Started process (PID=204) to work on /home/airflow/.local/lib/python3.12/site-packages/airflow/example_dags/example_branch_operator.py
[2025-04-05T12:08:22.349+0000] {processor.py:914} INFO - Processing file /home/airflow/.local/lib/python3.12/site-packages/airflow/example_dags/example_branch_operator.py for tasks to queue
[2025-04-05T12:08:22.351+0000] {logging_mixin.py:190} INFO - [2025-04-05T12:08:22.351+0000] {dagbag.py:588} INFO - Filling up the DagBag from /home/airflow/.local/lib/python3.12/site-packages/airflow/example_dags/example_branch_operator.py
[2025-04-05T12:08:22.361+0000] {processor.py:925} INFO - DAG(s) 'example_branch_operator' retrieved from /home/airflow/.local/lib/python3.12/site-packages/airflow/example_dags/example_branch_operator.py
[2025-04-05T12:08:22.378+0000] {logging_mixin.py:190} INFO - [2025-04-05T12:08:22.378+0000] {dag.py:3239} INFO - Sync 1 DAGs
[2025-04-05T12:08:22.393+0000] {logging_mixin.py:190} INFO - [2025-04-05T12:08:22.393+0000] {dag.py:4180} INFO - Setting next_dagrun for example_branch_operator to 2025-04-04 00:00:00+00:00, run_after=2025-04-05 00:00:00+00:00
[2025-04-05T12:08:22.408+0000] {processor.py:208} INFO - Processing /home/airflow/.local/lib/python3.12/site-packages/airflow/example_dags/example_branch_operator.py took 0.062 seconds
[2025-04-05T12:08:52.879+0000] {processor.py:186} INFO - Started process (PID=268) to work on /home/airflow/.local/lib/python3.12/site-packages/airflow/example_dags/example_branch_operator.py
[2025-04-05T12:08:52.882+0000] {processor.py:914} INFO - Processing file /home/airflow/.local/lib/python3.12/site-packages/airflow/example_dags/example_branch_operator.py for tasks to queue
[2025-04-05T12:08:52.885+0000] {logging_mixin.py:190} INFO - [2025-04-05T12:08:52.885+0000] {dagbag.py:588} INFO - Filling up the DagBag from /home/airflow/.local/lib/python3.12/site-packages/airflow/example_dags/example_branch_operator.py
[2025-04-05T12:08:52.896+0000] {processor.py:925} INFO - DAG(s) 'example_branch_operator' retrieved from /home/airflow/.local/lib/python3.12/site-packages/airflow/example_dags/example_branch_operator.py
[2025-04-05T12:08:52.929+0000] {logging_mixin.py:190} INFO - [2025-04-05T12:08:52.929+0000] {dag.py:3239} INFO - Sync 1 DAGs
[2025-04-05T12:08:52.949+0000] {logging_mixin.py:190} INFO - [2025-04-05T12:08:52.949+0000] {dag.py:4180} INFO - Setting next_dagrun for example_branch_operator to 2025-04-04 00:00:00+00:00, run_after=2025-04-05 00:00:00+00:00
[2025-04-05T12:08:52.967+0000] {processor.py:208} INFO - Processing /home/airflow/.local/lib/python3.12/site-packages/airflow/example_dags/example_branch_operator.py took 0.092 seconds
[2025-04-05T12:09:23.014+0000] {processor.py:186} INFO - Started process (PID=331) to work on /home/airflow/.local/lib/python3.12/site-packages/airflow/example_dags/example_branch_operator.py
[2025-04-05T12:09:23.015+0000] {processor.py:914} INFO - Processing file /home/airflow/.local/lib/python3.12/site-packages/airflow/example_dags/example_branch_operator.py for tasks to queue
[2025-04-05T12:09:23.016+0000] {logging_mixin.py:190} INFO - [2025-04-05T12:09:23.016+0000] {dagbag.py:588} INFO - Filling up the DagBag from /home/airflow/.local/lib/python3.12/site-packages/airflow/example_dags/example_branch_operator.py
[2025-04-05T12:09:23.032+0000] {processor.py:925} INFO - DAG(s) 'example_branch_operator' retrieved from /home/airflow/.local/lib/python3.12/site-packages/airflow/example_dags/example_branch_operator.py
[2025-04-05T12:09:23.047+0000] {logging_mixin.py:190} INFO - [2025-04-05T12:09:23.046+0000] {dag.py:3239} INFO - Sync 1 DAGs
[2025-04-05T12:09:23.058+0000] {logging_mixin.py:190} INFO - [2025-04-05T12:09:23.058+0000] {dag.py:4180} INFO - Setting next_dagrun for example_branch_operator to 2025-04-04 00:00:00+00:00, run_after=2025-04-05 00:00:00+00:00
[2025-04-05T12:09:23.067+0000] {processor.py:208} INFO - Processing /home/airflow/.local/lib/python3.12/site-packages/airflow/example_dags/example_branch_operator.py took 0.056 seconds
[2025-04-05T12:09:53.733+0000] {processor.py:186} INFO - Started process (PID=401) to work on /home/airflow/.local/lib/python3.12/site-packages/airflow/example_dags/example_branch_operator.py
[2025-04-05T12:09:53.734+0000] {processor.py:914} INFO - Processing file /home/airflow/.local/lib/python3.12/site-packages/airflow/example_dags/example_branch_operator.py for tasks to queue
[2025-04-05T12:09:53.735+0000] {logging_mixin.py:190} INFO - [2025-04-05T12:09:53.735+0000] {dagbag.py:588} INFO - Filling up the DagBag from /home/airflow/.local/lib/python3.12/site-packages/airflow/example_dags/example_branch_operator.py
[2025-04-05T12:09:53.744+0000] {processor.py:925} INFO - DAG(s) 'example_branch_operator' retrieved from /home/airflow/.local/lib/python3.12/site-packages/airflow/example_dags/example_branch_operator.py
[2025-04-05T12:09:53.757+0000] {logging_mixin.py:190} INFO - [2025-04-05T12:09:53.757+0000] {dag.py:3239} INFO - Sync 1 DAGs
[2025-04-05T12:09:53.772+0000] {logging_mixin.py:190} INFO - [2025-04-05T12:09:53.772+0000] {dag.py:4180} INFO - Setting next_dagrun for example_branch_operator to 2025-04-04 00:00:00+00:00, run_after=2025-04-05 00:00:00+00:00
[2025-04-05T12:09:53.780+0000] {processor.py:208} INFO - Processing /home/airflow/.local/lib/python3.12/site-packages/airflow/example_dags/example_branch_operator.py took 0.050 seconds
[2025-04-05T12:10:24.433+0000] {processor.py:186} INFO - Started process (PID=465) to work on /home/airflow/.local/lib/python3.12/site-packages/airflow/example_dags/example_branch_operator.py
[2025-04-05T12:10:24.434+0000] {processor.py:914} INFO - Processing file /home/airflow/.local/lib/python3.12/site-packages/airflow/example_dags/example_branch_operator.py for tasks to queue
[2025-04-05T12:10:24.435+0000] {logging_mixin.py:190} INFO - [2025-04-05T12:10:24.435+0000] {dagbag.py:588} INFO - Filling up the DagBag from /home/airflow/.local/lib/python3.12/site-packages/airflow/example_dags/example_branch_operator.py
[2025-04-05T12:10:24.444+0000] {processor.py:925} INFO - DAG(s) 'example_branch_operator' retrieved from /home/airflow/.local/lib/python3.12/site-packages/airflow/example_dags/example_branch_operator.py
[2025-04-05T12:10:24.456+0000] {logging_mixin.py:190} INFO - [2025-04-05T12:10:24.456+0000] {dag.py:3239} INFO - Sync 1 DAGs
[2025-04-05T12:10:24.469+0000] {logging_mixin.py:190} INFO - [2025-04-05T12:10:24.469+0000] {dag.py:4180} INFO - Setting next_dagrun for example_branch_operator to 2025-04-04 00:00:00+00:00, run_after=2025-04-05 00:00:00+00:00
[2025-04-05T12:10:24.479+0000] {processor.py:208} INFO - Processing /home/airflow/.local/lib/python3.12/site-packages/airflow/example_dags/example_branch_operator.py took 0.049 seconds
[2025-04-05T12:10:55.143+0000] {processor.py:186} INFO - Started process (PID=529) to work on /home/airflow/.local/lib/python3.12/site-packages/airflow/example_dags/example_branch_operator.py
[2025-04-05T12:10:55.144+0000] {processor.py:914} INFO - Processing file /home/airflow/.local/lib/python3.12/site-packages/airflow/example_dags/example_branch_operator.py for tasks to queue
[2025-04-05T12:10:55.145+0000] {logging_mixin.py:190} INFO - [2025-04-05T12:10:55.145+0000] {dagbag.py:588} INFO - Filling up the DagBag from /home/airflow/.local/lib/python3.12/site-packages/airflow/example_dags/example_branch_operator.py
[2025-04-05T12:10:55.156+0000] {processor.py:925} INFO - DAG(s) 'example_branch_operator' retrieved from /home/airflow/.local/lib/python3.12/site-packages/airflow/example_dags/example_branch_operator.py
[2025-04-05T12:10:55.170+0000] {logging_mixin.py:190} INFO - [2025-04-05T12:10:55.170+0000] {dag.py:3239} INFO - Sync 1 DAGs
[2025-04-05T12:10:55.181+0000] {logging_mixin.py:190} INFO - [2025-04-05T12:10:55.181+0000] {dag.py:4180} INFO - Setting next_dagrun for example_branch_operator to 2025-04-04 00:00:00+00:00, run_after=2025-04-05 00:00:00+00:00
[2025-04-05T12:10:55.188+0000] {processor.py:208} INFO - Processing /home/airflow/.local/lib/python3.12/site-packages/airflow/example_dags/example_branch_operator.py took 0.047 seconds
[2025-04-05T12:11:26.012+0000] {processor.py:186} INFO - Started process (PID=592) to work on /home/airflow/.local/lib/python3.12/site-packages/airflow/example_dags/example_branch_operator.py
[2025-04-05T12:11:26.013+0000] {processor.py:914} INFO - Processing file /home/airflow/.local/lib/python3.12/site-packages/airflow/example_dags/example_branch_operator.py for tasks to queue
[2025-04-05T12:11:26.013+0000] {logging_mixin.py:190} INFO - [2025-04-05T12:11:26.013+0000] {dagbag.py:588} INFO - Filling up the DagBag from /home/airflow/.local/lib/python3.12/site-packages/airflow/example_dags/example_branch_operator.py
[2025-04-05T12:11:26.025+0000] {processor.py:925} INFO - DAG(s) 'example_branch_operator' retrieved from /home/airflow/.local/lib/python3.12/site-packages/airflow/example_dags/example_branch_operator.py
[2025-04-05T12:11:26.041+0000] {logging_mixin.py:190} INFO - [2025-04-05T12:11:26.040+0000] {dag.py:3239} INFO - Sync 1 DAGs
[2025-04-05T12:11:26.054+0000] {logging_mixin.py:190} INFO - [2025-04-05T12:11:26.054+0000] {dag.py:4180} INFO - Setting next_dagrun for example_branch_operator to 2025-04-04 00:00:00+00:00, run_after=2025-04-05 00:00:00+00:00
[2025-04-05T12:11:26.062+0000] {processor.py:208} INFO - Processing /home/airflow/.local/lib/python3.12/site-packages/airflow/example_dags/example_branch_operator.py took 0.054 seconds
[2025-04-05T12:11:56.412+0000] {processor.py:186} INFO - Started process (PID=655) to work on /home/airflow/.local/lib/python3.12/site-packages/airflow/example_dags/example_branch_operator.py
[2025-04-05T12:11:56.413+0000] {processor.py:914} INFO - Processing file /home/airflow/.local/lib/python3.12/site-packages/airflow/example_dags/example_branch_operator.py for tasks to queue
[2025-04-05T12:11:56.414+0000] {logging_mixin.py:190} INFO - [2025-04-05T12:11:56.413+0000] {dagbag.py:588} INFO - Filling up the DagBag from /home/airflow/.local/lib/python3.12/site-packages/airflow/example_dags/example_branch_operator.py
[2025-04-05T12:11:56.424+0000] {processor.py:925} INFO - DAG(s) 'example_branch_operator' retrieved from /home/airflow/.local/lib/python3.12/site-packages/airflow/example_dags/example_branch_operator.py
[2025-04-05T12:11:56.438+0000] {logging_mixin.py:190} INFO - [2025-04-05T12:11:56.438+0000] {dag.py:3239} INFO - Sync 1 DAGs
[2025-04-05T12:11:56.448+0000] {logging_mixin.py:190} INFO - [2025-04-05T12:11:56.448+0000] {dag.py:4180} INFO - Setting next_dagrun for example_branch_operator to 2025-04-04 00:00:00+00:00, run_after=2025-04-05 00:00:00+00:00
[2025-04-05T12:11:56.458+0000] {processor.py:208} INFO - Processing /home/airflow/.local/lib/python3.12/site-packages/airflow/example_dags/example_branch_operator.py took 0.049 seconds
