[2025-04-05T11:23:24.904+0000] {processor.py:186} INFO - Started process (PID=92) to work on /home/airflow/.local/lib/python3.12/site-packages/airflow/example_dags/example_branch_python_dop_operator_3.py
[2025-04-05T11:23:24.904+0000] {processor.py:914} INFO - Processing file /home/airflow/.local/lib/python3.12/site-packages/airflow/example_dags/example_branch_python_dop_operator_3.py for tasks to queue
[2025-04-05T11:23:24.906+0000] {logging_mixin.py:190} INFO - [2025-04-05T11:23:24.905+0000] {dagbag.py:588} INFO - Filling up the DagBag from /home/airflow/.local/lib/python3.12/site-packages/airflow/example_dags/example_branch_python_dop_operator_3.py
[2025-04-05T11:23:24.914+0000] {processor.py:925} INFO - DAG(s) 'example_branch_dop_operator_v3' retrieved from /home/airflow/.local/lib/python3.12/site-packages/airflow/example_dags/example_branch_python_dop_operator_3.py
[2025-04-05T11:23:24.974+0000] {logging_mixin.py:190} INFO - [2025-04-05T11:23:24.974+0000] {override.py:1912} INFO - Created Permission View: can edit on DAG:example_branch_dop_operator_v3
[2025-04-05T11:23:24.980+0000] {logging_mixin.py:190} INFO - [2025-04-05T11:23:24.979+0000] {override.py:1912} INFO - Created Permission View: can read on DAG:example_branch_dop_operator_v3
[2025-04-05T11:23:24.982+0000] {logging_mixin.py:190} INFO - [2025-04-05T11:23:24.982+0000] {override.py:1912} INFO - Created Permission View: can delete on DAG:example_branch_dop_operator_v3
[2025-04-05T11:23:24.985+0000] {logging_mixin.py:190} INFO - [2025-04-05T11:23:24.984+0000] {override.py:1912} INFO - Created Permission View: menu access on DAG Run:example_branch_dop_operator_v3
[2025-04-05T11:23:24.987+0000] {logging_mixin.py:190} INFO - [2025-04-05T11:23:24.987+0000] {override.py:1912} INFO - Created Permission View: can read on DAG Run:example_branch_dop_operator_v3
[2025-04-05T11:23:24.989+0000] {logging_mixin.py:190} INFO - [2025-04-05T11:23:24.989+0000] {override.py:1912} INFO - Created Permission View: can create on DAG Run:example_branch_dop_operator_v3
[2025-04-05T11:23:24.991+0000] {logging_mixin.py:190} INFO - [2025-04-05T11:23:24.991+0000] {override.py:1912} INFO - Created Permission View: can delete on DAG Run:example_branch_dop_operator_v3
[2025-04-05T11:23:24.991+0000] {logging_mixin.py:190} INFO - [2025-04-05T11:23:24.991+0000] {dag.py:3239} INFO - Sync 1 DAGs
[2025-04-05T11:23:24.998+0000] {logging_mixin.py:190} INFO - [2025-04-05T11:23:24.998+0000] {dag.py:3262} INFO - Creating ORM DAG for example_branch_dop_operator_v3
[2025-04-05T11:23:25.005+0000] {logging_mixin.py:190} INFO - [2025-04-05T11:23:25.005+0000] {dag.py:4180} INFO - Setting next_dagrun for example_branch_dop_operator_v3 to 2025-04-05 11:22:00+00:00, run_after=2025-04-05 11:23:00+00:00
[2025-04-05T11:23:25.012+0000] {processor.py:208} INFO - Processing /home/airflow/.local/lib/python3.12/site-packages/airflow/example_dags/example_branch_python_dop_operator_3.py took 0.112 seconds
[2025-04-05T11:23:55.721+0000] {processor.py:186} INFO - Started process (PID=154) to work on /home/airflow/.local/lib/python3.12/site-packages/airflow/example_dags/example_branch_python_dop_operator_3.py
[2025-04-05T11:23:55.722+0000] {processor.py:914} INFO - Processing file /home/airflow/.local/lib/python3.12/site-packages/airflow/example_dags/example_branch_python_dop_operator_3.py for tasks to queue
[2025-04-05T11:23:55.724+0000] {logging_mixin.py:190} INFO - [2025-04-05T11:23:55.724+0000] {dagbag.py:588} INFO - Filling up the DagBag from /home/airflow/.local/lib/python3.12/site-packages/airflow/example_dags/example_branch_python_dop_operator_3.py
[2025-04-05T11:23:55.732+0000] {processor.py:925} INFO - DAG(s) 'example_branch_dop_operator_v3' retrieved from /home/airflow/.local/lib/python3.12/site-packages/airflow/example_dags/example_branch_python_dop_operator_3.py
[2025-04-05T11:23:55.747+0000] {logging_mixin.py:190} INFO - [2025-04-05T11:23:55.746+0000] {dag.py:3239} INFO - Sync 1 DAGs
[2025-04-05T11:23:55.764+0000] {logging_mixin.py:190} INFO - [2025-04-05T11:23:55.764+0000] {dag.py:4180} INFO - Setting next_dagrun for example_branch_dop_operator_v3 to 2025-04-05 11:22:00+00:00, run_after=2025-04-05 11:23:00+00:00
[2025-04-05T11:23:55.774+0000] {processor.py:208} INFO - Processing /home/airflow/.local/lib/python3.12/site-packages/airflow/example_dags/example_branch_python_dop_operator_3.py took 0.067 seconds
[2025-04-05T11:24:26.042+0000] {processor.py:186} INFO - Started process (PID=216) to work on /home/airflow/.local/lib/python3.12/site-packages/airflow/example_dags/example_branch_python_dop_operator_3.py
[2025-04-05T11:24:26.044+0000] {processor.py:914} INFO - Processing file /home/airflow/.local/lib/python3.12/site-packages/airflow/example_dags/example_branch_python_dop_operator_3.py for tasks to queue
[2025-04-05T11:24:26.045+0000] {logging_mixin.py:190} INFO - [2025-04-05T11:24:26.045+0000] {dagbag.py:588} INFO - Filling up the DagBag from /home/airflow/.local/lib/python3.12/site-packages/airflow/example_dags/example_branch_python_dop_operator_3.py
[2025-04-05T11:24:26.051+0000] {processor.py:925} INFO - DAG(s) 'example_branch_dop_operator_v3' retrieved from /home/airflow/.local/lib/python3.12/site-packages/airflow/example_dags/example_branch_python_dop_operator_3.py
[2025-04-05T11:24:26.061+0000] {logging_mixin.py:190} INFO - [2025-04-05T11:24:26.061+0000] {dag.py:3239} INFO - Sync 1 DAGs
[2025-04-05T11:24:26.073+0000] {logging_mixin.py:190} INFO - [2025-04-05T11:24:26.073+0000] {dag.py:4180} INFO - Setting next_dagrun for example_branch_dop_operator_v3 to 2025-04-05 11:23:00+00:00, run_after=2025-04-05 11:24:00+00:00
[2025-04-05T11:24:26.081+0000] {processor.py:208} INFO - Processing /home/airflow/.local/lib/python3.12/site-packages/airflow/example_dags/example_branch_python_dop_operator_3.py took 0.043 seconds
[2025-04-05T11:24:56.361+0000] {processor.py:186} INFO - Started process (PID=279) to work on /home/airflow/.local/lib/python3.12/site-packages/airflow/example_dags/example_branch_python_dop_operator_3.py
[2025-04-05T11:24:56.362+0000] {processor.py:914} INFO - Processing file /home/airflow/.local/lib/python3.12/site-packages/airflow/example_dags/example_branch_python_dop_operator_3.py for tasks to queue
[2025-04-05T11:24:56.364+0000] {logging_mixin.py:190} INFO - [2025-04-05T11:24:56.363+0000] {dagbag.py:588} INFO - Filling up the DagBag from /home/airflow/.local/lib/python3.12/site-packages/airflow/example_dags/example_branch_python_dop_operator_3.py
[2025-04-05T11:24:56.372+0000] {processor.py:925} INFO - DAG(s) 'example_branch_dop_operator_v3' retrieved from /home/airflow/.local/lib/python3.12/site-packages/airflow/example_dags/example_branch_python_dop_operator_3.py
[2025-04-05T11:24:56.383+0000] {logging_mixin.py:190} INFO - [2025-04-05T11:24:56.383+0000] {dag.py:3239} INFO - Sync 1 DAGs
[2025-04-05T11:24:56.397+0000] {logging_mixin.py:190} INFO - [2025-04-05T11:24:56.397+0000] {dag.py:4180} INFO - Setting next_dagrun for example_branch_dop_operator_v3 to 2025-04-05 11:23:00+00:00, run_after=2025-04-05 11:24:00+00:00
[2025-04-05T11:24:56.407+0000] {processor.py:208} INFO - Processing /home/airflow/.local/lib/python3.12/site-packages/airflow/example_dags/example_branch_python_dop_operator_3.py took 0.049 seconds
[2025-04-05T11:25:26.468+0000] {processor.py:186} INFO - Started process (PID=342) to work on /home/airflow/.local/lib/python3.12/site-packages/airflow/example_dags/example_branch_python_dop_operator_3.py
[2025-04-05T11:25:26.469+0000] {processor.py:914} INFO - Processing file /home/airflow/.local/lib/python3.12/site-packages/airflow/example_dags/example_branch_python_dop_operator_3.py for tasks to queue
[2025-04-05T11:25:26.471+0000] {logging_mixin.py:190} INFO - [2025-04-05T11:25:26.471+0000] {dagbag.py:588} INFO - Filling up the DagBag from /home/airflow/.local/lib/python3.12/site-packages/airflow/example_dags/example_branch_python_dop_operator_3.py
[2025-04-05T11:25:26.477+0000] {processor.py:925} INFO - DAG(s) 'example_branch_dop_operator_v3' retrieved from /home/airflow/.local/lib/python3.12/site-packages/airflow/example_dags/example_branch_python_dop_operator_3.py
[2025-04-05T11:25:26.489+0000] {logging_mixin.py:190} INFO - [2025-04-05T11:25:26.489+0000] {dag.py:3239} INFO - Sync 1 DAGs
[2025-04-05T11:25:26.501+0000] {logging_mixin.py:190} INFO - [2025-04-05T11:25:26.501+0000] {dag.py:4180} INFO - Setting next_dagrun for example_branch_dop_operator_v3 to 2025-04-05 11:24:00+00:00, run_after=2025-04-05 11:25:00+00:00
[2025-04-05T11:25:26.512+0000] {processor.py:208} INFO - Processing /home/airflow/.local/lib/python3.12/site-packages/airflow/example_dags/example_branch_python_dop_operator_3.py took 0.048 seconds
[2025-04-05T11:25:57.082+0000] {processor.py:186} INFO - Started process (PID=405) to work on /home/airflow/.local/lib/python3.12/site-packages/airflow/example_dags/example_branch_python_dop_operator_3.py
[2025-04-05T11:25:57.083+0000] {processor.py:914} INFO - Processing file /home/airflow/.local/lib/python3.12/site-packages/airflow/example_dags/example_branch_python_dop_operator_3.py for tasks to queue
[2025-04-05T11:25:57.085+0000] {logging_mixin.py:190} INFO - [2025-04-05T11:25:57.084+0000] {dagbag.py:588} INFO - Filling up the DagBag from /home/airflow/.local/lib/python3.12/site-packages/airflow/example_dags/example_branch_python_dop_operator_3.py
[2025-04-05T11:25:57.103+0000] {processor.py:925} INFO - DAG(s) 'example_branch_dop_operator_v3' retrieved from /home/airflow/.local/lib/python3.12/site-packages/airflow/example_dags/example_branch_python_dop_operator_3.py
[2025-04-05T11:25:57.122+0000] {logging_mixin.py:190} INFO - [2025-04-05T11:25:57.121+0000] {dag.py:3239} INFO - Sync 1 DAGs
[2025-04-05T11:25:57.141+0000] {logging_mixin.py:190} INFO - [2025-04-05T11:25:57.141+0000] {dag.py:4180} INFO - Setting next_dagrun for example_branch_dop_operator_v3 to 2025-04-05 11:24:00+00:00, run_after=2025-04-05 11:25:00+00:00
[2025-04-05T11:25:57.157+0000] {processor.py:208} INFO - Processing /home/airflow/.local/lib/python3.12/site-packages/airflow/example_dags/example_branch_python_dop_operator_3.py took 0.080 seconds
[2025-04-05T11:26:27.998+0000] {processor.py:186} INFO - Started process (PID=468) to work on /home/airflow/.local/lib/python3.12/site-packages/airflow/example_dags/example_branch_python_dop_operator_3.py
[2025-04-05T11:26:27.998+0000] {processor.py:914} INFO - Processing file /home/airflow/.local/lib/python3.12/site-packages/airflow/example_dags/example_branch_python_dop_operator_3.py for tasks to queue
[2025-04-05T11:26:27.999+0000] {logging_mixin.py:190} INFO - [2025-04-05T11:26:27.999+0000] {dagbag.py:588} INFO - Filling up the DagBag from /home/airflow/.local/lib/python3.12/site-packages/airflow/example_dags/example_branch_python_dop_operator_3.py
[2025-04-05T11:26:28.005+0000] {processor.py:925} INFO - DAG(s) 'example_branch_dop_operator_v3' retrieved from /home/airflow/.local/lib/python3.12/site-packages/airflow/example_dags/example_branch_python_dop_operator_3.py
[2025-04-05T11:26:28.014+0000] {logging_mixin.py:190} INFO - [2025-04-05T11:26:28.014+0000] {dag.py:3239} INFO - Sync 1 DAGs
[2025-04-05T11:26:28.029+0000] {logging_mixin.py:190} INFO - [2025-04-05T11:26:28.029+0000] {dag.py:4180} INFO - Setting next_dagrun for example_branch_dop_operator_v3 to 2025-04-05 11:25:00+00:00, run_after=2025-04-05 11:26:00+00:00
[2025-04-05T11:26:28.038+0000] {processor.py:208} INFO - Processing /home/airflow/.local/lib/python3.12/site-packages/airflow/example_dags/example_branch_python_dop_operator_3.py took 0.043 seconds
[2025-04-05T11:26:58.518+0000] {processor.py:186} INFO - Started process (PID=531) to work on /home/airflow/.local/lib/python3.12/site-packages/airflow/example_dags/example_branch_python_dop_operator_3.py
[2025-04-05T11:26:58.519+0000] {processor.py:914} INFO - Processing file /home/airflow/.local/lib/python3.12/site-packages/airflow/example_dags/example_branch_python_dop_operator_3.py for tasks to queue
[2025-04-05T11:26:58.521+0000] {logging_mixin.py:190} INFO - [2025-04-05T11:26:58.520+0000] {dagbag.py:588} INFO - Filling up the DagBag from /home/airflow/.local/lib/python3.12/site-packages/airflow/example_dags/example_branch_python_dop_operator_3.py
[2025-04-05T11:26:58.527+0000] {processor.py:925} INFO - DAG(s) 'example_branch_dop_operator_v3' retrieved from /home/airflow/.local/lib/python3.12/site-packages/airflow/example_dags/example_branch_python_dop_operator_3.py
[2025-04-05T11:26:58.538+0000] {logging_mixin.py:190} INFO - [2025-04-05T11:26:58.538+0000] {dag.py:3239} INFO - Sync 1 DAGs
[2025-04-05T11:26:58.551+0000] {logging_mixin.py:190} INFO - [2025-04-05T11:26:58.551+0000] {dag.py:4180} INFO - Setting next_dagrun for example_branch_dop_operator_v3 to 2025-04-05 11:25:00+00:00, run_after=2025-04-05 11:26:00+00:00
[2025-04-05T11:26:58.561+0000] {processor.py:208} INFO - Processing /home/airflow/.local/lib/python3.12/site-packages/airflow/example_dags/example_branch_python_dop_operator_3.py took 0.047 seconds
[2025-04-05T11:31:58.901+0000] {processor.py:186} INFO - Started process (PID=92) to work on /home/airflow/.local/lib/python3.12/site-packages/airflow/example_dags/example_branch_python_dop_operator_3.py
[2025-04-05T11:31:58.902+0000] {processor.py:914} INFO - Processing file /home/airflow/.local/lib/python3.12/site-packages/airflow/example_dags/example_branch_python_dop_operator_3.py for tasks to queue
[2025-04-05T11:31:58.904+0000] {logging_mixin.py:190} INFO - [2025-04-05T11:31:58.904+0000] {dagbag.py:588} INFO - Filling up the DagBag from /home/airflow/.local/lib/python3.12/site-packages/airflow/example_dags/example_branch_python_dop_operator_3.py
[2025-04-05T11:31:58.917+0000] {processor.py:925} INFO - DAG(s) 'example_branch_dop_operator_v3' retrieved from /home/airflow/.local/lib/python3.12/site-packages/airflow/example_dags/example_branch_python_dop_operator_3.py
[2025-04-05T11:31:58.947+0000] {logging_mixin.py:190} INFO - [2025-04-05T11:31:58.946+0000] {dag.py:3239} INFO - Sync 1 DAGs
[2025-04-05T11:31:58.964+0000] {logging_mixin.py:190} INFO - [2025-04-05T11:31:58.964+0000] {dag.py:4180} INFO - Setting next_dagrun for example_branch_dop_operator_v3 to 2025-04-05 11:30:00+00:00, run_after=2025-04-05 11:31:00+00:00
[2025-04-05T11:31:58.975+0000] {processor.py:208} INFO - Processing /home/airflow/.local/lib/python3.12/site-packages/airflow/example_dags/example_branch_python_dop_operator_3.py took 0.079 seconds
[2025-04-05T11:32:29.025+0000] {processor.py:186} INFO - Started process (PID=154) to work on /home/airflow/.local/lib/python3.12/site-packages/airflow/example_dags/example_branch_python_dop_operator_3.py
[2025-04-05T11:32:29.026+0000] {processor.py:914} INFO - Processing file /home/airflow/.local/lib/python3.12/site-packages/airflow/example_dags/example_branch_python_dop_operator_3.py for tasks to queue
[2025-04-05T11:32:29.027+0000] {logging_mixin.py:190} INFO - [2025-04-05T11:32:29.027+0000] {dagbag.py:588} INFO - Filling up the DagBag from /home/airflow/.local/lib/python3.12/site-packages/airflow/example_dags/example_branch_python_dop_operator_3.py
[2025-04-05T11:32:29.033+0000] {processor.py:925} INFO - DAG(s) 'example_branch_dop_operator_v3' retrieved from /home/airflow/.local/lib/python3.12/site-packages/airflow/example_dags/example_branch_python_dop_operator_3.py
[2025-04-05T11:32:29.049+0000] {logging_mixin.py:190} INFO - [2025-04-05T11:32:29.049+0000] {dag.py:3239} INFO - Sync 1 DAGs
[2025-04-05T11:32:29.062+0000] {logging_mixin.py:190} INFO - [2025-04-05T11:32:29.062+0000] {dag.py:4180} INFO - Setting next_dagrun for example_branch_dop_operator_v3 to 2025-04-05 11:31:00+00:00, run_after=2025-04-05 11:32:00+00:00
[2025-04-05T11:32:29.071+0000] {processor.py:208} INFO - Processing /home/airflow/.local/lib/python3.12/site-packages/airflow/example_dags/example_branch_python_dop_operator_3.py took 0.048 seconds
[2025-04-05T11:39:07.432+0000] {processor.py:186} INFO - Started process (PID=97) to work on /home/airflow/.local/lib/python3.12/site-packages/airflow/example_dags/example_branch_python_dop_operator_3.py
[2025-04-05T11:39:07.435+0000] {processor.py:914} INFO - Processing file /home/airflow/.local/lib/python3.12/site-packages/airflow/example_dags/example_branch_python_dop_operator_3.py for tasks to queue
[2025-04-05T11:39:07.438+0000] {logging_mixin.py:190} INFO - [2025-04-05T11:39:07.438+0000] {dagbag.py:588} INFO - Filling up the DagBag from /home/airflow/.local/lib/python3.12/site-packages/airflow/example_dags/example_branch_python_dop_operator_3.py
[2025-04-05T11:39:07.465+0000] {processor.py:925} INFO - DAG(s) 'example_branch_dop_operator_v3' retrieved from /home/airflow/.local/lib/python3.12/site-packages/airflow/example_dags/example_branch_python_dop_operator_3.py
[2025-04-05T11:39:07.493+0000] {logging_mixin.py:190} INFO - [2025-04-05T11:39:07.493+0000] {dag.py:3239} INFO - Sync 1 DAGs
[2025-04-05T11:39:07.518+0000] {logging_mixin.py:190} INFO - [2025-04-05T11:39:07.518+0000] {dag.py:4180} INFO - Setting next_dagrun for example_branch_dop_operator_v3 to 2025-04-05 11:38:00+00:00, run_after=2025-04-05 11:39:00+00:00
[2025-04-05T11:39:07.545+0000] {processor.py:208} INFO - Processing /home/airflow/.local/lib/python3.12/site-packages/airflow/example_dags/example_branch_python_dop_operator_3.py took 0.122 seconds
[2025-04-05T11:39:38.718+0000] {processor.py:186} INFO - Started process (PID=160) to work on /home/airflow/.local/lib/python3.12/site-packages/airflow/example_dags/example_branch_python_dop_operator_3.py
[2025-04-05T11:39:38.725+0000] {processor.py:914} INFO - Processing file /home/airflow/.local/lib/python3.12/site-packages/airflow/example_dags/example_branch_python_dop_operator_3.py for tasks to queue
[2025-04-05T11:39:38.738+0000] {logging_mixin.py:190} INFO - [2025-04-05T11:39:38.736+0000] {dagbag.py:588} INFO - Filling up the DagBag from /home/airflow/.local/lib/python3.12/site-packages/airflow/example_dags/example_branch_python_dop_operator_3.py
[2025-04-05T11:39:38.785+0000] {processor.py:925} INFO - DAG(s) 'example_branch_dop_operator_v3' retrieved from /home/airflow/.local/lib/python3.12/site-packages/airflow/example_dags/example_branch_python_dop_operator_3.py
[2025-04-05T11:39:38.821+0000] {logging_mixin.py:190} INFO - [2025-04-05T11:39:38.821+0000] {dag.py:3239} INFO - Sync 1 DAGs
[2025-04-05T11:39:38.853+0000] {logging_mixin.py:190} INFO - [2025-04-05T11:39:38.853+0000] {dag.py:4180} INFO - Setting next_dagrun for example_branch_dop_operator_v3 to 2025-04-05 11:38:00+00:00, run_after=2025-04-05 11:39:00+00:00
[2025-04-05T11:39:38.869+0000] {processor.py:208} INFO - Processing /home/airflow/.local/lib/python3.12/site-packages/airflow/example_dags/example_branch_python_dop_operator_3.py took 0.168 seconds
[2025-04-05T11:40:08.959+0000] {processor.py:186} INFO - Started process (PID=223) to work on /home/airflow/.local/lib/python3.12/site-packages/airflow/example_dags/example_branch_python_dop_operator_3.py
[2025-04-05T11:40:08.960+0000] {processor.py:914} INFO - Processing file /home/airflow/.local/lib/python3.12/site-packages/airflow/example_dags/example_branch_python_dop_operator_3.py for tasks to queue
[2025-04-05T11:40:08.962+0000] {logging_mixin.py:190} INFO - [2025-04-05T11:40:08.962+0000] {dagbag.py:588} INFO - Filling up the DagBag from /home/airflow/.local/lib/python3.12/site-packages/airflow/example_dags/example_branch_python_dop_operator_3.py
[2025-04-05T11:40:08.970+0000] {processor.py:925} INFO - DAG(s) 'example_branch_dop_operator_v3' retrieved from /home/airflow/.local/lib/python3.12/site-packages/airflow/example_dags/example_branch_python_dop_operator_3.py
[2025-04-05T11:40:08.985+0000] {logging_mixin.py:190} INFO - [2025-04-05T11:40:08.985+0000] {dag.py:3239} INFO - Sync 1 DAGs
[2025-04-05T11:40:08.998+0000] {logging_mixin.py:190} INFO - [2025-04-05T11:40:08.998+0000] {dag.py:4180} INFO - Setting next_dagrun for example_branch_dop_operator_v3 to 2025-04-05 11:39:00+00:00, run_after=2025-04-05 11:40:00+00:00
[2025-04-05T11:40:09.007+0000] {processor.py:208} INFO - Processing /home/airflow/.local/lib/python3.12/site-packages/airflow/example_dags/example_branch_python_dop_operator_3.py took 0.054 seconds
[2025-04-05T11:40:39.122+0000] {processor.py:186} INFO - Started process (PID=285) to work on /home/airflow/.local/lib/python3.12/site-packages/airflow/example_dags/example_branch_python_dop_operator_3.py
[2025-04-05T11:40:39.124+0000] {processor.py:914} INFO - Processing file /home/airflow/.local/lib/python3.12/site-packages/airflow/example_dags/example_branch_python_dop_operator_3.py for tasks to queue
[2025-04-05T11:40:39.129+0000] {logging_mixin.py:190} INFO - [2025-04-05T11:40:39.129+0000] {dagbag.py:588} INFO - Filling up the DagBag from /home/airflow/.local/lib/python3.12/site-packages/airflow/example_dags/example_branch_python_dop_operator_3.py
[2025-04-05T11:40:39.141+0000] {processor.py:925} INFO - DAG(s) 'example_branch_dop_operator_v3' retrieved from /home/airflow/.local/lib/python3.12/site-packages/airflow/example_dags/example_branch_python_dop_operator_3.py
[2025-04-05T11:40:39.161+0000] {logging_mixin.py:190} INFO - [2025-04-05T11:40:39.161+0000] {dag.py:3239} INFO - Sync 1 DAGs
[2025-04-05T11:40:39.182+0000] {logging_mixin.py:190} INFO - [2025-04-05T11:40:39.182+0000] {dag.py:4180} INFO - Setting next_dagrun for example_branch_dop_operator_v3 to 2025-04-05 11:39:00+00:00, run_after=2025-04-05 11:40:00+00:00
[2025-04-05T11:40:39.198+0000] {processor.py:208} INFO - Processing /home/airflow/.local/lib/python3.12/site-packages/airflow/example_dags/example_branch_python_dop_operator_3.py took 0.080 seconds
[2025-04-05T11:41:09.711+0000] {processor.py:186} INFO - Started process (PID=348) to work on /home/airflow/.local/lib/python3.12/site-packages/airflow/example_dags/example_branch_python_dop_operator_3.py
[2025-04-05T11:41:09.716+0000] {processor.py:914} INFO - Processing file /home/airflow/.local/lib/python3.12/site-packages/airflow/example_dags/example_branch_python_dop_operator_3.py for tasks to queue
[2025-04-05T11:41:09.720+0000] {logging_mixin.py:190} INFO - [2025-04-05T11:41:09.719+0000] {dagbag.py:588} INFO - Filling up the DagBag from /home/airflow/.local/lib/python3.12/site-packages/airflow/example_dags/example_branch_python_dop_operator_3.py
[2025-04-05T11:41:09.731+0000] {processor.py:925} INFO - DAG(s) 'example_branch_dop_operator_v3' retrieved from /home/airflow/.local/lib/python3.12/site-packages/airflow/example_dags/example_branch_python_dop_operator_3.py
[2025-04-05T11:41:09.752+0000] {logging_mixin.py:190} INFO - [2025-04-05T11:41:09.751+0000] {dag.py:3239} INFO - Sync 1 DAGs
[2025-04-05T11:41:09.772+0000] {logging_mixin.py:190} INFO - [2025-04-05T11:41:09.772+0000] {dag.py:4180} INFO - Setting next_dagrun for example_branch_dop_operator_v3 to 2025-04-05 11:40:00+00:00, run_after=2025-04-05 11:41:00+00:00
[2025-04-05T11:41:09.784+0000] {processor.py:208} INFO - Processing /home/airflow/.local/lib/python3.12/site-packages/airflow/example_dags/example_branch_python_dop_operator_3.py took 0.078 seconds
[2025-04-05T11:41:40.308+0000] {processor.py:186} INFO - Started process (PID=411) to work on /home/airflow/.local/lib/python3.12/site-packages/airflow/example_dags/example_branch_python_dop_operator_3.py
[2025-04-05T11:41:40.310+0000] {processor.py:914} INFO - Processing file /home/airflow/.local/lib/python3.12/site-packages/airflow/example_dags/example_branch_python_dop_operator_3.py for tasks to queue
[2025-04-05T11:41:40.311+0000] {logging_mixin.py:190} INFO - [2025-04-05T11:41:40.311+0000] {dagbag.py:588} INFO - Filling up the DagBag from /home/airflow/.local/lib/python3.12/site-packages/airflow/example_dags/example_branch_python_dop_operator_3.py
[2025-04-05T11:41:40.322+0000] {processor.py:925} INFO - DAG(s) 'example_branch_dop_operator_v3' retrieved from /home/airflow/.local/lib/python3.12/site-packages/airflow/example_dags/example_branch_python_dop_operator_3.py
[2025-04-05T11:41:40.339+0000] {logging_mixin.py:190} INFO - [2025-04-05T11:41:40.339+0000] {dag.py:3239} INFO - Sync 1 DAGs
[2025-04-05T11:41:40.356+0000] {logging_mixin.py:190} INFO - [2025-04-05T11:41:40.356+0000] {dag.py:4180} INFO - Setting next_dagrun for example_branch_dop_operator_v3 to 2025-04-05 11:40:00+00:00, run_after=2025-04-05 11:41:00+00:00
[2025-04-05T11:41:40.366+0000] {processor.py:208} INFO - Processing /home/airflow/.local/lib/python3.12/site-packages/airflow/example_dags/example_branch_python_dop_operator_3.py took 0.063 seconds
[2025-04-05T11:42:10.436+0000] {processor.py:186} INFO - Started process (PID=474) to work on /home/airflow/.local/lib/python3.12/site-packages/airflow/example_dags/example_branch_python_dop_operator_3.py
[2025-04-05T11:42:10.437+0000] {processor.py:914} INFO - Processing file /home/airflow/.local/lib/python3.12/site-packages/airflow/example_dags/example_branch_python_dop_operator_3.py for tasks to queue
[2025-04-05T11:42:10.440+0000] {logging_mixin.py:190} INFO - [2025-04-05T11:42:10.440+0000] {dagbag.py:588} INFO - Filling up the DagBag from /home/airflow/.local/lib/python3.12/site-packages/airflow/example_dags/example_branch_python_dop_operator_3.py
[2025-04-05T11:42:10.451+0000] {processor.py:925} INFO - DAG(s) 'example_branch_dop_operator_v3' retrieved from /home/airflow/.local/lib/python3.12/site-packages/airflow/example_dags/example_branch_python_dop_operator_3.py
[2025-04-05T11:42:10.474+0000] {logging_mixin.py:190} INFO - [2025-04-05T11:42:10.474+0000] {dag.py:3239} INFO - Sync 1 DAGs
[2025-04-05T11:42:10.494+0000] {logging_mixin.py:190} INFO - [2025-04-05T11:42:10.494+0000] {dag.py:4180} INFO - Setting next_dagrun for example_branch_dop_operator_v3 to 2025-04-05 11:41:00+00:00, run_after=2025-04-05 11:42:00+00:00
[2025-04-05T11:42:10.525+0000] {processor.py:208} INFO - Processing /home/airflow/.local/lib/python3.12/site-packages/airflow/example_dags/example_branch_python_dop_operator_3.py took 0.104 seconds
[2025-04-05T11:42:41.109+0000] {processor.py:186} INFO - Started process (PID=537) to work on /home/airflow/.local/lib/python3.12/site-packages/airflow/example_dags/example_branch_python_dop_operator_3.py
[2025-04-05T11:42:41.113+0000] {processor.py:914} INFO - Processing file /home/airflow/.local/lib/python3.12/site-packages/airflow/example_dags/example_branch_python_dop_operator_3.py for tasks to queue
[2025-04-05T11:42:41.114+0000] {logging_mixin.py:190} INFO - [2025-04-05T11:42:41.114+0000] {dagbag.py:588} INFO - Filling up the DagBag from /home/airflow/.local/lib/python3.12/site-packages/airflow/example_dags/example_branch_python_dop_operator_3.py
[2025-04-05T11:42:41.122+0000] {processor.py:925} INFO - DAG(s) 'example_branch_dop_operator_v3' retrieved from /home/airflow/.local/lib/python3.12/site-packages/airflow/example_dags/example_branch_python_dop_operator_3.py
[2025-04-05T11:42:41.136+0000] {logging_mixin.py:190} INFO - [2025-04-05T11:42:41.136+0000] {dag.py:3239} INFO - Sync 1 DAGs
[2025-04-05T11:42:41.154+0000] {logging_mixin.py:190} INFO - [2025-04-05T11:42:41.154+0000] {dag.py:4180} INFO - Setting next_dagrun for example_branch_dop_operator_v3 to 2025-04-05 11:41:00+00:00, run_after=2025-04-05 11:42:00+00:00
[2025-04-05T11:42:41.167+0000] {processor.py:208} INFO - Processing /home/airflow/.local/lib/python3.12/site-packages/airflow/example_dags/example_branch_python_dop_operator_3.py took 0.063 seconds
[2025-04-05T11:44:50.945+0000] {processor.py:186} INFO - Started process (PID=91) to work on /home/airflow/.local/lib/python3.12/site-packages/airflow/example_dags/example_branch_python_dop_operator_3.py
[2025-04-05T11:44:50.948+0000] {processor.py:914} INFO - Processing file /home/airflow/.local/lib/python3.12/site-packages/airflow/example_dags/example_branch_python_dop_operator_3.py for tasks to queue
[2025-04-05T11:44:50.950+0000] {logging_mixin.py:190} INFO - [2025-04-05T11:44:50.950+0000] {dagbag.py:588} INFO - Filling up the DagBag from /home/airflow/.local/lib/python3.12/site-packages/airflow/example_dags/example_branch_python_dop_operator_3.py
[2025-04-05T11:44:50.964+0000] {processor.py:925} INFO - DAG(s) 'example_branch_dop_operator_v3' retrieved from /home/airflow/.local/lib/python3.12/site-packages/airflow/example_dags/example_branch_python_dop_operator_3.py
[2025-04-05T11:44:50.991+0000] {logging_mixin.py:190} INFO - [2025-04-05T11:44:50.991+0000] {dag.py:3239} INFO - Sync 1 DAGs
[2025-04-05T11:44:51.028+0000] {logging_mixin.py:190} INFO - [2025-04-05T11:44:51.028+0000] {dag.py:4180} INFO - Setting next_dagrun for example_branch_dop_operator_v3 to 2025-04-05 11:43:00+00:00, run_after=2025-04-05 11:44:00+00:00
[2025-04-05T11:44:51.049+0000] {processor.py:208} INFO - Processing /home/airflow/.local/lib/python3.12/site-packages/airflow/example_dags/example_branch_python_dop_operator_3.py took 0.120 seconds
[2025-04-05T11:45:21.720+0000] {processor.py:186} INFO - Started process (PID=154) to work on /home/airflow/.local/lib/python3.12/site-packages/airflow/example_dags/example_branch_python_dop_operator_3.py
[2025-04-05T11:45:21.721+0000] {processor.py:914} INFO - Processing file /home/airflow/.local/lib/python3.12/site-packages/airflow/example_dags/example_branch_python_dop_operator_3.py for tasks to queue
[2025-04-05T11:45:21.722+0000] {logging_mixin.py:190} INFO - [2025-04-05T11:45:21.722+0000] {dagbag.py:588} INFO - Filling up the DagBag from /home/airflow/.local/lib/python3.12/site-packages/airflow/example_dags/example_branch_python_dop_operator_3.py
[2025-04-05T11:45:21.729+0000] {processor.py:925} INFO - DAG(s) 'example_branch_dop_operator_v3' retrieved from /home/airflow/.local/lib/python3.12/site-packages/airflow/example_dags/example_branch_python_dop_operator_3.py
[2025-04-05T11:45:21.741+0000] {logging_mixin.py:190} INFO - [2025-04-05T11:45:21.740+0000] {dag.py:3239} INFO - Sync 1 DAGs
[2025-04-05T11:45:21.765+0000] {logging_mixin.py:190} INFO - [2025-04-05T11:45:21.765+0000] {dag.py:4180} INFO - Setting next_dagrun for example_branch_dop_operator_v3 to 2025-04-05 11:44:00+00:00, run_after=2025-04-05 11:45:00+00:00
[2025-04-05T11:45:21.778+0000] {processor.py:208} INFO - Processing /home/airflow/.local/lib/python3.12/site-packages/airflow/example_dags/example_branch_python_dop_operator_3.py took 0.063 seconds
[2025-04-05T11:45:52.597+0000] {processor.py:186} INFO - Started process (PID=217) to work on /home/airflow/.local/lib/python3.12/site-packages/airflow/example_dags/example_branch_python_dop_operator_3.py
[2025-04-05T11:45:52.599+0000] {processor.py:914} INFO - Processing file /home/airflow/.local/lib/python3.12/site-packages/airflow/example_dags/example_branch_python_dop_operator_3.py for tasks to queue
[2025-04-05T11:45:52.601+0000] {logging_mixin.py:190} INFO - [2025-04-05T11:45:52.601+0000] {dagbag.py:588} INFO - Filling up the DagBag from /home/airflow/.local/lib/python3.12/site-packages/airflow/example_dags/example_branch_python_dop_operator_3.py
[2025-04-05T11:45:52.608+0000] {processor.py:925} INFO - DAG(s) 'example_branch_dop_operator_v3' retrieved from /home/airflow/.local/lib/python3.12/site-packages/airflow/example_dags/example_branch_python_dop_operator_3.py
[2025-04-05T11:45:52.624+0000] {logging_mixin.py:190} INFO - [2025-04-05T11:45:52.624+0000] {dag.py:3239} INFO - Sync 1 DAGs
[2025-04-05T11:45:52.640+0000] {logging_mixin.py:190} INFO - [2025-04-05T11:45:52.640+0000] {dag.py:4180} INFO - Setting next_dagrun for example_branch_dop_operator_v3 to 2025-04-05 11:44:00+00:00, run_after=2025-04-05 11:45:00+00:00
[2025-04-05T11:45:52.648+0000] {processor.py:208} INFO - Processing /home/airflow/.local/lib/python3.12/site-packages/airflow/example_dags/example_branch_python_dop_operator_3.py took 0.055 seconds
[2025-04-05T11:46:23.212+0000] {processor.py:186} INFO - Started process (PID=281) to work on /home/airflow/.local/lib/python3.12/site-packages/airflow/example_dags/example_branch_python_dop_operator_3.py
[2025-04-05T11:46:23.213+0000] {processor.py:914} INFO - Processing file /home/airflow/.local/lib/python3.12/site-packages/airflow/example_dags/example_branch_python_dop_operator_3.py for tasks to queue
[2025-04-05T11:46:23.217+0000] {logging_mixin.py:190} INFO - [2025-04-05T11:46:23.217+0000] {dagbag.py:588} INFO - Filling up the DagBag from /home/airflow/.local/lib/python3.12/site-packages/airflow/example_dags/example_branch_python_dop_operator_3.py
[2025-04-05T11:46:23.230+0000] {processor.py:925} INFO - DAG(s) 'example_branch_dop_operator_v3' retrieved from /home/airflow/.local/lib/python3.12/site-packages/airflow/example_dags/example_branch_python_dop_operator_3.py
[2025-04-05T11:46:23.246+0000] {logging_mixin.py:190} INFO - [2025-04-05T11:46:23.246+0000] {dag.py:3239} INFO - Sync 1 DAGs
[2025-04-05T11:46:23.285+0000] {logging_mixin.py:190} INFO - [2025-04-05T11:46:23.284+0000] {dag.py:4180} INFO - Setting next_dagrun for example_branch_dop_operator_v3 to 2025-04-05 11:45:00+00:00, run_after=2025-04-05 11:46:00+00:00
[2025-04-05T11:46:23.303+0000] {processor.py:208} INFO - Processing /home/airflow/.local/lib/python3.12/site-packages/airflow/example_dags/example_branch_python_dop_operator_3.py took 0.096 seconds
[2025-04-05T11:46:53.950+0000] {processor.py:186} INFO - Started process (PID=344) to work on /home/airflow/.local/lib/python3.12/site-packages/airflow/example_dags/example_branch_python_dop_operator_3.py
[2025-04-05T11:46:53.951+0000] {processor.py:914} INFO - Processing file /home/airflow/.local/lib/python3.12/site-packages/airflow/example_dags/example_branch_python_dop_operator_3.py for tasks to queue
[2025-04-05T11:46:53.952+0000] {logging_mixin.py:190} INFO - [2025-04-05T11:46:53.952+0000] {dagbag.py:588} INFO - Filling up the DagBag from /home/airflow/.local/lib/python3.12/site-packages/airflow/example_dags/example_branch_python_dop_operator_3.py
[2025-04-05T11:46:53.958+0000] {processor.py:925} INFO - DAG(s) 'example_branch_dop_operator_v3' retrieved from /home/airflow/.local/lib/python3.12/site-packages/airflow/example_dags/example_branch_python_dop_operator_3.py
[2025-04-05T11:46:53.974+0000] {logging_mixin.py:190} INFO - [2025-04-05T11:46:53.974+0000] {dag.py:3239} INFO - Sync 1 DAGs
[2025-04-05T11:46:53.991+0000] {logging_mixin.py:190} INFO - [2025-04-05T11:46:53.991+0000] {dag.py:4180} INFO - Setting next_dagrun for example_branch_dop_operator_v3 to 2025-04-05 11:45:00+00:00, run_after=2025-04-05 11:46:00+00:00
[2025-04-05T11:46:54.001+0000] {processor.py:208} INFO - Processing /home/airflow/.local/lib/python3.12/site-packages/airflow/example_dags/example_branch_python_dop_operator_3.py took 0.055 seconds
[2025-04-05T11:47:24.021+0000] {processor.py:186} INFO - Started process (PID=407) to work on /home/airflow/.local/lib/python3.12/site-packages/airflow/example_dags/example_branch_python_dop_operator_3.py
[2025-04-05T11:47:24.022+0000] {processor.py:914} INFO - Processing file /home/airflow/.local/lib/python3.12/site-packages/airflow/example_dags/example_branch_python_dop_operator_3.py for tasks to queue
[2025-04-05T11:47:24.025+0000] {logging_mixin.py:190} INFO - [2025-04-05T11:47:24.025+0000] {dagbag.py:588} INFO - Filling up the DagBag from /home/airflow/.local/lib/python3.12/site-packages/airflow/example_dags/example_branch_python_dop_operator_3.py
[2025-04-05T11:47:24.031+0000] {processor.py:925} INFO - DAG(s) 'example_branch_dop_operator_v3' retrieved from /home/airflow/.local/lib/python3.12/site-packages/airflow/example_dags/example_branch_python_dop_operator_3.py
[2025-04-05T11:47:24.047+0000] {logging_mixin.py:190} INFO - [2025-04-05T11:47:24.047+0000] {dag.py:3239} INFO - Sync 1 DAGs
[2025-04-05T11:47:24.063+0000] {logging_mixin.py:190} INFO - [2025-04-05T11:47:24.062+0000] {dag.py:4180} INFO - Setting next_dagrun for example_branch_dop_operator_v3 to 2025-04-05 11:46:00+00:00, run_after=2025-04-05 11:47:00+00:00
[2025-04-05T11:47:24.074+0000] {processor.py:208} INFO - Processing /home/airflow/.local/lib/python3.12/site-packages/airflow/example_dags/example_branch_python_dop_operator_3.py took 0.058 seconds
[2025-04-05T11:50:04.448+0000] {processor.py:186} INFO - Started process (PID=99) to work on /home/airflow/.local/lib/python3.12/site-packages/airflow/example_dags/example_branch_python_dop_operator_3.py
[2025-04-05T11:50:04.451+0000] {processor.py:914} INFO - Processing file /home/airflow/.local/lib/python3.12/site-packages/airflow/example_dags/example_branch_python_dop_operator_3.py for tasks to queue
[2025-04-05T11:50:04.453+0000] {logging_mixin.py:190} INFO - [2025-04-05T11:50:04.453+0000] {dagbag.py:588} INFO - Filling up the DagBag from /home/airflow/.local/lib/python3.12/site-packages/airflow/example_dags/example_branch_python_dop_operator_3.py
[2025-04-05T11:50:04.484+0000] {processor.py:925} INFO - DAG(s) 'example_branch_dop_operator_v3' retrieved from /home/airflow/.local/lib/python3.12/site-packages/airflow/example_dags/example_branch_python_dop_operator_3.py
[2025-04-05T11:50:04.543+0000] {logging_mixin.py:190} INFO - [2025-04-05T11:50:04.542+0000] {dag.py:3239} INFO - Sync 1 DAGs
[2025-04-05T11:50:04.585+0000] {logging_mixin.py:190} INFO - [2025-04-05T11:50:04.585+0000] {dag.py:4180} INFO - Setting next_dagrun for example_branch_dop_operator_v3 to 2025-04-05 11:49:00+00:00, run_after=2025-04-05 11:50:00+00:00
[2025-04-05T11:50:04.607+0000] {processor.py:208} INFO - Processing /home/airflow/.local/lib/python3.12/site-packages/airflow/example_dags/example_branch_python_dop_operator_3.py took 0.172 seconds
[2025-04-05T11:50:34.867+0000] {processor.py:186} INFO - Started process (PID=162) to work on /home/airflow/.local/lib/python3.12/site-packages/airflow/example_dags/example_branch_python_dop_operator_3.py
[2025-04-05T11:50:34.869+0000] {processor.py:914} INFO - Processing file /home/airflow/.local/lib/python3.12/site-packages/airflow/example_dags/example_branch_python_dop_operator_3.py for tasks to queue
[2025-04-05T11:50:34.872+0000] {logging_mixin.py:190} INFO - [2025-04-05T11:50:34.872+0000] {dagbag.py:588} INFO - Filling up the DagBag from /home/airflow/.local/lib/python3.12/site-packages/airflow/example_dags/example_branch_python_dop_operator_3.py
[2025-04-05T11:50:34.885+0000] {processor.py:925} INFO - DAG(s) 'example_branch_dop_operator_v3' retrieved from /home/airflow/.local/lib/python3.12/site-packages/airflow/example_dags/example_branch_python_dop_operator_3.py
[2025-04-05T11:50:34.898+0000] {logging_mixin.py:190} INFO - [2025-04-05T11:50:34.898+0000] {dag.py:3239} INFO - Sync 1 DAGs
[2025-04-05T11:50:34.913+0000] {logging_mixin.py:190} INFO - [2025-04-05T11:50:34.912+0000] {dag.py:4180} INFO - Setting next_dagrun for example_branch_dop_operator_v3 to 2025-04-05 11:49:00+00:00, run_after=2025-04-05 11:50:00+00:00
[2025-04-05T11:50:34.922+0000] {processor.py:208} INFO - Processing /home/airflow/.local/lib/python3.12/site-packages/airflow/example_dags/example_branch_python_dop_operator_3.py took 0.059 seconds
[2025-04-05T11:51:05.904+0000] {processor.py:186} INFO - Started process (PID=226) to work on /home/airflow/.local/lib/python3.12/site-packages/airflow/example_dags/example_branch_python_dop_operator_3.py
[2025-04-05T11:51:05.905+0000] {processor.py:914} INFO - Processing file /home/airflow/.local/lib/python3.12/site-packages/airflow/example_dags/example_branch_python_dop_operator_3.py for tasks to queue
[2025-04-05T11:51:05.906+0000] {logging_mixin.py:190} INFO - [2025-04-05T11:51:05.906+0000] {dagbag.py:588} INFO - Filling up the DagBag from /home/airflow/.local/lib/python3.12/site-packages/airflow/example_dags/example_branch_python_dop_operator_3.py
[2025-04-05T11:51:05.924+0000] {processor.py:925} INFO - DAG(s) 'example_branch_dop_operator_v3' retrieved from /home/airflow/.local/lib/python3.12/site-packages/airflow/example_dags/example_branch_python_dop_operator_3.py
[2025-04-05T11:51:05.949+0000] {logging_mixin.py:190} INFO - [2025-04-05T11:51:05.949+0000] {dag.py:3239} INFO - Sync 1 DAGs
[2025-04-05T11:51:05.968+0000] {logging_mixin.py:190} INFO - [2025-04-05T11:51:05.968+0000] {dag.py:4180} INFO - Setting next_dagrun for example_branch_dop_operator_v3 to 2025-04-05 11:50:00+00:00, run_after=2025-04-05 11:51:00+00:00
[2025-04-05T11:51:05.979+0000] {processor.py:208} INFO - Processing /home/airflow/.local/lib/python3.12/site-packages/airflow/example_dags/example_branch_python_dop_operator_3.py took 0.078 seconds
[2025-04-05T11:51:36.063+0000] {processor.py:186} INFO - Started process (PID=289) to work on /home/airflow/.local/lib/python3.12/site-packages/airflow/example_dags/example_branch_python_dop_operator_3.py
[2025-04-05T11:51:36.064+0000] {processor.py:914} INFO - Processing file /home/airflow/.local/lib/python3.12/site-packages/airflow/example_dags/example_branch_python_dop_operator_3.py for tasks to queue
[2025-04-05T11:51:36.065+0000] {logging_mixin.py:190} INFO - [2025-04-05T11:51:36.065+0000] {dagbag.py:588} INFO - Filling up the DagBag from /home/airflow/.local/lib/python3.12/site-packages/airflow/example_dags/example_branch_python_dop_operator_3.py
[2025-04-05T11:51:36.072+0000] {processor.py:925} INFO - DAG(s) 'example_branch_dop_operator_v3' retrieved from /home/airflow/.local/lib/python3.12/site-packages/airflow/example_dags/example_branch_python_dop_operator_3.py
[2025-04-05T11:51:36.089+0000] {logging_mixin.py:190} INFO - [2025-04-05T11:51:36.088+0000] {dag.py:3239} INFO - Sync 1 DAGs
[2025-04-05T11:51:36.101+0000] {logging_mixin.py:190} INFO - [2025-04-05T11:51:36.101+0000] {dag.py:4180} INFO - Setting next_dagrun for example_branch_dop_operator_v3 to 2025-04-05 11:50:00+00:00, run_after=2025-04-05 11:51:00+00:00
[2025-04-05T11:51:36.110+0000] {processor.py:208} INFO - Processing /home/airflow/.local/lib/python3.12/site-packages/airflow/example_dags/example_branch_python_dop_operator_3.py took 0.053 seconds
[2025-04-05T11:52:06.315+0000] {processor.py:186} INFO - Started process (PID=353) to work on /home/airflow/.local/lib/python3.12/site-packages/airflow/example_dags/example_branch_python_dop_operator_3.py
[2025-04-05T11:52:06.316+0000] {processor.py:914} INFO - Processing file /home/airflow/.local/lib/python3.12/site-packages/airflow/example_dags/example_branch_python_dop_operator_3.py for tasks to queue
[2025-04-05T11:52:06.318+0000] {logging_mixin.py:190} INFO - [2025-04-05T11:52:06.317+0000] {dagbag.py:588} INFO - Filling up the DagBag from /home/airflow/.local/lib/python3.12/site-packages/airflow/example_dags/example_branch_python_dop_operator_3.py
[2025-04-05T11:52:06.325+0000] {processor.py:925} INFO - DAG(s) 'example_branch_dop_operator_v3' retrieved from /home/airflow/.local/lib/python3.12/site-packages/airflow/example_dags/example_branch_python_dop_operator_3.py
[2025-04-05T11:52:06.344+0000] {logging_mixin.py:190} INFO - [2025-04-05T11:52:06.343+0000] {dag.py:3239} INFO - Sync 1 DAGs
[2025-04-05T11:52:06.360+0000] {logging_mixin.py:190} INFO - [2025-04-05T11:52:06.360+0000] {dag.py:4180} INFO - Setting next_dagrun for example_branch_dop_operator_v3 to 2025-04-05 11:51:00+00:00, run_after=2025-04-05 11:52:00+00:00
[2025-04-05T11:52:06.373+0000] {processor.py:208} INFO - Processing /home/airflow/.local/lib/python3.12/site-packages/airflow/example_dags/example_branch_python_dop_operator_3.py took 0.062 seconds
[2025-04-05T12:07:22.239+0000] {processor.py:186} INFO - Started process (PID=86) to work on /home/airflow/.local/lib/python3.12/site-packages/airflow/example_dags/example_branch_python_dop_operator_3.py
[2025-04-05T12:07:22.240+0000] {processor.py:914} INFO - Processing file /home/airflow/.local/lib/python3.12/site-packages/airflow/example_dags/example_branch_python_dop_operator_3.py for tasks to queue
[2025-04-05T12:07:22.242+0000] {logging_mixin.py:190} INFO - [2025-04-05T12:07:22.241+0000] {dagbag.py:588} INFO - Filling up the DagBag from /home/airflow/.local/lib/python3.12/site-packages/airflow/example_dags/example_branch_python_dop_operator_3.py
[2025-04-05T12:07:22.248+0000] {processor.py:925} INFO - DAG(s) 'example_branch_dop_operator_v3' retrieved from /home/airflow/.local/lib/python3.12/site-packages/airflow/example_dags/example_branch_python_dop_operator_3.py
[2025-04-05T12:07:22.262+0000] {logging_mixin.py:190} INFO - [2025-04-05T12:07:22.262+0000] {dag.py:3239} INFO - Sync 1 DAGs
[2025-04-05T12:07:22.275+0000] {logging_mixin.py:190} INFO - [2025-04-05T12:07:22.275+0000] {dag.py:4180} INFO - Setting next_dagrun for example_branch_dop_operator_v3 to 2025-04-05 12:06:00+00:00, run_after=2025-04-05 12:07:00+00:00
[2025-04-05T12:07:22.284+0000] {processor.py:208} INFO - Processing /home/airflow/.local/lib/python3.12/site-packages/airflow/example_dags/example_branch_python_dop_operator_3.py took 0.048 seconds
[2025-04-05T12:07:53.449+0000] {processor.py:186} INFO - Started process (PID=156) to work on /home/airflow/.local/lib/python3.12/site-packages/airflow/example_dags/example_branch_python_dop_operator_3.py
[2025-04-05T12:07:53.451+0000] {processor.py:914} INFO - Processing file /home/airflow/.local/lib/python3.12/site-packages/airflow/example_dags/example_branch_python_dop_operator_3.py for tasks to queue
[2025-04-05T12:07:53.453+0000] {logging_mixin.py:190} INFO - [2025-04-05T12:07:53.453+0000] {dagbag.py:588} INFO - Filling up the DagBag from /home/airflow/.local/lib/python3.12/site-packages/airflow/example_dags/example_branch_python_dop_operator_3.py
[2025-04-05T12:07:53.464+0000] {processor.py:925} INFO - DAG(s) 'example_branch_dop_operator_v3' retrieved from /home/airflow/.local/lib/python3.12/site-packages/airflow/example_dags/example_branch_python_dop_operator_3.py
[2025-04-05T12:07:53.477+0000] {logging_mixin.py:190} INFO - [2025-04-05T12:07:53.477+0000] {dag.py:3239} INFO - Sync 1 DAGs
[2025-04-05T12:07:53.492+0000] {logging_mixin.py:190} INFO - [2025-04-05T12:07:53.492+0000] {dag.py:4180} INFO - Setting next_dagrun for example_branch_dop_operator_v3 to 2025-04-05 12:06:00+00:00, run_after=2025-04-05 12:07:00+00:00
[2025-04-05T12:07:53.505+0000] {processor.py:208} INFO - Processing /home/airflow/.local/lib/python3.12/site-packages/airflow/example_dags/example_branch_python_dop_operator_3.py took 0.061 seconds
[2025-04-05T12:08:24.151+0000] {processor.py:186} INFO - Started process (PID=220) to work on /home/airflow/.local/lib/python3.12/site-packages/airflow/example_dags/example_branch_python_dop_operator_3.py
[2025-04-05T12:08:24.152+0000] {processor.py:914} INFO - Processing file /home/airflow/.local/lib/python3.12/site-packages/airflow/example_dags/example_branch_python_dop_operator_3.py for tasks to queue
[2025-04-05T12:08:24.153+0000] {logging_mixin.py:190} INFO - [2025-04-05T12:08:24.153+0000] {dagbag.py:588} INFO - Filling up the DagBag from /home/airflow/.local/lib/python3.12/site-packages/airflow/example_dags/example_branch_python_dop_operator_3.py
[2025-04-05T12:08:24.163+0000] {processor.py:925} INFO - DAG(s) 'example_branch_dop_operator_v3' retrieved from /home/airflow/.local/lib/python3.12/site-packages/airflow/example_dags/example_branch_python_dop_operator_3.py
[2025-04-05T12:08:24.177+0000] {logging_mixin.py:190} INFO - [2025-04-05T12:08:24.177+0000] {dag.py:3239} INFO - Sync 1 DAGs
[2025-04-05T12:08:24.195+0000] {logging_mixin.py:190} INFO - [2025-04-05T12:08:24.194+0000] {dag.py:4180} INFO - Setting next_dagrun for example_branch_dop_operator_v3 to 2025-04-05 12:07:00+00:00, run_after=2025-04-05 12:08:00+00:00
[2025-04-05T12:08:24.211+0000] {processor.py:208} INFO - Processing /home/airflow/.local/lib/python3.12/site-packages/airflow/example_dags/example_branch_python_dop_operator_3.py took 0.065 seconds
[2025-04-05T12:08:55.159+0000] {processor.py:186} INFO - Started process (PID=284) to work on /home/airflow/.local/lib/python3.12/site-packages/airflow/example_dags/example_branch_python_dop_operator_3.py
[2025-04-05T12:08:55.161+0000] {processor.py:914} INFO - Processing file /home/airflow/.local/lib/python3.12/site-packages/airflow/example_dags/example_branch_python_dop_operator_3.py for tasks to queue
[2025-04-05T12:08:55.163+0000] {logging_mixin.py:190} INFO - [2025-04-05T12:08:55.162+0000] {dagbag.py:588} INFO - Filling up the DagBag from /home/airflow/.local/lib/python3.12/site-packages/airflow/example_dags/example_branch_python_dop_operator_3.py
[2025-04-05T12:08:55.173+0000] {processor.py:925} INFO - DAG(s) 'example_branch_dop_operator_v3' retrieved from /home/airflow/.local/lib/python3.12/site-packages/airflow/example_dags/example_branch_python_dop_operator_3.py
[2025-04-05T12:08:55.191+0000] {logging_mixin.py:190} INFO - [2025-04-05T12:08:55.191+0000] {dag.py:3239} INFO - Sync 1 DAGs
[2025-04-05T12:08:55.208+0000] {logging_mixin.py:190} INFO - [2025-04-05T12:08:55.208+0000] {dag.py:4180} INFO - Setting next_dagrun for example_branch_dop_operator_v3 to 2025-04-05 12:07:00+00:00, run_after=2025-04-05 12:08:00+00:00
[2025-04-05T12:08:55.218+0000] {processor.py:208} INFO - Processing /home/airflow/.local/lib/python3.12/site-packages/airflow/example_dags/example_branch_python_dop_operator_3.py took 0.064 seconds
[2025-04-05T12:09:26.009+0000] {processor.py:186} INFO - Started process (PID=348) to work on /home/airflow/.local/lib/python3.12/site-packages/airflow/example_dags/example_branch_python_dop_operator_3.py
[2025-04-05T12:09:26.010+0000] {processor.py:914} INFO - Processing file /home/airflow/.local/lib/python3.12/site-packages/airflow/example_dags/example_branch_python_dop_operator_3.py for tasks to queue
[2025-04-05T12:09:26.011+0000] {logging_mixin.py:190} INFO - [2025-04-05T12:09:26.011+0000] {dagbag.py:588} INFO - Filling up the DagBag from /home/airflow/.local/lib/python3.12/site-packages/airflow/example_dags/example_branch_python_dop_operator_3.py
[2025-04-05T12:09:26.020+0000] {processor.py:925} INFO - DAG(s) 'example_branch_dop_operator_v3' retrieved from /home/airflow/.local/lib/python3.12/site-packages/airflow/example_dags/example_branch_python_dop_operator_3.py
[2025-04-05T12:09:26.062+0000] {logging_mixin.py:190} INFO - [2025-04-05T12:09:26.061+0000] {dag.py:3239} INFO - Sync 1 DAGs
[2025-04-05T12:09:26.096+0000] {logging_mixin.py:190} INFO - [2025-04-05T12:09:26.096+0000] {dag.py:4180} INFO - Setting next_dagrun for example_branch_dop_operator_v3 to 2025-04-05 12:08:00+00:00, run_after=2025-04-05 12:09:00+00:00
[2025-04-05T12:09:26.118+0000] {processor.py:208} INFO - Processing /home/airflow/.local/lib/python3.12/site-packages/airflow/example_dags/example_branch_python_dop_operator_3.py took 0.113 seconds
[2025-04-05T12:09:56.722+0000] {processor.py:186} INFO - Started process (PID=412) to work on /home/airflow/.local/lib/python3.12/site-packages/airflow/example_dags/example_branch_python_dop_operator_3.py
[2025-04-05T12:09:56.724+0000] {processor.py:914} INFO - Processing file /home/airflow/.local/lib/python3.12/site-packages/airflow/example_dags/example_branch_python_dop_operator_3.py for tasks to queue
[2025-04-05T12:09:56.727+0000] {logging_mixin.py:190} INFO - [2025-04-05T12:09:56.727+0000] {dagbag.py:588} INFO - Filling up the DagBag from /home/airflow/.local/lib/python3.12/site-packages/airflow/example_dags/example_branch_python_dop_operator_3.py
[2025-04-05T12:09:56.736+0000] {processor.py:925} INFO - DAG(s) 'example_branch_dop_operator_v3' retrieved from /home/airflow/.local/lib/python3.12/site-packages/airflow/example_dags/example_branch_python_dop_operator_3.py
[2025-04-05T12:09:56.747+0000] {logging_mixin.py:190} INFO - [2025-04-05T12:09:56.747+0000] {dag.py:3239} INFO - Sync 1 DAGs
[2025-04-05T12:09:56.761+0000] {logging_mixin.py:190} INFO - [2025-04-05T12:09:56.761+0000] {dag.py:4180} INFO - Setting next_dagrun for example_branch_dop_operator_v3 to 2025-04-05 12:08:00+00:00, run_after=2025-04-05 12:09:00+00:00
[2025-04-05T12:09:56.771+0000] {processor.py:208} INFO - Processing /home/airflow/.local/lib/python3.12/site-packages/airflow/example_dags/example_branch_python_dop_operator_3.py took 0.060 seconds
[2025-04-05T12:10:26.850+0000] {processor.py:186} INFO - Started process (PID=475) to work on /home/airflow/.local/lib/python3.12/site-packages/airflow/example_dags/example_branch_python_dop_operator_3.py
[2025-04-05T12:10:26.851+0000] {processor.py:914} INFO - Processing file /home/airflow/.local/lib/python3.12/site-packages/airflow/example_dags/example_branch_python_dop_operator_3.py for tasks to queue
[2025-04-05T12:10:26.853+0000] {logging_mixin.py:190} INFO - [2025-04-05T12:10:26.853+0000] {dagbag.py:588} INFO - Filling up the DagBag from /home/airflow/.local/lib/python3.12/site-packages/airflow/example_dags/example_branch_python_dop_operator_3.py
[2025-04-05T12:10:26.863+0000] {processor.py:925} INFO - DAG(s) 'example_branch_dop_operator_v3' retrieved from /home/airflow/.local/lib/python3.12/site-packages/airflow/example_dags/example_branch_python_dop_operator_3.py
[2025-04-05T12:10:26.878+0000] {logging_mixin.py:190} INFO - [2025-04-05T12:10:26.878+0000] {dag.py:3239} INFO - Sync 1 DAGs
[2025-04-05T12:10:26.895+0000] {logging_mixin.py:190} INFO - [2025-04-05T12:10:26.895+0000] {dag.py:4180} INFO - Setting next_dagrun for example_branch_dop_operator_v3 to 2025-04-05 12:09:00+00:00, run_after=2025-04-05 12:10:00+00:00
[2025-04-05T12:10:26.906+0000] {processor.py:208} INFO - Processing /home/airflow/.local/lib/python3.12/site-packages/airflow/example_dags/example_branch_python_dop_operator_3.py took 0.061 seconds
[2025-04-05T12:10:57.529+0000] {processor.py:186} INFO - Started process (PID=538) to work on /home/airflow/.local/lib/python3.12/site-packages/airflow/example_dags/example_branch_python_dop_operator_3.py
[2025-04-05T12:10:57.530+0000] {processor.py:914} INFO - Processing file /home/airflow/.local/lib/python3.12/site-packages/airflow/example_dags/example_branch_python_dop_operator_3.py for tasks to queue
[2025-04-05T12:10:57.531+0000] {logging_mixin.py:190} INFO - [2025-04-05T12:10:57.530+0000] {dagbag.py:588} INFO - Filling up the DagBag from /home/airflow/.local/lib/python3.12/site-packages/airflow/example_dags/example_branch_python_dop_operator_3.py
[2025-04-05T12:10:57.536+0000] {processor.py:925} INFO - DAG(s) 'example_branch_dop_operator_v3' retrieved from /home/airflow/.local/lib/python3.12/site-packages/airflow/example_dags/example_branch_python_dop_operator_3.py
[2025-04-05T12:10:57.544+0000] {logging_mixin.py:190} INFO - [2025-04-05T12:10:57.544+0000] {dag.py:3239} INFO - Sync 1 DAGs
[2025-04-05T12:10:57.555+0000] {logging_mixin.py:190} INFO - [2025-04-05T12:10:57.554+0000] {dag.py:4180} INFO - Setting next_dagrun for example_branch_dop_operator_v3 to 2025-04-05 12:09:00+00:00, run_after=2025-04-05 12:10:00+00:00
[2025-04-05T12:10:57.561+0000] {processor.py:208} INFO - Processing /home/airflow/.local/lib/python3.12/site-packages/airflow/example_dags/example_branch_python_dop_operator_3.py took 0.035 seconds
[2025-04-05T12:11:28.927+0000] {processor.py:186} INFO - Started process (PID=603) to work on /home/airflow/.local/lib/python3.12/site-packages/airflow/example_dags/example_branch_python_dop_operator_3.py
[2025-04-05T12:11:28.927+0000] {processor.py:914} INFO - Processing file /home/airflow/.local/lib/python3.12/site-packages/airflow/example_dags/example_branch_python_dop_operator_3.py for tasks to queue
[2025-04-05T12:11:28.928+0000] {logging_mixin.py:190} INFO - [2025-04-05T12:11:28.928+0000] {dagbag.py:588} INFO - Filling up the DagBag from /home/airflow/.local/lib/python3.12/site-packages/airflow/example_dags/example_branch_python_dop_operator_3.py
[2025-04-05T12:11:28.934+0000] {processor.py:925} INFO - DAG(s) 'example_branch_dop_operator_v3' retrieved from /home/airflow/.local/lib/python3.12/site-packages/airflow/example_dags/example_branch_python_dop_operator_3.py
[2025-04-05T12:11:28.945+0000] {logging_mixin.py:190} INFO - [2025-04-05T12:11:28.945+0000] {dag.py:3239} INFO - Sync 1 DAGs
[2025-04-05T12:11:28.960+0000] {logging_mixin.py:190} INFO - [2025-04-05T12:11:28.960+0000] {dag.py:4180} INFO - Setting next_dagrun for example_branch_dop_operator_v3 to 2025-04-05 12:10:00+00:00, run_after=2025-04-05 12:11:00+00:00
[2025-04-05T12:11:28.968+0000] {processor.py:208} INFO - Processing /home/airflow/.local/lib/python3.12/site-packages/airflow/example_dags/example_branch_python_dop_operator_3.py took 0.046 seconds
[2025-04-05T12:12:00.595+0000] {processor.py:186} INFO - Started process (PID=666) to work on /home/airflow/.local/lib/python3.12/site-packages/airflow/example_dags/example_branch_python_dop_operator_3.py
[2025-04-05T12:12:00.596+0000] {processor.py:914} INFO - Processing file /home/airflow/.local/lib/python3.12/site-packages/airflow/example_dags/example_branch_python_dop_operator_3.py for tasks to queue
[2025-04-05T12:12:00.596+0000] {logging_mixin.py:190} INFO - [2025-04-05T12:12:00.596+0000] {dagbag.py:588} INFO - Filling up the DagBag from /home/airflow/.local/lib/python3.12/site-packages/airflow/example_dags/example_branch_python_dop_operator_3.py
[2025-04-05T12:12:00.604+0000] {processor.py:925} INFO - DAG(s) 'example_branch_dop_operator_v3' retrieved from /home/airflow/.local/lib/python3.12/site-packages/airflow/example_dags/example_branch_python_dop_operator_3.py
[2025-04-05T12:12:00.618+0000] {logging_mixin.py:190} INFO - [2025-04-05T12:12:00.618+0000] {dag.py:3239} INFO - Sync 1 DAGs
[2025-04-05T12:12:00.634+0000] {logging_mixin.py:190} INFO - [2025-04-05T12:12:00.634+0000] {dag.py:4180} INFO - Setting next_dagrun for example_branch_dop_operator_v3 to 2025-04-05 12:11:00+00:00, run_after=2025-04-05 12:12:00+00:00
[2025-04-05T12:12:00.646+0000] {processor.py:208} INFO - Processing /home/airflow/.local/lib/python3.12/site-packages/airflow/example_dags/example_branch_python_dop_operator_3.py took 0.055 seconds
