[2025-04-05T11:23:26.799+0000] {processor.py:186} INFO - Started process (PID=117) to work on /home/airflow/.local/lib/python3.12/site-packages/airflow/example_dags/example_nested_branch_dag.py
[2025-04-05T11:23:26.800+0000] {processor.py:914} INFO - Processing file /home/airflow/.local/lib/python3.12/site-packages/airflow/example_dags/example_nested_branch_dag.py for tasks to queue
[2025-04-05T11:23:26.801+0000] {logging_mixin.py:190} INFO - [2025-04-05T11:23:26.801+0000] {dagbag.py:588} INFO - Filling up the DagBag from /home/airflow/.local/lib/python3.12/site-packages/airflow/example_dags/example_nested_branch_dag.py
[2025-04-05T11:23:26.807+0000] {processor.py:925} INFO - DAG(s) 'example_nested_branch_dag' retrieved from /home/airflow/.local/lib/python3.12/site-packages/airflow/example_dags/example_nested_branch_dag.py
[2025-04-05T11:23:26.854+0000] {logging_mixin.py:190} INFO - [2025-04-05T11:23:26.854+0000] {override.py:1912} INFO - Created Permission View: can edit on DAG:example_nested_branch_dag
[2025-04-05T11:23:26.858+0000] {logging_mixin.py:190} INFO - [2025-04-05T11:23:26.858+0000] {override.py:1912} INFO - Created Permission View: can read on DAG:example_nested_branch_dag
[2025-04-05T11:23:26.860+0000] {logging_mixin.py:190} INFO - [2025-04-05T11:23:26.860+0000] {override.py:1912} INFO - Created Permission View: can delete on DAG:example_nested_branch_dag
[2025-04-05T11:23:26.863+0000] {logging_mixin.py:190} INFO - [2025-04-05T11:23:26.862+0000] {override.py:1912} INFO - Created Permission View: menu access on DAG Run:example_nested_branch_dag
[2025-04-05T11:23:26.865+0000] {logging_mixin.py:190} INFO - [2025-04-05T11:23:26.865+0000] {override.py:1912} INFO - Created Permission View: can read on DAG Run:example_nested_branch_dag
[2025-04-05T11:23:26.867+0000] {logging_mixin.py:190} INFO - [2025-04-05T11:23:26.867+0000] {override.py:1912} INFO - Created Permission View: can create on DAG Run:example_nested_branch_dag
[2025-04-05T11:23:26.870+0000] {logging_mixin.py:190} INFO - [2025-04-05T11:23:26.870+0000] {override.py:1912} INFO - Created Permission View: can delete on DAG Run:example_nested_branch_dag
[2025-04-05T11:23:26.871+0000] {logging_mixin.py:190} INFO - [2025-04-05T11:23:26.870+0000] {dag.py:3239} INFO - Sync 1 DAGs
[2025-04-05T11:23:26.878+0000] {logging_mixin.py:190} INFO - [2025-04-05T11:23:26.878+0000] {dag.py:3262} INFO - Creating ORM DAG for example_nested_branch_dag
[2025-04-05T11:23:26.883+0000] {logging_mixin.py:190} INFO - [2025-04-05T11:23:26.883+0000] {dag.py:4180} INFO - Setting next_dagrun for example_nested_branch_dag to 2025-04-04 00:00:00+00:00, run_after=2025-04-05 00:00:00+00:00
[2025-04-05T11:23:26.890+0000] {processor.py:208} INFO - Processing /home/airflow/.local/lib/python3.12/site-packages/airflow/example_dags/example_nested_branch_dag.py took 0.094 seconds
[2025-04-05T11:23:57.057+0000] {processor.py:186} INFO - Started process (PID=180) to work on /home/airflow/.local/lib/python3.12/site-packages/airflow/example_dags/example_nested_branch_dag.py
[2025-04-05T11:23:57.058+0000] {processor.py:914} INFO - Processing file /home/airflow/.local/lib/python3.12/site-packages/airflow/example_dags/example_nested_branch_dag.py for tasks to queue
[2025-04-05T11:23:57.059+0000] {logging_mixin.py:190} INFO - [2025-04-05T11:23:57.059+0000] {dagbag.py:588} INFO - Filling up the DagBag from /home/airflow/.local/lib/python3.12/site-packages/airflow/example_dags/example_nested_branch_dag.py
[2025-04-05T11:23:57.067+0000] {processor.py:925} INFO - DAG(s) 'example_nested_branch_dag' retrieved from /home/airflow/.local/lib/python3.12/site-packages/airflow/example_dags/example_nested_branch_dag.py
[2025-04-05T11:23:57.087+0000] {logging_mixin.py:190} INFO - [2025-04-05T11:23:57.087+0000] {dag.py:3239} INFO - Sync 1 DAGs
[2025-04-05T11:23:57.102+0000] {logging_mixin.py:190} INFO - [2025-04-05T11:23:57.102+0000] {dag.py:4180} INFO - Setting next_dagrun for example_nested_branch_dag to 2025-04-04 00:00:00+00:00, run_after=2025-04-05 00:00:00+00:00
[2025-04-05T11:23:57.113+0000] {processor.py:208} INFO - Processing /home/airflow/.local/lib/python3.12/site-packages/airflow/example_dags/example_nested_branch_dag.py took 0.060 seconds
[2025-04-05T11:24:27.507+0000] {processor.py:186} INFO - Started process (PID=243) to work on /home/airflow/.local/lib/python3.12/site-packages/airflow/example_dags/example_nested_branch_dag.py
[2025-04-05T11:24:27.507+0000] {processor.py:914} INFO - Processing file /home/airflow/.local/lib/python3.12/site-packages/airflow/example_dags/example_nested_branch_dag.py for tasks to queue
[2025-04-05T11:24:27.509+0000] {logging_mixin.py:190} INFO - [2025-04-05T11:24:27.509+0000] {dagbag.py:588} INFO - Filling up the DagBag from /home/airflow/.local/lib/python3.12/site-packages/airflow/example_dags/example_nested_branch_dag.py
[2025-04-05T11:24:27.517+0000] {processor.py:925} INFO - DAG(s) 'example_nested_branch_dag' retrieved from /home/airflow/.local/lib/python3.12/site-packages/airflow/example_dags/example_nested_branch_dag.py
[2025-04-05T11:24:27.530+0000] {logging_mixin.py:190} INFO - [2025-04-05T11:24:27.529+0000] {dag.py:3239} INFO - Sync 1 DAGs
[2025-04-05T11:24:27.545+0000] {logging_mixin.py:190} INFO - [2025-04-05T11:24:27.544+0000] {dag.py:4180} INFO - Setting next_dagrun for example_nested_branch_dag to 2025-04-04 00:00:00+00:00, run_after=2025-04-05 00:00:00+00:00
[2025-04-05T11:24:27.555+0000] {processor.py:208} INFO - Processing /home/airflow/.local/lib/python3.12/site-packages/airflow/example_dags/example_nested_branch_dag.py took 0.053 seconds
[2025-04-05T11:24:58.564+0000] {processor.py:186} INFO - Started process (PID=306) to work on /home/airflow/.local/lib/python3.12/site-packages/airflow/example_dags/example_nested_branch_dag.py
[2025-04-05T11:24:58.565+0000] {processor.py:914} INFO - Processing file /home/airflow/.local/lib/python3.12/site-packages/airflow/example_dags/example_nested_branch_dag.py for tasks to queue
[2025-04-05T11:24:58.566+0000] {logging_mixin.py:190} INFO - [2025-04-05T11:24:58.566+0000] {dagbag.py:588} INFO - Filling up the DagBag from /home/airflow/.local/lib/python3.12/site-packages/airflow/example_dags/example_nested_branch_dag.py
[2025-04-05T11:24:58.572+0000] {processor.py:925} INFO - DAG(s) 'example_nested_branch_dag' retrieved from /home/airflow/.local/lib/python3.12/site-packages/airflow/example_dags/example_nested_branch_dag.py
[2025-04-05T11:24:58.584+0000] {logging_mixin.py:190} INFO - [2025-04-05T11:24:58.584+0000] {dag.py:3239} INFO - Sync 1 DAGs
[2025-04-05T11:24:58.598+0000] {logging_mixin.py:190} INFO - [2025-04-05T11:24:58.597+0000] {dag.py:4180} INFO - Setting next_dagrun for example_nested_branch_dag to 2025-04-04 00:00:00+00:00, run_after=2025-04-05 00:00:00+00:00
[2025-04-05T11:24:58.607+0000] {processor.py:208} INFO - Processing /home/airflow/.local/lib/python3.12/site-packages/airflow/example_dags/example_nested_branch_dag.py took 0.046 seconds
[2025-04-05T11:25:30.020+0000] {processor.py:186} INFO - Started process (PID=369) to work on /home/airflow/.local/lib/python3.12/site-packages/airflow/example_dags/example_nested_branch_dag.py
[2025-04-05T11:25:30.021+0000] {processor.py:914} INFO - Processing file /home/airflow/.local/lib/python3.12/site-packages/airflow/example_dags/example_nested_branch_dag.py for tasks to queue
[2025-04-05T11:25:30.022+0000] {logging_mixin.py:190} INFO - [2025-04-05T11:25:30.022+0000] {dagbag.py:588} INFO - Filling up the DagBag from /home/airflow/.local/lib/python3.12/site-packages/airflow/example_dags/example_nested_branch_dag.py
[2025-04-05T11:25:30.029+0000] {processor.py:925} INFO - DAG(s) 'example_nested_branch_dag' retrieved from /home/airflow/.local/lib/python3.12/site-packages/airflow/example_dags/example_nested_branch_dag.py
[2025-04-05T11:25:30.041+0000] {logging_mixin.py:190} INFO - [2025-04-05T11:25:30.041+0000] {dag.py:3239} INFO - Sync 1 DAGs
[2025-04-05T11:25:30.055+0000] {logging_mixin.py:190} INFO - [2025-04-05T11:25:30.055+0000] {dag.py:4180} INFO - Setting next_dagrun for example_nested_branch_dag to 2025-04-04 00:00:00+00:00, run_after=2025-04-05 00:00:00+00:00
[2025-04-05T11:25:30.066+0000] {processor.py:208} INFO - Processing /home/airflow/.local/lib/python3.12/site-packages/airflow/example_dags/example_nested_branch_dag.py took 0.050 seconds
[2025-04-05T11:26:01.819+0000] {processor.py:186} INFO - Started process (PID=432) to work on /home/airflow/.local/lib/python3.12/site-packages/airflow/example_dags/example_nested_branch_dag.py
[2025-04-05T11:26:01.820+0000] {processor.py:914} INFO - Processing file /home/airflow/.local/lib/python3.12/site-packages/airflow/example_dags/example_nested_branch_dag.py for tasks to queue
[2025-04-05T11:26:01.821+0000] {logging_mixin.py:190} INFO - [2025-04-05T11:26:01.821+0000] {dagbag.py:588} INFO - Filling up the DagBag from /home/airflow/.local/lib/python3.12/site-packages/airflow/example_dags/example_nested_branch_dag.py
[2025-04-05T11:26:01.828+0000] {processor.py:925} INFO - DAG(s) 'example_nested_branch_dag' retrieved from /home/airflow/.local/lib/python3.12/site-packages/airflow/example_dags/example_nested_branch_dag.py
[2025-04-05T11:26:01.841+0000] {logging_mixin.py:190} INFO - [2025-04-05T11:26:01.841+0000] {dag.py:3239} INFO - Sync 1 DAGs
[2025-04-05T11:26:01.858+0000] {logging_mixin.py:190} INFO - [2025-04-05T11:26:01.857+0000] {dag.py:4180} INFO - Setting next_dagrun for example_nested_branch_dag to 2025-04-04 00:00:00+00:00, run_after=2025-04-05 00:00:00+00:00
[2025-04-05T11:26:01.871+0000] {processor.py:208} INFO - Processing /home/airflow/.local/lib/python3.12/site-packages/airflow/example_dags/example_nested_branch_dag.py took 0.054 seconds
[2025-04-05T11:26:32.620+0000] {processor.py:186} INFO - Started process (PID=495) to work on /home/airflow/.local/lib/python3.12/site-packages/airflow/example_dags/example_nested_branch_dag.py
[2025-04-05T11:26:32.620+0000] {processor.py:914} INFO - Processing file /home/airflow/.local/lib/python3.12/site-packages/airflow/example_dags/example_nested_branch_dag.py for tasks to queue
[2025-04-05T11:26:32.622+0000] {logging_mixin.py:190} INFO - [2025-04-05T11:26:32.621+0000] {dagbag.py:588} INFO - Filling up the DagBag from /home/airflow/.local/lib/python3.12/site-packages/airflow/example_dags/example_nested_branch_dag.py
[2025-04-05T11:26:32.627+0000] {processor.py:925} INFO - DAG(s) 'example_nested_branch_dag' retrieved from /home/airflow/.local/lib/python3.12/site-packages/airflow/example_dags/example_nested_branch_dag.py
[2025-04-05T11:26:32.637+0000] {logging_mixin.py:190} INFO - [2025-04-05T11:26:32.637+0000] {dag.py:3239} INFO - Sync 1 DAGs
[2025-04-05T11:26:32.653+0000] {logging_mixin.py:190} INFO - [2025-04-05T11:26:32.653+0000] {dag.py:4180} INFO - Setting next_dagrun for example_nested_branch_dag to 2025-04-04 00:00:00+00:00, run_after=2025-04-05 00:00:00+00:00
[2025-04-05T11:26:32.661+0000] {processor.py:208} INFO - Processing /home/airflow/.local/lib/python3.12/site-packages/airflow/example_dags/example_nested_branch_dag.py took 0.044 seconds
[2025-04-05T11:27:04.082+0000] {processor.py:186} INFO - Started process (PID=558) to work on /home/airflow/.local/lib/python3.12/site-packages/airflow/example_dags/example_nested_branch_dag.py
[2025-04-05T11:27:04.083+0000] {processor.py:914} INFO - Processing file /home/airflow/.local/lib/python3.12/site-packages/airflow/example_dags/example_nested_branch_dag.py for tasks to queue
[2025-04-05T11:27:04.086+0000] {logging_mixin.py:190} INFO - [2025-04-05T11:27:04.086+0000] {dagbag.py:588} INFO - Filling up the DagBag from /home/airflow/.local/lib/python3.12/site-packages/airflow/example_dags/example_nested_branch_dag.py
[2025-04-05T11:27:04.096+0000] {processor.py:925} INFO - DAG(s) 'example_nested_branch_dag' retrieved from /home/airflow/.local/lib/python3.12/site-packages/airflow/example_dags/example_nested_branch_dag.py
[2025-04-05T11:27:04.108+0000] {logging_mixin.py:190} INFO - [2025-04-05T11:27:04.108+0000] {dag.py:3239} INFO - Sync 1 DAGs
[2025-04-05T11:27:04.120+0000] {logging_mixin.py:190} INFO - [2025-04-05T11:27:04.120+0000] {dag.py:4180} INFO - Setting next_dagrun for example_nested_branch_dag to 2025-04-04 00:00:00+00:00, run_after=2025-04-05 00:00:00+00:00
[2025-04-05T11:27:04.129+0000] {processor.py:208} INFO - Processing /home/airflow/.local/lib/python3.12/site-packages/airflow/example_dags/example_nested_branch_dag.py took 0.051 seconds
[2025-04-05T11:32:00.731+0000] {processor.py:186} INFO - Started process (PID=117) to work on /home/airflow/.local/lib/python3.12/site-packages/airflow/example_dags/example_nested_branch_dag.py
[2025-04-05T11:32:00.731+0000] {processor.py:914} INFO - Processing file /home/airflow/.local/lib/python3.12/site-packages/airflow/example_dags/example_nested_branch_dag.py for tasks to queue
[2025-04-05T11:32:00.732+0000] {logging_mixin.py:190} INFO - [2025-04-05T11:32:00.732+0000] {dagbag.py:588} INFO - Filling up the DagBag from /home/airflow/.local/lib/python3.12/site-packages/airflow/example_dags/example_nested_branch_dag.py
[2025-04-05T11:32:00.739+0000] {processor.py:925} INFO - DAG(s) 'example_nested_branch_dag' retrieved from /home/airflow/.local/lib/python3.12/site-packages/airflow/example_dags/example_nested_branch_dag.py
[2025-04-05T11:32:00.752+0000] {logging_mixin.py:190} INFO - [2025-04-05T11:32:00.752+0000] {dag.py:3239} INFO - Sync 1 DAGs
[2025-04-05T11:32:00.765+0000] {logging_mixin.py:190} INFO - [2025-04-05T11:32:00.764+0000] {dag.py:4180} INFO - Setting next_dagrun for example_nested_branch_dag to 2025-04-04 00:00:00+00:00, run_after=2025-04-05 00:00:00+00:00
[2025-04-05T11:32:00.774+0000] {processor.py:208} INFO - Processing /home/airflow/.local/lib/python3.12/site-packages/airflow/example_dags/example_nested_branch_dag.py took 0.047 seconds
[2025-04-05T11:32:31.274+0000] {processor.py:186} INFO - Started process (PID=180) to work on /home/airflow/.local/lib/python3.12/site-packages/airflow/example_dags/example_nested_branch_dag.py
[2025-04-05T11:32:31.275+0000] {processor.py:914} INFO - Processing file /home/airflow/.local/lib/python3.12/site-packages/airflow/example_dags/example_nested_branch_dag.py for tasks to queue
[2025-04-05T11:32:31.276+0000] {logging_mixin.py:190} INFO - [2025-04-05T11:32:31.276+0000] {dagbag.py:588} INFO - Filling up the DagBag from /home/airflow/.local/lib/python3.12/site-packages/airflow/example_dags/example_nested_branch_dag.py
[2025-04-05T11:32:31.282+0000] {processor.py:925} INFO - DAG(s) 'example_nested_branch_dag' retrieved from /home/airflow/.local/lib/python3.12/site-packages/airflow/example_dags/example_nested_branch_dag.py
[2025-04-05T11:32:31.296+0000] {logging_mixin.py:190} INFO - [2025-04-05T11:32:31.296+0000] {dag.py:3239} INFO - Sync 1 DAGs
[2025-04-05T11:32:31.308+0000] {logging_mixin.py:190} INFO - [2025-04-05T11:32:31.308+0000] {dag.py:4180} INFO - Setting next_dagrun for example_nested_branch_dag to 2025-04-04 00:00:00+00:00, run_after=2025-04-05 00:00:00+00:00
[2025-04-05T11:32:31.316+0000] {processor.py:208} INFO - Processing /home/airflow/.local/lib/python3.12/site-packages/airflow/example_dags/example_nested_branch_dag.py took 0.046 seconds
[2025-04-05T11:39:09.569+0000] {processor.py:186} INFO - Started process (PID=122) to work on /home/airflow/.local/lib/python3.12/site-packages/airflow/example_dags/example_nested_branch_dag.py
[2025-04-05T11:39:09.570+0000] {processor.py:914} INFO - Processing file /home/airflow/.local/lib/python3.12/site-packages/airflow/example_dags/example_nested_branch_dag.py for tasks to queue
[2025-04-05T11:39:09.574+0000] {logging_mixin.py:190} INFO - [2025-04-05T11:39:09.573+0000] {dagbag.py:588} INFO - Filling up the DagBag from /home/airflow/.local/lib/python3.12/site-packages/airflow/example_dags/example_nested_branch_dag.py
[2025-04-05T11:39:09.583+0000] {processor.py:925} INFO - DAG(s) 'example_nested_branch_dag' retrieved from /home/airflow/.local/lib/python3.12/site-packages/airflow/example_dags/example_nested_branch_dag.py
[2025-04-05T11:39:09.601+0000] {logging_mixin.py:190} INFO - [2025-04-05T11:39:09.601+0000] {dag.py:3239} INFO - Sync 1 DAGs
[2025-04-05T11:39:09.615+0000] {logging_mixin.py:190} INFO - [2025-04-05T11:39:09.615+0000] {dag.py:4180} INFO - Setting next_dagrun for example_nested_branch_dag to 2025-04-04 00:00:00+00:00, run_after=2025-04-05 00:00:00+00:00
[2025-04-05T11:39:09.630+0000] {processor.py:208} INFO - Processing /home/airflow/.local/lib/python3.12/site-packages/airflow/example_dags/example_nested_branch_dag.py took 0.065 seconds
[2025-04-05T11:39:40.854+0000] {processor.py:186} INFO - Started process (PID=186) to work on /home/airflow/.local/lib/python3.12/site-packages/airflow/example_dags/example_nested_branch_dag.py
[2025-04-05T11:39:40.855+0000] {processor.py:914} INFO - Processing file /home/airflow/.local/lib/python3.12/site-packages/airflow/example_dags/example_nested_branch_dag.py for tasks to queue
[2025-04-05T11:39:40.856+0000] {logging_mixin.py:190} INFO - [2025-04-05T11:39:40.856+0000] {dagbag.py:588} INFO - Filling up the DagBag from /home/airflow/.local/lib/python3.12/site-packages/airflow/example_dags/example_nested_branch_dag.py
[2025-04-05T11:39:40.862+0000] {processor.py:925} INFO - DAG(s) 'example_nested_branch_dag' retrieved from /home/airflow/.local/lib/python3.12/site-packages/airflow/example_dags/example_nested_branch_dag.py
[2025-04-05T11:39:40.876+0000] {logging_mixin.py:190} INFO - [2025-04-05T11:39:40.876+0000] {dag.py:3239} INFO - Sync 1 DAGs
[2025-04-05T11:39:40.888+0000] {logging_mixin.py:190} INFO - [2025-04-05T11:39:40.888+0000] {dag.py:4180} INFO - Setting next_dagrun for example_nested_branch_dag to 2025-04-04 00:00:00+00:00, run_after=2025-04-05 00:00:00+00:00
[2025-04-05T11:39:40.902+0000] {processor.py:208} INFO - Processing /home/airflow/.local/lib/python3.12/site-packages/airflow/example_dags/example_nested_branch_dag.py took 0.051 seconds
[2025-04-05T11:40:11.949+0000] {processor.py:186} INFO - Started process (PID=249) to work on /home/airflow/.local/lib/python3.12/site-packages/airflow/example_dags/example_nested_branch_dag.py
[2025-04-05T11:40:11.949+0000] {processor.py:914} INFO - Processing file /home/airflow/.local/lib/python3.12/site-packages/airflow/example_dags/example_nested_branch_dag.py for tasks to queue
[2025-04-05T11:40:11.951+0000] {logging_mixin.py:190} INFO - [2025-04-05T11:40:11.950+0000] {dagbag.py:588} INFO - Filling up the DagBag from /home/airflow/.local/lib/python3.12/site-packages/airflow/example_dags/example_nested_branch_dag.py
[2025-04-05T11:40:11.960+0000] {processor.py:925} INFO - DAG(s) 'example_nested_branch_dag' retrieved from /home/airflow/.local/lib/python3.12/site-packages/airflow/example_dags/example_nested_branch_dag.py
[2025-04-05T11:40:11.973+0000] {logging_mixin.py:190} INFO - [2025-04-05T11:40:11.973+0000] {dag.py:3239} INFO - Sync 1 DAGs
[2025-04-05T11:40:11.985+0000] {logging_mixin.py:190} INFO - [2025-04-05T11:40:11.985+0000] {dag.py:4180} INFO - Setting next_dagrun for example_nested_branch_dag to 2025-04-04 00:00:00+00:00, run_after=2025-04-05 00:00:00+00:00
[2025-04-05T11:40:11.993+0000] {processor.py:208} INFO - Processing /home/airflow/.local/lib/python3.12/site-packages/airflow/example_dags/example_nested_branch_dag.py took 0.047 seconds
[2025-04-05T11:40:42.386+0000] {processor.py:186} INFO - Started process (PID=312) to work on /home/airflow/.local/lib/python3.12/site-packages/airflow/example_dags/example_nested_branch_dag.py
[2025-04-05T11:40:42.389+0000] {processor.py:914} INFO - Processing file /home/airflow/.local/lib/python3.12/site-packages/airflow/example_dags/example_nested_branch_dag.py for tasks to queue
[2025-04-05T11:40:42.390+0000] {logging_mixin.py:190} INFO - [2025-04-05T11:40:42.390+0000] {dagbag.py:588} INFO - Filling up the DagBag from /home/airflow/.local/lib/python3.12/site-packages/airflow/example_dags/example_nested_branch_dag.py
[2025-04-05T11:40:42.396+0000] {processor.py:925} INFO - DAG(s) 'example_nested_branch_dag' retrieved from /home/airflow/.local/lib/python3.12/site-packages/airflow/example_dags/example_nested_branch_dag.py
[2025-04-05T11:40:42.409+0000] {logging_mixin.py:190} INFO - [2025-04-05T11:40:42.408+0000] {dag.py:3239} INFO - Sync 1 DAGs
[2025-04-05T11:40:42.423+0000] {logging_mixin.py:190} INFO - [2025-04-05T11:40:42.423+0000] {dag.py:4180} INFO - Setting next_dagrun for example_nested_branch_dag to 2025-04-04 00:00:00+00:00, run_after=2025-04-05 00:00:00+00:00
[2025-04-05T11:40:42.432+0000] {processor.py:208} INFO - Processing /home/airflow/.local/lib/python3.12/site-packages/airflow/example_dags/example_nested_branch_dag.py took 0.050 seconds
[2025-04-05T11:41:13.358+0000] {processor.py:186} INFO - Started process (PID=375) to work on /home/airflow/.local/lib/python3.12/site-packages/airflow/example_dags/example_nested_branch_dag.py
[2025-04-05T11:41:13.359+0000] {processor.py:914} INFO - Processing file /home/airflow/.local/lib/python3.12/site-packages/airflow/example_dags/example_nested_branch_dag.py for tasks to queue
[2025-04-05T11:41:13.360+0000] {logging_mixin.py:190} INFO - [2025-04-05T11:41:13.360+0000] {dagbag.py:588} INFO - Filling up the DagBag from /home/airflow/.local/lib/python3.12/site-packages/airflow/example_dags/example_nested_branch_dag.py
[2025-04-05T11:41:13.367+0000] {processor.py:925} INFO - DAG(s) 'example_nested_branch_dag' retrieved from /home/airflow/.local/lib/python3.12/site-packages/airflow/example_dags/example_nested_branch_dag.py
[2025-04-05T11:41:13.379+0000] {logging_mixin.py:190} INFO - [2025-04-05T11:41:13.378+0000] {dag.py:3239} INFO - Sync 1 DAGs
[2025-04-05T11:41:13.390+0000] {logging_mixin.py:190} INFO - [2025-04-05T11:41:13.390+0000] {dag.py:4180} INFO - Setting next_dagrun for example_nested_branch_dag to 2025-04-04 00:00:00+00:00, run_after=2025-04-05 00:00:00+00:00
[2025-04-05T11:41:13.397+0000] {processor.py:208} INFO - Processing /home/airflow/.local/lib/python3.12/site-packages/airflow/example_dags/example_nested_branch_dag.py took 0.043 seconds
[2025-04-05T11:41:44.216+0000] {processor.py:186} INFO - Started process (PID=438) to work on /home/airflow/.local/lib/python3.12/site-packages/airflow/example_dags/example_nested_branch_dag.py
[2025-04-05T11:41:44.216+0000] {processor.py:914} INFO - Processing file /home/airflow/.local/lib/python3.12/site-packages/airflow/example_dags/example_nested_branch_dag.py for tasks to queue
[2025-04-05T11:41:44.220+0000] {logging_mixin.py:190} INFO - [2025-04-05T11:41:44.220+0000] {dagbag.py:588} INFO - Filling up the DagBag from /home/airflow/.local/lib/python3.12/site-packages/airflow/example_dags/example_nested_branch_dag.py
[2025-04-05T11:41:44.226+0000] {processor.py:925} INFO - DAG(s) 'example_nested_branch_dag' retrieved from /home/airflow/.local/lib/python3.12/site-packages/airflow/example_dags/example_nested_branch_dag.py
[2025-04-05T11:41:44.243+0000] {logging_mixin.py:190} INFO - [2025-04-05T11:41:44.243+0000] {dag.py:3239} INFO - Sync 1 DAGs
[2025-04-05T11:41:44.256+0000] {logging_mixin.py:190} INFO - [2025-04-05T11:41:44.256+0000] {dag.py:4180} INFO - Setting next_dagrun for example_nested_branch_dag to 2025-04-04 00:00:00+00:00, run_after=2025-04-05 00:00:00+00:00
[2025-04-05T11:41:44.265+0000] {processor.py:208} INFO - Processing /home/airflow/.local/lib/python3.12/site-packages/airflow/example_dags/example_nested_branch_dag.py took 0.055 seconds
[2025-04-05T11:42:14.963+0000] {processor.py:186} INFO - Started process (PID=501) to work on /home/airflow/.local/lib/python3.12/site-packages/airflow/example_dags/example_nested_branch_dag.py
[2025-04-05T11:42:14.964+0000] {processor.py:914} INFO - Processing file /home/airflow/.local/lib/python3.12/site-packages/airflow/example_dags/example_nested_branch_dag.py for tasks to queue
[2025-04-05T11:42:14.965+0000] {logging_mixin.py:190} INFO - [2025-04-05T11:42:14.965+0000] {dagbag.py:588} INFO - Filling up the DagBag from /home/airflow/.local/lib/python3.12/site-packages/airflow/example_dags/example_nested_branch_dag.py
[2025-04-05T11:42:14.971+0000] {processor.py:925} INFO - DAG(s) 'example_nested_branch_dag' retrieved from /home/airflow/.local/lib/python3.12/site-packages/airflow/example_dags/example_nested_branch_dag.py
[2025-04-05T11:42:14.982+0000] {logging_mixin.py:190} INFO - [2025-04-05T11:42:14.981+0000] {dag.py:3239} INFO - Sync 1 DAGs
[2025-04-05T11:42:14.996+0000] {logging_mixin.py:190} INFO - [2025-04-05T11:42:14.996+0000] {dag.py:4180} INFO - Setting next_dagrun for example_nested_branch_dag to 2025-04-04 00:00:00+00:00, run_after=2025-04-05 00:00:00+00:00
[2025-04-05T11:42:15.004+0000] {processor.py:208} INFO - Processing /home/airflow/.local/lib/python3.12/site-packages/airflow/example_dags/example_nested_branch_dag.py took 0.044 seconds
[2025-04-05T11:42:45.354+0000] {processor.py:186} INFO - Started process (PID=563) to work on /home/airflow/.local/lib/python3.12/site-packages/airflow/example_dags/example_nested_branch_dag.py
[2025-04-05T11:42:45.355+0000] {processor.py:914} INFO - Processing file /home/airflow/.local/lib/python3.12/site-packages/airflow/example_dags/example_nested_branch_dag.py for tasks to queue
[2025-04-05T11:42:45.356+0000] {logging_mixin.py:190} INFO - [2025-04-05T11:42:45.356+0000] {dagbag.py:588} INFO - Filling up the DagBag from /home/airflow/.local/lib/python3.12/site-packages/airflow/example_dags/example_nested_branch_dag.py
[2025-04-05T11:42:45.365+0000] {processor.py:925} INFO - DAG(s) 'example_nested_branch_dag' retrieved from /home/airflow/.local/lib/python3.12/site-packages/airflow/example_dags/example_nested_branch_dag.py
[2025-04-05T11:42:45.387+0000] {logging_mixin.py:190} INFO - [2025-04-05T11:42:45.387+0000] {dag.py:3239} INFO - Sync 1 DAGs
[2025-04-05T11:42:45.423+0000] {logging_mixin.py:190} INFO - [2025-04-05T11:42:45.423+0000] {dag.py:4180} INFO - Setting next_dagrun for example_nested_branch_dag to 2025-04-04 00:00:00+00:00, run_after=2025-04-05 00:00:00+00:00
[2025-04-05T11:42:45.438+0000] {processor.py:208} INFO - Processing /home/airflow/.local/lib/python3.12/site-packages/airflow/example_dags/example_nested_branch_dag.py took 0.088 seconds
[2025-04-05T11:44:53.930+0000] {processor.py:186} INFO - Started process (PID=116) to work on /home/airflow/.local/lib/python3.12/site-packages/airflow/example_dags/example_nested_branch_dag.py
[2025-04-05T11:44:53.932+0000] {processor.py:914} INFO - Processing file /home/airflow/.local/lib/python3.12/site-packages/airflow/example_dags/example_nested_branch_dag.py for tasks to queue
[2025-04-05T11:44:53.935+0000] {logging_mixin.py:190} INFO - [2025-04-05T11:44:53.935+0000] {dagbag.py:588} INFO - Filling up the DagBag from /home/airflow/.local/lib/python3.12/site-packages/airflow/example_dags/example_nested_branch_dag.py
[2025-04-05T11:44:53.954+0000] {processor.py:925} INFO - DAG(s) 'example_nested_branch_dag' retrieved from /home/airflow/.local/lib/python3.12/site-packages/airflow/example_dags/example_nested_branch_dag.py
[2025-04-05T11:44:53.972+0000] {logging_mixin.py:190} INFO - [2025-04-05T11:44:53.972+0000] {dag.py:3239} INFO - Sync 1 DAGs
[2025-04-05T11:44:54.015+0000] {logging_mixin.py:190} INFO - [2025-04-05T11:44:54.011+0000] {dag.py:4180} INFO - Setting next_dagrun for example_nested_branch_dag to 2025-04-04 00:00:00+00:00, run_after=2025-04-05 00:00:00+00:00
[2025-04-05T11:44:54.043+0000] {processor.py:208} INFO - Processing /home/airflow/.local/lib/python3.12/site-packages/airflow/example_dags/example_nested_branch_dag.py took 0.117 seconds
[2025-04-05T11:45:24.336+0000] {processor.py:186} INFO - Started process (PID=180) to work on /home/airflow/.local/lib/python3.12/site-packages/airflow/example_dags/example_nested_branch_dag.py
[2025-04-05T11:45:24.337+0000] {processor.py:914} INFO - Processing file /home/airflow/.local/lib/python3.12/site-packages/airflow/example_dags/example_nested_branch_dag.py for tasks to queue
[2025-04-05T11:45:24.339+0000] {logging_mixin.py:190} INFO - [2025-04-05T11:45:24.339+0000] {dagbag.py:588} INFO - Filling up the DagBag from /home/airflow/.local/lib/python3.12/site-packages/airflow/example_dags/example_nested_branch_dag.py
[2025-04-05T11:45:24.349+0000] {processor.py:925} INFO - DAG(s) 'example_nested_branch_dag' retrieved from /home/airflow/.local/lib/python3.12/site-packages/airflow/example_dags/example_nested_branch_dag.py
[2025-04-05T11:45:24.364+0000] {logging_mixin.py:190} INFO - [2025-04-05T11:45:24.363+0000] {dag.py:3239} INFO - Sync 1 DAGs
[2025-04-05T11:45:24.378+0000] {logging_mixin.py:190} INFO - [2025-04-05T11:45:24.378+0000] {dag.py:4180} INFO - Setting next_dagrun for example_nested_branch_dag to 2025-04-04 00:00:00+00:00, run_after=2025-04-05 00:00:00+00:00
[2025-04-05T11:45:24.387+0000] {processor.py:208} INFO - Processing /home/airflow/.local/lib/python3.12/site-packages/airflow/example_dags/example_nested_branch_dag.py took 0.054 seconds
[2025-04-05T11:45:55.190+0000] {processor.py:186} INFO - Started process (PID=244) to work on /home/airflow/.local/lib/python3.12/site-packages/airflow/example_dags/example_nested_branch_dag.py
[2025-04-05T11:45:55.192+0000] {processor.py:914} INFO - Processing file /home/airflow/.local/lib/python3.12/site-packages/airflow/example_dags/example_nested_branch_dag.py for tasks to queue
[2025-04-05T11:45:55.193+0000] {logging_mixin.py:190} INFO - [2025-04-05T11:45:55.193+0000] {dagbag.py:588} INFO - Filling up the DagBag from /home/airflow/.local/lib/python3.12/site-packages/airflow/example_dags/example_nested_branch_dag.py
[2025-04-05T11:45:55.203+0000] {processor.py:925} INFO - DAG(s) 'example_nested_branch_dag' retrieved from /home/airflow/.local/lib/python3.12/site-packages/airflow/example_dags/example_nested_branch_dag.py
[2025-04-05T11:45:55.214+0000] {logging_mixin.py:190} INFO - [2025-04-05T11:45:55.214+0000] {dag.py:3239} INFO - Sync 1 DAGs
[2025-04-05T11:45:55.225+0000] {logging_mixin.py:190} INFO - [2025-04-05T11:45:55.225+0000] {dag.py:4180} INFO - Setting next_dagrun for example_nested_branch_dag to 2025-04-04 00:00:00+00:00, run_after=2025-04-05 00:00:00+00:00
[2025-04-05T11:45:55.236+0000] {processor.py:208} INFO - Processing /home/airflow/.local/lib/python3.12/site-packages/airflow/example_dags/example_nested_branch_dag.py took 0.049 seconds
[2025-04-05T11:46:27.238+0000] {processor.py:186} INFO - Started process (PID=308) to work on /home/airflow/.local/lib/python3.12/site-packages/airflow/example_dags/example_nested_branch_dag.py
[2025-04-05T11:46:27.242+0000] {processor.py:914} INFO - Processing file /home/airflow/.local/lib/python3.12/site-packages/airflow/example_dags/example_nested_branch_dag.py for tasks to queue
[2025-04-05T11:46:27.245+0000] {logging_mixin.py:190} INFO - [2025-04-05T11:46:27.244+0000] {dagbag.py:588} INFO - Filling up the DagBag from /home/airflow/.local/lib/python3.12/site-packages/airflow/example_dags/example_nested_branch_dag.py
[2025-04-05T11:46:27.253+0000] {processor.py:925} INFO - DAG(s) 'example_nested_branch_dag' retrieved from /home/airflow/.local/lib/python3.12/site-packages/airflow/example_dags/example_nested_branch_dag.py
[2025-04-05T11:46:27.271+0000] {logging_mixin.py:190} INFO - [2025-04-05T11:46:27.271+0000] {dag.py:3239} INFO - Sync 1 DAGs
[2025-04-05T11:46:27.288+0000] {logging_mixin.py:190} INFO - [2025-04-05T11:46:27.288+0000] {dag.py:4180} INFO - Setting next_dagrun for example_nested_branch_dag to 2025-04-04 00:00:00+00:00, run_after=2025-04-05 00:00:00+00:00
[2025-04-05T11:46:27.304+0000] {processor.py:208} INFO - Processing /home/airflow/.local/lib/python3.12/site-packages/airflow/example_dags/example_nested_branch_dag.py took 0.072 seconds
[2025-04-05T11:46:57.512+0000] {processor.py:186} INFO - Started process (PID=371) to work on /home/airflow/.local/lib/python3.12/site-packages/airflow/example_dags/example_nested_branch_dag.py
[2025-04-05T11:46:57.513+0000] {processor.py:914} INFO - Processing file /home/airflow/.local/lib/python3.12/site-packages/airflow/example_dags/example_nested_branch_dag.py for tasks to queue
[2025-04-05T11:46:57.514+0000] {logging_mixin.py:190} INFO - [2025-04-05T11:46:57.514+0000] {dagbag.py:588} INFO - Filling up the DagBag from /home/airflow/.local/lib/python3.12/site-packages/airflow/example_dags/example_nested_branch_dag.py
[2025-04-05T11:46:57.520+0000] {processor.py:925} INFO - DAG(s) 'example_nested_branch_dag' retrieved from /home/airflow/.local/lib/python3.12/site-packages/airflow/example_dags/example_nested_branch_dag.py
[2025-04-05T11:46:57.530+0000] {logging_mixin.py:190} INFO - [2025-04-05T11:46:57.530+0000] {dag.py:3239} INFO - Sync 1 DAGs
[2025-04-05T11:46:57.541+0000] {logging_mixin.py:190} INFO - [2025-04-05T11:46:57.541+0000] {dag.py:4180} INFO - Setting next_dagrun for example_nested_branch_dag to 2025-04-04 00:00:00+00:00, run_after=2025-04-05 00:00:00+00:00
[2025-04-05T11:46:57.548+0000] {processor.py:208} INFO - Processing /home/airflow/.local/lib/python3.12/site-packages/airflow/example_dags/example_nested_branch_dag.py took 0.039 seconds
[2025-04-05T11:47:28.699+0000] {processor.py:186} INFO - Started process (PID=435) to work on /home/airflow/.local/lib/python3.12/site-packages/airflow/example_dags/example_nested_branch_dag.py
[2025-04-05T11:47:28.700+0000] {processor.py:914} INFO - Processing file /home/airflow/.local/lib/python3.12/site-packages/airflow/example_dags/example_nested_branch_dag.py for tasks to queue
[2025-04-05T11:47:28.701+0000] {logging_mixin.py:190} INFO - [2025-04-05T11:47:28.701+0000] {dagbag.py:588} INFO - Filling up the DagBag from /home/airflow/.local/lib/python3.12/site-packages/airflow/example_dags/example_nested_branch_dag.py
[2025-04-05T11:47:28.707+0000] {processor.py:925} INFO - DAG(s) 'example_nested_branch_dag' retrieved from /home/airflow/.local/lib/python3.12/site-packages/airflow/example_dags/example_nested_branch_dag.py
[2025-04-05T11:47:28.717+0000] {logging_mixin.py:190} INFO - [2025-04-05T11:47:28.717+0000] {dag.py:3239} INFO - Sync 1 DAGs
[2025-04-05T11:47:28.737+0000] {logging_mixin.py:190} INFO - [2025-04-05T11:47:28.736+0000] {dag.py:4180} INFO - Setting next_dagrun for example_nested_branch_dag to 2025-04-04 00:00:00+00:00, run_after=2025-04-05 00:00:00+00:00
[2025-04-05T11:47:28.747+0000] {processor.py:208} INFO - Processing /home/airflow/.local/lib/python3.12/site-packages/airflow/example_dags/example_nested_branch_dag.py took 0.050 seconds
[2025-04-05T11:50:11.739+0000] {processor.py:186} INFO - Started process (PID=124) to work on /home/airflow/.local/lib/python3.12/site-packages/airflow/example_dags/example_nested_branch_dag.py
[2025-04-05T11:50:11.742+0000] {processor.py:914} INFO - Processing file /home/airflow/.local/lib/python3.12/site-packages/airflow/example_dags/example_nested_branch_dag.py for tasks to queue
[2025-04-05T11:50:11.745+0000] {logging_mixin.py:190} INFO - [2025-04-05T11:50:11.744+0000] {dagbag.py:588} INFO - Filling up the DagBag from /home/airflow/.local/lib/python3.12/site-packages/airflow/example_dags/example_nested_branch_dag.py
[2025-04-05T11:50:11.767+0000] {processor.py:925} INFO - DAG(s) 'example_nested_branch_dag' retrieved from /home/airflow/.local/lib/python3.12/site-packages/airflow/example_dags/example_nested_branch_dag.py
[2025-04-05T11:50:11.811+0000] {logging_mixin.py:190} INFO - [2025-04-05T11:50:11.811+0000] {dag.py:3239} INFO - Sync 1 DAGs
[2025-04-05T11:50:11.839+0000] {logging_mixin.py:190} INFO - [2025-04-05T11:50:11.838+0000] {dag.py:4180} INFO - Setting next_dagrun for example_nested_branch_dag to 2025-04-04 00:00:00+00:00, run_after=2025-04-05 00:00:00+00:00
[2025-04-05T11:50:11.856+0000] {processor.py:208} INFO - Processing /home/airflow/.local/lib/python3.12/site-packages/airflow/example_dags/example_nested_branch_dag.py took 0.122 seconds
[2025-04-05T11:50:42.305+0000] {processor.py:186} INFO - Started process (PID=188) to work on /home/airflow/.local/lib/python3.12/site-packages/airflow/example_dags/example_nested_branch_dag.py
[2025-04-05T11:50:42.306+0000] {processor.py:914} INFO - Processing file /home/airflow/.local/lib/python3.12/site-packages/airflow/example_dags/example_nested_branch_dag.py for tasks to queue
[2025-04-05T11:50:42.307+0000] {logging_mixin.py:190} INFO - [2025-04-05T11:50:42.307+0000] {dagbag.py:588} INFO - Filling up the DagBag from /home/airflow/.local/lib/python3.12/site-packages/airflow/example_dags/example_nested_branch_dag.py
[2025-04-05T11:50:42.314+0000] {processor.py:925} INFO - DAG(s) 'example_nested_branch_dag' retrieved from /home/airflow/.local/lib/python3.12/site-packages/airflow/example_dags/example_nested_branch_dag.py
[2025-04-05T11:50:42.324+0000] {logging_mixin.py:190} INFO - [2025-04-05T11:50:42.324+0000] {dag.py:3239} INFO - Sync 1 DAGs
[2025-04-05T11:50:42.335+0000] {logging_mixin.py:190} INFO - [2025-04-05T11:50:42.335+0000] {dag.py:4180} INFO - Setting next_dagrun for example_nested_branch_dag to 2025-04-04 00:00:00+00:00, run_after=2025-04-05 00:00:00+00:00
[2025-04-05T11:50:42.343+0000] {processor.py:208} INFO - Processing /home/airflow/.local/lib/python3.12/site-packages/airflow/example_dags/example_nested_branch_dag.py took 0.041 seconds
[2025-04-05T11:51:12.766+0000] {processor.py:186} INFO - Started process (PID=252) to work on /home/airflow/.local/lib/python3.12/site-packages/airflow/example_dags/example_nested_branch_dag.py
[2025-04-05T11:51:12.768+0000] {processor.py:914} INFO - Processing file /home/airflow/.local/lib/python3.12/site-packages/airflow/example_dags/example_nested_branch_dag.py for tasks to queue
[2025-04-05T11:51:12.771+0000] {logging_mixin.py:190} INFO - [2025-04-05T11:51:12.771+0000] {dagbag.py:588} INFO - Filling up the DagBag from /home/airflow/.local/lib/python3.12/site-packages/airflow/example_dags/example_nested_branch_dag.py
[2025-04-05T11:51:12.777+0000] {processor.py:925} INFO - DAG(s) 'example_nested_branch_dag' retrieved from /home/airflow/.local/lib/python3.12/site-packages/airflow/example_dags/example_nested_branch_dag.py
[2025-04-05T11:51:12.792+0000] {logging_mixin.py:190} INFO - [2025-04-05T11:51:12.792+0000] {dag.py:3239} INFO - Sync 1 DAGs
[2025-04-05T11:51:12.808+0000] {logging_mixin.py:190} INFO - [2025-04-05T11:51:12.808+0000] {dag.py:4180} INFO - Setting next_dagrun for example_nested_branch_dag to 2025-04-04 00:00:00+00:00, run_after=2025-04-05 00:00:00+00:00
[2025-04-05T11:51:12.817+0000] {processor.py:208} INFO - Processing /home/airflow/.local/lib/python3.12/site-packages/airflow/example_dags/example_nested_branch_dag.py took 0.055 seconds
[2025-04-05T11:51:42.979+0000] {processor.py:186} INFO - Started process (PID=316) to work on /home/airflow/.local/lib/python3.12/site-packages/airflow/example_dags/example_nested_branch_dag.py
[2025-04-05T11:51:42.980+0000] {processor.py:914} INFO - Processing file /home/airflow/.local/lib/python3.12/site-packages/airflow/example_dags/example_nested_branch_dag.py for tasks to queue
[2025-04-05T11:51:42.982+0000] {logging_mixin.py:190} INFO - [2025-04-05T11:51:42.982+0000] {dagbag.py:588} INFO - Filling up the DagBag from /home/airflow/.local/lib/python3.12/site-packages/airflow/example_dags/example_nested_branch_dag.py
[2025-04-05T11:51:42.988+0000] {processor.py:925} INFO - DAG(s) 'example_nested_branch_dag' retrieved from /home/airflow/.local/lib/python3.12/site-packages/airflow/example_dags/example_nested_branch_dag.py
[2025-04-05T11:51:43.004+0000] {logging_mixin.py:190} INFO - [2025-04-05T11:51:43.004+0000] {dag.py:3239} INFO - Sync 1 DAGs
[2025-04-05T11:51:43.019+0000] {logging_mixin.py:190} INFO - [2025-04-05T11:51:43.019+0000] {dag.py:4180} INFO - Setting next_dagrun for example_nested_branch_dag to 2025-04-04 00:00:00+00:00, run_after=2025-04-05 00:00:00+00:00
[2025-04-05T11:51:43.028+0000] {processor.py:208} INFO - Processing /home/airflow/.local/lib/python3.12/site-packages/airflow/example_dags/example_nested_branch_dag.py took 0.052 seconds
[2025-04-05T11:52:13.301+0000] {processor.py:186} INFO - Started process (PID=380) to work on /home/airflow/.local/lib/python3.12/site-packages/airflow/example_dags/example_nested_branch_dag.py
[2025-04-05T11:52:13.302+0000] {processor.py:914} INFO - Processing file /home/airflow/.local/lib/python3.12/site-packages/airflow/example_dags/example_nested_branch_dag.py for tasks to queue
[2025-04-05T11:52:13.303+0000] {logging_mixin.py:190} INFO - [2025-04-05T11:52:13.303+0000] {dagbag.py:588} INFO - Filling up the DagBag from /home/airflow/.local/lib/python3.12/site-packages/airflow/example_dags/example_nested_branch_dag.py
[2025-04-05T11:52:13.309+0000] {processor.py:925} INFO - DAG(s) 'example_nested_branch_dag' retrieved from /home/airflow/.local/lib/python3.12/site-packages/airflow/example_dags/example_nested_branch_dag.py
[2025-04-05T11:52:13.323+0000] {logging_mixin.py:190} INFO - [2025-04-05T11:52:13.323+0000] {dag.py:3239} INFO - Sync 1 DAGs
[2025-04-05T11:52:13.335+0000] {logging_mixin.py:190} INFO - [2025-04-05T11:52:13.335+0000] {dag.py:4180} INFO - Setting next_dagrun for example_nested_branch_dag to 2025-04-04 00:00:00+00:00, run_after=2025-04-05 00:00:00+00:00
[2025-04-05T11:52:13.344+0000] {processor.py:208} INFO - Processing /home/airflow/.local/lib/python3.12/site-packages/airflow/example_dags/example_nested_branch_dag.py took 0.047 seconds
[2025-04-05T12:07:23.906+0000] {processor.py:186} INFO - Started process (PID=117) to work on /home/airflow/.local/lib/python3.12/site-packages/airflow/example_dags/example_nested_branch_dag.py
[2025-04-05T12:07:23.908+0000] {processor.py:914} INFO - Processing file /home/airflow/.local/lib/python3.12/site-packages/airflow/example_dags/example_nested_branch_dag.py for tasks to queue
[2025-04-05T12:07:23.911+0000] {logging_mixin.py:190} INFO - [2025-04-05T12:07:23.911+0000] {dagbag.py:588} INFO - Filling up the DagBag from /home/airflow/.local/lib/python3.12/site-packages/airflow/example_dags/example_nested_branch_dag.py
[2025-04-05T12:07:23.923+0000] {processor.py:925} INFO - DAG(s) 'example_nested_branch_dag' retrieved from /home/airflow/.local/lib/python3.12/site-packages/airflow/example_dags/example_nested_branch_dag.py
[2025-04-05T12:07:23.945+0000] {logging_mixin.py:190} INFO - [2025-04-05T12:07:23.945+0000] {dag.py:3239} INFO - Sync 1 DAGs
[2025-04-05T12:07:23.972+0000] {logging_mixin.py:190} INFO - [2025-04-05T12:07:23.971+0000] {dag.py:4180} INFO - Setting next_dagrun for example_nested_branch_dag to 2025-04-04 00:00:00+00:00, run_after=2025-04-05 00:00:00+00:00
[2025-04-05T12:07:23.992+0000] {processor.py:208} INFO - Processing /home/airflow/.local/lib/python3.12/site-packages/airflow/example_dags/example_nested_branch_dag.py took 0.094 seconds
[2025-04-05T12:07:54.524+0000] {processor.py:186} INFO - Started process (PID=181) to work on /home/airflow/.local/lib/python3.12/site-packages/airflow/example_dags/example_nested_branch_dag.py
[2025-04-05T12:07:54.525+0000] {processor.py:914} INFO - Processing file /home/airflow/.local/lib/python3.12/site-packages/airflow/example_dags/example_nested_branch_dag.py for tasks to queue
[2025-04-05T12:07:54.527+0000] {logging_mixin.py:190} INFO - [2025-04-05T12:07:54.527+0000] {dagbag.py:588} INFO - Filling up the DagBag from /home/airflow/.local/lib/python3.12/site-packages/airflow/example_dags/example_nested_branch_dag.py
[2025-04-05T12:07:54.533+0000] {processor.py:925} INFO - DAG(s) 'example_nested_branch_dag' retrieved from /home/airflow/.local/lib/python3.12/site-packages/airflow/example_dags/example_nested_branch_dag.py
[2025-04-05T12:07:54.544+0000] {logging_mixin.py:190} INFO - [2025-04-05T12:07:54.544+0000] {dag.py:3239} INFO - Sync 1 DAGs
[2025-04-05T12:07:54.560+0000] {logging_mixin.py:190} INFO - [2025-04-05T12:07:54.559+0000] {dag.py:4180} INFO - Setting next_dagrun for example_nested_branch_dag to 2025-04-04 00:00:00+00:00, run_after=2025-04-05 00:00:00+00:00
[2025-04-05T12:07:54.574+0000] {processor.py:208} INFO - Processing /home/airflow/.local/lib/python3.12/site-packages/airflow/example_dags/example_nested_branch_dag.py took 0.052 seconds
[2025-04-05T12:08:25.099+0000] {processor.py:186} INFO - Started process (PID=245) to work on /home/airflow/.local/lib/python3.12/site-packages/airflow/example_dags/example_nested_branch_dag.py
[2025-04-05T12:08:25.102+0000] {processor.py:914} INFO - Processing file /home/airflow/.local/lib/python3.12/site-packages/airflow/example_dags/example_nested_branch_dag.py for tasks to queue
[2025-04-05T12:08:25.106+0000] {logging_mixin.py:190} INFO - [2025-04-05T12:08:25.106+0000] {dagbag.py:588} INFO - Filling up the DagBag from /home/airflow/.local/lib/python3.12/site-packages/airflow/example_dags/example_nested_branch_dag.py
[2025-04-05T12:08:25.113+0000] {processor.py:925} INFO - DAG(s) 'example_nested_branch_dag' retrieved from /home/airflow/.local/lib/python3.12/site-packages/airflow/example_dags/example_nested_branch_dag.py
[2025-04-05T12:08:25.125+0000] {logging_mixin.py:190} INFO - [2025-04-05T12:08:25.124+0000] {dag.py:3239} INFO - Sync 1 DAGs
[2025-04-05T12:08:25.138+0000] {logging_mixin.py:190} INFO - [2025-04-05T12:08:25.138+0000] {dag.py:4180} INFO - Setting next_dagrun for example_nested_branch_dag to 2025-04-04 00:00:00+00:00, run_after=2025-04-05 00:00:00+00:00
[2025-04-05T12:08:25.147+0000] {processor.py:208} INFO - Processing /home/airflow/.local/lib/python3.12/site-packages/airflow/example_dags/example_nested_branch_dag.py took 0.051 seconds
[2025-04-05T12:08:56.197+0000] {processor.py:186} INFO - Started process (PID=309) to work on /home/airflow/.local/lib/python3.12/site-packages/airflow/example_dags/example_nested_branch_dag.py
[2025-04-05T12:08:56.198+0000] {processor.py:914} INFO - Processing file /home/airflow/.local/lib/python3.12/site-packages/airflow/example_dags/example_nested_branch_dag.py for tasks to queue
[2025-04-05T12:08:56.200+0000] {logging_mixin.py:190} INFO - [2025-04-05T12:08:56.200+0000] {dagbag.py:588} INFO - Filling up the DagBag from /home/airflow/.local/lib/python3.12/site-packages/airflow/example_dags/example_nested_branch_dag.py
[2025-04-05T12:08:56.218+0000] {processor.py:925} INFO - DAG(s) 'example_nested_branch_dag' retrieved from /home/airflow/.local/lib/python3.12/site-packages/airflow/example_dags/example_nested_branch_dag.py
[2025-04-05T12:08:56.243+0000] {logging_mixin.py:190} INFO - [2025-04-05T12:08:56.243+0000] {dag.py:3239} INFO - Sync 1 DAGs
[2025-04-05T12:08:56.270+0000] {logging_mixin.py:190} INFO - [2025-04-05T12:08:56.270+0000] {dag.py:4180} INFO - Setting next_dagrun for example_nested_branch_dag to 2025-04-04 00:00:00+00:00, run_after=2025-04-05 00:00:00+00:00
[2025-04-05T12:08:56.285+0000] {processor.py:208} INFO - Processing /home/airflow/.local/lib/python3.12/site-packages/airflow/example_dags/example_nested_branch_dag.py took 0.097 seconds
[2025-04-05T12:09:27.137+0000] {processor.py:186} INFO - Started process (PID=373) to work on /home/airflow/.local/lib/python3.12/site-packages/airflow/example_dags/example_nested_branch_dag.py
[2025-04-05T12:09:27.138+0000] {processor.py:914} INFO - Processing file /home/airflow/.local/lib/python3.12/site-packages/airflow/example_dags/example_nested_branch_dag.py for tasks to queue
[2025-04-05T12:09:27.140+0000] {logging_mixin.py:190} INFO - [2025-04-05T12:09:27.140+0000] {dagbag.py:588} INFO - Filling up the DagBag from /home/airflow/.local/lib/python3.12/site-packages/airflow/example_dags/example_nested_branch_dag.py
[2025-04-05T12:09:27.147+0000] {processor.py:925} INFO - DAG(s) 'example_nested_branch_dag' retrieved from /home/airflow/.local/lib/python3.12/site-packages/airflow/example_dags/example_nested_branch_dag.py
[2025-04-05T12:09:27.159+0000] {logging_mixin.py:190} INFO - [2025-04-05T12:09:27.158+0000] {dag.py:3239} INFO - Sync 1 DAGs
[2025-04-05T12:09:27.171+0000] {logging_mixin.py:190} INFO - [2025-04-05T12:09:27.171+0000] {dag.py:4180} INFO - Setting next_dagrun for example_nested_branch_dag to 2025-04-04 00:00:00+00:00, run_after=2025-04-05 00:00:00+00:00
[2025-04-05T12:09:27.186+0000] {processor.py:208} INFO - Processing /home/airflow/.local/lib/python3.12/site-packages/airflow/example_dags/example_nested_branch_dag.py took 0.053 seconds
[2025-04-05T12:09:57.814+0000] {processor.py:186} INFO - Started process (PID=437) to work on /home/airflow/.local/lib/python3.12/site-packages/airflow/example_dags/example_nested_branch_dag.py
[2025-04-05T12:09:57.816+0000] {processor.py:914} INFO - Processing file /home/airflow/.local/lib/python3.12/site-packages/airflow/example_dags/example_nested_branch_dag.py for tasks to queue
[2025-04-05T12:09:57.817+0000] {logging_mixin.py:190} INFO - [2025-04-05T12:09:57.817+0000] {dagbag.py:588} INFO - Filling up the DagBag from /home/airflow/.local/lib/python3.12/site-packages/airflow/example_dags/example_nested_branch_dag.py
[2025-04-05T12:09:57.823+0000] {processor.py:925} INFO - DAG(s) 'example_nested_branch_dag' retrieved from /home/airflow/.local/lib/python3.12/site-packages/airflow/example_dags/example_nested_branch_dag.py
[2025-04-05T12:09:57.837+0000] {logging_mixin.py:190} INFO - [2025-04-05T12:09:57.837+0000] {dag.py:3239} INFO - Sync 1 DAGs
[2025-04-05T12:09:57.867+0000] {logging_mixin.py:190} INFO - [2025-04-05T12:09:57.867+0000] {dag.py:4180} INFO - Setting next_dagrun for example_nested_branch_dag to 2025-04-04 00:00:00+00:00, run_after=2025-04-05 00:00:00+00:00
[2025-04-05T12:09:57.890+0000] {processor.py:208} INFO - Processing /home/airflow/.local/lib/python3.12/site-packages/airflow/example_dags/example_nested_branch_dag.py took 0.080 seconds
[2025-04-05T12:10:28.684+0000] {processor.py:186} INFO - Started process (PID=501) to work on /home/airflow/.local/lib/python3.12/site-packages/airflow/example_dags/example_nested_branch_dag.py
[2025-04-05T12:10:28.685+0000] {processor.py:914} INFO - Processing file /home/airflow/.local/lib/python3.12/site-packages/airflow/example_dags/example_nested_branch_dag.py for tasks to queue
[2025-04-05T12:10:28.686+0000] {logging_mixin.py:190} INFO - [2025-04-05T12:10:28.686+0000] {dagbag.py:588} INFO - Filling up the DagBag from /home/airflow/.local/lib/python3.12/site-packages/airflow/example_dags/example_nested_branch_dag.py
[2025-04-05T12:10:28.694+0000] {processor.py:925} INFO - DAG(s) 'example_nested_branch_dag' retrieved from /home/airflow/.local/lib/python3.12/site-packages/airflow/example_dags/example_nested_branch_dag.py
[2025-04-05T12:10:28.708+0000] {logging_mixin.py:190} INFO - [2025-04-05T12:10:28.708+0000] {dag.py:3239} INFO - Sync 1 DAGs
[2025-04-05T12:10:28.723+0000] {logging_mixin.py:190} INFO - [2025-04-05T12:10:28.722+0000] {dag.py:4180} INFO - Setting next_dagrun for example_nested_branch_dag to 2025-04-04 00:00:00+00:00, run_after=2025-04-05 00:00:00+00:00
[2025-04-05T12:10:28.731+0000] {processor.py:208} INFO - Processing /home/airflow/.local/lib/python3.12/site-packages/airflow/example_dags/example_nested_branch_dag.py took 0.051 seconds
[2025-04-05T12:10:58.899+0000] {processor.py:186} INFO - Started process (PID=565) to work on /home/airflow/.local/lib/python3.12/site-packages/airflow/example_dags/example_nested_branch_dag.py
[2025-04-05T12:10:58.899+0000] {processor.py:914} INFO - Processing file /home/airflow/.local/lib/python3.12/site-packages/airflow/example_dags/example_nested_branch_dag.py for tasks to queue
[2025-04-05T12:10:58.901+0000] {logging_mixin.py:190} INFO - [2025-04-05T12:10:58.900+0000] {dagbag.py:588} INFO - Filling up the DagBag from /home/airflow/.local/lib/python3.12/site-packages/airflow/example_dags/example_nested_branch_dag.py
[2025-04-05T12:10:58.907+0000] {processor.py:925} INFO - DAG(s) 'example_nested_branch_dag' retrieved from /home/airflow/.local/lib/python3.12/site-packages/airflow/example_dags/example_nested_branch_dag.py
[2025-04-05T12:10:58.922+0000] {logging_mixin.py:190} INFO - [2025-04-05T12:10:58.922+0000] {dag.py:3239} INFO - Sync 1 DAGs
[2025-04-05T12:10:58.937+0000] {logging_mixin.py:190} INFO - [2025-04-05T12:10:58.937+0000] {dag.py:4180} INFO - Setting next_dagrun for example_nested_branch_dag to 2025-04-04 00:00:00+00:00, run_after=2025-04-05 00:00:00+00:00
[2025-04-05T12:10:58.956+0000] {processor.py:208} INFO - Processing /home/airflow/.local/lib/python3.12/site-packages/airflow/example_dags/example_nested_branch_dag.py took 0.060 seconds
[2025-04-05T12:11:29.811+0000] {processor.py:186} INFO - Started process (PID=628) to work on /home/airflow/.local/lib/python3.12/site-packages/airflow/example_dags/example_nested_branch_dag.py
[2025-04-05T12:11:29.811+0000] {processor.py:914} INFO - Processing file /home/airflow/.local/lib/python3.12/site-packages/airflow/example_dags/example_nested_branch_dag.py for tasks to queue
[2025-04-05T12:11:29.812+0000] {logging_mixin.py:190} INFO - [2025-04-05T12:11:29.812+0000] {dagbag.py:588} INFO - Filling up the DagBag from /home/airflow/.local/lib/python3.12/site-packages/airflow/example_dags/example_nested_branch_dag.py
[2025-04-05T12:11:29.820+0000] {processor.py:925} INFO - DAG(s) 'example_nested_branch_dag' retrieved from /home/airflow/.local/lib/python3.12/site-packages/airflow/example_dags/example_nested_branch_dag.py
[2025-04-05T12:11:29.832+0000] {logging_mixin.py:190} INFO - [2025-04-05T12:11:29.832+0000] {dag.py:3239} INFO - Sync 1 DAGs
[2025-04-05T12:11:29.845+0000] {logging_mixin.py:190} INFO - [2025-04-05T12:11:29.845+0000] {dag.py:4180} INFO - Setting next_dagrun for example_nested_branch_dag to 2025-04-04 00:00:00+00:00, run_after=2025-04-05 00:00:00+00:00
[2025-04-05T12:11:29.854+0000] {processor.py:208} INFO - Processing /home/airflow/.local/lib/python3.12/site-packages/airflow/example_dags/example_nested_branch_dag.py took 0.047 seconds
[2025-04-05T12:12:01.438+0000] {processor.py:186} INFO - Started process (PID=691) to work on /home/airflow/.local/lib/python3.12/site-packages/airflow/example_dags/example_nested_branch_dag.py
[2025-04-05T12:12:01.439+0000] {processor.py:914} INFO - Processing file /home/airflow/.local/lib/python3.12/site-packages/airflow/example_dags/example_nested_branch_dag.py for tasks to queue
[2025-04-05T12:12:01.440+0000] {logging_mixin.py:190} INFO - [2025-04-05T12:12:01.440+0000] {dagbag.py:588} INFO - Filling up the DagBag from /home/airflow/.local/lib/python3.12/site-packages/airflow/example_dags/example_nested_branch_dag.py
[2025-04-05T12:12:01.446+0000] {processor.py:925} INFO - DAG(s) 'example_nested_branch_dag' retrieved from /home/airflow/.local/lib/python3.12/site-packages/airflow/example_dags/example_nested_branch_dag.py
[2025-04-05T12:12:01.458+0000] {logging_mixin.py:190} INFO - [2025-04-05T12:12:01.458+0000] {dag.py:3239} INFO - Sync 1 DAGs
[2025-04-05T12:12:01.477+0000] {logging_mixin.py:190} INFO - [2025-04-05T12:12:01.477+0000] {dag.py:4180} INFO - Setting next_dagrun for example_nested_branch_dag to 2025-04-04 00:00:00+00:00, run_after=2025-04-05 00:00:00+00:00
[2025-04-05T12:12:01.492+0000] {processor.py:208} INFO - Processing /home/airflow/.local/lib/python3.12/site-packages/airflow/example_dags/example_nested_branch_dag.py took 0.057 seconds
