[2025-04-05T11:23:22.598+0000] {processor.py:186} INFO - Started process (PID=75) to work on /home/airflow/.local/lib/python3.12/site-packages/airflow/example_dags/tutorial.py
[2025-04-05T11:23:22.599+0000] {processor.py:914} INFO - Processing file /home/airflow/.local/lib/python3.12/site-packages/airflow/example_dags/tutorial.py for tasks to queue
[2025-04-05T11:23:22.602+0000] {logging_mixin.py:190} INFO - [2025-04-05T11:23:22.602+0000] {dagbag.py:588} INFO - Filling up the DagBag from /home/airflow/.local/lib/python3.12/site-packages/airflow/example_dags/tutorial.py
[2025-04-05T11:23:22.608+0000] {processor.py:925} INFO - DAG(s) 'tutorial' retrieved from /home/airflow/.local/lib/python3.12/site-packages/airflow/example_dags/tutorial.py
[2025-04-05T11:23:22.665+0000] {logging_mixin.py:190} INFO - [2025-04-05T11:23:22.664+0000] {override.py:1912} INFO - Created Permission View: can edit on DAG:tutorial
[2025-04-05T11:23:22.669+0000] {logging_mixin.py:190} INFO - [2025-04-05T11:23:22.669+0000] {override.py:1912} INFO - Created Permission View: can read on DAG:tutorial
[2025-04-05T11:23:22.671+0000] {logging_mixin.py:190} INFO - [2025-04-05T11:23:22.671+0000] {override.py:1912} INFO - Created Permission View: can delete on DAG:tutorial
[2025-04-05T11:23:22.673+0000] {logging_mixin.py:190} INFO - [2025-04-05T11:23:22.673+0000] {override.py:1912} INFO - Created Permission View: menu access on DAG Run:tutorial
[2025-04-05T11:23:22.676+0000] {logging_mixin.py:190} INFO - [2025-04-05T11:23:22.675+0000] {override.py:1912} INFO - Created Permission View: can read on DAG Run:tutorial
[2025-04-05T11:23:22.678+0000] {logging_mixin.py:190} INFO - [2025-04-05T11:23:22.678+0000] {override.py:1912} INFO - Created Permission View: can create on DAG Run:tutorial
[2025-04-05T11:23:22.680+0000] {logging_mixin.py:190} INFO - [2025-04-05T11:23:22.680+0000] {override.py:1912} INFO - Created Permission View: can delete on DAG Run:tutorial
[2025-04-05T11:23:22.680+0000] {logging_mixin.py:190} INFO - [2025-04-05T11:23:22.680+0000] {dag.py:3239} INFO - Sync 1 DAGs
[2025-04-05T11:23:22.687+0000] {logging_mixin.py:190} INFO - [2025-04-05T11:23:22.687+0000] {dag.py:3262} INFO - Creating ORM DAG for tutorial
[2025-04-05T11:23:22.696+0000] {logging_mixin.py:190} INFO - [2025-04-05T11:23:22.696+0000] {dag.py:4180} INFO - Setting next_dagrun for tutorial to 2025-04-04 00:00:00+00:00, run_after=2025-04-05 00:00:00+00:00
[2025-04-05T11:23:22.708+0000] {processor.py:208} INFO - Processing /home/airflow/.local/lib/python3.12/site-packages/airflow/example_dags/tutorial.py took 0.113 seconds
[2025-04-05T11:23:52.993+0000] {processor.py:186} INFO - Started process (PID=137) to work on /home/airflow/.local/lib/python3.12/site-packages/airflow/example_dags/tutorial.py
[2025-04-05T11:23:52.994+0000] {processor.py:914} INFO - Processing file /home/airflow/.local/lib/python3.12/site-packages/airflow/example_dags/tutorial.py for tasks to queue
[2025-04-05T11:23:52.996+0000] {logging_mixin.py:190} INFO - [2025-04-05T11:23:52.996+0000] {dagbag.py:588} INFO - Filling up the DagBag from /home/airflow/.local/lib/python3.12/site-packages/airflow/example_dags/tutorial.py
[2025-04-05T11:23:53.003+0000] {processor.py:925} INFO - DAG(s) 'tutorial' retrieved from /home/airflow/.local/lib/python3.12/site-packages/airflow/example_dags/tutorial.py
[2025-04-05T11:23:53.016+0000] {logging_mixin.py:190} INFO - [2025-04-05T11:23:53.016+0000] {dag.py:3239} INFO - Sync 1 DAGs
[2025-04-05T11:23:53.034+0000] {logging_mixin.py:190} INFO - [2025-04-05T11:23:53.034+0000] {dag.py:4180} INFO - Setting next_dagrun for tutorial to 2025-04-04 00:00:00+00:00, run_after=2025-04-05 00:00:00+00:00
[2025-04-05T11:23:53.045+0000] {processor.py:208} INFO - Processing /home/airflow/.local/lib/python3.12/site-packages/airflow/example_dags/tutorial.py took 0.061 seconds
[2025-04-05T11:24:23.566+0000] {processor.py:186} INFO - Started process (PID=200) to work on /home/airflow/.local/lib/python3.12/site-packages/airflow/example_dags/tutorial.py
[2025-04-05T11:24:23.569+0000] {processor.py:914} INFO - Processing file /home/airflow/.local/lib/python3.12/site-packages/airflow/example_dags/tutorial.py for tasks to queue
[2025-04-05T11:24:23.571+0000] {logging_mixin.py:190} INFO - [2025-04-05T11:24:23.570+0000] {dagbag.py:588} INFO - Filling up the DagBag from /home/airflow/.local/lib/python3.12/site-packages/airflow/example_dags/tutorial.py
[2025-04-05T11:24:23.576+0000] {processor.py:925} INFO - DAG(s) 'tutorial' retrieved from /home/airflow/.local/lib/python3.12/site-packages/airflow/example_dags/tutorial.py
[2025-04-05T11:24:23.585+0000] {logging_mixin.py:190} INFO - [2025-04-05T11:24:23.585+0000] {dag.py:3239} INFO - Sync 1 DAGs
[2025-04-05T11:24:23.595+0000] {logging_mixin.py:190} INFO - [2025-04-05T11:24:23.595+0000] {dag.py:4180} INFO - Setting next_dagrun for tutorial to 2025-04-04 00:00:00+00:00, run_after=2025-04-05 00:00:00+00:00
[2025-04-05T11:24:23.606+0000] {processor.py:208} INFO - Processing /home/airflow/.local/lib/python3.12/site-packages/airflow/example_dags/tutorial.py took 0.044 seconds
[2025-04-05T11:24:53.993+0000] {processor.py:186} INFO - Started process (PID=269) to work on /home/airflow/.local/lib/python3.12/site-packages/airflow/example_dags/tutorial.py
[2025-04-05T11:24:53.994+0000] {processor.py:914} INFO - Processing file /home/airflow/.local/lib/python3.12/site-packages/airflow/example_dags/tutorial.py for tasks to queue
[2025-04-05T11:24:53.995+0000] {logging_mixin.py:190} INFO - [2025-04-05T11:24:53.995+0000] {dagbag.py:588} INFO - Filling up the DagBag from /home/airflow/.local/lib/python3.12/site-packages/airflow/example_dags/tutorial.py
[2025-04-05T11:24:53.999+0000] {processor.py:925} INFO - DAG(s) 'tutorial' retrieved from /home/airflow/.local/lib/python3.12/site-packages/airflow/example_dags/tutorial.py
[2025-04-05T11:24:54.010+0000] {logging_mixin.py:190} INFO - [2025-04-05T11:24:54.010+0000] {dag.py:3239} INFO - Sync 1 DAGs
[2025-04-05T11:24:54.029+0000] {logging_mixin.py:190} INFO - [2025-04-05T11:24:54.029+0000] {dag.py:4180} INFO - Setting next_dagrun for tutorial to 2025-04-04 00:00:00+00:00, run_after=2025-04-05 00:00:00+00:00
[2025-04-05T11:24:54.039+0000] {processor.py:208} INFO - Processing /home/airflow/.local/lib/python3.12/site-packages/airflow/example_dags/tutorial.py took 0.050 seconds
[2025-04-05T11:25:24.112+0000] {processor.py:186} INFO - Started process (PID=332) to work on /home/airflow/.local/lib/python3.12/site-packages/airflow/example_dags/tutorial.py
[2025-04-05T11:25:24.112+0000] {processor.py:914} INFO - Processing file /home/airflow/.local/lib/python3.12/site-packages/airflow/example_dags/tutorial.py for tasks to queue
[2025-04-05T11:25:24.114+0000] {logging_mixin.py:190} INFO - [2025-04-05T11:25:24.113+0000] {dagbag.py:588} INFO - Filling up the DagBag from /home/airflow/.local/lib/python3.12/site-packages/airflow/example_dags/tutorial.py
[2025-04-05T11:25:24.118+0000] {processor.py:925} INFO - DAG(s) 'tutorial' retrieved from /home/airflow/.local/lib/python3.12/site-packages/airflow/example_dags/tutorial.py
[2025-04-05T11:25:24.128+0000] {logging_mixin.py:190} INFO - [2025-04-05T11:25:24.128+0000] {dag.py:3239} INFO - Sync 1 DAGs
[2025-04-05T11:25:24.139+0000] {logging_mixin.py:190} INFO - [2025-04-05T11:25:24.138+0000] {dag.py:4180} INFO - Setting next_dagrun for tutorial to 2025-04-04 00:00:00+00:00, run_after=2025-04-05 00:00:00+00:00
[2025-04-05T11:25:24.146+0000] {processor.py:208} INFO - Processing /home/airflow/.local/lib/python3.12/site-packages/airflow/example_dags/tutorial.py took 0.037 seconds
[2025-04-05T11:25:54.309+0000] {processor.py:186} INFO - Started process (PID=395) to work on /home/airflow/.local/lib/python3.12/site-packages/airflow/example_dags/tutorial.py
[2025-04-05T11:25:54.310+0000] {processor.py:914} INFO - Processing file /home/airflow/.local/lib/python3.12/site-packages/airflow/example_dags/tutorial.py for tasks to queue
[2025-04-05T11:25:54.312+0000] {logging_mixin.py:190} INFO - [2025-04-05T11:25:54.312+0000] {dagbag.py:588} INFO - Filling up the DagBag from /home/airflow/.local/lib/python3.12/site-packages/airflow/example_dags/tutorial.py
[2025-04-05T11:25:54.316+0000] {processor.py:925} INFO - DAG(s) 'tutorial' retrieved from /home/airflow/.local/lib/python3.12/site-packages/airflow/example_dags/tutorial.py
[2025-04-05T11:25:54.328+0000] {logging_mixin.py:190} INFO - [2025-04-05T11:25:54.328+0000] {dag.py:3239} INFO - Sync 1 DAGs
[2025-04-05T11:25:54.342+0000] {logging_mixin.py:190} INFO - [2025-04-05T11:25:54.342+0000] {dag.py:4180} INFO - Setting next_dagrun for tutorial to 2025-04-04 00:00:00+00:00, run_after=2025-04-05 00:00:00+00:00
[2025-04-05T11:25:54.352+0000] {processor.py:208} INFO - Processing /home/airflow/.local/lib/python3.12/site-packages/airflow/example_dags/tutorial.py took 0.047 seconds
[2025-04-05T11:26:24.588+0000] {processor.py:186} INFO - Started process (PID=458) to work on /home/airflow/.local/lib/python3.12/site-packages/airflow/example_dags/tutorial.py
[2025-04-05T11:26:24.592+0000] {processor.py:914} INFO - Processing file /home/airflow/.local/lib/python3.12/site-packages/airflow/example_dags/tutorial.py for tasks to queue
[2025-04-05T11:26:24.597+0000] {logging_mixin.py:190} INFO - [2025-04-05T11:26:24.597+0000] {dagbag.py:588} INFO - Filling up the DagBag from /home/airflow/.local/lib/python3.12/site-packages/airflow/example_dags/tutorial.py
[2025-04-05T11:26:24.601+0000] {processor.py:925} INFO - DAG(s) 'tutorial' retrieved from /home/airflow/.local/lib/python3.12/site-packages/airflow/example_dags/tutorial.py
[2025-04-05T11:26:24.612+0000] {logging_mixin.py:190} INFO - [2025-04-05T11:26:24.612+0000] {dag.py:3239} INFO - Sync 1 DAGs
[2025-04-05T11:26:24.625+0000] {logging_mixin.py:190} INFO - [2025-04-05T11:26:24.625+0000] {dag.py:4180} INFO - Setting next_dagrun for tutorial to 2025-04-04 00:00:00+00:00, run_after=2025-04-05 00:00:00+00:00
[2025-04-05T11:26:24.632+0000] {processor.py:208} INFO - Processing /home/airflow/.local/lib/python3.12/site-packages/airflow/example_dags/tutorial.py took 0.048 seconds
[2025-04-05T11:26:55.117+0000] {processor.py:186} INFO - Started process (PID=521) to work on /home/airflow/.local/lib/python3.12/site-packages/airflow/example_dags/tutorial.py
[2025-04-05T11:26:55.118+0000] {processor.py:914} INFO - Processing file /home/airflow/.local/lib/python3.12/site-packages/airflow/example_dags/tutorial.py for tasks to queue
[2025-04-05T11:26:55.120+0000] {logging_mixin.py:190} INFO - [2025-04-05T11:26:55.119+0000] {dagbag.py:588} INFO - Filling up the DagBag from /home/airflow/.local/lib/python3.12/site-packages/airflow/example_dags/tutorial.py
[2025-04-05T11:26:55.124+0000] {processor.py:925} INFO - DAG(s) 'tutorial' retrieved from /home/airflow/.local/lib/python3.12/site-packages/airflow/example_dags/tutorial.py
[2025-04-05T11:26:55.135+0000] {logging_mixin.py:190} INFO - [2025-04-05T11:26:55.135+0000] {dag.py:3239} INFO - Sync 1 DAGs
[2025-04-05T11:26:55.148+0000] {logging_mixin.py:190} INFO - [2025-04-05T11:26:55.148+0000] {dag.py:4180} INFO - Setting next_dagrun for tutorial to 2025-04-04 00:00:00+00:00, run_after=2025-04-05 00:00:00+00:00
[2025-04-05T11:26:55.156+0000] {processor.py:208} INFO - Processing /home/airflow/.local/lib/python3.12/site-packages/airflow/example_dags/tutorial.py took 0.043 seconds
[2025-04-05T11:31:54.852+0000] {processor.py:186} INFO - Started process (PID=81) to work on /home/airflow/.local/lib/python3.12/site-packages/airflow/example_dags/tutorial.py
[2025-04-05T11:31:54.857+0000] {processor.py:914} INFO - Processing file /home/airflow/.local/lib/python3.12/site-packages/airflow/example_dags/tutorial.py for tasks to queue
[2025-04-05T11:31:54.908+0000] {logging_mixin.py:190} INFO - [2025-04-05T11:31:54.907+0000] {dagbag.py:588} INFO - Filling up the DagBag from /home/airflow/.local/lib/python3.12/site-packages/airflow/example_dags/tutorial.py
[2025-04-05T11:31:54.959+0000] {processor.py:925} INFO - DAG(s) 'tutorial' retrieved from /home/airflow/.local/lib/python3.12/site-packages/airflow/example_dags/tutorial.py
[2025-04-05T11:31:55.113+0000] {logging_mixin.py:190} INFO - [2025-04-05T11:31:55.112+0000] {dag.py:3239} INFO - Sync 1 DAGs
[2025-04-05T11:31:55.226+0000] {logging_mixin.py:190} INFO - [2025-04-05T11:31:55.225+0000] {dag.py:4180} INFO - Setting next_dagrun for tutorial to 2025-04-04 00:00:00+00:00, run_after=2025-04-05 00:00:00+00:00
[2025-04-05T11:31:55.283+0000] {processor.py:208} INFO - Processing /home/airflow/.local/lib/python3.12/site-packages/airflow/example_dags/tutorial.py took 0.466 seconds
[2025-04-05T11:32:25.501+0000] {processor.py:186} INFO - Started process (PID=143) to work on /home/airflow/.local/lib/python3.12/site-packages/airflow/example_dags/tutorial.py
[2025-04-05T11:32:25.502+0000] {processor.py:914} INFO - Processing file /home/airflow/.local/lib/python3.12/site-packages/airflow/example_dags/tutorial.py for tasks to queue
[2025-04-05T11:32:25.506+0000] {logging_mixin.py:190} INFO - [2025-04-05T11:32:25.505+0000] {dagbag.py:588} INFO - Filling up the DagBag from /home/airflow/.local/lib/python3.12/site-packages/airflow/example_dags/tutorial.py
[2025-04-05T11:32:25.514+0000] {processor.py:925} INFO - DAG(s) 'tutorial' retrieved from /home/airflow/.local/lib/python3.12/site-packages/airflow/example_dags/tutorial.py
[2025-04-05T11:32:25.526+0000] {logging_mixin.py:190} INFO - [2025-04-05T11:32:25.526+0000] {dag.py:3239} INFO - Sync 1 DAGs
[2025-04-05T11:32:25.539+0000] {logging_mixin.py:190} INFO - [2025-04-05T11:32:25.538+0000] {dag.py:4180} INFO - Setting next_dagrun for tutorial to 2025-04-04 00:00:00+00:00, run_after=2025-04-05 00:00:00+00:00
[2025-04-05T11:32:25.547+0000] {processor.py:208} INFO - Processing /home/airflow/.local/lib/python3.12/site-packages/airflow/example_dags/tutorial.py took 0.052 seconds
[2025-04-05T11:39:02.841+0000] {processor.py:186} INFO - Started process (PID=80) to work on /home/airflow/.local/lib/python3.12/site-packages/airflow/example_dags/tutorial.py
[2025-04-05T11:39:02.844+0000] {processor.py:914} INFO - Processing file /home/airflow/.local/lib/python3.12/site-packages/airflow/example_dags/tutorial.py for tasks to queue
[2025-04-05T11:39:02.849+0000] {logging_mixin.py:190} INFO - [2025-04-05T11:39:02.848+0000] {dagbag.py:588} INFO - Filling up the DagBag from /home/airflow/.local/lib/python3.12/site-packages/airflow/example_dags/tutorial.py
[2025-04-05T11:39:02.867+0000] {processor.py:925} INFO - DAG(s) 'tutorial' retrieved from /home/airflow/.local/lib/python3.12/site-packages/airflow/example_dags/tutorial.py
[2025-04-05T11:39:02.932+0000] {logging_mixin.py:190} INFO - [2025-04-05T11:39:02.932+0000] {dag.py:3239} INFO - Sync 1 DAGs
[2025-04-05T11:39:02.988+0000] {logging_mixin.py:190} INFO - [2025-04-05T11:39:02.988+0000] {dag.py:4180} INFO - Setting next_dagrun for tutorial to 2025-04-04 00:00:00+00:00, run_after=2025-04-05 00:00:00+00:00
[2025-04-05T11:39:03.038+0000] {processor.py:208} INFO - Processing /home/airflow/.local/lib/python3.12/site-packages/airflow/example_dags/tutorial.py took 0.224 seconds
[2025-04-05T11:39:33.933+0000] {processor.py:186} INFO - Started process (PID=142) to work on /home/airflow/.local/lib/python3.12/site-packages/airflow/example_dags/tutorial.py
[2025-04-05T11:39:33.934+0000] {processor.py:914} INFO - Processing file /home/airflow/.local/lib/python3.12/site-packages/airflow/example_dags/tutorial.py for tasks to queue
[2025-04-05T11:39:33.937+0000] {logging_mixin.py:190} INFO - [2025-04-05T11:39:33.937+0000] {dagbag.py:588} INFO - Filling up the DagBag from /home/airflow/.local/lib/python3.12/site-packages/airflow/example_dags/tutorial.py
[2025-04-05T11:39:33.944+0000] {processor.py:925} INFO - DAG(s) 'tutorial' retrieved from /home/airflow/.local/lib/python3.12/site-packages/airflow/example_dags/tutorial.py
[2025-04-05T11:39:33.963+0000] {logging_mixin.py:190} INFO - [2025-04-05T11:39:33.963+0000] {dag.py:3239} INFO - Sync 1 DAGs
[2025-04-05T11:39:33.978+0000] {logging_mixin.py:190} INFO - [2025-04-05T11:39:33.978+0000] {dag.py:4180} INFO - Setting next_dagrun for tutorial to 2025-04-04 00:00:00+00:00, run_after=2025-04-05 00:00:00+00:00
[2025-04-05T11:39:33.985+0000] {processor.py:208} INFO - Processing /home/airflow/.local/lib/python3.12/site-packages/airflow/example_dags/tutorial.py took 0.058 seconds
[2025-04-05T11:40:04.415+0000] {processor.py:186} INFO - Started process (PID=206) to work on /home/airflow/.local/lib/python3.12/site-packages/airflow/example_dags/tutorial.py
[2025-04-05T11:40:04.416+0000] {processor.py:914} INFO - Processing file /home/airflow/.local/lib/python3.12/site-packages/airflow/example_dags/tutorial.py for tasks to queue
[2025-04-05T11:40:04.418+0000] {logging_mixin.py:190} INFO - [2025-04-05T11:40:04.417+0000] {dagbag.py:588} INFO - Filling up the DagBag from /home/airflow/.local/lib/python3.12/site-packages/airflow/example_dags/tutorial.py
[2025-04-05T11:40:04.422+0000] {processor.py:925} INFO - DAG(s) 'tutorial' retrieved from /home/airflow/.local/lib/python3.12/site-packages/airflow/example_dags/tutorial.py
[2025-04-05T11:40:04.434+0000] {logging_mixin.py:190} INFO - [2025-04-05T11:40:04.434+0000] {dag.py:3239} INFO - Sync 1 DAGs
[2025-04-05T11:40:04.446+0000] {logging_mixin.py:190} INFO - [2025-04-05T11:40:04.446+0000] {dag.py:4180} INFO - Setting next_dagrun for tutorial to 2025-04-04 00:00:00+00:00, run_after=2025-04-05 00:00:00+00:00
[2025-04-05T11:40:04.454+0000] {processor.py:208} INFO - Processing /home/airflow/.local/lib/python3.12/site-packages/airflow/example_dags/tutorial.py took 0.049 seconds
[2025-04-05T11:40:34.909+0000] {processor.py:186} INFO - Started process (PID=269) to work on /home/airflow/.local/lib/python3.12/site-packages/airflow/example_dags/tutorial.py
[2025-04-05T11:40:34.911+0000] {processor.py:914} INFO - Processing file /home/airflow/.local/lib/python3.12/site-packages/airflow/example_dags/tutorial.py for tasks to queue
[2025-04-05T11:40:34.912+0000] {logging_mixin.py:190} INFO - [2025-04-05T11:40:34.911+0000] {dagbag.py:588} INFO - Filling up the DagBag from /home/airflow/.local/lib/python3.12/site-packages/airflow/example_dags/tutorial.py
[2025-04-05T11:40:34.916+0000] {processor.py:925} INFO - DAG(s) 'tutorial' retrieved from /home/airflow/.local/lib/python3.12/site-packages/airflow/example_dags/tutorial.py
[2025-04-05T11:40:34.928+0000] {logging_mixin.py:190} INFO - [2025-04-05T11:40:34.928+0000] {dag.py:3239} INFO - Sync 1 DAGs
[2025-04-05T11:40:34.940+0000] {logging_mixin.py:190} INFO - [2025-04-05T11:40:34.940+0000] {dag.py:4180} INFO - Setting next_dagrun for tutorial to 2025-04-04 00:00:00+00:00, run_after=2025-04-05 00:00:00+00:00
[2025-04-05T11:40:34.949+0000] {processor.py:208} INFO - Processing /home/airflow/.local/lib/python3.12/site-packages/airflow/example_dags/tutorial.py took 0.043 seconds
[2025-04-05T11:41:05.168+0000] {processor.py:186} INFO - Started process (PID=332) to work on /home/airflow/.local/lib/python3.12/site-packages/airflow/example_dags/tutorial.py
[2025-04-05T11:41:05.170+0000] {processor.py:914} INFO - Processing file /home/airflow/.local/lib/python3.12/site-packages/airflow/example_dags/tutorial.py for tasks to queue
[2025-04-05T11:41:05.173+0000] {logging_mixin.py:190} INFO - [2025-04-05T11:41:05.173+0000] {dagbag.py:588} INFO - Filling up the DagBag from /home/airflow/.local/lib/python3.12/site-packages/airflow/example_dags/tutorial.py
[2025-04-05T11:41:05.181+0000] {processor.py:925} INFO - DAG(s) 'tutorial' retrieved from /home/airflow/.local/lib/python3.12/site-packages/airflow/example_dags/tutorial.py
[2025-04-05T11:41:05.197+0000] {logging_mixin.py:190} INFO - [2025-04-05T11:41:05.197+0000] {dag.py:3239} INFO - Sync 1 DAGs
[2025-04-05T11:41:05.213+0000] {logging_mixin.py:190} INFO - [2025-04-05T11:41:05.212+0000] {dag.py:4180} INFO - Setting next_dagrun for tutorial to 2025-04-04 00:00:00+00:00, run_after=2025-04-05 00:00:00+00:00
[2025-04-05T11:41:05.225+0000] {processor.py:208} INFO - Processing /home/airflow/.local/lib/python3.12/site-packages/airflow/example_dags/tutorial.py took 0.064 seconds
[2025-04-05T11:41:35.800+0000] {processor.py:186} INFO - Started process (PID=395) to work on /home/airflow/.local/lib/python3.12/site-packages/airflow/example_dags/tutorial.py
[2025-04-05T11:41:35.801+0000] {processor.py:914} INFO - Processing file /home/airflow/.local/lib/python3.12/site-packages/airflow/example_dags/tutorial.py for tasks to queue
[2025-04-05T11:41:35.803+0000] {logging_mixin.py:190} INFO - [2025-04-05T11:41:35.803+0000] {dagbag.py:588} INFO - Filling up the DagBag from /home/airflow/.local/lib/python3.12/site-packages/airflow/example_dags/tutorial.py
[2025-04-05T11:41:35.815+0000] {processor.py:925} INFO - DAG(s) 'tutorial' retrieved from /home/airflow/.local/lib/python3.12/site-packages/airflow/example_dags/tutorial.py
[2025-04-05T11:41:35.837+0000] {logging_mixin.py:190} INFO - [2025-04-05T11:41:35.837+0000] {dag.py:3239} INFO - Sync 1 DAGs
[2025-04-05T11:41:35.850+0000] {logging_mixin.py:190} INFO - [2025-04-05T11:41:35.850+0000] {dag.py:4180} INFO - Setting next_dagrun for tutorial to 2025-04-04 00:00:00+00:00, run_after=2025-04-05 00:00:00+00:00
[2025-04-05T11:41:35.860+0000] {processor.py:208} INFO - Processing /home/airflow/.local/lib/python3.12/site-packages/airflow/example_dags/tutorial.py took 0.067 seconds
[2025-04-05T11:42:06.058+0000] {processor.py:186} INFO - Started process (PID=458) to work on /home/airflow/.local/lib/python3.12/site-packages/airflow/example_dags/tutorial.py
[2025-04-05T11:42:06.060+0000] {processor.py:914} INFO - Processing file /home/airflow/.local/lib/python3.12/site-packages/airflow/example_dags/tutorial.py for tasks to queue
[2025-04-05T11:42:06.062+0000] {logging_mixin.py:190} INFO - [2025-04-05T11:42:06.062+0000] {dagbag.py:588} INFO - Filling up the DagBag from /home/airflow/.local/lib/python3.12/site-packages/airflow/example_dags/tutorial.py
[2025-04-05T11:42:06.069+0000] {processor.py:925} INFO - DAG(s) 'tutorial' retrieved from /home/airflow/.local/lib/python3.12/site-packages/airflow/example_dags/tutorial.py
[2025-04-05T11:42:06.086+0000] {logging_mixin.py:190} INFO - [2025-04-05T11:42:06.086+0000] {dag.py:3239} INFO - Sync 1 DAGs
[2025-04-05T11:42:06.101+0000] {logging_mixin.py:190} INFO - [2025-04-05T11:42:06.101+0000] {dag.py:4180} INFO - Setting next_dagrun for tutorial to 2025-04-04 00:00:00+00:00, run_after=2025-04-05 00:00:00+00:00
[2025-04-05T11:42:06.111+0000] {processor.py:208} INFO - Processing /home/airflow/.local/lib/python3.12/site-packages/airflow/example_dags/tutorial.py took 0.058 seconds
[2025-04-05T11:42:36.657+0000] {processor.py:186} INFO - Started process (PID=527) to work on /home/airflow/.local/lib/python3.12/site-packages/airflow/example_dags/tutorial.py
[2025-04-05T11:42:36.659+0000] {processor.py:914} INFO - Processing file /home/airflow/.local/lib/python3.12/site-packages/airflow/example_dags/tutorial.py for tasks to queue
[2025-04-05T11:42:36.661+0000] {logging_mixin.py:190} INFO - [2025-04-05T11:42:36.661+0000] {dagbag.py:588} INFO - Filling up the DagBag from /home/airflow/.local/lib/python3.12/site-packages/airflow/example_dags/tutorial.py
[2025-04-05T11:42:36.670+0000] {processor.py:925} INFO - DAG(s) 'tutorial' retrieved from /home/airflow/.local/lib/python3.12/site-packages/airflow/example_dags/tutorial.py
[2025-04-05T11:42:36.687+0000] {logging_mixin.py:190} INFO - [2025-04-05T11:42:36.686+0000] {dag.py:3239} INFO - Sync 1 DAGs
[2025-04-05T11:42:36.701+0000] {logging_mixin.py:190} INFO - [2025-04-05T11:42:36.701+0000] {dag.py:4180} INFO - Setting next_dagrun for tutorial to 2025-04-04 00:00:00+00:00, run_after=2025-04-05 00:00:00+00:00
[2025-04-05T11:42:36.710+0000] {processor.py:208} INFO - Processing /home/airflow/.local/lib/python3.12/site-packages/airflow/example_dags/tutorial.py took 0.060 seconds
[2025-04-05T11:43:07.577+0000] {processor.py:186} INFO - Started process (PID=590) to work on /home/airflow/.local/lib/python3.12/site-packages/airflow/example_dags/tutorial.py
[2025-04-05T11:43:07.579+0000] {processor.py:914} INFO - Processing file /home/airflow/.local/lib/python3.12/site-packages/airflow/example_dags/tutorial.py for tasks to queue
[2025-04-05T11:43:07.583+0000] {logging_mixin.py:190} INFO - [2025-04-05T11:43:07.583+0000] {dagbag.py:588} INFO - Filling up the DagBag from /home/airflow/.local/lib/python3.12/site-packages/airflow/example_dags/tutorial.py
[2025-04-05T11:43:07.593+0000] {processor.py:925} INFO - DAG(s) 'tutorial' retrieved from /home/airflow/.local/lib/python3.12/site-packages/airflow/example_dags/tutorial.py
[2025-04-05T11:43:07.609+0000] {logging_mixin.py:190} INFO - [2025-04-05T11:43:07.608+0000] {dag.py:3239} INFO - Sync 1 DAGs
[2025-04-05T11:43:07.623+0000] {logging_mixin.py:190} INFO - [2025-04-05T11:43:07.623+0000] {dag.py:4180} INFO - Setting next_dagrun for tutorial to 2025-04-04 00:00:00+00:00, run_after=2025-04-05 00:00:00+00:00
[2025-04-05T11:43:07.634+0000] {processor.py:208} INFO - Processing /home/airflow/.local/lib/python3.12/site-packages/airflow/example_dags/tutorial.py took 0.064 seconds
[2025-04-05T11:44:47.244+0000] {processor.py:186} INFO - Started process (PID=75) to work on /home/airflow/.local/lib/python3.12/site-packages/airflow/example_dags/tutorial.py
[2025-04-05T11:44:47.251+0000] {processor.py:914} INFO - Processing file /home/airflow/.local/lib/python3.12/site-packages/airflow/example_dags/tutorial.py for tasks to queue
[2025-04-05T11:44:47.255+0000] {logging_mixin.py:190} INFO - [2025-04-05T11:44:47.255+0000] {dagbag.py:588} INFO - Filling up the DagBag from /home/airflow/.local/lib/python3.12/site-packages/airflow/example_dags/tutorial.py
[2025-04-05T11:44:47.269+0000] {processor.py:925} INFO - DAG(s) 'tutorial' retrieved from /home/airflow/.local/lib/python3.12/site-packages/airflow/example_dags/tutorial.py
[2025-04-05T11:44:47.323+0000] {logging_mixin.py:190} INFO - [2025-04-05T11:44:47.323+0000] {dag.py:3239} INFO - Sync 1 DAGs
[2025-04-05T11:44:47.373+0000] {logging_mixin.py:190} INFO - [2025-04-05T11:44:47.372+0000] {dag.py:4180} INFO - Setting next_dagrun for tutorial to 2025-04-04 00:00:00+00:00, run_after=2025-04-05 00:00:00+00:00
[2025-04-05T11:44:47.409+0000] {processor.py:208} INFO - Processing /home/airflow/.local/lib/python3.12/site-packages/airflow/example_dags/tutorial.py took 0.172 seconds
[2025-04-05T11:45:17.651+0000] {processor.py:186} INFO - Started process (PID=137) to work on /home/airflow/.local/lib/python3.12/site-packages/airflow/example_dags/tutorial.py
[2025-04-05T11:45:17.655+0000] {processor.py:914} INFO - Processing file /home/airflow/.local/lib/python3.12/site-packages/airflow/example_dags/tutorial.py for tasks to queue
[2025-04-05T11:45:17.658+0000] {logging_mixin.py:190} INFO - [2025-04-05T11:45:17.657+0000] {dagbag.py:588} INFO - Filling up the DagBag from /home/airflow/.local/lib/python3.12/site-packages/airflow/example_dags/tutorial.py
[2025-04-05T11:45:17.662+0000] {processor.py:925} INFO - DAG(s) 'tutorial' retrieved from /home/airflow/.local/lib/python3.12/site-packages/airflow/example_dags/tutorial.py
[2025-04-05T11:45:17.677+0000] {logging_mixin.py:190} INFO - [2025-04-05T11:45:17.677+0000] {dag.py:3239} INFO - Sync 1 DAGs
[2025-04-05T11:45:17.689+0000] {logging_mixin.py:190} INFO - [2025-04-05T11:45:17.689+0000] {dag.py:4180} INFO - Setting next_dagrun for tutorial to 2025-04-04 00:00:00+00:00, run_after=2025-04-05 00:00:00+00:00
[2025-04-05T11:45:17.700+0000] {processor.py:208} INFO - Processing /home/airflow/.local/lib/python3.12/site-packages/airflow/example_dags/tutorial.py took 0.052 seconds
[2025-04-05T11:45:48.016+0000] {processor.py:186} INFO - Started process (PID=201) to work on /home/airflow/.local/lib/python3.12/site-packages/airflow/example_dags/tutorial.py
[2025-04-05T11:45:48.017+0000] {processor.py:914} INFO - Processing file /home/airflow/.local/lib/python3.12/site-packages/airflow/example_dags/tutorial.py for tasks to queue
[2025-04-05T11:45:48.018+0000] {logging_mixin.py:190} INFO - [2025-04-05T11:45:48.018+0000] {dagbag.py:588} INFO - Filling up the DagBag from /home/airflow/.local/lib/python3.12/site-packages/airflow/example_dags/tutorial.py
[2025-04-05T11:45:48.022+0000] {processor.py:925} INFO - DAG(s) 'tutorial' retrieved from /home/airflow/.local/lib/python3.12/site-packages/airflow/example_dags/tutorial.py
[2025-04-05T11:45:48.035+0000] {logging_mixin.py:190} INFO - [2025-04-05T11:45:48.034+0000] {dag.py:3239} INFO - Sync 1 DAGs
[2025-04-05T11:45:48.046+0000] {logging_mixin.py:190} INFO - [2025-04-05T11:45:48.045+0000] {dag.py:4180} INFO - Setting next_dagrun for tutorial to 2025-04-04 00:00:00+00:00, run_after=2025-04-05 00:00:00+00:00
[2025-04-05T11:45:48.053+0000] {processor.py:208} INFO - Processing /home/airflow/.local/lib/python3.12/site-packages/airflow/example_dags/tutorial.py took 0.042 seconds
[2025-04-05T11:46:18.600+0000] {processor.py:186} INFO - Started process (PID=265) to work on /home/airflow/.local/lib/python3.12/site-packages/airflow/example_dags/tutorial.py
[2025-04-05T11:46:18.603+0000] {processor.py:914} INFO - Processing file /home/airflow/.local/lib/python3.12/site-packages/airflow/example_dags/tutorial.py for tasks to queue
[2025-04-05T11:46:18.606+0000] {logging_mixin.py:190} INFO - [2025-04-05T11:46:18.606+0000] {dagbag.py:588} INFO - Filling up the DagBag from /home/airflow/.local/lib/python3.12/site-packages/airflow/example_dags/tutorial.py
[2025-04-05T11:46:18.611+0000] {processor.py:925} INFO - DAG(s) 'tutorial' retrieved from /home/airflow/.local/lib/python3.12/site-packages/airflow/example_dags/tutorial.py
[2025-04-05T11:46:18.630+0000] {logging_mixin.py:190} INFO - [2025-04-05T11:46:18.630+0000] {dag.py:3239} INFO - Sync 1 DAGs
[2025-04-05T11:46:18.655+0000] {logging_mixin.py:190} INFO - [2025-04-05T11:46:18.655+0000] {dag.py:4180} INFO - Setting next_dagrun for tutorial to 2025-04-04 00:00:00+00:00, run_after=2025-04-05 00:00:00+00:00
[2025-04-05T11:46:18.668+0000] {processor.py:208} INFO - Processing /home/airflow/.local/lib/python3.12/site-packages/airflow/example_dags/tutorial.py took 0.076 seconds
[2025-04-05T11:46:49.421+0000] {processor.py:186} INFO - Started process (PID=329) to work on /home/airflow/.local/lib/python3.12/site-packages/airflow/example_dags/tutorial.py
[2025-04-05T11:46:49.421+0000] {processor.py:914} INFO - Processing file /home/airflow/.local/lib/python3.12/site-packages/airflow/example_dags/tutorial.py for tasks to queue
[2025-04-05T11:46:49.423+0000] {logging_mixin.py:190} INFO - [2025-04-05T11:46:49.423+0000] {dagbag.py:588} INFO - Filling up the DagBag from /home/airflow/.local/lib/python3.12/site-packages/airflow/example_dags/tutorial.py
[2025-04-05T11:46:49.428+0000] {processor.py:925} INFO - DAG(s) 'tutorial' retrieved from /home/airflow/.local/lib/python3.12/site-packages/airflow/example_dags/tutorial.py
[2025-04-05T11:46:49.439+0000] {logging_mixin.py:190} INFO - [2025-04-05T11:46:49.439+0000] {dag.py:3239} INFO - Sync 1 DAGs
[2025-04-05T11:46:49.450+0000] {logging_mixin.py:190} INFO - [2025-04-05T11:46:49.450+0000] {dag.py:4180} INFO - Setting next_dagrun for tutorial to 2025-04-04 00:00:00+00:00, run_after=2025-04-05 00:00:00+00:00
[2025-04-05T11:46:49.461+0000] {processor.py:208} INFO - Processing /home/airflow/.local/lib/python3.12/site-packages/airflow/example_dags/tutorial.py took 0.044 seconds
[2025-04-05T11:47:19.510+0000] {processor.py:186} INFO - Started process (PID=392) to work on /home/airflow/.local/lib/python3.12/site-packages/airflow/example_dags/tutorial.py
[2025-04-05T11:47:19.512+0000] {processor.py:914} INFO - Processing file /home/airflow/.local/lib/python3.12/site-packages/airflow/example_dags/tutorial.py for tasks to queue
[2025-04-05T11:47:19.514+0000] {logging_mixin.py:190} INFO - [2025-04-05T11:47:19.514+0000] {dagbag.py:588} INFO - Filling up the DagBag from /home/airflow/.local/lib/python3.12/site-packages/airflow/example_dags/tutorial.py
[2025-04-05T11:47:19.521+0000] {processor.py:925} INFO - DAG(s) 'tutorial' retrieved from /home/airflow/.local/lib/python3.12/site-packages/airflow/example_dags/tutorial.py
[2025-04-05T11:47:19.537+0000] {logging_mixin.py:190} INFO - [2025-04-05T11:47:19.537+0000] {dag.py:3239} INFO - Sync 1 DAGs
[2025-04-05T11:47:19.549+0000] {logging_mixin.py:190} INFO - [2025-04-05T11:47:19.549+0000] {dag.py:4180} INFO - Setting next_dagrun for tutorial to 2025-04-04 00:00:00+00:00, run_after=2025-04-05 00:00:00+00:00
[2025-04-05T11:47:19.563+0000] {processor.py:208} INFO - Processing /home/airflow/.local/lib/python3.12/site-packages/airflow/example_dags/tutorial.py took 0.056 seconds
[2025-04-05T11:49:56.034+0000] {processor.py:186} INFO - Started process (PID=82) to work on /home/airflow/.local/lib/python3.12/site-packages/airflow/example_dags/tutorial.py
[2025-04-05T11:49:56.046+0000] {processor.py:914} INFO - Processing file /home/airflow/.local/lib/python3.12/site-packages/airflow/example_dags/tutorial.py for tasks to queue
[2025-04-05T11:49:56.053+0000] {logging_mixin.py:190} INFO - [2025-04-05T11:49:56.053+0000] {dagbag.py:588} INFO - Filling up the DagBag from /home/airflow/.local/lib/python3.12/site-packages/airflow/example_dags/tutorial.py
[2025-04-05T11:49:56.064+0000] {processor.py:925} INFO - DAG(s) 'tutorial' retrieved from /home/airflow/.local/lib/python3.12/site-packages/airflow/example_dags/tutorial.py
[2025-04-05T11:49:56.163+0000] {logging_mixin.py:190} INFO - [2025-04-05T11:49:56.162+0000] {dag.py:3239} INFO - Sync 1 DAGs
[2025-04-05T11:49:56.236+0000] {logging_mixin.py:190} INFO - [2025-04-05T11:49:56.236+0000] {dag.py:4180} INFO - Setting next_dagrun for tutorial to 2025-04-04 00:00:00+00:00, run_after=2025-04-05 00:00:00+00:00
[2025-04-05T11:49:56.278+0000] {processor.py:208} INFO - Processing /home/airflow/.local/lib/python3.12/site-packages/airflow/example_dags/tutorial.py took 0.284 seconds
[2025-04-05T11:50:26.837+0000] {processor.py:186} INFO - Started process (PID=145) to work on /home/airflow/.local/lib/python3.12/site-packages/airflow/example_dags/tutorial.py
[2025-04-05T11:50:26.841+0000] {processor.py:914} INFO - Processing file /home/airflow/.local/lib/python3.12/site-packages/airflow/example_dags/tutorial.py for tasks to queue
[2025-04-05T11:50:26.842+0000] {logging_mixin.py:190} INFO - [2025-04-05T11:50:26.842+0000] {dagbag.py:588} INFO - Filling up the DagBag from /home/airflow/.local/lib/python3.12/site-packages/airflow/example_dags/tutorial.py
[2025-04-05T11:50:26.848+0000] {processor.py:925} INFO - DAG(s) 'tutorial' retrieved from /home/airflow/.local/lib/python3.12/site-packages/airflow/example_dags/tutorial.py
[2025-04-05T11:50:26.879+0000] {logging_mixin.py:190} INFO - [2025-04-05T11:50:26.879+0000] {dag.py:3239} INFO - Sync 1 DAGs
[2025-04-05T11:50:26.898+0000] {logging_mixin.py:190} INFO - [2025-04-05T11:50:26.897+0000] {dag.py:4180} INFO - Setting next_dagrun for tutorial to 2025-04-04 00:00:00+00:00, run_after=2025-04-05 00:00:00+00:00
[2025-04-05T11:50:26.928+0000] {processor.py:208} INFO - Processing /home/airflow/.local/lib/python3.12/site-packages/airflow/example_dags/tutorial.py took 0.094 seconds
[2025-04-05T11:50:57.030+0000] {processor.py:186} INFO - Started process (PID=209) to work on /home/airflow/.local/lib/python3.12/site-packages/airflow/example_dags/tutorial.py
[2025-04-05T11:50:57.035+0000] {processor.py:914} INFO - Processing file /home/airflow/.local/lib/python3.12/site-packages/airflow/example_dags/tutorial.py for tasks to queue
[2025-04-05T11:50:57.040+0000] {logging_mixin.py:190} INFO - [2025-04-05T11:50:57.039+0000] {dagbag.py:588} INFO - Filling up the DagBag from /home/airflow/.local/lib/python3.12/site-packages/airflow/example_dags/tutorial.py
[2025-04-05T11:50:57.052+0000] {processor.py:925} INFO - DAG(s) 'tutorial' retrieved from /home/airflow/.local/lib/python3.12/site-packages/airflow/example_dags/tutorial.py
[2025-04-05T11:50:57.068+0000] {logging_mixin.py:190} INFO - [2025-04-05T11:50:57.067+0000] {dag.py:3239} INFO - Sync 1 DAGs
[2025-04-05T11:50:57.082+0000] {logging_mixin.py:190} INFO - [2025-04-05T11:50:57.081+0000] {dag.py:4180} INFO - Setting next_dagrun for tutorial to 2025-04-04 00:00:00+00:00, run_after=2025-04-05 00:00:00+00:00
[2025-04-05T11:50:57.093+0000] {processor.py:208} INFO - Processing /home/airflow/.local/lib/python3.12/site-packages/airflow/example_dags/tutorial.py took 0.070 seconds
[2025-04-05T11:51:27.375+0000] {processor.py:186} INFO - Started process (PID=273) to work on /home/airflow/.local/lib/python3.12/site-packages/airflow/example_dags/tutorial.py
[2025-04-05T11:51:27.378+0000] {processor.py:914} INFO - Processing file /home/airflow/.local/lib/python3.12/site-packages/airflow/example_dags/tutorial.py for tasks to queue
[2025-04-05T11:51:27.381+0000] {logging_mixin.py:190} INFO - [2025-04-05T11:51:27.381+0000] {dagbag.py:588} INFO - Filling up the DagBag from /home/airflow/.local/lib/python3.12/site-packages/airflow/example_dags/tutorial.py
[2025-04-05T11:51:27.393+0000] {processor.py:925} INFO - DAG(s) 'tutorial' retrieved from /home/airflow/.local/lib/python3.12/site-packages/airflow/example_dags/tutorial.py
[2025-04-05T11:51:27.410+0000] {logging_mixin.py:190} INFO - [2025-04-05T11:51:27.410+0000] {dag.py:3239} INFO - Sync 1 DAGs
[2025-04-05T11:51:27.425+0000] {logging_mixin.py:190} INFO - [2025-04-05T11:51:27.424+0000] {dag.py:4180} INFO - Setting next_dagrun for tutorial to 2025-04-04 00:00:00+00:00, run_after=2025-04-05 00:00:00+00:00
[2025-04-05T11:51:27.439+0000] {processor.py:208} INFO - Processing /home/airflow/.local/lib/python3.12/site-packages/airflow/example_dags/tutorial.py took 0.070 seconds
[2025-04-05T11:51:57.604+0000] {processor.py:186} INFO - Started process (PID=337) to work on /home/airflow/.local/lib/python3.12/site-packages/airflow/example_dags/tutorial.py
[2025-04-05T11:51:57.613+0000] {processor.py:914} INFO - Processing file /home/airflow/.local/lib/python3.12/site-packages/airflow/example_dags/tutorial.py for tasks to queue
[2025-04-05T11:51:57.614+0000] {logging_mixin.py:190} INFO - [2025-04-05T11:51:57.614+0000] {dagbag.py:588} INFO - Filling up the DagBag from /home/airflow/.local/lib/python3.12/site-packages/airflow/example_dags/tutorial.py
[2025-04-05T11:51:57.621+0000] {processor.py:925} INFO - DAG(s) 'tutorial' retrieved from /home/airflow/.local/lib/python3.12/site-packages/airflow/example_dags/tutorial.py
[2025-04-05T11:51:57.636+0000] {logging_mixin.py:190} INFO - [2025-04-05T11:51:57.636+0000] {dag.py:3239} INFO - Sync 1 DAGs
[2025-04-05T11:51:57.649+0000] {logging_mixin.py:190} INFO - [2025-04-05T11:51:57.649+0000] {dag.py:4180} INFO - Setting next_dagrun for tutorial to 2025-04-04 00:00:00+00:00, run_after=2025-04-05 00:00:00+00:00
[2025-04-05T11:51:57.661+0000] {processor.py:208} INFO - Processing /home/airflow/.local/lib/python3.12/site-packages/airflow/example_dags/tutorial.py took 0.064 seconds
[2025-04-05T11:52:27.884+0000] {processor.py:186} INFO - Started process (PID=401) to work on /home/airflow/.local/lib/python3.12/site-packages/airflow/example_dags/tutorial.py
[2025-04-05T11:52:27.886+0000] {processor.py:914} INFO - Processing file /home/airflow/.local/lib/python3.12/site-packages/airflow/example_dags/tutorial.py for tasks to queue
[2025-04-05T11:52:27.890+0000] {logging_mixin.py:190} INFO - [2025-04-05T11:52:27.889+0000] {dagbag.py:588} INFO - Filling up the DagBag from /home/airflow/.local/lib/python3.12/site-packages/airflow/example_dags/tutorial.py
[2025-04-05T11:52:27.910+0000] {processor.py:925} INFO - DAG(s) 'tutorial' retrieved from /home/airflow/.local/lib/python3.12/site-packages/airflow/example_dags/tutorial.py
[2025-04-05T11:52:27.935+0000] {logging_mixin.py:190} INFO - [2025-04-05T11:52:27.935+0000] {dag.py:3239} INFO - Sync 1 DAGs
[2025-04-05T11:52:27.962+0000] {logging_mixin.py:190} INFO - [2025-04-05T11:52:27.962+0000] {dag.py:4180} INFO - Setting next_dagrun for tutorial to 2025-04-04 00:00:00+00:00, run_after=2025-04-05 00:00:00+00:00
[2025-04-05T11:52:27.979+0000] {processor.py:208} INFO - Processing /home/airflow/.local/lib/python3.12/site-packages/airflow/example_dags/tutorial.py took 0.103 seconds
[2025-04-05T12:07:20.735+0000] {processor.py:186} INFO - Started process (PID=75) to work on /home/airflow/.local/lib/python3.12/site-packages/airflow/example_dags/tutorial.py
[2025-04-05T12:07:20.737+0000] {processor.py:914} INFO - Processing file /home/airflow/.local/lib/python3.12/site-packages/airflow/example_dags/tutorial.py for tasks to queue
[2025-04-05T12:07:20.739+0000] {logging_mixin.py:190} INFO - [2025-04-05T12:07:20.739+0000] {dagbag.py:588} INFO - Filling up the DagBag from /home/airflow/.local/lib/python3.12/site-packages/airflow/example_dags/tutorial.py
[2025-04-05T12:07:20.746+0000] {processor.py:925} INFO - DAG(s) 'tutorial' retrieved from /home/airflow/.local/lib/python3.12/site-packages/airflow/example_dags/tutorial.py
[2025-04-05T12:07:20.765+0000] {logging_mixin.py:190} INFO - [2025-04-05T12:07:20.765+0000] {dag.py:3239} INFO - Sync 1 DAGs
[2025-04-05T12:07:20.790+0000] {logging_mixin.py:190} INFO - [2025-04-05T12:07:20.790+0000] {dag.py:4180} INFO - Setting next_dagrun for tutorial to 2025-04-04 00:00:00+00:00, run_after=2025-04-05 00:00:00+00:00
[2025-04-05T12:07:20.805+0000] {processor.py:208} INFO - Processing /home/airflow/.local/lib/python3.12/site-packages/airflow/example_dags/tutorial.py took 0.082 seconds
[2025-04-05T12:07:51.583+0000] {processor.py:186} INFO - Started process (PID=138) to work on /home/airflow/.local/lib/python3.12/site-packages/airflow/example_dags/tutorial.py
[2025-04-05T12:07:51.586+0000] {processor.py:914} INFO - Processing file /home/airflow/.local/lib/python3.12/site-packages/airflow/example_dags/tutorial.py for tasks to queue
[2025-04-05T12:07:51.590+0000] {logging_mixin.py:190} INFO - [2025-04-05T12:07:51.589+0000] {dagbag.py:588} INFO - Filling up the DagBag from /home/airflow/.local/lib/python3.12/site-packages/airflow/example_dags/tutorial.py
[2025-04-05T12:07:51.599+0000] {processor.py:925} INFO - DAG(s) 'tutorial' retrieved from /home/airflow/.local/lib/python3.12/site-packages/airflow/example_dags/tutorial.py
[2025-04-05T12:07:51.617+0000] {logging_mixin.py:190} INFO - [2025-04-05T12:07:51.617+0000] {dag.py:3239} INFO - Sync 1 DAGs
[2025-04-05T12:07:51.634+0000] {logging_mixin.py:190} INFO - [2025-04-05T12:07:51.634+0000] {dag.py:4180} INFO - Setting next_dagrun for tutorial to 2025-04-04 00:00:00+00:00, run_after=2025-04-05 00:00:00+00:00
[2025-04-05T12:07:51.648+0000] {processor.py:208} INFO - Processing /home/airflow/.local/lib/python3.12/site-packages/airflow/example_dags/tutorial.py took 0.071 seconds
[2025-04-05T12:08:22.124+0000] {processor.py:186} INFO - Started process (PID=202) to work on /home/airflow/.local/lib/python3.12/site-packages/airflow/example_dags/tutorial.py
[2025-04-05T12:08:22.130+0000] {processor.py:914} INFO - Processing file /home/airflow/.local/lib/python3.12/site-packages/airflow/example_dags/tutorial.py for tasks to queue
[2025-04-05T12:08:22.134+0000] {logging_mixin.py:190} INFO - [2025-04-05T12:08:22.133+0000] {dagbag.py:588} INFO - Filling up the DagBag from /home/airflow/.local/lib/python3.12/site-packages/airflow/example_dags/tutorial.py
[2025-04-05T12:08:22.142+0000] {processor.py:925} INFO - DAG(s) 'tutorial' retrieved from /home/airflow/.local/lib/python3.12/site-packages/airflow/example_dags/tutorial.py
[2025-04-05T12:08:22.159+0000] {logging_mixin.py:190} INFO - [2025-04-05T12:08:22.159+0000] {dag.py:3239} INFO - Sync 1 DAGs
[2025-04-05T12:08:22.172+0000] {logging_mixin.py:190} INFO - [2025-04-05T12:08:22.172+0000] {dag.py:4180} INFO - Setting next_dagrun for tutorial to 2025-04-04 00:00:00+00:00, run_after=2025-04-05 00:00:00+00:00
[2025-04-05T12:08:22.185+0000] {processor.py:208} INFO - Processing /home/airflow/.local/lib/python3.12/site-packages/airflow/example_dags/tutorial.py took 0.067 seconds
[2025-04-05T12:08:52.792+0000] {processor.py:186} INFO - Started process (PID=266) to work on /home/airflow/.local/lib/python3.12/site-packages/airflow/example_dags/tutorial.py
[2025-04-05T12:08:52.797+0000] {processor.py:914} INFO - Processing file /home/airflow/.local/lib/python3.12/site-packages/airflow/example_dags/tutorial.py for tasks to queue
[2025-04-05T12:08:52.801+0000] {logging_mixin.py:190} INFO - [2025-04-05T12:08:52.800+0000] {dagbag.py:588} INFO - Filling up the DagBag from /home/airflow/.local/lib/python3.12/site-packages/airflow/example_dags/tutorial.py
[2025-04-05T12:08:52.813+0000] {processor.py:925} INFO - DAG(s) 'tutorial' retrieved from /home/airflow/.local/lib/python3.12/site-packages/airflow/example_dags/tutorial.py
[2025-04-05T12:08:52.831+0000] {logging_mixin.py:190} INFO - [2025-04-05T12:08:52.831+0000] {dag.py:3239} INFO - Sync 1 DAGs
[2025-04-05T12:08:52.848+0000] {logging_mixin.py:190} INFO - [2025-04-05T12:08:52.848+0000] {dag.py:4180} INFO - Setting next_dagrun for tutorial to 2025-04-04 00:00:00+00:00, run_after=2025-04-05 00:00:00+00:00
[2025-04-05T12:08:52.861+0000] {processor.py:208} INFO - Processing /home/airflow/.local/lib/python3.12/site-packages/airflow/example_dags/tutorial.py took 0.075 seconds
[2025-04-05T12:09:22.933+0000] {processor.py:186} INFO - Started process (PID=330) to work on /home/airflow/.local/lib/python3.12/site-packages/airflow/example_dags/tutorial.py
[2025-04-05T12:09:22.934+0000] {processor.py:914} INFO - Processing file /home/airflow/.local/lib/python3.12/site-packages/airflow/example_dags/tutorial.py for tasks to queue
[2025-04-05T12:09:22.936+0000] {logging_mixin.py:190} INFO - [2025-04-05T12:09:22.936+0000] {dagbag.py:588} INFO - Filling up the DagBag from /home/airflow/.local/lib/python3.12/site-packages/airflow/example_dags/tutorial.py
[2025-04-05T12:09:22.943+0000] {processor.py:925} INFO - DAG(s) 'tutorial' retrieved from /home/airflow/.local/lib/python3.12/site-packages/airflow/example_dags/tutorial.py
[2025-04-05T12:09:22.960+0000] {logging_mixin.py:190} INFO - [2025-04-05T12:09:22.960+0000] {dag.py:3239} INFO - Sync 1 DAGs
[2025-04-05T12:09:22.986+0000] {logging_mixin.py:190} INFO - [2025-04-05T12:09:22.986+0000] {dag.py:4180} INFO - Setting next_dagrun for tutorial to 2025-04-04 00:00:00+00:00, run_after=2025-04-05 00:00:00+00:00
[2025-04-05T12:09:23.000+0000] {processor.py:208} INFO - Processing /home/airflow/.local/lib/python3.12/site-packages/airflow/example_dags/tutorial.py took 0.070 seconds
[2025-04-05T12:09:53.657+0000] {processor.py:186} INFO - Started process (PID=400) to work on /home/airflow/.local/lib/python3.12/site-packages/airflow/example_dags/tutorial.py
[2025-04-05T12:09:53.658+0000] {processor.py:914} INFO - Processing file /home/airflow/.local/lib/python3.12/site-packages/airflow/example_dags/tutorial.py for tasks to queue
[2025-04-05T12:09:53.661+0000] {logging_mixin.py:190} INFO - [2025-04-05T12:09:53.661+0000] {dagbag.py:588} INFO - Filling up the DagBag from /home/airflow/.local/lib/python3.12/site-packages/airflow/example_dags/tutorial.py
[2025-04-05T12:09:53.671+0000] {processor.py:925} INFO - DAG(s) 'tutorial' retrieved from /home/airflow/.local/lib/python3.12/site-packages/airflow/example_dags/tutorial.py
[2025-04-05T12:09:53.688+0000] {logging_mixin.py:190} INFO - [2025-04-05T12:09:53.687+0000] {dag.py:3239} INFO - Sync 1 DAGs
[2025-04-05T12:09:53.715+0000] {logging_mixin.py:190} INFO - [2025-04-05T12:09:53.715+0000] {dag.py:4180} INFO - Setting next_dagrun for tutorial to 2025-04-04 00:00:00+00:00, run_after=2025-04-05 00:00:00+00:00
[2025-04-05T12:09:53.726+0000] {processor.py:208} INFO - Processing /home/airflow/.local/lib/python3.12/site-packages/airflow/example_dags/tutorial.py took 0.075 seconds
[2025-04-05T12:10:24.357+0000] {processor.py:186} INFO - Started process (PID=464) to work on /home/airflow/.local/lib/python3.12/site-packages/airflow/example_dags/tutorial.py
[2025-04-05T12:10:24.358+0000] {processor.py:914} INFO - Processing file /home/airflow/.local/lib/python3.12/site-packages/airflow/example_dags/tutorial.py for tasks to queue
[2025-04-05T12:10:24.360+0000] {logging_mixin.py:190} INFO - [2025-04-05T12:10:24.360+0000] {dagbag.py:588} INFO - Filling up the DagBag from /home/airflow/.local/lib/python3.12/site-packages/airflow/example_dags/tutorial.py
[2025-04-05T12:10:24.371+0000] {processor.py:925} INFO - DAG(s) 'tutorial' retrieved from /home/airflow/.local/lib/python3.12/site-packages/airflow/example_dags/tutorial.py
[2025-04-05T12:10:24.392+0000] {logging_mixin.py:190} INFO - [2025-04-05T12:10:24.392+0000] {dag.py:3239} INFO - Sync 1 DAGs
[2025-04-05T12:10:24.408+0000] {logging_mixin.py:190} INFO - [2025-04-05T12:10:24.408+0000] {dag.py:4180} INFO - Setting next_dagrun for tutorial to 2025-04-04 00:00:00+00:00, run_after=2025-04-05 00:00:00+00:00
[2025-04-05T12:10:24.420+0000] {processor.py:208} INFO - Processing /home/airflow/.local/lib/python3.12/site-packages/airflow/example_dags/tutorial.py took 0.071 seconds
[2025-04-05T12:10:55.074+0000] {processor.py:186} INFO - Started process (PID=528) to work on /home/airflow/.local/lib/python3.12/site-packages/airflow/example_dags/tutorial.py
[2025-04-05T12:10:55.077+0000] {processor.py:914} INFO - Processing file /home/airflow/.local/lib/python3.12/site-packages/airflow/example_dags/tutorial.py for tasks to queue
[2025-04-05T12:10:55.082+0000] {logging_mixin.py:190} INFO - [2025-04-05T12:10:55.082+0000] {dagbag.py:588} INFO - Filling up the DagBag from /home/airflow/.local/lib/python3.12/site-packages/airflow/example_dags/tutorial.py
[2025-04-05T12:10:55.088+0000] {processor.py:925} INFO - DAG(s) 'tutorial' retrieved from /home/airflow/.local/lib/python3.12/site-packages/airflow/example_dags/tutorial.py
[2025-04-05T12:10:55.104+0000] {logging_mixin.py:190} INFO - [2025-04-05T12:10:55.104+0000] {dag.py:3239} INFO - Sync 1 DAGs
[2025-04-05T12:10:55.120+0000] {logging_mixin.py:190} INFO - [2025-04-05T12:10:55.120+0000] {dag.py:4180} INFO - Setting next_dagrun for tutorial to 2025-04-04 00:00:00+00:00, run_after=2025-04-05 00:00:00+00:00
[2025-04-05T12:10:55.131+0000] {processor.py:208} INFO - Processing /home/airflow/.local/lib/python3.12/site-packages/airflow/example_dags/tutorial.py took 0.063 seconds
[2025-04-05T12:11:25.935+0000] {processor.py:186} INFO - Started process (PID=591) to work on /home/airflow/.local/lib/python3.12/site-packages/airflow/example_dags/tutorial.py
[2025-04-05T12:11:25.935+0000] {processor.py:914} INFO - Processing file /home/airflow/.local/lib/python3.12/site-packages/airflow/example_dags/tutorial.py for tasks to queue
[2025-04-05T12:11:25.937+0000] {logging_mixin.py:190} INFO - [2025-04-05T12:11:25.937+0000] {dagbag.py:588} INFO - Filling up the DagBag from /home/airflow/.local/lib/python3.12/site-packages/airflow/example_dags/tutorial.py
[2025-04-05T12:11:25.942+0000] {processor.py:925} INFO - DAG(s) 'tutorial' retrieved from /home/airflow/.local/lib/python3.12/site-packages/airflow/example_dags/tutorial.py
[2025-04-05T12:11:25.958+0000] {logging_mixin.py:190} INFO - [2025-04-05T12:11:25.958+0000] {dag.py:3239} INFO - Sync 1 DAGs
[2025-04-05T12:11:25.979+0000] {logging_mixin.py:190} INFO - [2025-04-05T12:11:25.979+0000] {dag.py:4180} INFO - Setting next_dagrun for tutorial to 2025-04-04 00:00:00+00:00, run_after=2025-04-05 00:00:00+00:00
[2025-04-05T12:11:26.001+0000] {processor.py:208} INFO - Processing /home/airflow/.local/lib/python3.12/site-packages/airflow/example_dags/tutorial.py took 0.069 seconds
[2025-04-05T12:11:56.335+0000] {processor.py:186} INFO - Started process (PID=654) to work on /home/airflow/.local/lib/python3.12/site-packages/airflow/example_dags/tutorial.py
[2025-04-05T12:11:56.336+0000] {processor.py:914} INFO - Processing file /home/airflow/.local/lib/python3.12/site-packages/airflow/example_dags/tutorial.py for tasks to queue
[2025-04-05T12:11:56.337+0000] {logging_mixin.py:190} INFO - [2025-04-05T12:11:56.337+0000] {dagbag.py:588} INFO - Filling up the DagBag from /home/airflow/.local/lib/python3.12/site-packages/airflow/example_dags/tutorial.py
[2025-04-05T12:11:56.347+0000] {processor.py:925} INFO - DAG(s) 'tutorial' retrieved from /home/airflow/.local/lib/python3.12/site-packages/airflow/example_dags/tutorial.py
[2025-04-05T12:11:56.369+0000] {logging_mixin.py:190} INFO - [2025-04-05T12:11:56.369+0000] {dag.py:3239} INFO - Sync 1 DAGs
[2025-04-05T12:11:56.384+0000] {logging_mixin.py:190} INFO - [2025-04-05T12:11:56.384+0000] {dag.py:4180} INFO - Setting next_dagrun for tutorial to 2025-04-04 00:00:00+00:00, run_after=2025-04-05 00:00:00+00:00
[2025-04-05T12:11:56.396+0000] {processor.py:208} INFO - Processing /home/airflow/.local/lib/python3.12/site-packages/airflow/example_dags/tutorial.py took 0.065 seconds
[2025-04-05T12:12:26.702+0000] {processor.py:186} INFO - Started process (PID=718) to work on /home/airflow/.local/lib/python3.12/site-packages/airflow/example_dags/tutorial.py
[2025-04-05T12:12:26.715+0000] {processor.py:914} INFO - Processing file /home/airflow/.local/lib/python3.12/site-packages/airflow/example_dags/tutorial.py for tasks to queue
[2025-04-05T12:12:26.753+0000] {logging_mixin.py:190} INFO - [2025-04-05T12:12:26.739+0000] {dagbag.py:588} INFO - Filling up the DagBag from /home/airflow/.local/lib/python3.12/site-packages/airflow/example_dags/tutorial.py
[2025-04-05T12:12:27.894+0000] {logging_mixin.py:190} INFO - [2025-04-05T12:12:27.893+0000] {process_utils.py:266} INFO - Waiting up to 5 seconds for processes to exit...
