[2025-04-05T11:23:24.658+0000] {processor.py:186} INFO - Started process (PID=89) to work on /home/airflow/.local/lib/python3.12/site-packages/airflow/example_dags/tutorial_dag.py
[2025-04-05T11:23:24.658+0000] {processor.py:914} INFO - Processing file /home/airflow/.local/lib/python3.12/site-packages/airflow/example_dags/tutorial_dag.py for tasks to queue
[2025-04-05T11:23:24.660+0000] {logging_mixin.py:190} INFO - [2025-04-05T11:23:24.660+0000] {dagbag.py:588} INFO - Filling up the DagBag from /home/airflow/.local/lib/python3.12/site-packages/airflow/example_dags/tutorial_dag.py
[2025-04-05T11:23:24.673+0000] {processor.py:925} INFO - DAG(s) 'tutorial_dag' retrieved from /home/airflow/.local/lib/python3.12/site-packages/airflow/example_dags/tutorial_dag.py
[2025-04-05T11:23:24.740+0000] {logging_mixin.py:190} INFO - [2025-04-05T11:23:24.739+0000] {override.py:1912} INFO - Created Permission View: can edit on DAG:tutorial_dag
[2025-04-05T11:23:24.747+0000] {logging_mixin.py:190} INFO - [2025-04-05T11:23:24.747+0000] {override.py:1912} INFO - Created Permission View: can read on DAG:tutorial_dag
[2025-04-05T11:23:24.753+0000] {logging_mixin.py:190} INFO - [2025-04-05T11:23:24.753+0000] {override.py:1912} INFO - Created Permission View: can delete on DAG:tutorial_dag
[2025-04-05T11:23:24.760+0000] {logging_mixin.py:190} INFO - [2025-04-05T11:23:24.760+0000] {override.py:1912} INFO - Created Permission View: menu access on DAG Run:tutorial_dag
[2025-04-05T11:23:24.763+0000] {logging_mixin.py:190} INFO - [2025-04-05T11:23:24.763+0000] {override.py:1912} INFO - Created Permission View: can read on DAG Run:tutorial_dag
[2025-04-05T11:23:24.767+0000] {logging_mixin.py:190} INFO - [2025-04-05T11:23:24.767+0000] {override.py:1912} INFO - Created Permission View: can create on DAG Run:tutorial_dag
[2025-04-05T11:23:24.770+0000] {logging_mixin.py:190} INFO - [2025-04-05T11:23:24.769+0000] {override.py:1912} INFO - Created Permission View: can delete on DAG Run:tutorial_dag
[2025-04-05T11:23:24.770+0000] {logging_mixin.py:190} INFO - [2025-04-05T11:23:24.770+0000] {dag.py:3239} INFO - Sync 1 DAGs
[2025-04-05T11:23:24.777+0000] {logging_mixin.py:190} INFO - [2025-04-05T11:23:24.777+0000] {dag.py:3262} INFO - Creating ORM DAG for tutorial_dag
[2025-04-05T11:23:24.777+0000] {logging_mixin.py:190} INFO - [2025-04-05T11:23:24.777+0000] {dag.py:4180} INFO - Setting next_dagrun for tutorial_dag to None, run_after=None
[2025-04-05T11:23:24.786+0000] {processor.py:208} INFO - Processing /home/airflow/.local/lib/python3.12/site-packages/airflow/example_dags/tutorial_dag.py took 0.133 seconds
[2025-04-05T11:23:55.571+0000] {processor.py:186} INFO - Started process (PID=152) to work on /home/airflow/.local/lib/python3.12/site-packages/airflow/example_dags/tutorial_dag.py
[2025-04-05T11:23:55.572+0000] {processor.py:914} INFO - Processing file /home/airflow/.local/lib/python3.12/site-packages/airflow/example_dags/tutorial_dag.py for tasks to queue
[2025-04-05T11:23:55.573+0000] {logging_mixin.py:190} INFO - [2025-04-05T11:23:55.573+0000] {dagbag.py:588} INFO - Filling up the DagBag from /home/airflow/.local/lib/python3.12/site-packages/airflow/example_dags/tutorial_dag.py
[2025-04-05T11:23:55.578+0000] {processor.py:925} INFO - DAG(s) 'tutorial_dag' retrieved from /home/airflow/.local/lib/python3.12/site-packages/airflow/example_dags/tutorial_dag.py
[2025-04-05T11:23:55.589+0000] {logging_mixin.py:190} INFO - [2025-04-05T11:23:55.589+0000] {dag.py:3239} INFO - Sync 1 DAGs
[2025-04-05T11:23:55.596+0000] {logging_mixin.py:190} INFO - [2025-04-05T11:23:55.596+0000] {dag.py:4180} INFO - Setting next_dagrun for tutorial_dag to None, run_after=None
[2025-04-05T11:23:55.605+0000] {processor.py:208} INFO - Processing /home/airflow/.local/lib/python3.12/site-packages/airflow/example_dags/tutorial_dag.py took 0.038 seconds
[2025-04-05T11:24:25.990+0000] {processor.py:186} INFO - Started process (PID=214) to work on /home/airflow/.local/lib/python3.12/site-packages/airflow/example_dags/tutorial_dag.py
[2025-04-05T11:24:25.992+0000] {processor.py:914} INFO - Processing file /home/airflow/.local/lib/python3.12/site-packages/airflow/example_dags/tutorial_dag.py for tasks to queue
[2025-04-05T11:24:25.993+0000] {logging_mixin.py:190} INFO - [2025-04-05T11:24:25.993+0000] {dagbag.py:588} INFO - Filling up the DagBag from /home/airflow/.local/lib/python3.12/site-packages/airflow/example_dags/tutorial_dag.py
[2025-04-05T11:24:25.997+0000] {processor.py:925} INFO - DAG(s) 'tutorial_dag' retrieved from /home/airflow/.local/lib/python3.12/site-packages/airflow/example_dags/tutorial_dag.py
[2025-04-05T11:24:26.008+0000] {logging_mixin.py:190} INFO - [2025-04-05T11:24:26.007+0000] {dag.py:3239} INFO - Sync 1 DAGs
[2025-04-05T11:24:26.015+0000] {logging_mixin.py:190} INFO - [2025-04-05T11:24:26.015+0000] {dag.py:4180} INFO - Setting next_dagrun for tutorial_dag to None, run_after=None
[2025-04-05T11:24:26.025+0000] {processor.py:208} INFO - Processing /home/airflow/.local/lib/python3.12/site-packages/airflow/example_dags/tutorial_dag.py took 0.041 seconds
[2025-04-05T11:24:56.316+0000] {processor.py:186} INFO - Started process (PID=277) to work on /home/airflow/.local/lib/python3.12/site-packages/airflow/example_dags/tutorial_dag.py
[2025-04-05T11:24:56.318+0000] {processor.py:914} INFO - Processing file /home/airflow/.local/lib/python3.12/site-packages/airflow/example_dags/tutorial_dag.py for tasks to queue
[2025-04-05T11:24:56.320+0000] {logging_mixin.py:190} INFO - [2025-04-05T11:24:56.320+0000] {dagbag.py:588} INFO - Filling up the DagBag from /home/airflow/.local/lib/python3.12/site-packages/airflow/example_dags/tutorial_dag.py
[2025-04-05T11:24:56.324+0000] {processor.py:925} INFO - DAG(s) 'tutorial_dag' retrieved from /home/airflow/.local/lib/python3.12/site-packages/airflow/example_dags/tutorial_dag.py
[2025-04-05T11:24:56.334+0000] {logging_mixin.py:190} INFO - [2025-04-05T11:24:56.333+0000] {dag.py:3239} INFO - Sync 1 DAGs
[2025-04-05T11:24:56.340+0000] {logging_mixin.py:190} INFO - [2025-04-05T11:24:56.340+0000] {dag.py:4180} INFO - Setting next_dagrun for tutorial_dag to None, run_after=None
[2025-04-05T11:24:56.349+0000] {processor.py:208} INFO - Processing /home/airflow/.local/lib/python3.12/site-packages/airflow/example_dags/tutorial_dag.py took 0.036 seconds
[2025-04-05T11:25:26.420+0000] {processor.py:186} INFO - Started process (PID=340) to work on /home/airflow/.local/lib/python3.12/site-packages/airflow/example_dags/tutorial_dag.py
[2025-04-05T11:25:26.420+0000] {processor.py:914} INFO - Processing file /home/airflow/.local/lib/python3.12/site-packages/airflow/example_dags/tutorial_dag.py for tasks to queue
[2025-04-05T11:25:26.422+0000] {logging_mixin.py:190} INFO - [2025-04-05T11:25:26.422+0000] {dagbag.py:588} INFO - Filling up the DagBag from /home/airflow/.local/lib/python3.12/site-packages/airflow/example_dags/tutorial_dag.py
[2025-04-05T11:25:26.427+0000] {processor.py:925} INFO - DAG(s) 'tutorial_dag' retrieved from /home/airflow/.local/lib/python3.12/site-packages/airflow/example_dags/tutorial_dag.py
[2025-04-05T11:25:26.436+0000] {logging_mixin.py:190} INFO - [2025-04-05T11:25:26.436+0000] {dag.py:3239} INFO - Sync 1 DAGs
[2025-04-05T11:25:26.444+0000] {logging_mixin.py:190} INFO - [2025-04-05T11:25:26.444+0000] {dag.py:4180} INFO - Setting next_dagrun for tutorial_dag to None, run_after=None
[2025-04-05T11:25:26.452+0000] {processor.py:208} INFO - Processing /home/airflow/.local/lib/python3.12/site-packages/airflow/example_dags/tutorial_dag.py took 0.036 seconds
[2025-04-05T11:25:56.997+0000] {processor.py:186} INFO - Started process (PID=403) to work on /home/airflow/.local/lib/python3.12/site-packages/airflow/example_dags/tutorial_dag.py
[2025-04-05T11:25:57.002+0000] {processor.py:914} INFO - Processing file /home/airflow/.local/lib/python3.12/site-packages/airflow/example_dags/tutorial_dag.py for tasks to queue
[2025-04-05T11:25:57.005+0000] {logging_mixin.py:190} INFO - [2025-04-05T11:25:57.005+0000] {dagbag.py:588} INFO - Filling up the DagBag from /home/airflow/.local/lib/python3.12/site-packages/airflow/example_dags/tutorial_dag.py
[2025-04-05T11:25:57.015+0000] {processor.py:925} INFO - DAG(s) 'tutorial_dag' retrieved from /home/airflow/.local/lib/python3.12/site-packages/airflow/example_dags/tutorial_dag.py
[2025-04-05T11:25:57.034+0000] {logging_mixin.py:190} INFO - [2025-04-05T11:25:57.034+0000] {dag.py:3239} INFO - Sync 1 DAGs
[2025-04-05T11:25:57.044+0000] {logging_mixin.py:190} INFO - [2025-04-05T11:25:57.044+0000] {dag.py:4180} INFO - Setting next_dagrun for tutorial_dag to None, run_after=None
[2025-04-05T11:25:57.063+0000] {processor.py:208} INFO - Processing /home/airflow/.local/lib/python3.12/site-packages/airflow/example_dags/tutorial_dag.py took 0.080 seconds
[2025-04-05T11:26:27.953+0000] {processor.py:186} INFO - Started process (PID=466) to work on /home/airflow/.local/lib/python3.12/site-packages/airflow/example_dags/tutorial_dag.py
[2025-04-05T11:26:27.955+0000] {processor.py:914} INFO - Processing file /home/airflow/.local/lib/python3.12/site-packages/airflow/example_dags/tutorial_dag.py for tasks to queue
[2025-04-05T11:26:27.957+0000] {logging_mixin.py:190} INFO - [2025-04-05T11:26:27.956+0000] {dagbag.py:588} INFO - Filling up the DagBag from /home/airflow/.local/lib/python3.12/site-packages/airflow/example_dags/tutorial_dag.py
[2025-04-05T11:26:27.960+0000] {processor.py:925} INFO - DAG(s) 'tutorial_dag' retrieved from /home/airflow/.local/lib/python3.12/site-packages/airflow/example_dags/tutorial_dag.py
[2025-04-05T11:26:27.970+0000] {logging_mixin.py:190} INFO - [2025-04-05T11:26:27.970+0000] {dag.py:3239} INFO - Sync 1 DAGs
[2025-04-05T11:26:27.977+0000] {logging_mixin.py:190} INFO - [2025-04-05T11:26:27.976+0000] {dag.py:4180} INFO - Setting next_dagrun for tutorial_dag to None, run_after=None
[2025-04-05T11:26:27.985+0000] {processor.py:208} INFO - Processing /home/airflow/.local/lib/python3.12/site-packages/airflow/example_dags/tutorial_dag.py took 0.035 seconds
[2025-04-05T11:26:58.464+0000] {processor.py:186} INFO - Started process (PID=529) to work on /home/airflow/.local/lib/python3.12/site-packages/airflow/example_dags/tutorial_dag.py
[2025-04-05T11:26:58.467+0000] {processor.py:914} INFO - Processing file /home/airflow/.local/lib/python3.12/site-packages/airflow/example_dags/tutorial_dag.py for tasks to queue
[2025-04-05T11:26:58.469+0000] {logging_mixin.py:190} INFO - [2025-04-05T11:26:58.469+0000] {dagbag.py:588} INFO - Filling up the DagBag from /home/airflow/.local/lib/python3.12/site-packages/airflow/example_dags/tutorial_dag.py
[2025-04-05T11:26:58.474+0000] {processor.py:925} INFO - DAG(s) 'tutorial_dag' retrieved from /home/airflow/.local/lib/python3.12/site-packages/airflow/example_dags/tutorial_dag.py
[2025-04-05T11:26:58.488+0000] {logging_mixin.py:190} INFO - [2025-04-05T11:26:58.487+0000] {dag.py:3239} INFO - Sync 1 DAGs
[2025-04-05T11:26:58.495+0000] {logging_mixin.py:190} INFO - [2025-04-05T11:26:58.495+0000] {dag.py:4180} INFO - Setting next_dagrun for tutorial_dag to None, run_after=None
[2025-04-05T11:26:58.504+0000] {processor.py:208} INFO - Processing /home/airflow/.local/lib/python3.12/site-packages/airflow/example_dags/tutorial_dag.py took 0.046 seconds
[2025-04-05T11:31:58.694+0000] {processor.py:186} INFO - Started process (PID=89) to work on /home/airflow/.local/lib/python3.12/site-packages/airflow/example_dags/tutorial_dag.py
[2025-04-05T11:31:58.695+0000] {processor.py:914} INFO - Processing file /home/airflow/.local/lib/python3.12/site-packages/airflow/example_dags/tutorial_dag.py for tasks to queue
[2025-04-05T11:31:58.697+0000] {logging_mixin.py:190} INFO - [2025-04-05T11:31:58.696+0000] {dagbag.py:588} INFO - Filling up the DagBag from /home/airflow/.local/lib/python3.12/site-packages/airflow/example_dags/tutorial_dag.py
[2025-04-05T11:31:58.702+0000] {processor.py:925} INFO - DAG(s) 'tutorial_dag' retrieved from /home/airflow/.local/lib/python3.12/site-packages/airflow/example_dags/tutorial_dag.py
[2025-04-05T11:31:58.720+0000] {logging_mixin.py:190} INFO - [2025-04-05T11:31:58.720+0000] {dag.py:3239} INFO - Sync 1 DAGs
[2025-04-05T11:31:58.731+0000] {logging_mixin.py:190} INFO - [2025-04-05T11:31:58.730+0000] {dag.py:4180} INFO - Setting next_dagrun for tutorial_dag to None, run_after=None
[2025-04-05T11:31:58.746+0000] {processor.py:208} INFO - Processing /home/airflow/.local/lib/python3.12/site-packages/airflow/example_dags/tutorial_dag.py took 0.056 seconds
[2025-04-05T11:32:28.901+0000] {processor.py:186} INFO - Started process (PID=152) to work on /home/airflow/.local/lib/python3.12/site-packages/airflow/example_dags/tutorial_dag.py
[2025-04-05T11:32:28.901+0000] {processor.py:914} INFO - Processing file /home/airflow/.local/lib/python3.12/site-packages/airflow/example_dags/tutorial_dag.py for tasks to queue
[2025-04-05T11:32:28.903+0000] {logging_mixin.py:190} INFO - [2025-04-05T11:32:28.903+0000] {dagbag.py:588} INFO - Filling up the DagBag from /home/airflow/.local/lib/python3.12/site-packages/airflow/example_dags/tutorial_dag.py
[2025-04-05T11:32:28.908+0000] {processor.py:925} INFO - DAG(s) 'tutorial_dag' retrieved from /home/airflow/.local/lib/python3.12/site-packages/airflow/example_dags/tutorial_dag.py
[2025-04-05T11:32:28.918+0000] {logging_mixin.py:190} INFO - [2025-04-05T11:32:28.918+0000] {dag.py:3239} INFO - Sync 1 DAGs
[2025-04-05T11:32:28.926+0000] {logging_mixin.py:190} INFO - [2025-04-05T11:32:28.925+0000] {dag.py:4180} INFO - Setting next_dagrun for tutorial_dag to None, run_after=None
[2025-04-05T11:32:28.933+0000] {processor.py:208} INFO - Processing /home/airflow/.local/lib/python3.12/site-packages/airflow/example_dags/tutorial_dag.py took 0.036 seconds
[2025-04-05T11:39:07.112+0000] {processor.py:186} INFO - Started process (PID=94) to work on /home/airflow/.local/lib/python3.12/site-packages/airflow/example_dags/tutorial_dag.py
[2025-04-05T11:39:07.114+0000] {processor.py:914} INFO - Processing file /home/airflow/.local/lib/python3.12/site-packages/airflow/example_dags/tutorial_dag.py for tasks to queue
[2025-04-05T11:39:07.116+0000] {logging_mixin.py:190} INFO - [2025-04-05T11:39:07.116+0000] {dagbag.py:588} INFO - Filling up the DagBag from /home/airflow/.local/lib/python3.12/site-packages/airflow/example_dags/tutorial_dag.py
[2025-04-05T11:39:07.124+0000] {processor.py:925} INFO - DAG(s) 'tutorial_dag' retrieved from /home/airflow/.local/lib/python3.12/site-packages/airflow/example_dags/tutorial_dag.py
[2025-04-05T11:39:07.160+0000] {logging_mixin.py:190} INFO - [2025-04-05T11:39:07.160+0000] {dag.py:3239} INFO - Sync 1 DAGs
[2025-04-05T11:39:07.175+0000] {logging_mixin.py:190} INFO - [2025-04-05T11:39:07.175+0000] {dag.py:4180} INFO - Setting next_dagrun for tutorial_dag to None, run_after=None
[2025-04-05T11:39:07.201+0000] {processor.py:208} INFO - Processing /home/airflow/.local/lib/python3.12/site-packages/airflow/example_dags/tutorial_dag.py took 0.093 seconds
[2025-04-05T11:39:37.278+0000] {processor.py:186} INFO - Started process (PID=158) to work on /home/airflow/.local/lib/python3.12/site-packages/airflow/example_dags/tutorial_dag.py
[2025-04-05T11:39:37.279+0000] {processor.py:914} INFO - Processing file /home/airflow/.local/lib/python3.12/site-packages/airflow/example_dags/tutorial_dag.py for tasks to queue
[2025-04-05T11:39:37.281+0000] {logging_mixin.py:190} INFO - [2025-04-05T11:39:37.281+0000] {dagbag.py:588} INFO - Filling up the DagBag from /home/airflow/.local/lib/python3.12/site-packages/airflow/example_dags/tutorial_dag.py
[2025-04-05T11:39:37.285+0000] {processor.py:925} INFO - DAG(s) 'tutorial_dag' retrieved from /home/airflow/.local/lib/python3.12/site-packages/airflow/example_dags/tutorial_dag.py
[2025-04-05T11:39:37.296+0000] {logging_mixin.py:190} INFO - [2025-04-05T11:39:37.296+0000] {dag.py:3239} INFO - Sync 1 DAGs
[2025-04-05T11:39:37.303+0000] {logging_mixin.py:190} INFO - [2025-04-05T11:39:37.303+0000] {dag.py:4180} INFO - Setting next_dagrun for tutorial_dag to None, run_after=None
[2025-04-05T11:39:37.312+0000] {processor.py:208} INFO - Processing /home/airflow/.local/lib/python3.12/site-packages/airflow/example_dags/tutorial_dag.py took 0.037 seconds
[2025-04-05T11:40:07.761+0000] {processor.py:186} INFO - Started process (PID=220) to work on /home/airflow/.local/lib/python3.12/site-packages/airflow/example_dags/tutorial_dag.py
[2025-04-05T11:40:07.762+0000] {processor.py:914} INFO - Processing file /home/airflow/.local/lib/python3.12/site-packages/airflow/example_dags/tutorial_dag.py for tasks to queue
[2025-04-05T11:40:07.763+0000] {logging_mixin.py:190} INFO - [2025-04-05T11:40:07.763+0000] {dagbag.py:588} INFO - Filling up the DagBag from /home/airflow/.local/lib/python3.12/site-packages/airflow/example_dags/tutorial_dag.py
[2025-04-05T11:40:07.767+0000] {processor.py:925} INFO - DAG(s) 'tutorial_dag' retrieved from /home/airflow/.local/lib/python3.12/site-packages/airflow/example_dags/tutorial_dag.py
[2025-04-05T11:40:07.778+0000] {logging_mixin.py:190} INFO - [2025-04-05T11:40:07.778+0000] {dag.py:3239} INFO - Sync 1 DAGs
[2025-04-05T11:40:07.786+0000] {logging_mixin.py:190} INFO - [2025-04-05T11:40:07.786+0000] {dag.py:4180} INFO - Setting next_dagrun for tutorial_dag to None, run_after=None
[2025-04-05T11:40:07.799+0000] {processor.py:208} INFO - Processing /home/airflow/.local/lib/python3.12/site-packages/airflow/example_dags/tutorial_dag.py took 0.041 seconds
[2025-04-05T11:40:37.996+0000] {processor.py:186} INFO - Started process (PID=283) to work on /home/airflow/.local/lib/python3.12/site-packages/airflow/example_dags/tutorial_dag.py
[2025-04-05T11:40:37.998+0000] {processor.py:914} INFO - Processing file /home/airflow/.local/lib/python3.12/site-packages/airflow/example_dags/tutorial_dag.py for tasks to queue
[2025-04-05T11:40:38.003+0000] {logging_mixin.py:190} INFO - [2025-04-05T11:40:38.002+0000] {dagbag.py:588} INFO - Filling up the DagBag from /home/airflow/.local/lib/python3.12/site-packages/airflow/example_dags/tutorial_dag.py
[2025-04-05T11:40:38.008+0000] {processor.py:925} INFO - DAG(s) 'tutorial_dag' retrieved from /home/airflow/.local/lib/python3.12/site-packages/airflow/example_dags/tutorial_dag.py
[2025-04-05T11:40:38.024+0000] {logging_mixin.py:190} INFO - [2025-04-05T11:40:38.023+0000] {dag.py:3239} INFO - Sync 1 DAGs
[2025-04-05T11:40:38.034+0000] {logging_mixin.py:190} INFO - [2025-04-05T11:40:38.034+0000] {dag.py:4180} INFO - Setting next_dagrun for tutorial_dag to None, run_after=None
[2025-04-05T11:40:38.082+0000] {processor.py:208} INFO - Processing /home/airflow/.local/lib/python3.12/site-packages/airflow/example_dags/tutorial_dag.py took 0.107 seconds
[2025-04-05T11:41:08.599+0000] {processor.py:186} INFO - Started process (PID=346) to work on /home/airflow/.local/lib/python3.12/site-packages/airflow/example_dags/tutorial_dag.py
[2025-04-05T11:41:08.601+0000] {processor.py:914} INFO - Processing file /home/airflow/.local/lib/python3.12/site-packages/airflow/example_dags/tutorial_dag.py for tasks to queue
[2025-04-05T11:41:08.602+0000] {logging_mixin.py:190} INFO - [2025-04-05T11:41:08.602+0000] {dagbag.py:588} INFO - Filling up the DagBag from /home/airflow/.local/lib/python3.12/site-packages/airflow/example_dags/tutorial_dag.py
[2025-04-05T11:41:08.609+0000] {processor.py:925} INFO - DAG(s) 'tutorial_dag' retrieved from /home/airflow/.local/lib/python3.12/site-packages/airflow/example_dags/tutorial_dag.py
[2025-04-05T11:41:08.630+0000] {logging_mixin.py:190} INFO - [2025-04-05T11:41:08.630+0000] {dag.py:3239} INFO - Sync 1 DAGs
[2025-04-05T11:41:08.640+0000] {logging_mixin.py:190} INFO - [2025-04-05T11:41:08.640+0000] {dag.py:4180} INFO - Setting next_dagrun for tutorial_dag to None, run_after=None
[2025-04-05T11:41:08.659+0000] {processor.py:208} INFO - Processing /home/airflow/.local/lib/python3.12/site-packages/airflow/example_dags/tutorial_dag.py took 0.066 seconds
[2025-04-05T11:41:39.268+0000] {processor.py:186} INFO - Started process (PID=409) to work on /home/airflow/.local/lib/python3.12/site-packages/airflow/example_dags/tutorial_dag.py
[2025-04-05T11:41:39.268+0000] {processor.py:914} INFO - Processing file /home/airflow/.local/lib/python3.12/site-packages/airflow/example_dags/tutorial_dag.py for tasks to queue
[2025-04-05T11:41:39.270+0000] {logging_mixin.py:190} INFO - [2025-04-05T11:41:39.270+0000] {dagbag.py:588} INFO - Filling up the DagBag from /home/airflow/.local/lib/python3.12/site-packages/airflow/example_dags/tutorial_dag.py
[2025-04-05T11:41:39.276+0000] {processor.py:925} INFO - DAG(s) 'tutorial_dag' retrieved from /home/airflow/.local/lib/python3.12/site-packages/airflow/example_dags/tutorial_dag.py
[2025-04-05T11:41:39.287+0000] {logging_mixin.py:190} INFO - [2025-04-05T11:41:39.287+0000] {dag.py:3239} INFO - Sync 1 DAGs
[2025-04-05T11:41:39.294+0000] {logging_mixin.py:190} INFO - [2025-04-05T11:41:39.293+0000] {dag.py:4180} INFO - Setting next_dagrun for tutorial_dag to None, run_after=None
[2025-04-05T11:41:39.301+0000] {processor.py:208} INFO - Processing /home/airflow/.local/lib/python3.12/site-packages/airflow/example_dags/tutorial_dag.py took 0.037 seconds
[2025-04-05T11:42:09.380+0000] {processor.py:186} INFO - Started process (PID=472) to work on /home/airflow/.local/lib/python3.12/site-packages/airflow/example_dags/tutorial_dag.py
[2025-04-05T11:42:09.381+0000] {processor.py:914} INFO - Processing file /home/airflow/.local/lib/python3.12/site-packages/airflow/example_dags/tutorial_dag.py for tasks to queue
[2025-04-05T11:42:09.383+0000] {logging_mixin.py:190} INFO - [2025-04-05T11:42:09.383+0000] {dagbag.py:588} INFO - Filling up the DagBag from /home/airflow/.local/lib/python3.12/site-packages/airflow/example_dags/tutorial_dag.py
[2025-04-05T11:42:09.389+0000] {processor.py:925} INFO - DAG(s) 'tutorial_dag' retrieved from /home/airflow/.local/lib/python3.12/site-packages/airflow/example_dags/tutorial_dag.py
[2025-04-05T11:42:09.400+0000] {logging_mixin.py:190} INFO - [2025-04-05T11:42:09.400+0000] {dag.py:3239} INFO - Sync 1 DAGs
[2025-04-05T11:42:09.406+0000] {logging_mixin.py:190} INFO - [2025-04-05T11:42:09.406+0000] {dag.py:4180} INFO - Setting next_dagrun for tutorial_dag to None, run_after=None
[2025-04-05T11:42:09.414+0000] {processor.py:208} INFO - Processing /home/airflow/.local/lib/python3.12/site-packages/airflow/example_dags/tutorial_dag.py took 0.037 seconds
[2025-04-05T11:42:40.017+0000] {processor.py:186} INFO - Started process (PID=535) to work on /home/airflow/.local/lib/python3.12/site-packages/airflow/example_dags/tutorial_dag.py
[2025-04-05T11:42:40.020+0000] {processor.py:914} INFO - Processing file /home/airflow/.local/lib/python3.12/site-packages/airflow/example_dags/tutorial_dag.py for tasks to queue
[2025-04-05T11:42:40.021+0000] {logging_mixin.py:190} INFO - [2025-04-05T11:42:40.021+0000] {dagbag.py:588} INFO - Filling up the DagBag from /home/airflow/.local/lib/python3.12/site-packages/airflow/example_dags/tutorial_dag.py
[2025-04-05T11:42:40.025+0000] {processor.py:925} INFO - DAG(s) 'tutorial_dag' retrieved from /home/airflow/.local/lib/python3.12/site-packages/airflow/example_dags/tutorial_dag.py
[2025-04-05T11:42:40.041+0000] {logging_mixin.py:190} INFO - [2025-04-05T11:42:40.041+0000] {dag.py:3239} INFO - Sync 1 DAGs
[2025-04-05T11:42:40.050+0000] {logging_mixin.py:190} INFO - [2025-04-05T11:42:40.049+0000] {dag.py:4180} INFO - Setting next_dagrun for tutorial_dag to None, run_after=None
[2025-04-05T11:42:40.067+0000] {processor.py:208} INFO - Processing /home/airflow/.local/lib/python3.12/site-packages/airflow/example_dags/tutorial_dag.py took 0.054 seconds
[2025-04-05T11:44:50.629+0000] {processor.py:186} INFO - Started process (PID=88) to work on /home/airflow/.local/lib/python3.12/site-packages/airflow/example_dags/tutorial_dag.py
[2025-04-05T11:44:50.639+0000] {processor.py:914} INFO - Processing file /home/airflow/.local/lib/python3.12/site-packages/airflow/example_dags/tutorial_dag.py for tasks to queue
[2025-04-05T11:44:50.646+0000] {logging_mixin.py:190} INFO - [2025-04-05T11:44:50.645+0000] {dagbag.py:588} INFO - Filling up the DagBag from /home/airflow/.local/lib/python3.12/site-packages/airflow/example_dags/tutorial_dag.py
[2025-04-05T11:44:50.656+0000] {processor.py:925} INFO - DAG(s) 'tutorial_dag' retrieved from /home/airflow/.local/lib/python3.12/site-packages/airflow/example_dags/tutorial_dag.py
[2025-04-05T11:44:50.705+0000] {logging_mixin.py:190} INFO - [2025-04-05T11:44:50.704+0000] {dag.py:3239} INFO - Sync 1 DAGs
[2025-04-05T11:44:50.742+0000] {logging_mixin.py:190} INFO - [2025-04-05T11:44:50.742+0000] {dag.py:4180} INFO - Setting next_dagrun for tutorial_dag to None, run_after=None
[2025-04-05T11:44:50.768+0000] {processor.py:208} INFO - Processing /home/airflow/.local/lib/python3.12/site-packages/airflow/example_dags/tutorial_dag.py took 0.164 seconds
[2025-04-05T11:45:21.530+0000] {processor.py:186} INFO - Started process (PID=152) to work on /home/airflow/.local/lib/python3.12/site-packages/airflow/example_dags/tutorial_dag.py
[2025-04-05T11:45:21.531+0000] {processor.py:914} INFO - Processing file /home/airflow/.local/lib/python3.12/site-packages/airflow/example_dags/tutorial_dag.py for tasks to queue
[2025-04-05T11:45:21.532+0000] {logging_mixin.py:190} INFO - [2025-04-05T11:45:21.532+0000] {dagbag.py:588} INFO - Filling up the DagBag from /home/airflow/.local/lib/python3.12/site-packages/airflow/example_dags/tutorial_dag.py
[2025-04-05T11:45:21.536+0000] {processor.py:925} INFO - DAG(s) 'tutorial_dag' retrieved from /home/airflow/.local/lib/python3.12/site-packages/airflow/example_dags/tutorial_dag.py
[2025-04-05T11:45:21.546+0000] {logging_mixin.py:190} INFO - [2025-04-05T11:45:21.546+0000] {dag.py:3239} INFO - Sync 1 DAGs
[2025-04-05T11:45:21.554+0000] {logging_mixin.py:190} INFO - [2025-04-05T11:45:21.553+0000] {dag.py:4180} INFO - Setting next_dagrun for tutorial_dag to None, run_after=None
[2025-04-05T11:45:21.567+0000] {processor.py:208} INFO - Processing /home/airflow/.local/lib/python3.12/site-packages/airflow/example_dags/tutorial_dag.py took 0.040 seconds
[2025-04-05T11:45:52.529+0000] {processor.py:186} INFO - Started process (PID=215) to work on /home/airflow/.local/lib/python3.12/site-packages/airflow/example_dags/tutorial_dag.py
[2025-04-05T11:45:52.530+0000] {processor.py:914} INFO - Processing file /home/airflow/.local/lib/python3.12/site-packages/airflow/example_dags/tutorial_dag.py for tasks to queue
[2025-04-05T11:45:52.532+0000] {logging_mixin.py:190} INFO - [2025-04-05T11:45:52.532+0000] {dagbag.py:588} INFO - Filling up the DagBag from /home/airflow/.local/lib/python3.12/site-packages/airflow/example_dags/tutorial_dag.py
[2025-04-05T11:45:52.537+0000] {processor.py:925} INFO - DAG(s) 'tutorial_dag' retrieved from /home/airflow/.local/lib/python3.12/site-packages/airflow/example_dags/tutorial_dag.py
[2025-04-05T11:45:52.550+0000] {logging_mixin.py:190} INFO - [2025-04-05T11:45:52.549+0000] {dag.py:3239} INFO - Sync 1 DAGs
[2025-04-05T11:45:52.559+0000] {logging_mixin.py:190} INFO - [2025-04-05T11:45:52.559+0000] {dag.py:4180} INFO - Setting next_dagrun for tutorial_dag to None, run_after=None
[2025-04-05T11:45:52.580+0000] {processor.py:208} INFO - Processing /home/airflow/.local/lib/python3.12/site-packages/airflow/example_dags/tutorial_dag.py took 0.055 seconds
[2025-04-05T11:46:23.138+0000] {processor.py:186} INFO - Started process (PID=279) to work on /home/airflow/.local/lib/python3.12/site-packages/airflow/example_dags/tutorial_dag.py
[2025-04-05T11:46:23.139+0000] {processor.py:914} INFO - Processing file /home/airflow/.local/lib/python3.12/site-packages/airflow/example_dags/tutorial_dag.py for tasks to queue
[2025-04-05T11:46:23.141+0000] {logging_mixin.py:190} INFO - [2025-04-05T11:46:23.141+0000] {dagbag.py:588} INFO - Filling up the DagBag from /home/airflow/.local/lib/python3.12/site-packages/airflow/example_dags/tutorial_dag.py
[2025-04-05T11:46:23.145+0000] {processor.py:925} INFO - DAG(s) 'tutorial_dag' retrieved from /home/airflow/.local/lib/python3.12/site-packages/airflow/example_dags/tutorial_dag.py
[2025-04-05T11:46:23.160+0000] {logging_mixin.py:190} INFO - [2025-04-05T11:46:23.159+0000] {dag.py:3239} INFO - Sync 1 DAGs
[2025-04-05T11:46:23.169+0000] {logging_mixin.py:190} INFO - [2025-04-05T11:46:23.169+0000] {dag.py:4180} INFO - Setting next_dagrun for tutorial_dag to None, run_after=None
[2025-04-05T11:46:23.183+0000] {processor.py:208} INFO - Processing /home/airflow/.local/lib/python3.12/site-packages/airflow/example_dags/tutorial_dag.py took 0.048 seconds
[2025-04-05T11:46:53.893+0000] {processor.py:186} INFO - Started process (PID=342) to work on /home/airflow/.local/lib/python3.12/site-packages/airflow/example_dags/tutorial_dag.py
[2025-04-05T11:46:53.894+0000] {processor.py:914} INFO - Processing file /home/airflow/.local/lib/python3.12/site-packages/airflow/example_dags/tutorial_dag.py for tasks to queue
[2025-04-05T11:46:53.895+0000] {logging_mixin.py:190} INFO - [2025-04-05T11:46:53.895+0000] {dagbag.py:588} INFO - Filling up the DagBag from /home/airflow/.local/lib/python3.12/site-packages/airflow/example_dags/tutorial_dag.py
[2025-04-05T11:46:53.900+0000] {processor.py:925} INFO - DAG(s) 'tutorial_dag' retrieved from /home/airflow/.local/lib/python3.12/site-packages/airflow/example_dags/tutorial_dag.py
[2025-04-05T11:46:53.909+0000] {logging_mixin.py:190} INFO - [2025-04-05T11:46:53.909+0000] {dag.py:3239} INFO - Sync 1 DAGs
[2025-04-05T11:46:53.916+0000] {logging_mixin.py:190} INFO - [2025-04-05T11:46:53.915+0000] {dag.py:4180} INFO - Setting next_dagrun for tutorial_dag to None, run_after=None
[2025-04-05T11:46:53.923+0000] {processor.py:208} INFO - Processing /home/airflow/.local/lib/python3.12/site-packages/airflow/example_dags/tutorial_dag.py took 0.033 seconds
[2025-04-05T11:47:24.008+0000] {processor.py:186} INFO - Started process (PID=406) to work on /home/airflow/.local/lib/python3.12/site-packages/airflow/example_dags/tutorial_dag.py
[2025-04-05T11:47:24.009+0000] {processor.py:914} INFO - Processing file /home/airflow/.local/lib/python3.12/site-packages/airflow/example_dags/tutorial_dag.py for tasks to queue
[2025-04-05T11:47:24.011+0000] {logging_mixin.py:190} INFO - [2025-04-05T11:47:24.010+0000] {dagbag.py:588} INFO - Filling up the DagBag from /home/airflow/.local/lib/python3.12/site-packages/airflow/example_dags/tutorial_dag.py
[2025-04-05T11:47:24.015+0000] {processor.py:925} INFO - DAG(s) 'tutorial_dag' retrieved from /home/airflow/.local/lib/python3.12/site-packages/airflow/example_dags/tutorial_dag.py
[2025-04-05T11:47:24.031+0000] {logging_mixin.py:190} INFO - [2025-04-05T11:47:24.031+0000] {dag.py:3239} INFO - Sync 1 DAGs
[2025-04-05T11:47:24.039+0000] {logging_mixin.py:190} INFO - [2025-04-05T11:47:24.039+0000] {dag.py:4180} INFO - Setting next_dagrun for tutorial_dag to None, run_after=None
[2025-04-05T11:47:24.051+0000] {processor.py:208} INFO - Processing /home/airflow/.local/lib/python3.12/site-packages/airflow/example_dags/tutorial_dag.py took 0.046 seconds
[2025-04-05T11:50:02.385+0000] {processor.py:186} INFO - Started process (PID=96) to work on /home/airflow/.local/lib/python3.12/site-packages/airflow/example_dags/tutorial_dag.py
[2025-04-05T11:50:02.388+0000] {processor.py:914} INFO - Processing file /home/airflow/.local/lib/python3.12/site-packages/airflow/example_dags/tutorial_dag.py for tasks to queue
[2025-04-05T11:50:02.396+0000] {logging_mixin.py:190} INFO - [2025-04-05T11:50:02.395+0000] {dagbag.py:588} INFO - Filling up the DagBag from /home/airflow/.local/lib/python3.12/site-packages/airflow/example_dags/tutorial_dag.py
[2025-04-05T11:50:02.480+0000] {processor.py:925} INFO - DAG(s) 'tutorial_dag' retrieved from /home/airflow/.local/lib/python3.12/site-packages/airflow/example_dags/tutorial_dag.py
[2025-04-05T11:50:02.920+0000] {logging_mixin.py:190} INFO - [2025-04-05T11:50:02.915+0000] {dag.py:3239} INFO - Sync 1 DAGs
[2025-04-05T11:50:03.064+0000] {logging_mixin.py:190} INFO - [2025-04-05T11:50:03.064+0000] {dag.py:4180} INFO - Setting next_dagrun for tutorial_dag to None, run_after=None
[2025-04-05T11:50:03.191+0000] {processor.py:208} INFO - Processing /home/airflow/.local/lib/python3.12/site-packages/airflow/example_dags/tutorial_dag.py took 0.835 seconds
[2025-04-05T11:50:33.677+0000] {processor.py:186} INFO - Started process (PID=159) to work on /home/airflow/.local/lib/python3.12/site-packages/airflow/example_dags/tutorial_dag.py
[2025-04-05T11:50:33.681+0000] {processor.py:914} INFO - Processing file /home/airflow/.local/lib/python3.12/site-packages/airflow/example_dags/tutorial_dag.py for tasks to queue
[2025-04-05T11:50:33.690+0000] {logging_mixin.py:190} INFO - [2025-04-05T11:50:33.687+0000] {dagbag.py:588} INFO - Filling up the DagBag from /home/airflow/.local/lib/python3.12/site-packages/airflow/example_dags/tutorial_dag.py
[2025-04-05T11:50:33.707+0000] {processor.py:925} INFO - DAG(s) 'tutorial_dag' retrieved from /home/airflow/.local/lib/python3.12/site-packages/airflow/example_dags/tutorial_dag.py
[2025-04-05T11:50:33.731+0000] {logging_mixin.py:190} INFO - [2025-04-05T11:50:33.731+0000] {dag.py:3239} INFO - Sync 1 DAGs
[2025-04-05T11:50:33.747+0000] {logging_mixin.py:190} INFO - [2025-04-05T11:50:33.747+0000] {dag.py:4180} INFO - Setting next_dagrun for tutorial_dag to None, run_after=None
[2025-04-05T11:50:33.773+0000] {processor.py:208} INFO - Processing /home/airflow/.local/lib/python3.12/site-packages/airflow/example_dags/tutorial_dag.py took 0.109 seconds
[2025-04-05T11:51:04.715+0000] {processor.py:186} INFO - Started process (PID=223) to work on /home/airflow/.local/lib/python3.12/site-packages/airflow/example_dags/tutorial_dag.py
[2025-04-05T11:51:04.720+0000] {processor.py:914} INFO - Processing file /home/airflow/.local/lib/python3.12/site-packages/airflow/example_dags/tutorial_dag.py for tasks to queue
[2025-04-05T11:51:04.726+0000] {logging_mixin.py:190} INFO - [2025-04-05T11:51:04.725+0000] {dagbag.py:588} INFO - Filling up the DagBag from /home/airflow/.local/lib/python3.12/site-packages/airflow/example_dags/tutorial_dag.py
[2025-04-05T11:51:04.742+0000] {processor.py:925} INFO - DAG(s) 'tutorial_dag' retrieved from /home/airflow/.local/lib/python3.12/site-packages/airflow/example_dags/tutorial_dag.py
[2025-04-05T11:51:04.797+0000] {logging_mixin.py:190} INFO - [2025-04-05T11:51:04.797+0000] {dag.py:3239} INFO - Sync 1 DAGs
[2025-04-05T11:51:04.815+0000] {logging_mixin.py:190} INFO - [2025-04-05T11:51:04.815+0000] {dag.py:4180} INFO - Setting next_dagrun for tutorial_dag to None, run_after=None
[2025-04-05T11:51:04.831+0000] {processor.py:208} INFO - Processing /home/airflow/.local/lib/python3.12/site-packages/airflow/example_dags/tutorial_dag.py took 0.142 seconds
[2025-04-05T11:51:35.951+0000] {processor.py:186} INFO - Started process (PID=287) to work on /home/airflow/.local/lib/python3.12/site-packages/airflow/example_dags/tutorial_dag.py
[2025-04-05T11:51:35.953+0000] {processor.py:914} INFO - Processing file /home/airflow/.local/lib/python3.12/site-packages/airflow/example_dags/tutorial_dag.py for tasks to queue
[2025-04-05T11:51:35.957+0000] {logging_mixin.py:190} INFO - [2025-04-05T11:51:35.957+0000] {dagbag.py:588} INFO - Filling up the DagBag from /home/airflow/.local/lib/python3.12/site-packages/airflow/example_dags/tutorial_dag.py
[2025-04-05T11:51:35.974+0000] {processor.py:925} INFO - DAG(s) 'tutorial_dag' retrieved from /home/airflow/.local/lib/python3.12/site-packages/airflow/example_dags/tutorial_dag.py
[2025-04-05T11:51:36.012+0000] {logging_mixin.py:190} INFO - [2025-04-05T11:51:36.012+0000] {dag.py:3239} INFO - Sync 1 DAGs
[2025-04-05T11:51:36.023+0000] {logging_mixin.py:190} INFO - [2025-04-05T11:51:36.023+0000] {dag.py:4180} INFO - Setting next_dagrun for tutorial_dag to None, run_after=None
[2025-04-05T11:51:36.037+0000] {processor.py:208} INFO - Processing /home/airflow/.local/lib/python3.12/site-packages/airflow/example_dags/tutorial_dag.py took 0.112 seconds
[2025-04-05T11:52:06.188+0000] {processor.py:186} INFO - Started process (PID=351) to work on /home/airflow/.local/lib/python3.12/site-packages/airflow/example_dags/tutorial_dag.py
[2025-04-05T11:52:06.192+0000] {processor.py:914} INFO - Processing file /home/airflow/.local/lib/python3.12/site-packages/airflow/example_dags/tutorial_dag.py for tasks to queue
[2025-04-05T11:52:06.195+0000] {logging_mixin.py:190} INFO - [2025-04-05T11:52:06.195+0000] {dagbag.py:588} INFO - Filling up the DagBag from /home/airflow/.local/lib/python3.12/site-packages/airflow/example_dags/tutorial_dag.py
[2025-04-05T11:52:06.206+0000] {processor.py:925} INFO - DAG(s) 'tutorial_dag' retrieved from /home/airflow/.local/lib/python3.12/site-packages/airflow/example_dags/tutorial_dag.py
[2025-04-05T11:52:06.233+0000] {logging_mixin.py:190} INFO - [2025-04-05T11:52:06.233+0000] {dag.py:3239} INFO - Sync 1 DAGs
[2025-04-05T11:52:06.266+0000] {logging_mixin.py:190} INFO - [2025-04-05T11:52:06.266+0000] {dag.py:4180} INFO - Setting next_dagrun for tutorial_dag to None, run_after=None
[2025-04-05T11:52:06.294+0000] {processor.py:208} INFO - Processing /home/airflow/.local/lib/python3.12/site-packages/airflow/example_dags/tutorial_dag.py took 0.124 seconds
[2025-04-05T12:07:22.002+0000] {processor.py:186} INFO - Started process (PID=83) to work on /home/airflow/.local/lib/python3.12/site-packages/airflow/example_dags/tutorial_dag.py
[2025-04-05T12:07:22.003+0000] {processor.py:914} INFO - Processing file /home/airflow/.local/lib/python3.12/site-packages/airflow/example_dags/tutorial_dag.py for tasks to queue
[2025-04-05T12:07:22.004+0000] {logging_mixin.py:190} INFO - [2025-04-05T12:07:22.004+0000] {dagbag.py:588} INFO - Filling up the DagBag from /home/airflow/.local/lib/python3.12/site-packages/airflow/example_dags/tutorial_dag.py
[2025-04-05T12:07:22.013+0000] {processor.py:925} INFO - DAG(s) 'tutorial_dag' retrieved from /home/airflow/.local/lib/python3.12/site-packages/airflow/example_dags/tutorial_dag.py
[2025-04-05T12:07:22.030+0000] {logging_mixin.py:190} INFO - [2025-04-05T12:07:22.029+0000] {dag.py:3239} INFO - Sync 1 DAGs
[2025-04-05T12:07:22.038+0000] {logging_mixin.py:190} INFO - [2025-04-05T12:07:22.038+0000] {dag.py:4180} INFO - Setting next_dagrun for tutorial_dag to None, run_after=None
[2025-04-05T12:07:22.047+0000] {processor.py:208} INFO - Processing /home/airflow/.local/lib/python3.12/site-packages/airflow/example_dags/tutorial_dag.py took 0.049 seconds
[2025-04-05T12:07:52.990+0000] {processor.py:186} INFO - Started process (PID=147) to work on /home/airflow/.local/lib/python3.12/site-packages/airflow/example_dags/tutorial_dag.py
[2025-04-05T12:07:52.991+0000] {processor.py:914} INFO - Processing file /home/airflow/.local/lib/python3.12/site-packages/airflow/example_dags/tutorial_dag.py for tasks to queue
[2025-04-05T12:07:52.992+0000] {logging_mixin.py:190} INFO - [2025-04-05T12:07:52.992+0000] {dagbag.py:588} INFO - Filling up the DagBag from /home/airflow/.local/lib/python3.12/site-packages/airflow/example_dags/tutorial_dag.py
[2025-04-05T12:07:52.996+0000] {processor.py:925} INFO - DAG(s) 'tutorial_dag' retrieved from /home/airflow/.local/lib/python3.12/site-packages/airflow/example_dags/tutorial_dag.py
[2025-04-05T12:07:53.005+0000] {logging_mixin.py:190} INFO - [2025-04-05T12:07:53.005+0000] {dag.py:3239} INFO - Sync 1 DAGs
[2025-04-05T12:07:53.011+0000] {logging_mixin.py:190} INFO - [2025-04-05T12:07:53.011+0000] {dag.py:4180} INFO - Setting next_dagrun for tutorial_dag to None, run_after=None
[2025-04-05T12:07:53.019+0000] {processor.py:208} INFO - Processing /home/airflow/.local/lib/python3.12/site-packages/airflow/example_dags/tutorial_dag.py took 0.031 seconds
[2025-04-05T12:08:23.648+0000] {processor.py:186} INFO - Started process (PID=217) to work on /home/airflow/.local/lib/python3.12/site-packages/airflow/example_dags/tutorial_dag.py
[2025-04-05T12:08:23.649+0000] {processor.py:914} INFO - Processing file /home/airflow/.local/lib/python3.12/site-packages/airflow/example_dags/tutorial_dag.py for tasks to queue
[2025-04-05T12:08:23.650+0000] {logging_mixin.py:190} INFO - [2025-04-05T12:08:23.650+0000] {dagbag.py:588} INFO - Filling up the DagBag from /home/airflow/.local/lib/python3.12/site-packages/airflow/example_dags/tutorial_dag.py
[2025-04-05T12:08:23.654+0000] {processor.py:925} INFO - DAG(s) 'tutorial_dag' retrieved from /home/airflow/.local/lib/python3.12/site-packages/airflow/example_dags/tutorial_dag.py
[2025-04-05T12:08:23.664+0000] {logging_mixin.py:190} INFO - [2025-04-05T12:08:23.664+0000] {dag.py:3239} INFO - Sync 1 DAGs
[2025-04-05T12:08:23.677+0000] {logging_mixin.py:190} INFO - [2025-04-05T12:08:23.676+0000] {dag.py:4180} INFO - Setting next_dagrun for tutorial_dag to None, run_after=None
[2025-04-05T12:08:23.690+0000] {processor.py:208} INFO - Processing /home/airflow/.local/lib/python3.12/site-packages/airflow/example_dags/tutorial_dag.py took 0.046 seconds
[2025-04-05T12:08:54.510+0000] {processor.py:186} INFO - Started process (PID=281) to work on /home/airflow/.local/lib/python3.12/site-packages/airflow/example_dags/tutorial_dag.py
[2025-04-05T12:08:54.511+0000] {processor.py:914} INFO - Processing file /home/airflow/.local/lib/python3.12/site-packages/airflow/example_dags/tutorial_dag.py for tasks to queue
[2025-04-05T12:08:54.512+0000] {logging_mixin.py:190} INFO - [2025-04-05T12:08:54.512+0000] {dagbag.py:588} INFO - Filling up the DagBag from /home/airflow/.local/lib/python3.12/site-packages/airflow/example_dags/tutorial_dag.py
[2025-04-05T12:08:54.517+0000] {processor.py:925} INFO - DAG(s) 'tutorial_dag' retrieved from /home/airflow/.local/lib/python3.12/site-packages/airflow/example_dags/tutorial_dag.py
[2025-04-05T12:08:54.531+0000] {logging_mixin.py:190} INFO - [2025-04-05T12:08:54.531+0000] {dag.py:3239} INFO - Sync 1 DAGs
[2025-04-05T12:08:54.540+0000] {logging_mixin.py:190} INFO - [2025-04-05T12:08:54.540+0000] {dag.py:4180} INFO - Setting next_dagrun for tutorial_dag to None, run_after=None
[2025-04-05T12:08:54.551+0000] {processor.py:208} INFO - Processing /home/airflow/.local/lib/python3.12/site-packages/airflow/example_dags/tutorial_dag.py took 0.044 seconds
[2025-04-05T12:09:25.572+0000] {processor.py:186} INFO - Started process (PID=345) to work on /home/airflow/.local/lib/python3.12/site-packages/airflow/example_dags/tutorial_dag.py
[2025-04-05T12:09:25.574+0000] {processor.py:914} INFO - Processing file /home/airflow/.local/lib/python3.12/site-packages/airflow/example_dags/tutorial_dag.py for tasks to queue
[2025-04-05T12:09:25.575+0000] {logging_mixin.py:190} INFO - [2025-04-05T12:09:25.575+0000] {dagbag.py:588} INFO - Filling up the DagBag from /home/airflow/.local/lib/python3.12/site-packages/airflow/example_dags/tutorial_dag.py
[2025-04-05T12:09:25.579+0000] {processor.py:925} INFO - DAG(s) 'tutorial_dag' retrieved from /home/airflow/.local/lib/python3.12/site-packages/airflow/example_dags/tutorial_dag.py
[2025-04-05T12:09:25.597+0000] {logging_mixin.py:190} INFO - [2025-04-05T12:09:25.597+0000] {dag.py:3239} INFO - Sync 1 DAGs
[2025-04-05T12:09:25.606+0000] {logging_mixin.py:190} INFO - [2025-04-05T12:09:25.606+0000] {dag.py:4180} INFO - Setting next_dagrun for tutorial_dag to None, run_after=None
[2025-04-05T12:09:25.614+0000] {processor.py:208} INFO - Processing /home/airflow/.local/lib/python3.12/site-packages/airflow/example_dags/tutorial_dag.py took 0.047 seconds
[2025-04-05T12:09:56.164+0000] {processor.py:186} INFO - Started process (PID=409) to work on /home/airflow/.local/lib/python3.12/site-packages/airflow/example_dags/tutorial_dag.py
[2025-04-05T12:09:56.165+0000] {processor.py:914} INFO - Processing file /home/airflow/.local/lib/python3.12/site-packages/airflow/example_dags/tutorial_dag.py for tasks to queue
[2025-04-05T12:09:56.167+0000] {logging_mixin.py:190} INFO - [2025-04-05T12:09:56.166+0000] {dagbag.py:588} INFO - Filling up the DagBag from /home/airflow/.local/lib/python3.12/site-packages/airflow/example_dags/tutorial_dag.py
[2025-04-05T12:09:56.172+0000] {processor.py:925} INFO - DAG(s) 'tutorial_dag' retrieved from /home/airflow/.local/lib/python3.12/site-packages/airflow/example_dags/tutorial_dag.py
[2025-04-05T12:09:56.185+0000] {logging_mixin.py:190} INFO - [2025-04-05T12:09:56.185+0000] {dag.py:3239} INFO - Sync 1 DAGs
[2025-04-05T12:09:56.193+0000] {logging_mixin.py:190} INFO - [2025-04-05T12:09:56.193+0000] {dag.py:4180} INFO - Setting next_dagrun for tutorial_dag to None, run_after=None
[2025-04-05T12:09:56.212+0000] {processor.py:208} INFO - Processing /home/airflow/.local/lib/python3.12/site-packages/airflow/example_dags/tutorial_dag.py took 0.053 seconds
[2025-04-05T12:10:26.666+0000] {processor.py:186} INFO - Started process (PID=472) to work on /home/airflow/.local/lib/python3.12/site-packages/airflow/example_dags/tutorial_dag.py
[2025-04-05T12:10:26.667+0000] {processor.py:914} INFO - Processing file /home/airflow/.local/lib/python3.12/site-packages/airflow/example_dags/tutorial_dag.py for tasks to queue
[2025-04-05T12:10:26.671+0000] {logging_mixin.py:190} INFO - [2025-04-05T12:10:26.671+0000] {dagbag.py:588} INFO - Filling up the DagBag from /home/airflow/.local/lib/python3.12/site-packages/airflow/example_dags/tutorial_dag.py
[2025-04-05T12:10:26.675+0000] {processor.py:925} INFO - DAG(s) 'tutorial_dag' retrieved from /home/airflow/.local/lib/python3.12/site-packages/airflow/example_dags/tutorial_dag.py
[2025-04-05T12:10:26.690+0000] {logging_mixin.py:190} INFO - [2025-04-05T12:10:26.689+0000] {dag.py:3239} INFO - Sync 1 DAGs
[2025-04-05T12:10:26.698+0000] {logging_mixin.py:190} INFO - [2025-04-05T12:10:26.698+0000] {dag.py:4180} INFO - Setting next_dagrun for tutorial_dag to None, run_after=None
[2025-04-05T12:10:26.712+0000] {processor.py:208} INFO - Processing /home/airflow/.local/lib/python3.12/site-packages/airflow/example_dags/tutorial_dag.py took 0.050 seconds
[2025-04-05T12:10:57.402+0000] {processor.py:186} INFO - Started process (PID=536) to work on /home/airflow/.local/lib/python3.12/site-packages/airflow/example_dags/tutorial_dag.py
[2025-04-05T12:10:57.405+0000] {processor.py:914} INFO - Processing file /home/airflow/.local/lib/python3.12/site-packages/airflow/example_dags/tutorial_dag.py for tasks to queue
[2025-04-05T12:10:57.407+0000] {logging_mixin.py:190} INFO - [2025-04-05T12:10:57.407+0000] {dagbag.py:588} INFO - Filling up the DagBag from /home/airflow/.local/lib/python3.12/site-packages/airflow/example_dags/tutorial_dag.py
[2025-04-05T12:10:57.416+0000] {processor.py:925} INFO - DAG(s) 'tutorial_dag' retrieved from /home/airflow/.local/lib/python3.12/site-packages/airflow/example_dags/tutorial_dag.py
[2025-04-05T12:10:57.431+0000] {logging_mixin.py:190} INFO - [2025-04-05T12:10:57.431+0000] {dag.py:3239} INFO - Sync 1 DAGs
[2025-04-05T12:10:57.442+0000] {logging_mixin.py:190} INFO - [2025-04-05T12:10:57.441+0000] {dag.py:4180} INFO - Setting next_dagrun for tutorial_dag to None, run_after=None
[2025-04-05T12:10:57.456+0000] {processor.py:208} INFO - Processing /home/airflow/.local/lib/python3.12/site-packages/airflow/example_dags/tutorial_dag.py took 0.060 seconds
[2025-04-05T12:11:28.372+0000] {processor.py:186} INFO - Started process (PID=600) to work on /home/airflow/.local/lib/python3.12/site-packages/airflow/example_dags/tutorial_dag.py
[2025-04-05T12:11:28.373+0000] {processor.py:914} INFO - Processing file /home/airflow/.local/lib/python3.12/site-packages/airflow/example_dags/tutorial_dag.py for tasks to queue
[2025-04-05T12:11:28.374+0000] {logging_mixin.py:190} INFO - [2025-04-05T12:11:28.374+0000] {dagbag.py:588} INFO - Filling up the DagBag from /home/airflow/.local/lib/python3.12/site-packages/airflow/example_dags/tutorial_dag.py
[2025-04-05T12:11:28.378+0000] {processor.py:925} INFO - DAG(s) 'tutorial_dag' retrieved from /home/airflow/.local/lib/python3.12/site-packages/airflow/example_dags/tutorial_dag.py
[2025-04-05T12:11:28.389+0000] {logging_mixin.py:190} INFO - [2025-04-05T12:11:28.389+0000] {dag.py:3239} INFO - Sync 1 DAGs
[2025-04-05T12:11:28.397+0000] {logging_mixin.py:190} INFO - [2025-04-05T12:11:28.397+0000] {dag.py:4180} INFO - Setting next_dagrun for tutorial_dag to None, run_after=None
[2025-04-05T12:11:28.406+0000] {processor.py:208} INFO - Processing /home/airflow/.local/lib/python3.12/site-packages/airflow/example_dags/tutorial_dag.py took 0.037 seconds
[2025-04-05T12:11:58.690+0000] {processor.py:186} INFO - Started process (PID=662) to work on /home/airflow/.local/lib/python3.12/site-packages/airflow/example_dags/tutorial_dag.py
[2025-04-05T12:11:58.691+0000] {processor.py:914} INFO - Processing file /home/airflow/.local/lib/python3.12/site-packages/airflow/example_dags/tutorial_dag.py for tasks to queue
[2025-04-05T12:11:58.692+0000] {logging_mixin.py:190} INFO - [2025-04-05T12:11:58.692+0000] {dagbag.py:588} INFO - Filling up the DagBag from /home/airflow/.local/lib/python3.12/site-packages/airflow/example_dags/tutorial_dag.py
[2025-04-05T12:11:58.699+0000] {processor.py:925} INFO - DAG(s) 'tutorial_dag' retrieved from /home/airflow/.local/lib/python3.12/site-packages/airflow/example_dags/tutorial_dag.py
[2025-04-05T12:11:58.716+0000] {logging_mixin.py:190} INFO - [2025-04-05T12:11:58.715+0000] {dag.py:3239} INFO - Sync 1 DAGs
[2025-04-05T12:11:58.725+0000] {logging_mixin.py:190} INFO - [2025-04-05T12:11:58.725+0000] {dag.py:4180} INFO - Setting next_dagrun for tutorial_dag to None, run_after=None
[2025-04-05T12:11:58.740+0000] {processor.py:208} INFO - Processing /home/airflow/.local/lib/python3.12/site-packages/airflow/example_dags/tutorial_dag.py took 0.054 seconds
