[2025-04-05T11:23:23.646+0000] {processor.py:186} INFO - Started process (PID=86) to work on /home/airflow/.local/lib/python3.12/site-packages/airflow/example_dags/tutorial_objectstorage.py
[2025-04-05T11:23:23.648+0000] {processor.py:914} INFO - Processing file /home/airflow/.local/lib/python3.12/site-packages/airflow/example_dags/tutorial_objectstorage.py for tasks to queue
[2025-04-05T11:23:23.651+0000] {logging_mixin.py:190} INFO - [2025-04-05T11:23:23.651+0000] {dagbag.py:588} INFO - Filling up the DagBag from /home/airflow/.local/lib/python3.12/site-packages/airflow/example_dags/tutorial_objectstorage.py
[2025-04-05T11:23:23.661+0000] {processor.py:925} INFO - DAG(s) 'tutorial_objectstorage' retrieved from /home/airflow/.local/lib/python3.12/site-packages/airflow/example_dags/tutorial_objectstorage.py
[2025-04-05T11:23:23.779+0000] {logging_mixin.py:190} INFO - [2025-04-05T11:23:23.778+0000] {override.py:1912} INFO - Created Permission View: can edit on DAG:tutorial_objectstorage
[2025-04-05T11:23:23.787+0000] {logging_mixin.py:190} INFO - [2025-04-05T11:23:23.786+0000] {override.py:1912} INFO - Created Permission View: can read on DAG:tutorial_objectstorage
[2025-04-05T11:23:23.791+0000] {logging_mixin.py:190} INFO - [2025-04-05T11:23:23.791+0000] {override.py:1912} INFO - Created Permission View: can delete on DAG:tutorial_objectstorage
[2025-04-05T11:23:23.796+0000] {logging_mixin.py:190} INFO - [2025-04-05T11:23:23.796+0000] {override.py:1912} INFO - Created Permission View: menu access on DAG Run:tutorial_objectstorage
[2025-04-05T11:23:23.803+0000] {logging_mixin.py:190} INFO - [2025-04-05T11:23:23.803+0000] {override.py:1912} INFO - Created Permission View: can read on DAG Run:tutorial_objectstorage
[2025-04-05T11:23:23.807+0000] {logging_mixin.py:190} INFO - [2025-04-05T11:23:23.807+0000] {override.py:1912} INFO - Created Permission View: can create on DAG Run:tutorial_objectstorage
[2025-04-05T11:23:23.811+0000] {logging_mixin.py:190} INFO - [2025-04-05T11:23:23.810+0000] {override.py:1912} INFO - Created Permission View: can delete on DAG Run:tutorial_objectstorage
[2025-04-05T11:23:23.811+0000] {logging_mixin.py:190} INFO - [2025-04-05T11:23:23.811+0000] {dag.py:3239} INFO - Sync 1 DAGs
[2025-04-05T11:23:23.820+0000] {logging_mixin.py:190} INFO - [2025-04-05T11:23:23.820+0000] {dag.py:3262} INFO - Creating ORM DAG for tutorial_objectstorage
[2025-04-05T11:23:23.821+0000] {logging_mixin.py:190} INFO - [2025-04-05T11:23:23.821+0000] {dag.py:4180} INFO - Setting next_dagrun for tutorial_objectstorage to None, run_after=None
[2025-04-05T11:23:23.841+0000] {processor.py:208} INFO - Processing /home/airflow/.local/lib/python3.12/site-packages/airflow/example_dags/tutorial_objectstorage.py took 0.204 seconds
[2025-04-05T11:23:54.317+0000] {processor.py:186} INFO - Started process (PID=148) to work on /home/airflow/.local/lib/python3.12/site-packages/airflow/example_dags/tutorial_objectstorage.py
[2025-04-05T11:23:54.320+0000] {processor.py:914} INFO - Processing file /home/airflow/.local/lib/python3.12/site-packages/airflow/example_dags/tutorial_objectstorage.py for tasks to queue
[2025-04-05T11:23:54.321+0000] {logging_mixin.py:190} INFO - [2025-04-05T11:23:54.321+0000] {dagbag.py:588} INFO - Filling up the DagBag from /home/airflow/.local/lib/python3.12/site-packages/airflow/example_dags/tutorial_objectstorage.py
[2025-04-05T11:23:54.328+0000] {processor.py:925} INFO - DAG(s) 'tutorial_objectstorage' retrieved from /home/airflow/.local/lib/python3.12/site-packages/airflow/example_dags/tutorial_objectstorage.py
[2025-04-05T11:23:54.340+0000] {logging_mixin.py:190} INFO - [2025-04-05T11:23:54.340+0000] {dag.py:3239} INFO - Sync 1 DAGs
[2025-04-05T11:23:54.348+0000] {logging_mixin.py:190} INFO - [2025-04-05T11:23:54.348+0000] {dag.py:4180} INFO - Setting next_dagrun for tutorial_objectstorage to None, run_after=None
[2025-04-05T11:23:54.356+0000] {processor.py:208} INFO - Processing /home/airflow/.local/lib/python3.12/site-packages/airflow/example_dags/tutorial_objectstorage.py took 0.043 seconds
[2025-04-05T11:24:24.865+0000] {processor.py:186} INFO - Started process (PID=211) to work on /home/airflow/.local/lib/python3.12/site-packages/airflow/example_dags/tutorial_objectstorage.py
[2025-04-05T11:24:24.869+0000] {processor.py:914} INFO - Processing file /home/airflow/.local/lib/python3.12/site-packages/airflow/example_dags/tutorial_objectstorage.py for tasks to queue
[2025-04-05T11:24:24.873+0000] {logging_mixin.py:190} INFO - [2025-04-05T11:24:24.873+0000] {dagbag.py:588} INFO - Filling up the DagBag from /home/airflow/.local/lib/python3.12/site-packages/airflow/example_dags/tutorial_objectstorage.py
[2025-04-05T11:24:24.879+0000] {processor.py:925} INFO - DAG(s) 'tutorial_objectstorage' retrieved from /home/airflow/.local/lib/python3.12/site-packages/airflow/example_dags/tutorial_objectstorage.py
[2025-04-05T11:24:24.899+0000] {logging_mixin.py:190} INFO - [2025-04-05T11:24:24.899+0000] {dag.py:3239} INFO - Sync 1 DAGs
[2025-04-05T11:24:24.908+0000] {logging_mixin.py:190} INFO - [2025-04-05T11:24:24.908+0000] {dag.py:4180} INFO - Setting next_dagrun for tutorial_objectstorage to None, run_after=None
[2025-04-05T11:24:24.918+0000] {processor.py:208} INFO - Processing /home/airflow/.local/lib/python3.12/site-packages/airflow/example_dags/tutorial_objectstorage.py took 0.057 seconds
[2025-04-05T11:24:55.192+0000] {processor.py:186} INFO - Started process (PID=274) to work on /home/airflow/.local/lib/python3.12/site-packages/airflow/example_dags/tutorial_objectstorage.py
[2025-04-05T11:24:55.194+0000] {processor.py:914} INFO - Processing file /home/airflow/.local/lib/python3.12/site-packages/airflow/example_dags/tutorial_objectstorage.py for tasks to queue
[2025-04-05T11:24:55.196+0000] {logging_mixin.py:190} INFO - [2025-04-05T11:24:55.196+0000] {dagbag.py:588} INFO - Filling up the DagBag from /home/airflow/.local/lib/python3.12/site-packages/airflow/example_dags/tutorial_objectstorage.py
[2025-04-05T11:24:55.204+0000] {processor.py:925} INFO - DAG(s) 'tutorial_objectstorage' retrieved from /home/airflow/.local/lib/python3.12/site-packages/airflow/example_dags/tutorial_objectstorage.py
[2025-04-05T11:24:55.218+0000] {logging_mixin.py:190} INFO - [2025-04-05T11:24:55.218+0000] {dag.py:3239} INFO - Sync 1 DAGs
[2025-04-05T11:24:55.226+0000] {logging_mixin.py:190} INFO - [2025-04-05T11:24:55.226+0000] {dag.py:4180} INFO - Setting next_dagrun for tutorial_objectstorage to None, run_after=None
[2025-04-05T11:24:55.237+0000] {processor.py:208} INFO - Processing /home/airflow/.local/lib/python3.12/site-packages/airflow/example_dags/tutorial_objectstorage.py took 0.049 seconds
[2025-04-05T11:25:25.336+0000] {processor.py:186} INFO - Started process (PID=337) to work on /home/airflow/.local/lib/python3.12/site-packages/airflow/example_dags/tutorial_objectstorage.py
[2025-04-05T11:25:25.337+0000] {processor.py:914} INFO - Processing file /home/airflow/.local/lib/python3.12/site-packages/airflow/example_dags/tutorial_objectstorage.py for tasks to queue
[2025-04-05T11:25:25.339+0000] {logging_mixin.py:190} INFO - [2025-04-05T11:25:25.339+0000] {dagbag.py:588} INFO - Filling up the DagBag from /home/airflow/.local/lib/python3.12/site-packages/airflow/example_dags/tutorial_objectstorage.py
[2025-04-05T11:25:25.345+0000] {processor.py:925} INFO - DAG(s) 'tutorial_objectstorage' retrieved from /home/airflow/.local/lib/python3.12/site-packages/airflow/example_dags/tutorial_objectstorage.py
[2025-04-05T11:25:25.354+0000] {logging_mixin.py:190} INFO - [2025-04-05T11:25:25.353+0000] {dag.py:3239} INFO - Sync 1 DAGs
[2025-04-05T11:25:25.360+0000] {logging_mixin.py:190} INFO - [2025-04-05T11:25:25.360+0000] {dag.py:4180} INFO - Setting next_dagrun for tutorial_objectstorage to None, run_after=None
[2025-04-05T11:25:25.369+0000] {processor.py:208} INFO - Processing /home/airflow/.local/lib/python3.12/site-packages/airflow/example_dags/tutorial_objectstorage.py took 0.037 seconds
[2025-04-05T11:25:55.713+0000] {processor.py:186} INFO - Started process (PID=400) to work on /home/airflow/.local/lib/python3.12/site-packages/airflow/example_dags/tutorial_objectstorage.py
[2025-04-05T11:25:55.715+0000] {processor.py:914} INFO - Processing file /home/airflow/.local/lib/python3.12/site-packages/airflow/example_dags/tutorial_objectstorage.py for tasks to queue
[2025-04-05T11:25:55.743+0000] {logging_mixin.py:190} INFO - [2025-04-05T11:25:55.742+0000] {dagbag.py:588} INFO - Filling up the DagBag from /home/airflow/.local/lib/python3.12/site-packages/airflow/example_dags/tutorial_objectstorage.py
[2025-04-05T11:25:55.769+0000] {processor.py:925} INFO - DAG(s) 'tutorial_objectstorage' retrieved from /home/airflow/.local/lib/python3.12/site-packages/airflow/example_dags/tutorial_objectstorage.py
[2025-04-05T11:25:55.805+0000] {logging_mixin.py:190} INFO - [2025-04-05T11:25:55.804+0000] {dag.py:3239} INFO - Sync 1 DAGs
[2025-04-05T11:25:55.827+0000] {logging_mixin.py:190} INFO - [2025-04-05T11:25:55.826+0000] {dag.py:4180} INFO - Setting next_dagrun for tutorial_objectstorage to None, run_after=None
[2025-04-05T11:25:55.842+0000] {processor.py:208} INFO - Processing /home/airflow/.local/lib/python3.12/site-packages/airflow/example_dags/tutorial_objectstorage.py took 0.188 seconds
[2025-04-05T11:26:26.813+0000] {processor.py:186} INFO - Started process (PID=463) to work on /home/airflow/.local/lib/python3.12/site-packages/airflow/example_dags/tutorial_objectstorage.py
[2025-04-05T11:26:26.814+0000] {processor.py:914} INFO - Processing file /home/airflow/.local/lib/python3.12/site-packages/airflow/example_dags/tutorial_objectstorage.py for tasks to queue
[2025-04-05T11:26:26.818+0000] {logging_mixin.py:190} INFO - [2025-04-05T11:26:26.817+0000] {dagbag.py:588} INFO - Filling up the DagBag from /home/airflow/.local/lib/python3.12/site-packages/airflow/example_dags/tutorial_objectstorage.py
[2025-04-05T11:26:26.830+0000] {processor.py:925} INFO - DAG(s) 'tutorial_objectstorage' retrieved from /home/airflow/.local/lib/python3.12/site-packages/airflow/example_dags/tutorial_objectstorage.py
[2025-04-05T11:26:26.845+0000] {logging_mixin.py:190} INFO - [2025-04-05T11:26:26.844+0000] {dag.py:3239} INFO - Sync 1 DAGs
[2025-04-05T11:26:26.854+0000] {logging_mixin.py:190} INFO - [2025-04-05T11:26:26.854+0000] {dag.py:4180} INFO - Setting next_dagrun for tutorial_objectstorage to None, run_after=None
[2025-04-05T11:26:26.863+0000] {processor.py:208} INFO - Processing /home/airflow/.local/lib/python3.12/site-packages/airflow/example_dags/tutorial_objectstorage.py took 0.056 seconds
[2025-04-05T11:26:57.367+0000] {processor.py:186} INFO - Started process (PID=526) to work on /home/airflow/.local/lib/python3.12/site-packages/airflow/example_dags/tutorial_objectstorage.py
[2025-04-05T11:26:57.368+0000] {processor.py:914} INFO - Processing file /home/airflow/.local/lib/python3.12/site-packages/airflow/example_dags/tutorial_objectstorage.py for tasks to queue
[2025-04-05T11:26:57.372+0000] {logging_mixin.py:190} INFO - [2025-04-05T11:26:57.372+0000] {dagbag.py:588} INFO - Filling up the DagBag from /home/airflow/.local/lib/python3.12/site-packages/airflow/example_dags/tutorial_objectstorage.py
[2025-04-05T11:26:57.380+0000] {processor.py:925} INFO - DAG(s) 'tutorial_objectstorage' retrieved from /home/airflow/.local/lib/python3.12/site-packages/airflow/example_dags/tutorial_objectstorage.py
[2025-04-05T11:26:57.394+0000] {logging_mixin.py:190} INFO - [2025-04-05T11:26:57.393+0000] {dag.py:3239} INFO - Sync 1 DAGs
[2025-04-05T11:26:57.403+0000] {logging_mixin.py:190} INFO - [2025-04-05T11:26:57.403+0000] {dag.py:4180} INFO - Setting next_dagrun for tutorial_objectstorage to None, run_after=None
[2025-04-05T11:26:57.412+0000] {processor.py:208} INFO - Processing /home/airflow/.local/lib/python3.12/site-packages/airflow/example_dags/tutorial_objectstorage.py took 0.051 seconds
[2025-04-05T11:31:58.252+0000] {processor.py:186} INFO - Started process (PID=86) to work on /home/airflow/.local/lib/python3.12/site-packages/airflow/example_dags/tutorial_objectstorage.py
[2025-04-05T11:31:58.254+0000] {processor.py:914} INFO - Processing file /home/airflow/.local/lib/python3.12/site-packages/airflow/example_dags/tutorial_objectstorage.py for tasks to queue
[2025-04-05T11:31:58.259+0000] {logging_mixin.py:190} INFO - [2025-04-05T11:31:58.258+0000] {dagbag.py:588} INFO - Filling up the DagBag from /home/airflow/.local/lib/python3.12/site-packages/airflow/example_dags/tutorial_objectstorage.py
[2025-04-05T11:31:58.283+0000] {processor.py:925} INFO - DAG(s) 'tutorial_objectstorage' retrieved from /home/airflow/.local/lib/python3.12/site-packages/airflow/example_dags/tutorial_objectstorage.py
[2025-04-05T11:31:58.348+0000] {logging_mixin.py:190} INFO - [2025-04-05T11:31:58.347+0000] {dag.py:3239} INFO - Sync 1 DAGs
[2025-04-05T11:31:58.393+0000] {logging_mixin.py:190} INFO - [2025-04-05T11:31:58.393+0000] {dag.py:4180} INFO - Setting next_dagrun for tutorial_objectstorage to None, run_after=None
[2025-04-05T11:31:58.436+0000] {processor.py:208} INFO - Processing /home/airflow/.local/lib/python3.12/site-packages/airflow/example_dags/tutorial_objectstorage.py took 0.194 seconds
[2025-04-05T11:32:28.740+0000] {processor.py:186} INFO - Started process (PID=148) to work on /home/airflow/.local/lib/python3.12/site-packages/airflow/example_dags/tutorial_objectstorage.py
[2025-04-05T11:32:28.741+0000] {processor.py:914} INFO - Processing file /home/airflow/.local/lib/python3.12/site-packages/airflow/example_dags/tutorial_objectstorage.py for tasks to queue
[2025-04-05T11:32:28.743+0000] {logging_mixin.py:190} INFO - [2025-04-05T11:32:28.743+0000] {dagbag.py:588} INFO - Filling up the DagBag from /home/airflow/.local/lib/python3.12/site-packages/airflow/example_dags/tutorial_objectstorage.py
[2025-04-05T11:32:28.750+0000] {processor.py:925} INFO - DAG(s) 'tutorial_objectstorage' retrieved from /home/airflow/.local/lib/python3.12/site-packages/airflow/example_dags/tutorial_objectstorage.py
[2025-04-05T11:32:28.761+0000] {logging_mixin.py:190} INFO - [2025-04-05T11:32:28.761+0000] {dag.py:3239} INFO - Sync 1 DAGs
[2025-04-05T11:32:28.769+0000] {logging_mixin.py:190} INFO - [2025-04-05T11:32:28.769+0000] {dag.py:4180} INFO - Setting next_dagrun for tutorial_objectstorage to None, run_after=None
[2025-04-05T11:32:28.779+0000] {processor.py:208} INFO - Processing /home/airflow/.local/lib/python3.12/site-packages/airflow/example_dags/tutorial_objectstorage.py took 0.043 seconds
[2025-04-05T11:39:06.455+0000] {processor.py:186} INFO - Started process (PID=91) to work on /home/airflow/.local/lib/python3.12/site-packages/airflow/example_dags/tutorial_objectstorage.py
[2025-04-05T11:39:06.457+0000] {processor.py:914} INFO - Processing file /home/airflow/.local/lib/python3.12/site-packages/airflow/example_dags/tutorial_objectstorage.py for tasks to queue
[2025-04-05T11:39:06.463+0000] {logging_mixin.py:190} INFO - [2025-04-05T11:39:06.462+0000] {dagbag.py:588} INFO - Filling up the DagBag from /home/airflow/.local/lib/python3.12/site-packages/airflow/example_dags/tutorial_objectstorage.py
[2025-04-05T11:39:06.492+0000] {processor.py:925} INFO - DAG(s) 'tutorial_objectstorage' retrieved from /home/airflow/.local/lib/python3.12/site-packages/airflow/example_dags/tutorial_objectstorage.py
[2025-04-05T11:39:06.554+0000] {logging_mixin.py:190} INFO - [2025-04-05T11:39:06.553+0000] {dag.py:3239} INFO - Sync 1 DAGs
[2025-04-05T11:39:06.602+0000] {logging_mixin.py:190} INFO - [2025-04-05T11:39:06.601+0000] {dag.py:4180} INFO - Setting next_dagrun for tutorial_objectstorage to None, run_after=None
[2025-04-05T11:39:06.666+0000] {processor.py:208} INFO - Processing /home/airflow/.local/lib/python3.12/site-packages/airflow/example_dags/tutorial_objectstorage.py took 0.222 seconds
[2025-04-05T11:39:37.135+0000] {processor.py:186} INFO - Started process (PID=154) to work on /home/airflow/.local/lib/python3.12/site-packages/airflow/example_dags/tutorial_objectstorage.py
[2025-04-05T11:39:37.143+0000] {processor.py:914} INFO - Processing file /home/airflow/.local/lib/python3.12/site-packages/airflow/example_dags/tutorial_objectstorage.py for tasks to queue
[2025-04-05T11:39:37.145+0000] {logging_mixin.py:190} INFO - [2025-04-05T11:39:37.145+0000] {dagbag.py:588} INFO - Filling up the DagBag from /home/airflow/.local/lib/python3.12/site-packages/airflow/example_dags/tutorial_objectstorage.py
[2025-04-05T11:39:37.152+0000] {processor.py:925} INFO - DAG(s) 'tutorial_objectstorage' retrieved from /home/airflow/.local/lib/python3.12/site-packages/airflow/example_dags/tutorial_objectstorage.py
[2025-04-05T11:39:37.169+0000] {logging_mixin.py:190} INFO - [2025-04-05T11:39:37.168+0000] {dag.py:3239} INFO - Sync 1 DAGs
[2025-04-05T11:39:37.177+0000] {logging_mixin.py:190} INFO - [2025-04-05T11:39:37.177+0000] {dag.py:4180} INFO - Setting next_dagrun for tutorial_objectstorage to None, run_after=None
[2025-04-05T11:39:37.190+0000] {processor.py:208} INFO - Processing /home/airflow/.local/lib/python3.12/site-packages/airflow/example_dags/tutorial_objectstorage.py took 0.060 seconds
[2025-04-05T11:40:07.633+0000] {processor.py:186} INFO - Started process (PID=217) to work on /home/airflow/.local/lib/python3.12/site-packages/airflow/example_dags/tutorial_objectstorage.py
[2025-04-05T11:40:07.637+0000] {processor.py:914} INFO - Processing file /home/airflow/.local/lib/python3.12/site-packages/airflow/example_dags/tutorial_objectstorage.py for tasks to queue
[2025-04-05T11:40:07.642+0000] {logging_mixin.py:190} INFO - [2025-04-05T11:40:07.642+0000] {dagbag.py:588} INFO - Filling up the DagBag from /home/airflow/.local/lib/python3.12/site-packages/airflow/example_dags/tutorial_objectstorage.py
[2025-04-05T11:40:07.657+0000] {processor.py:925} INFO - DAG(s) 'tutorial_objectstorage' retrieved from /home/airflow/.local/lib/python3.12/site-packages/airflow/example_dags/tutorial_objectstorage.py
[2025-04-05T11:40:07.677+0000] {logging_mixin.py:190} INFO - [2025-04-05T11:40:07.676+0000] {dag.py:3239} INFO - Sync 1 DAGs
[2025-04-05T11:40:07.687+0000] {logging_mixin.py:190} INFO - [2025-04-05T11:40:07.687+0000] {dag.py:4180} INFO - Setting next_dagrun for tutorial_objectstorage to None, run_after=None
[2025-04-05T11:40:07.698+0000] {processor.py:208} INFO - Processing /home/airflow/.local/lib/python3.12/site-packages/airflow/example_dags/tutorial_objectstorage.py took 0.076 seconds
[2025-04-05T11:40:37.774+0000] {processor.py:186} INFO - Started process (PID=280) to work on /home/airflow/.local/lib/python3.12/site-packages/airflow/example_dags/tutorial_objectstorage.py
[2025-04-05T11:40:37.778+0000] {processor.py:914} INFO - Processing file /home/airflow/.local/lib/python3.12/site-packages/airflow/example_dags/tutorial_objectstorage.py for tasks to queue
[2025-04-05T11:40:37.784+0000] {logging_mixin.py:190} INFO - [2025-04-05T11:40:37.783+0000] {dagbag.py:588} INFO - Filling up the DagBag from /home/airflow/.local/lib/python3.12/site-packages/airflow/example_dags/tutorial_objectstorage.py
[2025-04-05T11:40:37.793+0000] {processor.py:925} INFO - DAG(s) 'tutorial_objectstorage' retrieved from /home/airflow/.local/lib/python3.12/site-packages/airflow/example_dags/tutorial_objectstorage.py
[2025-04-05T11:40:37.844+0000] {logging_mixin.py:190} INFO - [2025-04-05T11:40:37.843+0000] {dag.py:3239} INFO - Sync 1 DAGs
[2025-04-05T11:40:37.862+0000] {logging_mixin.py:190} INFO - [2025-04-05T11:40:37.862+0000] {dag.py:4180} INFO - Setting next_dagrun for tutorial_objectstorage to None, run_after=None
[2025-04-05T11:40:37.880+0000] {processor.py:208} INFO - Processing /home/airflow/.local/lib/python3.12/site-packages/airflow/example_dags/tutorial_objectstorage.py took 0.126 seconds
[2025-04-05T11:41:08.441+0000] {processor.py:186} INFO - Started process (PID=343) to work on /home/airflow/.local/lib/python3.12/site-packages/airflow/example_dags/tutorial_objectstorage.py
[2025-04-05T11:41:08.445+0000] {processor.py:914} INFO - Processing file /home/airflow/.local/lib/python3.12/site-packages/airflow/example_dags/tutorial_objectstorage.py for tasks to queue
[2025-04-05T11:41:08.449+0000] {logging_mixin.py:190} INFO - [2025-04-05T11:41:08.449+0000] {dagbag.py:588} INFO - Filling up the DagBag from /home/airflow/.local/lib/python3.12/site-packages/airflow/example_dags/tutorial_objectstorage.py
[2025-04-05T11:41:08.455+0000] {processor.py:925} INFO - DAG(s) 'tutorial_objectstorage' retrieved from /home/airflow/.local/lib/python3.12/site-packages/airflow/example_dags/tutorial_objectstorage.py
[2025-04-05T11:41:08.474+0000] {logging_mixin.py:190} INFO - [2025-04-05T11:41:08.474+0000] {dag.py:3239} INFO - Sync 1 DAGs
[2025-04-05T11:41:08.485+0000] {logging_mixin.py:190} INFO - [2025-04-05T11:41:08.484+0000] {dag.py:4180} INFO - Setting next_dagrun for tutorial_objectstorage to None, run_after=None
[2025-04-05T11:41:08.500+0000] {processor.py:208} INFO - Processing /home/airflow/.local/lib/python3.12/site-packages/airflow/example_dags/tutorial_objectstorage.py took 0.072 seconds
[2025-04-05T11:41:39.107+0000] {processor.py:186} INFO - Started process (PID=406) to work on /home/airflow/.local/lib/python3.12/site-packages/airflow/example_dags/tutorial_objectstorage.py
[2025-04-05T11:41:39.111+0000] {processor.py:914} INFO - Processing file /home/airflow/.local/lib/python3.12/site-packages/airflow/example_dags/tutorial_objectstorage.py for tasks to queue
[2025-04-05T11:41:39.115+0000] {logging_mixin.py:190} INFO - [2025-04-05T11:41:39.115+0000] {dagbag.py:588} INFO - Filling up the DagBag from /home/airflow/.local/lib/python3.12/site-packages/airflow/example_dags/tutorial_objectstorage.py
[2025-04-05T11:41:39.121+0000] {processor.py:925} INFO - DAG(s) 'tutorial_objectstorage' retrieved from /home/airflow/.local/lib/python3.12/site-packages/airflow/example_dags/tutorial_objectstorage.py
[2025-04-05T11:41:39.135+0000] {logging_mixin.py:190} INFO - [2025-04-05T11:41:39.135+0000] {dag.py:3239} INFO - Sync 1 DAGs
[2025-04-05T11:41:39.142+0000] {logging_mixin.py:190} INFO - [2025-04-05T11:41:39.142+0000] {dag.py:4180} INFO - Setting next_dagrun for tutorial_objectstorage to None, run_after=None
[2025-04-05T11:41:39.153+0000] {processor.py:208} INFO - Processing /home/airflow/.local/lib/python3.12/site-packages/airflow/example_dags/tutorial_objectstorage.py took 0.051 seconds
[2025-04-05T11:42:09.243+0000] {processor.py:186} INFO - Started process (PID=469) to work on /home/airflow/.local/lib/python3.12/site-packages/airflow/example_dags/tutorial_objectstorage.py
[2025-04-05T11:42:09.246+0000] {processor.py:914} INFO - Processing file /home/airflow/.local/lib/python3.12/site-packages/airflow/example_dags/tutorial_objectstorage.py for tasks to queue
[2025-04-05T11:42:09.249+0000] {logging_mixin.py:190} INFO - [2025-04-05T11:42:09.248+0000] {dagbag.py:588} INFO - Filling up the DagBag from /home/airflow/.local/lib/python3.12/site-packages/airflow/example_dags/tutorial_objectstorage.py
[2025-04-05T11:42:09.259+0000] {processor.py:925} INFO - DAG(s) 'tutorial_objectstorage' retrieved from /home/airflow/.local/lib/python3.12/site-packages/airflow/example_dags/tutorial_objectstorage.py
[2025-04-05T11:42:09.276+0000] {logging_mixin.py:190} INFO - [2025-04-05T11:42:09.276+0000] {dag.py:3239} INFO - Sync 1 DAGs
[2025-04-05T11:42:09.285+0000] {logging_mixin.py:190} INFO - [2025-04-05T11:42:09.284+0000] {dag.py:4180} INFO - Setting next_dagrun for tutorial_objectstorage to None, run_after=None
[2025-04-05T11:42:09.299+0000] {processor.py:208} INFO - Processing /home/airflow/.local/lib/python3.12/site-packages/airflow/example_dags/tutorial_objectstorage.py took 0.064 seconds
[2025-04-05T11:42:39.898+0000] {processor.py:186} INFO - Started process (PID=532) to work on /home/airflow/.local/lib/python3.12/site-packages/airflow/example_dags/tutorial_objectstorage.py
[2025-04-05T11:42:39.901+0000] {processor.py:914} INFO - Processing file /home/airflow/.local/lib/python3.12/site-packages/airflow/example_dags/tutorial_objectstorage.py for tasks to queue
[2025-04-05T11:42:39.906+0000] {logging_mixin.py:190} INFO - [2025-04-05T11:42:39.906+0000] {dagbag.py:588} INFO - Filling up the DagBag from /home/airflow/.local/lib/python3.12/site-packages/airflow/example_dags/tutorial_objectstorage.py
[2025-04-05T11:42:39.914+0000] {processor.py:925} INFO - DAG(s) 'tutorial_objectstorage' retrieved from /home/airflow/.local/lib/python3.12/site-packages/airflow/example_dags/tutorial_objectstorage.py
[2025-04-05T11:42:39.933+0000] {logging_mixin.py:190} INFO - [2025-04-05T11:42:39.932+0000] {dag.py:3239} INFO - Sync 1 DAGs
[2025-04-05T11:42:39.941+0000] {logging_mixin.py:190} INFO - [2025-04-05T11:42:39.940+0000] {dag.py:4180} INFO - Setting next_dagrun for tutorial_objectstorage to None, run_after=None
[2025-04-05T11:42:39.953+0000] {processor.py:208} INFO - Processing /home/airflow/.local/lib/python3.12/site-packages/airflow/example_dags/tutorial_objectstorage.py took 0.061 seconds
[2025-04-05T11:44:49.601+0000] {processor.py:186} INFO - Started process (PID=85) to work on /home/airflow/.local/lib/python3.12/site-packages/airflow/example_dags/tutorial_objectstorage.py
[2025-04-05T11:44:49.603+0000] {processor.py:914} INFO - Processing file /home/airflow/.local/lib/python3.12/site-packages/airflow/example_dags/tutorial_objectstorage.py for tasks to queue
[2025-04-05T11:44:49.614+0000] {logging_mixin.py:190} INFO - [2025-04-05T11:44:49.612+0000] {dagbag.py:588} INFO - Filling up the DagBag from /home/airflow/.local/lib/python3.12/site-packages/airflow/example_dags/tutorial_objectstorage.py
[2025-04-05T11:44:49.649+0000] {processor.py:925} INFO - DAG(s) 'tutorial_objectstorage' retrieved from /home/airflow/.local/lib/python3.12/site-packages/airflow/example_dags/tutorial_objectstorage.py
[2025-04-05T11:44:49.715+0000] {logging_mixin.py:190} INFO - [2025-04-05T11:44:49.714+0000] {dag.py:3239} INFO - Sync 1 DAGs
[2025-04-05T11:44:49.763+0000] {logging_mixin.py:190} INFO - [2025-04-05T11:44:49.762+0000] {dag.py:4180} INFO - Setting next_dagrun for tutorial_objectstorage to None, run_after=None
[2025-04-05T11:44:49.826+0000] {processor.py:208} INFO - Processing /home/airflow/.local/lib/python3.12/site-packages/airflow/example_dags/tutorial_objectstorage.py took 0.258 seconds
[2025-04-05T11:45:20.286+0000] {processor.py:186} INFO - Started process (PID=148) to work on /home/airflow/.local/lib/python3.12/site-packages/airflow/example_dags/tutorial_objectstorage.py
[2025-04-05T11:45:20.293+0000] {processor.py:914} INFO - Processing file /home/airflow/.local/lib/python3.12/site-packages/airflow/example_dags/tutorial_objectstorage.py for tasks to queue
[2025-04-05T11:45:20.294+0000] {logging_mixin.py:190} INFO - [2025-04-05T11:45:20.294+0000] {dagbag.py:588} INFO - Filling up the DagBag from /home/airflow/.local/lib/python3.12/site-packages/airflow/example_dags/tutorial_objectstorage.py
[2025-04-05T11:45:20.303+0000] {processor.py:925} INFO - DAG(s) 'tutorial_objectstorage' retrieved from /home/airflow/.local/lib/python3.12/site-packages/airflow/example_dags/tutorial_objectstorage.py
[2025-04-05T11:45:20.316+0000] {logging_mixin.py:190} INFO - [2025-04-05T11:45:20.316+0000] {dag.py:3239} INFO - Sync 1 DAGs
[2025-04-05T11:45:20.326+0000] {logging_mixin.py:190} INFO - [2025-04-05T11:45:20.326+0000] {dag.py:4180} INFO - Setting next_dagrun for tutorial_objectstorage to None, run_after=None
[2025-04-05T11:45:20.340+0000] {processor.py:208} INFO - Processing /home/airflow/.local/lib/python3.12/site-packages/airflow/example_dags/tutorial_objectstorage.py took 0.060 seconds
[2025-04-05T11:45:51.363+0000] {processor.py:186} INFO - Started process (PID=212) to work on /home/airflow/.local/lib/python3.12/site-packages/airflow/example_dags/tutorial_objectstorage.py
[2025-04-05T11:45:51.368+0000] {processor.py:914} INFO - Processing file /home/airflow/.local/lib/python3.12/site-packages/airflow/example_dags/tutorial_objectstorage.py for tasks to queue
[2025-04-05T11:45:51.372+0000] {logging_mixin.py:190} INFO - [2025-04-05T11:45:51.371+0000] {dagbag.py:588} INFO - Filling up the DagBag from /home/airflow/.local/lib/python3.12/site-packages/airflow/example_dags/tutorial_objectstorage.py
[2025-04-05T11:45:51.383+0000] {processor.py:925} INFO - DAG(s) 'tutorial_objectstorage' retrieved from /home/airflow/.local/lib/python3.12/site-packages/airflow/example_dags/tutorial_objectstorage.py
[2025-04-05T11:45:51.397+0000] {logging_mixin.py:190} INFO - [2025-04-05T11:45:51.397+0000] {dag.py:3239} INFO - Sync 1 DAGs
[2025-04-05T11:45:51.408+0000] {logging_mixin.py:190} INFO - [2025-04-05T11:45:51.408+0000] {dag.py:4180} INFO - Setting next_dagrun for tutorial_objectstorage to None, run_after=None
[2025-04-05T11:45:51.423+0000] {processor.py:208} INFO - Processing /home/airflow/.local/lib/python3.12/site-packages/airflow/example_dags/tutorial_objectstorage.py took 0.070 seconds
[2025-04-05T11:46:22.044+0000] {processor.py:186} INFO - Started process (PID=276) to work on /home/airflow/.local/lib/python3.12/site-packages/airflow/example_dags/tutorial_objectstorage.py
[2025-04-05T11:46:22.048+0000] {processor.py:914} INFO - Processing file /home/airflow/.local/lib/python3.12/site-packages/airflow/example_dags/tutorial_objectstorage.py for tasks to queue
[2025-04-05T11:46:22.052+0000] {logging_mixin.py:190} INFO - [2025-04-05T11:46:22.051+0000] {dagbag.py:588} INFO - Filling up the DagBag from /home/airflow/.local/lib/python3.12/site-packages/airflow/example_dags/tutorial_objectstorage.py
[2025-04-05T11:46:22.063+0000] {processor.py:925} INFO - DAG(s) 'tutorial_objectstorage' retrieved from /home/airflow/.local/lib/python3.12/site-packages/airflow/example_dags/tutorial_objectstorage.py
[2025-04-05T11:46:22.083+0000] {logging_mixin.py:190} INFO - [2025-04-05T11:46:22.083+0000] {dag.py:3239} INFO - Sync 1 DAGs
[2025-04-05T11:46:22.095+0000] {logging_mixin.py:190} INFO - [2025-04-05T11:46:22.094+0000] {dag.py:4180} INFO - Setting next_dagrun for tutorial_objectstorage to None, run_after=None
[2025-04-05T11:46:22.109+0000] {processor.py:208} INFO - Processing /home/airflow/.local/lib/python3.12/site-packages/airflow/example_dags/tutorial_objectstorage.py took 0.071 seconds
[2025-04-05T11:46:52.757+0000] {processor.py:186} INFO - Started process (PID=339) to work on /home/airflow/.local/lib/python3.12/site-packages/airflow/example_dags/tutorial_objectstorage.py
[2025-04-05T11:46:52.761+0000] {processor.py:914} INFO - Processing file /home/airflow/.local/lib/python3.12/site-packages/airflow/example_dags/tutorial_objectstorage.py for tasks to queue
[2025-04-05T11:46:52.764+0000] {logging_mixin.py:190} INFO - [2025-04-05T11:46:52.763+0000] {dagbag.py:588} INFO - Filling up the DagBag from /home/airflow/.local/lib/python3.12/site-packages/airflow/example_dags/tutorial_objectstorage.py
[2025-04-05T11:46:52.772+0000] {processor.py:925} INFO - DAG(s) 'tutorial_objectstorage' retrieved from /home/airflow/.local/lib/python3.12/site-packages/airflow/example_dags/tutorial_objectstorage.py
[2025-04-05T11:46:52.788+0000] {logging_mixin.py:190} INFO - [2025-04-05T11:46:52.787+0000] {dag.py:3239} INFO - Sync 1 DAGs
[2025-04-05T11:46:52.796+0000] {logging_mixin.py:190} INFO - [2025-04-05T11:46:52.796+0000] {dag.py:4180} INFO - Setting next_dagrun for tutorial_objectstorage to None, run_after=None
[2025-04-05T11:46:52.817+0000] {processor.py:208} INFO - Processing /home/airflow/.local/lib/python3.12/site-packages/airflow/example_dags/tutorial_objectstorage.py took 0.067 seconds
[2025-04-05T11:47:22.889+0000] {processor.py:186} INFO - Started process (PID=403) to work on /home/airflow/.local/lib/python3.12/site-packages/airflow/example_dags/tutorial_objectstorage.py
[2025-04-05T11:47:22.889+0000] {processor.py:914} INFO - Processing file /home/airflow/.local/lib/python3.12/site-packages/airflow/example_dags/tutorial_objectstorage.py for tasks to queue
[2025-04-05T11:47:22.891+0000] {logging_mixin.py:190} INFO - [2025-04-05T11:47:22.891+0000] {dagbag.py:588} INFO - Filling up the DagBag from /home/airflow/.local/lib/python3.12/site-packages/airflow/example_dags/tutorial_objectstorage.py
[2025-04-05T11:47:22.896+0000] {processor.py:925} INFO - DAG(s) 'tutorial_objectstorage' retrieved from /home/airflow/.local/lib/python3.12/site-packages/airflow/example_dags/tutorial_objectstorage.py
[2025-04-05T11:47:22.906+0000] {logging_mixin.py:190} INFO - [2025-04-05T11:47:22.906+0000] {dag.py:3239} INFO - Sync 1 DAGs
[2025-04-05T11:47:22.913+0000] {logging_mixin.py:190} INFO - [2025-04-05T11:47:22.913+0000] {dag.py:4180} INFO - Setting next_dagrun for tutorial_objectstorage to None, run_after=None
[2025-04-05T11:47:22.922+0000] {processor.py:208} INFO - Processing /home/airflow/.local/lib/python3.12/site-packages/airflow/example_dags/tutorial_objectstorage.py took 0.037 seconds
[2025-04-05T11:50:01.079+0000] {processor.py:186} INFO - Started process (PID=93) to work on /home/airflow/.local/lib/python3.12/site-packages/airflow/example_dags/tutorial_objectstorage.py
[2025-04-05T11:50:01.082+0000] {processor.py:914} INFO - Processing file /home/airflow/.local/lib/python3.12/site-packages/airflow/example_dags/tutorial_objectstorage.py for tasks to queue
[2025-04-05T11:50:01.087+0000] {logging_mixin.py:190} INFO - [2025-04-05T11:50:01.086+0000] {dagbag.py:588} INFO - Filling up the DagBag from /home/airflow/.local/lib/python3.12/site-packages/airflow/example_dags/tutorial_objectstorage.py
[2025-04-05T11:50:01.111+0000] {processor.py:925} INFO - DAG(s) 'tutorial_objectstorage' retrieved from /home/airflow/.local/lib/python3.12/site-packages/airflow/example_dags/tutorial_objectstorage.py
[2025-04-05T11:50:01.196+0000] {logging_mixin.py:190} INFO - [2025-04-05T11:50:01.194+0000] {dag.py:3239} INFO - Sync 1 DAGs
[2025-04-05T11:50:01.227+0000] {logging_mixin.py:190} INFO - [2025-04-05T11:50:01.226+0000] {dag.py:4180} INFO - Setting next_dagrun for tutorial_objectstorage to None, run_after=None
[2025-04-05T11:50:01.243+0000] {processor.py:208} INFO - Processing /home/airflow/.local/lib/python3.12/site-packages/airflow/example_dags/tutorial_objectstorage.py took 0.183 seconds
[2025-04-05T11:50:31.459+0000] {processor.py:186} INFO - Started process (PID=156) to work on /home/airflow/.local/lib/python3.12/site-packages/airflow/example_dags/tutorial_objectstorage.py
[2025-04-05T11:50:31.461+0000] {processor.py:914} INFO - Processing file /home/airflow/.local/lib/python3.12/site-packages/airflow/example_dags/tutorial_objectstorage.py for tasks to queue
[2025-04-05T11:50:31.464+0000] {logging_mixin.py:190} INFO - [2025-04-05T11:50:31.464+0000] {dagbag.py:588} INFO - Filling up the DagBag from /home/airflow/.local/lib/python3.12/site-packages/airflow/example_dags/tutorial_objectstorage.py
[2025-04-05T11:50:31.471+0000] {processor.py:925} INFO - DAG(s) 'tutorial_objectstorage' retrieved from /home/airflow/.local/lib/python3.12/site-packages/airflow/example_dags/tutorial_objectstorage.py
[2025-04-05T11:50:31.485+0000] {logging_mixin.py:190} INFO - [2025-04-05T11:50:31.485+0000] {dag.py:3239} INFO - Sync 1 DAGs
[2025-04-05T11:50:31.493+0000] {logging_mixin.py:190} INFO - [2025-04-05T11:50:31.493+0000] {dag.py:4180} INFO - Setting next_dagrun for tutorial_objectstorage to None, run_after=None
[2025-04-05T11:50:31.500+0000] {processor.py:208} INFO - Processing /home/airflow/.local/lib/python3.12/site-packages/airflow/example_dags/tutorial_objectstorage.py took 0.046 seconds
[2025-04-05T11:51:02.462+0000] {processor.py:186} INFO - Started process (PID=220) to work on /home/airflow/.local/lib/python3.12/site-packages/airflow/example_dags/tutorial_objectstorage.py
[2025-04-05T11:51:02.463+0000] {processor.py:914} INFO - Processing file /home/airflow/.local/lib/python3.12/site-packages/airflow/example_dags/tutorial_objectstorage.py for tasks to queue
[2025-04-05T11:51:02.464+0000] {logging_mixin.py:190} INFO - [2025-04-05T11:51:02.464+0000] {dagbag.py:588} INFO - Filling up the DagBag from /home/airflow/.local/lib/python3.12/site-packages/airflow/example_dags/tutorial_objectstorage.py
[2025-04-05T11:51:02.469+0000] {processor.py:925} INFO - DAG(s) 'tutorial_objectstorage' retrieved from /home/airflow/.local/lib/python3.12/site-packages/airflow/example_dags/tutorial_objectstorage.py
[2025-04-05T11:51:02.479+0000] {logging_mixin.py:190} INFO - [2025-04-05T11:51:02.479+0000] {dag.py:3239} INFO - Sync 1 DAGs
[2025-04-05T11:51:02.486+0000] {logging_mixin.py:190} INFO - [2025-04-05T11:51:02.485+0000] {dag.py:4180} INFO - Setting next_dagrun for tutorial_objectstorage to None, run_after=None
[2025-04-05T11:51:02.494+0000] {processor.py:208} INFO - Processing /home/airflow/.local/lib/python3.12/site-packages/airflow/example_dags/tutorial_objectstorage.py took 0.035 seconds
[2025-04-05T11:51:32.682+0000] {processor.py:186} INFO - Started process (PID=284) to work on /home/airflow/.local/lib/python3.12/site-packages/airflow/example_dags/tutorial_objectstorage.py
[2025-04-05T11:51:32.683+0000] {processor.py:914} INFO - Processing file /home/airflow/.local/lib/python3.12/site-packages/airflow/example_dags/tutorial_objectstorage.py for tasks to queue
[2025-04-05T11:51:32.687+0000] {logging_mixin.py:190} INFO - [2025-04-05T11:51:32.686+0000] {dagbag.py:588} INFO - Filling up the DagBag from /home/airflow/.local/lib/python3.12/site-packages/airflow/example_dags/tutorial_objectstorage.py
[2025-04-05T11:51:32.698+0000] {processor.py:925} INFO - DAG(s) 'tutorial_objectstorage' retrieved from /home/airflow/.local/lib/python3.12/site-packages/airflow/example_dags/tutorial_objectstorage.py
[2025-04-05T11:51:32.712+0000] {logging_mixin.py:190} INFO - [2025-04-05T11:51:32.712+0000] {dag.py:3239} INFO - Sync 1 DAGs
[2025-04-05T11:51:32.723+0000] {logging_mixin.py:190} INFO - [2025-04-05T11:51:32.723+0000] {dag.py:4180} INFO - Setting next_dagrun for tutorial_objectstorage to None, run_after=None
[2025-04-05T11:51:32.733+0000] {processor.py:208} INFO - Processing /home/airflow/.local/lib/python3.12/site-packages/airflow/example_dags/tutorial_objectstorage.py took 0.058 seconds
[2025-04-05T11:52:03.030+0000] {processor.py:186} INFO - Started process (PID=348) to work on /home/airflow/.local/lib/python3.12/site-packages/airflow/example_dags/tutorial_objectstorage.py
[2025-04-05T11:52:03.031+0000] {processor.py:914} INFO - Processing file /home/airflow/.local/lib/python3.12/site-packages/airflow/example_dags/tutorial_objectstorage.py for tasks to queue
[2025-04-05T11:52:03.032+0000] {logging_mixin.py:190} INFO - [2025-04-05T11:52:03.032+0000] {dagbag.py:588} INFO - Filling up the DagBag from /home/airflow/.local/lib/python3.12/site-packages/airflow/example_dags/tutorial_objectstorage.py
[2025-04-05T11:52:03.037+0000] {processor.py:925} INFO - DAG(s) 'tutorial_objectstorage' retrieved from /home/airflow/.local/lib/python3.12/site-packages/airflow/example_dags/tutorial_objectstorage.py
[2025-04-05T11:52:03.047+0000] {logging_mixin.py:190} INFO - [2025-04-05T11:52:03.047+0000] {dag.py:3239} INFO - Sync 1 DAGs
[2025-04-05T11:52:03.059+0000] {logging_mixin.py:190} INFO - [2025-04-05T11:52:03.059+0000] {dag.py:4180} INFO - Setting next_dagrun for tutorial_objectstorage to None, run_after=None
[2025-04-05T11:52:03.070+0000] {processor.py:208} INFO - Processing /home/airflow/.local/lib/python3.12/site-packages/airflow/example_dags/tutorial_objectstorage.py took 0.042 seconds
[2025-04-05T12:07:21.752+0000] {processor.py:186} INFO - Started process (PID=80) to work on /home/airflow/.local/lib/python3.12/site-packages/airflow/example_dags/tutorial_objectstorage.py
[2025-04-05T12:07:21.754+0000] {processor.py:914} INFO - Processing file /home/airflow/.local/lib/python3.12/site-packages/airflow/example_dags/tutorial_objectstorage.py for tasks to queue
[2025-04-05T12:07:21.758+0000] {logging_mixin.py:190} INFO - [2025-04-05T12:07:21.757+0000] {dagbag.py:588} INFO - Filling up the DagBag from /home/airflow/.local/lib/python3.12/site-packages/airflow/example_dags/tutorial_objectstorage.py
[2025-04-05T12:07:21.771+0000] {processor.py:925} INFO - DAG(s) 'tutorial_objectstorage' retrieved from /home/airflow/.local/lib/python3.12/site-packages/airflow/example_dags/tutorial_objectstorage.py
[2025-04-05T12:07:21.791+0000] {logging_mixin.py:190} INFO - [2025-04-05T12:07:21.791+0000] {dag.py:3239} INFO - Sync 1 DAGs
[2025-04-05T12:07:21.799+0000] {logging_mixin.py:190} INFO - [2025-04-05T12:07:21.799+0000] {dag.py:4180} INFO - Setting next_dagrun for tutorial_objectstorage to None, run_after=None
[2025-04-05T12:07:21.808+0000] {processor.py:208} INFO - Processing /home/airflow/.local/lib/python3.12/site-packages/airflow/example_dags/tutorial_objectstorage.py took 0.064 seconds
[2025-04-05T12:07:51.847+0000] {processor.py:186} INFO - Started process (PID=143) to work on /home/airflow/.local/lib/python3.12/site-packages/airflow/example_dags/tutorial_objectstorage.py
[2025-04-05T12:07:51.847+0000] {processor.py:914} INFO - Processing file /home/airflow/.local/lib/python3.12/site-packages/airflow/example_dags/tutorial_objectstorage.py for tasks to queue
[2025-04-05T12:07:51.848+0000] {logging_mixin.py:190} INFO - [2025-04-05T12:07:51.848+0000] {dagbag.py:588} INFO - Filling up the DagBag from /home/airflow/.local/lib/python3.12/site-packages/airflow/example_dags/tutorial_objectstorage.py
[2025-04-05T12:07:51.853+0000] {processor.py:925} INFO - DAG(s) 'tutorial_objectstorage' retrieved from /home/airflow/.local/lib/python3.12/site-packages/airflow/example_dags/tutorial_objectstorage.py
[2025-04-05T12:07:51.861+0000] {logging_mixin.py:190} INFO - [2025-04-05T12:07:51.861+0000] {dag.py:3239} INFO - Sync 1 DAGs
[2025-04-05T12:07:51.867+0000] {logging_mixin.py:190} INFO - [2025-04-05T12:07:51.867+0000] {dag.py:4180} INFO - Setting next_dagrun for tutorial_objectstorage to None, run_after=None
[2025-04-05T12:07:51.874+0000] {processor.py:208} INFO - Processing /home/airflow/.local/lib/python3.12/site-packages/airflow/example_dags/tutorial_objectstorage.py took 0.030 seconds
[2025-04-05T12:08:22.437+0000] {processor.py:186} INFO - Started process (PID=207) to work on /home/airflow/.local/lib/python3.12/site-packages/airflow/example_dags/tutorial_objectstorage.py
[2025-04-05T12:08:22.438+0000] {processor.py:914} INFO - Processing file /home/airflow/.local/lib/python3.12/site-packages/airflow/example_dags/tutorial_objectstorage.py for tasks to queue
[2025-04-05T12:08:22.439+0000] {logging_mixin.py:190} INFO - [2025-04-05T12:08:22.439+0000] {dagbag.py:588} INFO - Filling up the DagBag from /home/airflow/.local/lib/python3.12/site-packages/airflow/example_dags/tutorial_objectstorage.py
[2025-04-05T12:08:22.446+0000] {processor.py:925} INFO - DAG(s) 'tutorial_objectstorage' retrieved from /home/airflow/.local/lib/python3.12/site-packages/airflow/example_dags/tutorial_objectstorage.py
[2025-04-05T12:08:22.463+0000] {logging_mixin.py:190} INFO - [2025-04-05T12:08:22.462+0000] {dag.py:3239} INFO - Sync 1 DAGs
[2025-04-05T12:08:22.469+0000] {logging_mixin.py:190} INFO - [2025-04-05T12:08:22.469+0000] {dag.py:4180} INFO - Setting next_dagrun for tutorial_objectstorage to None, run_after=None
[2025-04-05T12:08:22.481+0000] {processor.py:208} INFO - Processing /home/airflow/.local/lib/python3.12/site-packages/airflow/example_dags/tutorial_objectstorage.py took 0.047 seconds
[2025-04-05T12:08:53.158+0000] {processor.py:186} INFO - Started process (PID=271) to work on /home/airflow/.local/lib/python3.12/site-packages/airflow/example_dags/tutorial_objectstorage.py
[2025-04-05T12:08:53.162+0000] {processor.py:914} INFO - Processing file /home/airflow/.local/lib/python3.12/site-packages/airflow/example_dags/tutorial_objectstorage.py for tasks to queue
[2025-04-05T12:08:53.163+0000] {logging_mixin.py:190} INFO - [2025-04-05T12:08:53.163+0000] {dagbag.py:588} INFO - Filling up the DagBag from /home/airflow/.local/lib/python3.12/site-packages/airflow/example_dags/tutorial_objectstorage.py
[2025-04-05T12:08:53.168+0000] {processor.py:925} INFO - DAG(s) 'tutorial_objectstorage' retrieved from /home/airflow/.local/lib/python3.12/site-packages/airflow/example_dags/tutorial_objectstorage.py
[2025-04-05T12:08:53.182+0000] {logging_mixin.py:190} INFO - [2025-04-05T12:08:53.182+0000] {dag.py:3239} INFO - Sync 1 DAGs
[2025-04-05T12:08:53.190+0000] {logging_mixin.py:190} INFO - [2025-04-05T12:08:53.190+0000] {dag.py:4180} INFO - Setting next_dagrun for tutorial_objectstorage to None, run_after=None
[2025-04-05T12:08:53.199+0000] {processor.py:208} INFO - Processing /home/airflow/.local/lib/python3.12/site-packages/airflow/example_dags/tutorial_objectstorage.py took 0.045 seconds
[2025-04-05T12:09:24.367+0000] {processor.py:186} INFO - Started process (PID=341) to work on /home/airflow/.local/lib/python3.12/site-packages/airflow/example_dags/tutorial_objectstorage.py
[2025-04-05T12:09:24.372+0000] {processor.py:914} INFO - Processing file /home/airflow/.local/lib/python3.12/site-packages/airflow/example_dags/tutorial_objectstorage.py for tasks to queue
[2025-04-05T12:09:24.373+0000] {logging_mixin.py:190} INFO - [2025-04-05T12:09:24.373+0000] {dagbag.py:588} INFO - Filling up the DagBag from /home/airflow/.local/lib/python3.12/site-packages/airflow/example_dags/tutorial_objectstorage.py
[2025-04-05T12:09:24.379+0000] {processor.py:925} INFO - DAG(s) 'tutorial_objectstorage' retrieved from /home/airflow/.local/lib/python3.12/site-packages/airflow/example_dags/tutorial_objectstorage.py
[2025-04-05T12:09:24.391+0000] {logging_mixin.py:190} INFO - [2025-04-05T12:09:24.391+0000] {dag.py:3239} INFO - Sync 1 DAGs
[2025-04-05T12:09:24.402+0000] {logging_mixin.py:190} INFO - [2025-04-05T12:09:24.402+0000] {dag.py:4180} INFO - Setting next_dagrun for tutorial_objectstorage to None, run_after=None
[2025-04-05T12:09:24.416+0000] {processor.py:208} INFO - Processing /home/airflow/.local/lib/python3.12/site-packages/airflow/example_dags/tutorial_objectstorage.py took 0.054 seconds
[2025-04-05T12:09:54.979+0000] {processor.py:186} INFO - Started process (PID=405) to work on /home/airflow/.local/lib/python3.12/site-packages/airflow/example_dags/tutorial_objectstorage.py
[2025-04-05T12:09:54.980+0000] {processor.py:914} INFO - Processing file /home/airflow/.local/lib/python3.12/site-packages/airflow/example_dags/tutorial_objectstorage.py for tasks to queue
[2025-04-05T12:09:54.983+0000] {logging_mixin.py:190} INFO - [2025-04-05T12:09:54.983+0000] {dagbag.py:588} INFO - Filling up the DagBag from /home/airflow/.local/lib/python3.12/site-packages/airflow/example_dags/tutorial_objectstorage.py
[2025-04-05T12:09:55.001+0000] {processor.py:925} INFO - DAG(s) 'tutorial_objectstorage' retrieved from /home/airflow/.local/lib/python3.12/site-packages/airflow/example_dags/tutorial_objectstorage.py
[2025-04-05T12:09:55.019+0000] {logging_mixin.py:190} INFO - [2025-04-05T12:09:55.018+0000] {dag.py:3239} INFO - Sync 1 DAGs
[2025-04-05T12:09:55.028+0000] {logging_mixin.py:190} INFO - [2025-04-05T12:09:55.028+0000] {dag.py:4180} INFO - Setting next_dagrun for tutorial_objectstorage to None, run_after=None
[2025-04-05T12:09:55.039+0000] {processor.py:208} INFO - Processing /home/airflow/.local/lib/python3.12/site-packages/airflow/example_dags/tutorial_objectstorage.py took 0.068 seconds
[2025-04-05T12:10:25.598+0000] {processor.py:186} INFO - Started process (PID=469) to work on /home/airflow/.local/lib/python3.12/site-packages/airflow/example_dags/tutorial_objectstorage.py
[2025-04-05T12:10:25.599+0000] {processor.py:914} INFO - Processing file /home/airflow/.local/lib/python3.12/site-packages/airflow/example_dags/tutorial_objectstorage.py for tasks to queue
[2025-04-05T12:10:25.601+0000] {logging_mixin.py:190} INFO - [2025-04-05T12:10:25.600+0000] {dagbag.py:588} INFO - Filling up the DagBag from /home/airflow/.local/lib/python3.12/site-packages/airflow/example_dags/tutorial_objectstorage.py
[2025-04-05T12:10:25.606+0000] {processor.py:925} INFO - DAG(s) 'tutorial_objectstorage' retrieved from /home/airflow/.local/lib/python3.12/site-packages/airflow/example_dags/tutorial_objectstorage.py
[2025-04-05T12:10:25.618+0000] {logging_mixin.py:190} INFO - [2025-04-05T12:10:25.618+0000] {dag.py:3239} INFO - Sync 1 DAGs
[2025-04-05T12:10:25.626+0000] {logging_mixin.py:190} INFO - [2025-04-05T12:10:25.626+0000] {dag.py:4180} INFO - Setting next_dagrun for tutorial_objectstorage to None, run_after=None
[2025-04-05T12:10:25.640+0000] {processor.py:208} INFO - Processing /home/airflow/.local/lib/python3.12/site-packages/airflow/example_dags/tutorial_objectstorage.py took 0.046 seconds
[2025-04-05T12:10:56.317+0000] {processor.py:186} INFO - Started process (PID=533) to work on /home/airflow/.local/lib/python3.12/site-packages/airflow/example_dags/tutorial_objectstorage.py
[2025-04-05T12:10:56.318+0000] {processor.py:914} INFO - Processing file /home/airflow/.local/lib/python3.12/site-packages/airflow/example_dags/tutorial_objectstorage.py for tasks to queue
[2025-04-05T12:10:56.320+0000] {logging_mixin.py:190} INFO - [2025-04-05T12:10:56.320+0000] {dagbag.py:588} INFO - Filling up the DagBag from /home/airflow/.local/lib/python3.12/site-packages/airflow/example_dags/tutorial_objectstorage.py
[2025-04-05T12:10:56.326+0000] {processor.py:925} INFO - DAG(s) 'tutorial_objectstorage' retrieved from /home/airflow/.local/lib/python3.12/site-packages/airflow/example_dags/tutorial_objectstorage.py
[2025-04-05T12:10:56.337+0000] {logging_mixin.py:190} INFO - [2025-04-05T12:10:56.337+0000] {dag.py:3239} INFO - Sync 1 DAGs
[2025-04-05T12:10:56.344+0000] {logging_mixin.py:190} INFO - [2025-04-05T12:10:56.344+0000] {dag.py:4180} INFO - Setting next_dagrun for tutorial_objectstorage to None, run_after=None
[2025-04-05T12:10:56.355+0000] {processor.py:208} INFO - Processing /home/airflow/.local/lib/python3.12/site-packages/airflow/example_dags/tutorial_objectstorage.py took 0.041 seconds
[2025-04-05T12:11:27.196+0000] {processor.py:186} INFO - Started process (PID=596) to work on /home/airflow/.local/lib/python3.12/site-packages/airflow/example_dags/tutorial_objectstorage.py
[2025-04-05T12:11:27.196+0000] {processor.py:914} INFO - Processing file /home/airflow/.local/lib/python3.12/site-packages/airflow/example_dags/tutorial_objectstorage.py for tasks to queue
[2025-04-05T12:11:27.197+0000] {logging_mixin.py:190} INFO - [2025-04-05T12:11:27.197+0000] {dagbag.py:588} INFO - Filling up the DagBag from /home/airflow/.local/lib/python3.12/site-packages/airflow/example_dags/tutorial_objectstorage.py
[2025-04-05T12:11:27.203+0000] {processor.py:925} INFO - DAG(s) 'tutorial_objectstorage' retrieved from /home/airflow/.local/lib/python3.12/site-packages/airflow/example_dags/tutorial_objectstorage.py
[2025-04-05T12:11:27.216+0000] {logging_mixin.py:190} INFO - [2025-04-05T12:11:27.216+0000] {dag.py:3239} INFO - Sync 1 DAGs
[2025-04-05T12:11:27.224+0000] {logging_mixin.py:190} INFO - [2025-04-05T12:11:27.224+0000] {dag.py:4180} INFO - Setting next_dagrun for tutorial_objectstorage to None, run_after=None
[2025-04-05T12:11:27.238+0000] {processor.py:208} INFO - Processing /home/airflow/.local/lib/python3.12/site-packages/airflow/example_dags/tutorial_objectstorage.py took 0.047 seconds
[2025-04-05T12:11:57.601+0000] {processor.py:186} INFO - Started process (PID=659) to work on /home/airflow/.local/lib/python3.12/site-packages/airflow/example_dags/tutorial_objectstorage.py
[2025-04-05T12:11:57.602+0000] {processor.py:914} INFO - Processing file /home/airflow/.local/lib/python3.12/site-packages/airflow/example_dags/tutorial_objectstorage.py for tasks to queue
[2025-04-05T12:11:57.603+0000] {logging_mixin.py:190} INFO - [2025-04-05T12:11:57.603+0000] {dagbag.py:588} INFO - Filling up the DagBag from /home/airflow/.local/lib/python3.12/site-packages/airflow/example_dags/tutorial_objectstorage.py
[2025-04-05T12:11:57.610+0000] {processor.py:925} INFO - DAG(s) 'tutorial_objectstorage' retrieved from /home/airflow/.local/lib/python3.12/site-packages/airflow/example_dags/tutorial_objectstorage.py
[2025-04-05T12:11:57.625+0000] {logging_mixin.py:190} INFO - [2025-04-05T12:11:57.625+0000] {dag.py:3239} INFO - Sync 1 DAGs
[2025-04-05T12:11:57.634+0000] {logging_mixin.py:190} INFO - [2025-04-05T12:11:57.634+0000] {dag.py:4180} INFO - Setting next_dagrun for tutorial_objectstorage to None, run_after=None
[2025-04-05T12:11:57.646+0000] {processor.py:208} INFO - Processing /home/airflow/.local/lib/python3.12/site-packages/airflow/example_dags/tutorial_objectstorage.py took 0.050 seconds
