[2025-04-07T09:15:02.901+0000] {local_task_job_runner.py:123} INFO - ::group::Pre task execution logs
[2025-04-07T09:15:02.911+0000] {taskinstance.py:2614} INFO - Dependencies all met for dep_context=non-requeueable deps ti=<TaskInstance: bigquery_to_gcs_pipeline.spark_process scheduled__2025-04-06T00:00:00+00:00 [queued]>
[2025-04-07T09:15:02.915+0000] {taskinstance.py:2614} INFO - Dependencies all met for dep_context=requeueable deps ti=<TaskInstance: bigquery_to_gcs_pipeline.spark_process scheduled__2025-04-06T00:00:00+00:00 [queued]>
[2025-04-07T09:15:02.915+0000] {taskinstance.py:2867} INFO - Starting attempt 20 of 20
[2025-04-07T09:15:02.920+0000] {taskinstance.py:2890} INFO - Executing <Task(SparkSubmitOperator): spark_process> on 2025-04-06 00:00:00+00:00
[2025-04-07T09:15:02.937+0000] {standard_task_runner.py:104} INFO - Running: ['***', 'tasks', 'run', 'bigquery_to_gcs_pipeline', 'spark_process', 'scheduled__2025-04-06T00:00:00+00:00', '--job-id', '162', '--raw', '--subdir', 'DAGS_FOLDER/bigquery_to_gcs_pipeline.py', '--cfg-path', '/tmp/tmpwwl5upi9']
[2025-04-07T09:15:02.942+0000] {standard_task_runner.py:105} INFO - Job 162: Subtask spark_process
[2025-04-07T09:15:02.942+0000] {logging_mixin.py:190} WARNING - /home/***/.local/lib/python3.12/site-packages/***/task/task_runner/standard_task_runner.py:70 DeprecationWarning: This process (pid=691) is multi-threaded, use of fork() may lead to deadlocks in the child.
[2025-04-07T09:15:02.943+0000] {standard_task_runner.py:72} INFO - Started process 692 to run task
[2025-04-07T09:15:02.976+0000] {task_command.py:467} INFO - Running <TaskInstance: bigquery_to_gcs_pipeline.spark_process scheduled__2025-04-06T00:00:00+00:00 [running]> on host d51472b41139
[2025-04-07T09:15:03.023+0000] {taskinstance.py:3134} INFO - Exporting env vars: AIRFLOW_CTX_DAG_OWNER='data_engineer' AIRFLOW_CTX_DAG_ID='bigquery_to_gcs_pipeline' AIRFLOW_CTX_TASK_ID='spark_process' AIRFLOW_CTX_EXECUTION_DATE='2025-04-06T00:00:00+00:00' AIRFLOW_CTX_TRY_NUMBER='20' AIRFLOW_CTX_DAG_RUN_ID='scheduled__2025-04-06T00:00:00+00:00'
[2025-04-07T09:15:03.024+0000] {taskinstance.py:732} INFO - ::endgroup::
[2025-04-07T09:15:03.039+0000] {base.py:84} INFO - Retrieving connection 'spark_default'
[2025-04-07T09:15:03.040+0000] {spark_submit.py:335} INFO - Spark-Submit cmd: spark-submit --master spark://spark-master:7077 --conf spark.hadoop.google.cloud.auth.service.account.json.keyfile=/.google/credentials/google_credentials.json --conf spark.hadoop.fs.gs.impl=com.google.cloud.hadoop.fs.gcs.GoogleHadoopFileSystem --conf spark.hadoop.fs.gs.project.id=seventh-league-447908-t0 --conf spark.hadoop.google.cloud.auth.service.account.enable=true --jars /opt/bitnami/spark/jars/gcs-connector-3.1.0.jar --name arrow-spark --deploy-mode client /opt/***/dags/spark_scripts/process_transactions.py
[2025-04-07T09:15:03.997+0000] {spark_submit.py:488} INFO - 25/04/07 09:15:03 WARN NativeCodeLoader: Unable to load native-hadoop library for your platform... using builtin-java classes where applicable
[2025-04-07T09:15:04.091+0000] {spark_submit.py:488} INFO - 25/04/07 09:15:04 WARN DependencyUtils: Local jar /opt/bitnami/spark/jars/gcs-connector-3.1.0.jar does not exist, skipping.
[2025-04-07T09:15:04.758+0000] {spark_submit.py:488} INFO - 25/04/07 09:15:04 INFO SparkContext: Running Spark version 3.5.5
[2025-04-07T09:15:04.759+0000] {spark_submit.py:488} INFO - 25/04/07 09:15:04 INFO SparkContext: OS info Linux, 6.10.14-linuxkit, aarch64
[2025-04-07T09:15:04.759+0000] {spark_submit.py:488} INFO - 25/04/07 09:15:04 INFO SparkContext: Java version 17.0.14
[2025-04-07T09:15:04.771+0000] {spark_submit.py:488} INFO - 25/04/07 09:15:04 INFO ResourceUtils: ==============================================================
[2025-04-07T09:15:04.771+0000] {spark_submit.py:488} INFO - 25/04/07 09:15:04 INFO ResourceUtils: No custom resources configured for spark.driver.
[2025-04-07T09:15:04.772+0000] {spark_submit.py:488} INFO - 25/04/07 09:15:04 INFO ResourceUtils: ==============================================================
[2025-04-07T09:15:04.772+0000] {spark_submit.py:488} INFO - 25/04/07 09:15:04 INFO SparkContext: Submitted application: ProcessBitcoinTransactions
[2025-04-07T09:15:04.790+0000] {spark_submit.py:488} INFO - 25/04/07 09:15:04 INFO ResourceProfile: Default ResourceProfile created, executor resources: Map(memory -> name: memory, amount: 1024, script: , vendor: , offHeap -> name: offHeap, amount: 0, script: , vendor: ), task resources: Map(cpus -> name: cpus, amount: 1.0)
[2025-04-07T09:15:04.798+0000] {spark_submit.py:488} INFO - 25/04/07 09:15:04 INFO ResourceProfile: Limiting resource is cpu
[2025-04-07T09:15:04.798+0000] {spark_submit.py:488} INFO - 25/04/07 09:15:04 INFO ResourceProfileManager: Added ResourceProfile id: 0
[2025-04-07T09:15:04.825+0000] {spark_submit.py:488} INFO - 25/04/07 09:15:04 INFO SecurityManager: Changing view acls to: ***
[2025-04-07T09:15:04.826+0000] {spark_submit.py:488} INFO - 25/04/07 09:15:04 INFO SecurityManager: Changing modify acls to: ***
[2025-04-07T09:15:04.826+0000] {spark_submit.py:488} INFO - 25/04/07 09:15:04 INFO SecurityManager: Changing view acls groups to:
[2025-04-07T09:15:04.827+0000] {spark_submit.py:488} INFO - 25/04/07 09:15:04 INFO SecurityManager: Changing modify acls groups to:
[2025-04-07T09:15:04.827+0000] {spark_submit.py:488} INFO - 25/04/07 09:15:04 INFO SecurityManager: SecurityManager: authentication disabled; ui acls disabled; users with view permissions: ***; groups with view permissions: EMPTY; users with modify permissions: ***; groups with modify permissions: EMPTY
[2025-04-07T09:15:04.942+0000] {spark_submit.py:488} INFO - 25/04/07 09:15:04 INFO Utils: Successfully started service 'sparkDriver' on port 41433.
[2025-04-07T09:15:04.956+0000] {spark_submit.py:488} INFO - 25/04/07 09:15:04 INFO SparkEnv: Registering MapOutputTracker
[2025-04-07T09:15:04.973+0000] {spark_submit.py:488} INFO - 25/04/07 09:15:04 INFO SparkEnv: Registering BlockManagerMaster
[2025-04-07T09:15:04.982+0000] {spark_submit.py:488} INFO - 25/04/07 09:15:04 INFO BlockManagerMasterEndpoint: Using org.apache.spark.storage.DefaultTopologyMapper for getting topology information
[2025-04-07T09:15:04.983+0000] {spark_submit.py:488} INFO - 25/04/07 09:15:04 INFO BlockManagerMasterEndpoint: BlockManagerMasterEndpoint up
[2025-04-07T09:15:04.985+0000] {spark_submit.py:488} INFO - 25/04/07 09:15:04 INFO SparkEnv: Registering BlockManagerMasterHeartbeat
[2025-04-07T09:15:04.996+0000] {spark_submit.py:488} INFO - 25/04/07 09:15:04 INFO DiskBlockManager: Created local directory at /tmp/blockmgr-53952fbf-c247-4d87-b079-771bf319b8dc
[2025-04-07T09:15:05.002+0000] {spark_submit.py:488} INFO - 25/04/07 09:15:05 INFO MemoryStore: MemoryStore started with capacity 434.4 MiB
[2025-04-07T09:15:05.031+0000] {spark_submit.py:488} INFO - 25/04/07 09:15:05 INFO SparkEnv: Registering OutputCommitCoordinator
[2025-04-07T09:15:05.138+0000] {spark_submit.py:488} INFO - 25/04/07 09:15:05 INFO JettyUtils: Start Jetty 0.0.0.0:4040 for SparkUI
[2025-04-07T09:15:05.183+0000] {spark_submit.py:488} INFO - 25/04/07 09:15:05 INFO Utils: Successfully started service 'SparkUI' on port 4040.
[2025-04-07T09:15:05.202+0000] {spark_submit.py:488} INFO - 25/04/07 09:15:05 ERROR SparkContext: Failed to add file:/opt/bitnami/spark/jars/gcs-connector-3.1.0.jar to Spark environment
[2025-04-07T09:15:05.208+0000] {spark_submit.py:488} INFO - java.io.FileNotFoundException: Jar /opt/bitnami/spark/jars/gcs-connector-3.1.0.jar not found
[2025-04-07T09:15:05.210+0000] {spark_submit.py:488} INFO - at org.apache.spark.SparkContext.addLocalJarFile$1(SparkContext.scala:2095)
[2025-04-07T09:15:05.212+0000] {spark_submit.py:488} INFO - at org.apache.spark.SparkContext.addJar(SparkContext.scala:2151)
[2025-04-07T09:15:05.217+0000] {spark_submit.py:488} INFO - at org.apache.spark.SparkContext.$anonfun$new$15(SparkContext.scala:521)
[2025-04-07T09:15:05.218+0000] {spark_submit.py:488} INFO - at org.apache.spark.SparkContext.$anonfun$new$15$adapted(SparkContext.scala:521)
[2025-04-07T09:15:05.218+0000] {spark_submit.py:488} INFO - at scala.collection.mutable.ResizableArray.foreach(ResizableArray.scala:62)
[2025-04-07T09:15:05.218+0000] {spark_submit.py:488} INFO - at scala.collection.mutable.ResizableArray.foreach$(ResizableArray.scala:55)
[2025-04-07T09:15:05.218+0000] {spark_submit.py:488} INFO - at scala.collection.mutable.ArrayBuffer.foreach(ArrayBuffer.scala:49)
[2025-04-07T09:15:05.218+0000] {spark_submit.py:488} INFO - at org.apache.spark.SparkContext.<init>(SparkContext.scala:521)
[2025-04-07T09:15:05.218+0000] {spark_submit.py:488} INFO - at org.apache.spark.api.java.JavaSparkContext.<init>(JavaSparkContext.scala:58)
[2025-04-07T09:15:05.219+0000] {spark_submit.py:488} INFO - at java.base/jdk.internal.reflect.NativeConstructorAccessorImpl.newInstance0(Native Method)
[2025-04-07T09:15:05.219+0000] {spark_submit.py:488} INFO - at java.base/jdk.internal.reflect.NativeConstructorAccessorImpl.newInstance(NativeConstructorAccessorImpl.java:77)
[2025-04-07T09:15:05.219+0000] {spark_submit.py:488} INFO - at java.base/jdk.internal.reflect.DelegatingConstructorAccessorImpl.newInstance(DelegatingConstructorAccessorImpl.java:45)
[2025-04-07T09:15:05.219+0000] {spark_submit.py:488} INFO - at java.base/java.lang.reflect.Constructor.newInstanceWithCaller(Constructor.java:500)
[2025-04-07T09:15:05.219+0000] {spark_submit.py:488} INFO - at java.base/java.lang.reflect.Constructor.newInstance(Constructor.java:481)
[2025-04-07T09:15:05.219+0000] {spark_submit.py:488} INFO - at py4j.reflection.MethodInvoker.invoke(MethodInvoker.java:247)
[2025-04-07T09:15:05.220+0000] {spark_submit.py:488} INFO - at py4j.reflection.ReflectionEngine.invoke(ReflectionEngine.java:374)
[2025-04-07T09:15:05.220+0000] {spark_submit.py:488} INFO - at py4j.Gateway.invoke(Gateway.java:238)
[2025-04-07T09:15:05.220+0000] {spark_submit.py:488} INFO - at py4j.commands.ConstructorCommand.invokeConstructor(ConstructorCommand.java:80)
[2025-04-07T09:15:05.220+0000] {spark_submit.py:488} INFO - at py4j.commands.ConstructorCommand.execute(ConstructorCommand.java:69)
[2025-04-07T09:15:05.220+0000] {spark_submit.py:488} INFO - at py4j.ClientServerConnection.waitForCommands(ClientServerConnection.java:182)
[2025-04-07T09:15:05.220+0000] {spark_submit.py:488} INFO - at py4j.ClientServerConnection.run(ClientServerConnection.java:106)
[2025-04-07T09:15:05.220+0000] {spark_submit.py:488} INFO - at java.base/java.lang.Thread.run(Thread.java:840)
[2025-04-07T09:15:05.248+0000] {spark_submit.py:488} INFO - 25/04/07 09:15:05 INFO StandaloneAppClient$ClientEndpoint: Connecting to master spark://spark-master:7077...
[2025-04-07T09:15:05.271+0000] {spark_submit.py:488} INFO - 25/04/07 09:15:05 INFO TransportClientFactory: Successfully created connection to spark-master/172.21.0.3:7077 after 11 ms (0 ms spent in bootstraps)
[2025-04-07T09:15:05.343+0000] {spark_submit.py:488} INFO - 25/04/07 09:15:05 INFO StandaloneSchedulerBackend: Connected to Spark cluster with app ID app-20250407091505-0002
[2025-04-07T09:15:05.347+0000] {spark_submit.py:488} INFO - 25/04/07 09:15:05 INFO StandaloneAppClient$ClientEndpoint: Executor added: app-20250407091505-0002/0 on worker-20250407090706-172.21.0.5-41329 (172.21.0.5:41329) with 2 core(s)
[2025-04-07T09:15:05.350+0000] {spark_submit.py:488} INFO - 25/04/07 09:15:05 INFO StandaloneSchedulerBackend: Granted executor ID app-20250407091505-0002/0 on hostPort 172.21.0.5:41329 with 2 core(s), 1024.0 MiB RAM
[2025-04-07T09:15:05.353+0000] {spark_submit.py:488} INFO - 25/04/07 09:15:05 INFO Utils: Successfully started service 'org.apache.spark.network.netty.NettyBlockTransferService' on port 44847.
[2025-04-07T09:15:05.354+0000] {spark_submit.py:488} INFO - 25/04/07 09:15:05 INFO NettyBlockTransferService: Server created on d51472b41139:44847
[2025-04-07T09:15:05.355+0000] {spark_submit.py:488} INFO - 25/04/07 09:15:05 INFO BlockManager: Using org.apache.spark.storage.RandomBlockReplicationPolicy for block replication policy
[2025-04-07T09:15:05.359+0000] {spark_submit.py:488} INFO - 25/04/07 09:15:05 INFO BlockManagerMaster: Registering BlockManager BlockManagerId(driver, d51472b41139, 44847, None)
[2025-04-07T09:15:05.361+0000] {spark_submit.py:488} INFO - 25/04/07 09:15:05 INFO BlockManagerMasterEndpoint: Registering block manager d51472b41139:44847 with 434.4 MiB RAM, BlockManagerId(driver, d51472b41139, 44847, None)
[2025-04-07T09:15:05.364+0000] {spark_submit.py:488} INFO - 25/04/07 09:15:05 INFO BlockManagerMaster: Registered BlockManager BlockManagerId(driver, d51472b41139, 44847, None)
[2025-04-07T09:15:05.365+0000] {spark_submit.py:488} INFO - 25/04/07 09:15:05 INFO BlockManager: Initialized BlockManager: BlockManagerId(driver, d51472b41139, 44847, None)
[2025-04-07T09:15:05.445+0000] {spark_submit.py:488} INFO - 25/04/07 09:15:05 INFO StandaloneAppClient$ClientEndpoint: Executor updated: app-20250407091505-0002/0 is now RUNNING
[2025-04-07T09:15:05.551+0000] {spark_submit.py:488} INFO - 25/04/07 09:15:05 INFO StandaloneSchedulerBackend: SchedulerBackend is ready for scheduling beginning after reached minRegisteredResourcesRatio: 0.0
[2025-04-07T09:15:05.723+0000] {spark_submit.py:488} INFO - 25/04/07 09:15:05 INFO SharedState: Setting hive.metastore.warehouse.dir ('null') to the value of spark.sql.warehouse.dir.
[2025-04-07T09:15:05.725+0000] {spark_submit.py:488} INFO - 25/04/07 09:15:05 INFO SharedState: Warehouse path is 'file:/opt/***/spark-warehouse'.
[2025-04-07T09:15:06.312+0000] {spark_submit.py:488} INFO - 25/04/07 09:15:06 WARN FileStreamSink: Assume no metadata directory. Error while looking for metadata directory in the path: gs://default-bucket-name/raw/crypto_bitcoin/2025-04-05/*.parquet.
[2025-04-07T09:15:06.313+0000] {spark_submit.py:488} INFO - java.lang.RuntimeException: java.lang.ClassNotFoundException: Class com.google.cloud.hadoop.fs.gcs.GoogleHadoopFileSystem not found
[2025-04-07T09:15:06.314+0000] {spark_submit.py:488} INFO - at org.apache.hadoop.conf.Configuration.getClass(Configuration.java:2688)
[2025-04-07T09:15:06.316+0000] {spark_submit.py:488} INFO - at org.apache.hadoop.fs.FileSystem.getFileSystemClass(FileSystem.java:3431)
[2025-04-07T09:15:06.316+0000] {spark_submit.py:488} INFO - at org.apache.hadoop.fs.FileSystem.createFileSystem(FileSystem.java:3466)
[2025-04-07T09:15:06.317+0000] {spark_submit.py:488} INFO - at org.apache.hadoop.fs.FileSystem.access$300(FileSystem.java:174)
[2025-04-07T09:15:06.318+0000] {spark_submit.py:488} INFO - at org.apache.hadoop.fs.FileSystem$Cache.getInternal(FileSystem.java:3574)
[2025-04-07T09:15:06.318+0000] {spark_submit.py:488} INFO - at org.apache.hadoop.fs.FileSystem$Cache.get(FileSystem.java:3521)
[2025-04-07T09:15:06.319+0000] {spark_submit.py:488} INFO - at org.apache.hadoop.fs.FileSystem.get(FileSystem.java:540)
[2025-04-07T09:15:06.319+0000] {spark_submit.py:488} INFO - at org.apache.hadoop.fs.Path.getFileSystem(Path.java:365)
[2025-04-07T09:15:06.319+0000] {spark_submit.py:488} INFO - at org.apache.spark.sql.execution.streaming.FileStreamSink$.hasMetadata(FileStreamSink.scala:53)
[2025-04-07T09:15:06.320+0000] {spark_submit.py:488} INFO - at org.apache.spark.sql.execution.datasources.DataSource.resolveRelation(DataSource.scala:366)
[2025-04-07T09:15:06.320+0000] {spark_submit.py:488} INFO - at org.apache.spark.sql.DataFrameReader.loadV1Source(DataFrameReader.scala:229)
[2025-04-07T09:15:06.321+0000] {spark_submit.py:488} INFO - at org.apache.spark.sql.DataFrameReader.$anonfun$load$2(DataFrameReader.scala:211)
[2025-04-07T09:15:06.321+0000] {spark_submit.py:488} INFO - at scala.Option.getOrElse(Option.scala:189)
[2025-04-07T09:15:06.322+0000] {spark_submit.py:488} INFO - at org.apache.spark.sql.DataFrameReader.load(DataFrameReader.scala:211)
[2025-04-07T09:15:06.323+0000] {spark_submit.py:488} INFO - at org.apache.spark.sql.DataFrameReader.parquet(DataFrameReader.scala:563)
[2025-04-07T09:15:06.323+0000] {spark_submit.py:488} INFO - at java.base/jdk.internal.reflect.NativeMethodAccessorImpl.invoke0(Native Method)
[2025-04-07T09:15:06.323+0000] {spark_submit.py:488} INFO - at java.base/jdk.internal.reflect.NativeMethodAccessorImpl.invoke(NativeMethodAccessorImpl.java:77)
[2025-04-07T09:15:06.324+0000] {spark_submit.py:488} INFO - at java.base/jdk.internal.reflect.DelegatingMethodAccessorImpl.invoke(DelegatingMethodAccessorImpl.java:43)
[2025-04-07T09:15:06.324+0000] {spark_submit.py:488} INFO - at java.base/java.lang.reflect.Method.invoke(Method.java:569)
[2025-04-07T09:15:06.324+0000] {spark_submit.py:488} INFO - at py4j.reflection.MethodInvoker.invoke(MethodInvoker.java:244)
[2025-04-07T09:15:06.325+0000] {spark_submit.py:488} INFO - at py4j.reflection.ReflectionEngine.invoke(ReflectionEngine.java:374)
[2025-04-07T09:15:06.325+0000] {spark_submit.py:488} INFO - at py4j.Gateway.invoke(Gateway.java:282)
[2025-04-07T09:15:06.325+0000] {spark_submit.py:488} INFO - at py4j.commands.AbstractCommand.invokeMethod(AbstractCommand.java:132)
[2025-04-07T09:15:06.326+0000] {spark_submit.py:488} INFO - at py4j.commands.CallCommand.execute(CallCommand.java:79)
[2025-04-07T09:15:06.327+0000] {spark_submit.py:488} INFO - at py4j.ClientServerConnection.waitForCommands(ClientServerConnection.java:182)
[2025-04-07T09:15:06.328+0000] {spark_submit.py:488} INFO - at py4j.ClientServerConnection.run(ClientServerConnection.java:106)
[2025-04-07T09:15:06.328+0000] {spark_submit.py:488} INFO - at java.base/java.lang.Thread.run(Thread.java:840)
[2025-04-07T09:15:06.328+0000] {spark_submit.py:488} INFO - Caused by: java.lang.ClassNotFoundException: Class com.google.cloud.hadoop.fs.gcs.GoogleHadoopFileSystem not found
[2025-04-07T09:15:06.329+0000] {spark_submit.py:488} INFO - at org.apache.hadoop.conf.Configuration.getClassByName(Configuration.java:2592)
[2025-04-07T09:15:06.329+0000] {spark_submit.py:488} INFO - at org.apache.hadoop.conf.Configuration.getClass(Configuration.java:2686)
[2025-04-07T09:15:06.330+0000] {spark_submit.py:488} INFO - ... 26 more
[2025-04-07T09:15:06.342+0000] {spark_submit.py:488} INFO - Traceback (most recent call last):
[2025-04-07T09:15:06.342+0000] {spark_submit.py:488} INFO - File "/opt/***/dags/spark_scripts/process_transactions.py", line 36, in <module>
[2025-04-07T09:15:06.346+0000] {spark_submit.py:488} INFO - main()
[2025-04-07T09:15:06.346+0000] {spark_submit.py:488} INFO - File "/opt/***/dags/spark_scripts/process_transactions.py", line 14, in main
[2025-04-07T09:15:06.347+0000] {spark_submit.py:488} INFO - df = spark.read.parquet(input_path)
[2025-04-07T09:15:06.347+0000] {spark_submit.py:488} INFO - ^^^^^^^^^^^^^^^^^^^^^^^^^^^^^^
[2025-04-07T09:15:06.348+0000] {spark_submit.py:488} INFO - File "/home/***/.local/lib/python3.12/site-packages/pyspark/python/lib/pyspark.zip/pyspark/sql/readwriter.py", line 544, in parquet
[2025-04-07T09:15:06.348+0000] {spark_submit.py:488} INFO - File "/home/***/.local/lib/python3.12/site-packages/pyspark/python/lib/py4j-0.10.9.7-src.zip/py4j/java_gateway.py", line 1322, in __call__
[2025-04-07T09:15:06.348+0000] {spark_submit.py:488} INFO - File "/home/***/.local/lib/python3.12/site-packages/pyspark/python/lib/pyspark.zip/pyspark/errors/exceptions/captured.py", line 179, in deco
[2025-04-07T09:15:06.349+0000] {spark_submit.py:488} INFO - File "/home/***/.local/lib/python3.12/site-packages/pyspark/python/lib/py4j-0.10.9.7-src.zip/py4j/protocol.py", line 326, in get_return_value
[2025-04-07T09:15:06.351+0000] {spark_submit.py:488} INFO - py4j.protocol.Py4JJavaError: An error occurred while calling o31.parquet.
[2025-04-07T09:15:06.352+0000] {spark_submit.py:488} INFO - : java.lang.RuntimeException: java.lang.ClassNotFoundException: Class com.google.cloud.hadoop.fs.gcs.GoogleHadoopFileSystem not found
[2025-04-07T09:15:06.352+0000] {spark_submit.py:488} INFO - at org.apache.hadoop.conf.Configuration.getClass(Configuration.java:2688)
[2025-04-07T09:15:06.353+0000] {spark_submit.py:488} INFO - at org.apache.hadoop.fs.FileSystem.getFileSystemClass(FileSystem.java:3431)
[2025-04-07T09:15:06.353+0000] {spark_submit.py:488} INFO - at org.apache.hadoop.fs.FileSystem.createFileSystem(FileSystem.java:3466)
[2025-04-07T09:15:06.353+0000] {spark_submit.py:488} INFO - at org.apache.hadoop.fs.FileSystem.access$300(FileSystem.java:174)
[2025-04-07T09:15:06.353+0000] {spark_submit.py:488} INFO - at org.apache.hadoop.fs.FileSystem$Cache.getInternal(FileSystem.java:3574)
[2025-04-07T09:15:06.354+0000] {spark_submit.py:488} INFO - at org.apache.hadoop.fs.FileSystem$Cache.get(FileSystem.java:3521)
[2025-04-07T09:15:06.354+0000] {spark_submit.py:488} INFO - at org.apache.hadoop.fs.FileSystem.get(FileSystem.java:540)
[2025-04-07T09:15:06.354+0000] {spark_submit.py:488} INFO - at org.apache.hadoop.fs.Path.getFileSystem(Path.java:365)
[2025-04-07T09:15:06.354+0000] {spark_submit.py:488} INFO - at org.apache.spark.sql.execution.datasources.DataSource$.$anonfun$checkAndGlobPathIfNecessary$1(DataSource.scala:724)
[2025-04-07T09:15:06.354+0000] {spark_submit.py:488} INFO - at scala.collection.immutable.List.map(List.scala:293)
[2025-04-07T09:15:06.355+0000] {spark_submit.py:488} INFO - at org.apache.spark.sql.execution.datasources.DataSource$.checkAndGlobPathIfNecessary(DataSource.scala:722)
[2025-04-07T09:15:06.355+0000] {spark_submit.py:488} INFO - at org.apache.spark.sql.execution.datasources.DataSource.checkAndGlobPathIfNecessary(DataSource.scala:551)
[2025-04-07T09:15:06.355+0000] {spark_submit.py:488} INFO - at org.apache.spark.sql.execution.datasources.DataSource.resolveRelation(DataSource.scala:404)
[2025-04-07T09:15:06.355+0000] {spark_submit.py:488} INFO - at org.apache.spark.sql.DataFrameReader.loadV1Source(DataFrameReader.scala:229)
[2025-04-07T09:15:06.355+0000] {spark_submit.py:488} INFO - at org.apache.spark.sql.DataFrameReader.$anonfun$load$2(DataFrameReader.scala:211)
[2025-04-07T09:15:06.356+0000] {spark_submit.py:488} INFO - at scala.Option.getOrElse(Option.scala:189)
[2025-04-07T09:15:06.356+0000] {spark_submit.py:488} INFO - at org.apache.spark.sql.DataFrameReader.load(DataFrameReader.scala:211)
[2025-04-07T09:15:06.356+0000] {spark_submit.py:488} INFO - at org.apache.spark.sql.DataFrameReader.parquet(DataFrameReader.scala:563)
[2025-04-07T09:15:06.356+0000] {spark_submit.py:488} INFO - at java.base/jdk.internal.reflect.NativeMethodAccessorImpl.invoke0(Native Method)
[2025-04-07T09:15:06.356+0000] {spark_submit.py:488} INFO - at java.base/jdk.internal.reflect.NativeMethodAccessorImpl.invoke(NativeMethodAccessorImpl.java:77)
[2025-04-07T09:15:06.357+0000] {spark_submit.py:488} INFO - at java.base/jdk.internal.reflect.DelegatingMethodAccessorImpl.invoke(DelegatingMethodAccessorImpl.java:43)
[2025-04-07T09:15:06.358+0000] {spark_submit.py:488} INFO - at java.base/java.lang.reflect.Method.invoke(Method.java:569)
[2025-04-07T09:15:06.359+0000] {spark_submit.py:488} INFO - at py4j.reflection.MethodInvoker.invoke(MethodInvoker.java:244)
[2025-04-07T09:15:06.359+0000] {spark_submit.py:488} INFO - at py4j.reflection.ReflectionEngine.invoke(ReflectionEngine.java:374)
[2025-04-07T09:15:06.359+0000] {spark_submit.py:488} INFO - at py4j.Gateway.invoke(Gateway.java:282)
[2025-04-07T09:15:06.359+0000] {spark_submit.py:488} INFO - at py4j.commands.AbstractCommand.invokeMethod(AbstractCommand.java:132)
[2025-04-07T09:15:06.359+0000] {spark_submit.py:488} INFO - at py4j.commands.CallCommand.execute(CallCommand.java:79)
[2025-04-07T09:15:06.359+0000] {spark_submit.py:488} INFO - at py4j.ClientServerConnection.waitForCommands(ClientServerConnection.java:182)
[2025-04-07T09:15:06.360+0000] {spark_submit.py:488} INFO - at py4j.ClientServerConnection.run(ClientServerConnection.java:106)
[2025-04-07T09:15:06.360+0000] {spark_submit.py:488} INFO - at java.base/java.lang.Thread.run(Thread.java:840)
[2025-04-07T09:15:06.360+0000] {spark_submit.py:488} INFO - Caused by: java.lang.ClassNotFoundException: Class com.google.cloud.hadoop.fs.gcs.GoogleHadoopFileSystem not found
[2025-04-07T09:15:06.360+0000] {spark_submit.py:488} INFO - at org.apache.hadoop.conf.Configuration.getClassByName(Configuration.java:2592)
[2025-04-07T09:15:06.360+0000] {spark_submit.py:488} INFO - at org.apache.hadoop.conf.Configuration.getClass(Configuration.java:2686)
[2025-04-07T09:15:06.360+0000] {spark_submit.py:488} INFO - ... 29 more
[2025-04-07T09:15:06.360+0000] {spark_submit.py:488} INFO - 
[2025-04-07T09:15:06.385+0000] {spark_submit.py:488} INFO - 25/04/07 09:15:06 INFO SparkContext: Invoking stop() from shutdown hook
[2025-04-07T09:15:06.386+0000] {spark_submit.py:488} INFO - 25/04/07 09:15:06 INFO SparkContext: SparkContext is stopping with exitCode 0.
[2025-04-07T09:15:06.391+0000] {spark_submit.py:488} INFO - 25/04/07 09:15:06 INFO SparkUI: Stopped Spark web UI at http://d51472b41139:4040
[2025-04-07T09:15:06.393+0000] {spark_submit.py:488} INFO - 25/04/07 09:15:06 INFO StandaloneSchedulerBackend: Shutting down all executors
[2025-04-07T09:15:06.396+0000] {spark_submit.py:488} INFO - 25/04/07 09:15:06 INFO StandaloneSchedulerBackend$StandaloneDriverEndpoint: Asking each executor to shut down
[2025-04-07T09:15:06.413+0000] {spark_submit.py:488} INFO - 25/04/07 09:15:06 INFO MapOutputTrackerMasterEndpoint: MapOutputTrackerMasterEndpoint stopped!
[2025-04-07T09:15:06.430+0000] {spark_submit.py:488} INFO - 25/04/07 09:15:06 INFO MemoryStore: MemoryStore cleared
[2025-04-07T09:15:06.431+0000] {spark_submit.py:488} INFO - 25/04/07 09:15:06 INFO BlockManager: BlockManager stopped
[2025-04-07T09:15:06.435+0000] {spark_submit.py:488} INFO - 25/04/07 09:15:06 INFO BlockManagerMaster: BlockManagerMaster stopped
[2025-04-07T09:15:06.436+0000] {spark_submit.py:488} INFO - 25/04/07 09:15:06 INFO OutputCommitCoordinator$OutputCommitCoordinatorEndpoint: OutputCommitCoordinator stopped!
[2025-04-07T09:15:06.444+0000] {spark_submit.py:488} INFO - 25/04/07 09:15:06 INFO SparkContext: Successfully stopped SparkContext
[2025-04-07T09:15:06.444+0000] {spark_submit.py:488} INFO - 25/04/07 09:15:06 INFO ShutdownHookManager: Shutdown hook called
[2025-04-07T09:15:06.444+0000] {spark_submit.py:488} INFO - 25/04/07 09:15:06 INFO ShutdownHookManager: Deleting directory /tmp/spark-c9449872-50e2-49e7-8ff6-56b668803e11
[2025-04-07T09:15:06.449+0000] {spark_submit.py:488} INFO - 25/04/07 09:15:06 INFO ShutdownHookManager: Deleting directory /tmp/spark-3d1bbc2e-f1b9-4a20-843e-c05f47d02cbd
[2025-04-07T09:15:06.454+0000] {spark_submit.py:488} INFO - 25/04/07 09:15:06 INFO ShutdownHookManager: Deleting directory /tmp/spark-c9449872-50e2-49e7-8ff6-56b668803e11/pyspark-49d3c857-b421-4c96-92ab-e5f440a49b66
[2025-04-07T09:15:06.490+0000] {taskinstance.py:3313} ERROR - Task failed with exception
Traceback (most recent call last):
  File "/home/airflow/.local/lib/python3.12/site-packages/airflow/models/taskinstance.py", line 768, in _execute_task
    result = _execute_callable(context=context, **execute_callable_kwargs)
             ^^^^^^^^^^^^^^^^^^^^^^^^^^^^^^^^^^^^^^^^^^^^^^^^^^^^^^^^^^^^^
  File "/home/airflow/.local/lib/python3.12/site-packages/airflow/models/taskinstance.py", line 734, in _execute_callable
    return ExecutionCallableRunner(
           ^^^^^^^^^^^^^^^^^^^^^^^^
  File "/home/airflow/.local/lib/python3.12/site-packages/airflow/utils/operator_helpers.py", line 252, in run
    return self.func(*args, **kwargs)
           ^^^^^^^^^^^^^^^^^^^^^^^^^^
  File "/home/airflow/.local/lib/python3.12/site-packages/airflow/models/baseoperator.py", line 424, in wrapper
    return func(self, *args, **kwargs)
           ^^^^^^^^^^^^^^^^^^^^^^^^^^^
  File "/home/airflow/.local/lib/python3.12/site-packages/airflow/providers/apache/spark/operators/spark_submit.py", line 157, in execute
    self._hook.submit(self._application)
  File "/home/airflow/.local/lib/python3.12/site-packages/airflow/providers/apache/spark/hooks/spark_submit.py", line 419, in submit
    raise AirflowException(
airflow.exceptions.AirflowException: Cannot execute: spark-submit --master spark://spark-master:7077 --conf spark.hadoop.google.cloud.auth.service.account.json.keyfile=/.google/credentials/google_credentials.json --conf spark.hadoop.fs.gs.impl=com.google.cloud.hadoop.fs.gcs.GoogleHadoopFileSystem --conf spark.hadoop.fs.gs.project.id=seventh-league-447908-t0 --conf spark.hadoop.google.cloud.auth.service.account.enable=true --jars /opt/bitnami/spark/jars/gcs-connector-3.1.0.jar --name arrow-spark --deploy-mode client /opt/***/dags/spark_scripts/process_transactions.py. Error code is: 1.
[2025-04-07T09:15:06.495+0000] {taskinstance.py:1226} INFO - Marking task as FAILED. dag_id=bigquery_to_gcs_pipeline, task_id=spark_process, run_id=scheduled__2025-04-06T00:00:00+00:00, execution_date=20250406T000000, start_date=20250407T091502, end_date=20250407T091506
[2025-04-07T09:15:06.522+0000] {taskinstance.py:341} INFO - ::group::Post task execution logs
[2025-04-07T09:15:06.523+0000] {standard_task_runner.py:124} ERROR - Failed to execute job 162 for task spark_process (Cannot execute: spark-submit --master spark://spark-master:7077 --conf spark.hadoop.google.cloud.auth.service.account.json.keyfile=/.google/credentials/google_credentials.json --conf spark.hadoop.fs.gs.impl=com.google.cloud.hadoop.fs.gcs.GoogleHadoopFileSystem --conf spark.hadoop.fs.gs.project.id=seventh-league-447908-t0 --conf spark.hadoop.google.cloud.auth.service.account.enable=true --jars /opt/bitnami/spark/jars/gcs-connector-3.1.0.jar --name arrow-spark --deploy-mode client /opt/***/dags/spark_scripts/process_transactions.py. Error code is: 1.; 692)
Traceback (most recent call last):
  File "/home/airflow/.local/lib/python3.12/site-packages/airflow/task/task_runner/standard_task_runner.py", line 117, in _start_by_fork
    ret = args.func(args, dag=self.dag)
          ^^^^^^^^^^^^^^^^^^^^^^^^^^^^^
  File "/home/airflow/.local/lib/python3.12/site-packages/airflow/cli/cli_config.py", line 49, in command
    return func(*args, **kwargs)
           ^^^^^^^^^^^^^^^^^^^^^
  File "/home/airflow/.local/lib/python3.12/site-packages/airflow/utils/cli.py", line 116, in wrapper
    return f(*args, **kwargs)
           ^^^^^^^^^^^^^^^^^^
  File "/home/airflow/.local/lib/python3.12/site-packages/airflow/cli/commands/task_command.py", line 483, in task_run
    task_return_code = _run_task_by_selected_method(args, _dag, ti)
                       ^^^^^^^^^^^^^^^^^^^^^^^^^^^^^^^^^^^^^^^^^^^^
  File "/home/airflow/.local/lib/python3.12/site-packages/airflow/cli/commands/task_command.py", line 256, in _run_task_by_selected_method
    return _run_raw_task(args, ti)
           ^^^^^^^^^^^^^^^^^^^^^^^
  File "/home/airflow/.local/lib/python3.12/site-packages/airflow/cli/commands/task_command.py", line 341, in _run_raw_task
    return ti._run_raw_task(
           ^^^^^^^^^^^^^^^^^
  File "/home/airflow/.local/lib/python3.12/site-packages/airflow/utils/session.py", line 97, in wrapper
    return func(*args, session=session, **kwargs)
           ^^^^^^^^^^^^^^^^^^^^^^^^^^^^^^^^^^^^^^
  File "/home/airflow/.local/lib/python3.12/site-packages/airflow/models/taskinstance.py", line 3006, in _run_raw_task
    return _run_raw_task(
           ^^^^^^^^^^^^^^
  File "/home/airflow/.local/lib/python3.12/site-packages/airflow/models/taskinstance.py", line 274, in _run_raw_task
    TaskInstance._execute_task_with_callbacks(
  File "/home/airflow/.local/lib/python3.12/site-packages/airflow/models/taskinstance.py", line 3161, in _execute_task_with_callbacks
    result = self._execute_task(context, task_orig)
             ^^^^^^^^^^^^^^^^^^^^^^^^^^^^^^^^^^^^^^
  File "/home/airflow/.local/lib/python3.12/site-packages/airflow/models/taskinstance.py", line 3185, in _execute_task
    return _execute_task(self, context, task_orig)
           ^^^^^^^^^^^^^^^^^^^^^^^^^^^^^^^^^^^^^^^
  File "/home/airflow/.local/lib/python3.12/site-packages/airflow/models/taskinstance.py", line 768, in _execute_task
    result = _execute_callable(context=context, **execute_callable_kwargs)
             ^^^^^^^^^^^^^^^^^^^^^^^^^^^^^^^^^^^^^^^^^^^^^^^^^^^^^^^^^^^^^
  File "/home/airflow/.local/lib/python3.12/site-packages/airflow/models/taskinstance.py", line 734, in _execute_callable
    return ExecutionCallableRunner(
           ^^^^^^^^^^^^^^^^^^^^^^^^
  File "/home/airflow/.local/lib/python3.12/site-packages/airflow/utils/operator_helpers.py", line 252, in run
    return self.func(*args, **kwargs)
           ^^^^^^^^^^^^^^^^^^^^^^^^^^
  File "/home/airflow/.local/lib/python3.12/site-packages/airflow/models/baseoperator.py", line 424, in wrapper
    return func(self, *args, **kwargs)
           ^^^^^^^^^^^^^^^^^^^^^^^^^^^
  File "/home/airflow/.local/lib/python3.12/site-packages/airflow/providers/apache/spark/operators/spark_submit.py", line 157, in execute
    self._hook.submit(self._application)
  File "/home/airflow/.local/lib/python3.12/site-packages/airflow/providers/apache/spark/hooks/spark_submit.py", line 419, in submit
    raise AirflowException(
airflow.exceptions.AirflowException: Cannot execute: spark-submit --master spark://spark-master:7077 --conf spark.hadoop.google.cloud.auth.service.account.json.keyfile=/.google/credentials/google_credentials.json --conf spark.hadoop.fs.gs.impl=com.google.cloud.hadoop.fs.gcs.GoogleHadoopFileSystem --conf spark.hadoop.fs.gs.project.id=seventh-league-447908-t0 --conf spark.hadoop.google.cloud.auth.service.account.enable=true --jars /opt/bitnami/spark/jars/gcs-connector-3.1.0.jar --name arrow-spark --deploy-mode client /opt/***/dags/spark_scripts/process_transactions.py. Error code is: 1.
[2025-04-07T09:15:06.558+0000] {local_task_job_runner.py:266} INFO - Task exited with return code 1
[2025-04-07T09:15:06.582+0000] {taskinstance.py:3901} INFO - 0 downstream tasks scheduled from follow-on schedule check
[2025-04-07T09:15:06.584+0000] {local_task_job_runner.py:245} INFO - ::endgroup::
