[2025-04-07T09:11:41.087+0000] {local_task_job_runner.py:123} INFO - ::group::Pre task execution logs
[2025-04-07T09:11:41.107+0000] {taskinstance.py:2614} INFO - Dependencies all met for dep_context=non-requeueable deps ti=<TaskInstance: bigquery_to_gcs_pipeline.spark_process scheduled__2025-04-06T00:00:00+00:00 [queued]>
[2025-04-07T09:11:41.117+0000] {taskinstance.py:2614} INFO - Dependencies all met for dep_context=requeueable deps ti=<TaskInstance: bigquery_to_gcs_pipeline.spark_process scheduled__2025-04-06T00:00:00+00:00 [queued]>
[2025-04-07T09:11:41.117+0000] {taskinstance.py:2867} INFO - Starting attempt 19 of 19
[2025-04-07T09:11:41.126+0000] {taskinstance.py:2890} INFO - Executing <Task(SparkSubmitOperator): spark_process> on 2025-04-06 00:00:00+00:00
[2025-04-07T09:11:41.134+0000] {standard_task_runner.py:104} INFO - Running: ['***', 'tasks', 'run', 'bigquery_to_gcs_pipeline', 'spark_process', 'scheduled__2025-04-06T00:00:00+00:00', '--job-id', '161', '--raw', '--subdir', 'DAGS_FOLDER/bigquery_to_gcs_pipeline.py', '--cfg-path', '/tmp/tmpvepxuqt5']
[2025-04-07T09:11:41.138+0000] {standard_task_runner.py:105} INFO - Job 161: Subtask spark_process
[2025-04-07T09:11:41.139+0000] {logging_mixin.py:190} WARNING - /home/***/.local/lib/python3.12/site-packages/***/task/task_runner/standard_task_runner.py:70 DeprecationWarning: This process (pid=440) is multi-threaded, use of fork() may lead to deadlocks in the child.
[2025-04-07T09:11:41.139+0000] {standard_task_runner.py:72} INFO - Started process 441 to run task
[2025-04-07T09:11:41.162+0000] {task_command.py:467} INFO - Running <TaskInstance: bigquery_to_gcs_pipeline.spark_process scheduled__2025-04-06T00:00:00+00:00 [running]> on host d51472b41139
[2025-04-07T09:11:41.244+0000] {taskinstance.py:3134} INFO - Exporting env vars: AIRFLOW_CTX_DAG_OWNER='data_engineer' AIRFLOW_CTX_DAG_ID='bigquery_to_gcs_pipeline' AIRFLOW_CTX_TASK_ID='spark_process' AIRFLOW_CTX_EXECUTION_DATE='2025-04-06T00:00:00+00:00' AIRFLOW_CTX_TRY_NUMBER='19' AIRFLOW_CTX_DAG_RUN_ID='scheduled__2025-04-06T00:00:00+00:00'
[2025-04-07T09:11:41.245+0000] {taskinstance.py:732} INFO - ::endgroup::
[2025-04-07T09:11:41.267+0000] {base.py:84} INFO - Retrieving connection 'spark_default'
[2025-04-07T09:11:41.269+0000] {spark_submit.py:335} INFO - Spark-Submit cmd: spark-submit --master spark://spark-master:7077 --conf spark.hadoop.google.cloud.auth.service.account.json.keyfile=/.google/credentials/google_credentials.json --conf spark.hadoop.fs.gs.impl=com.google.cloud.hadoop.fs.gcs.GoogleHadoopFileSystem --conf spark.hadoop.fs.gs.project.id=seventh-league-447908-t0 --conf spark.hadoop.google.cloud.auth.service.account.enable=true --name arrow-spark --deploy-mode client /opt/***/dags/spark_scripts/process_transactions.py
[2025-04-07T09:11:42.854+0000] {spark_submit.py:488} INFO - 25/04/07 09:11:42 INFO SparkContext: Running Spark version 3.5.5
[2025-04-07T09:11:42.856+0000] {spark_submit.py:488} INFO - 25/04/07 09:11:42 INFO SparkContext: OS info Linux, 6.10.14-linuxkit, aarch64
[2025-04-07T09:11:42.856+0000] {spark_submit.py:488} INFO - 25/04/07 09:11:42 INFO SparkContext: Java version 17.0.14
[2025-04-07T09:11:42.882+0000] {spark_submit.py:488} INFO - 25/04/07 09:11:42 WARN NativeCodeLoader: Unable to load native-hadoop library for your platform... using builtin-java classes where applicable
[2025-04-07T09:11:42.938+0000] {spark_submit.py:488} INFO - 25/04/07 09:11:42 INFO ResourceUtils: ==============================================================
[2025-04-07T09:11:42.939+0000] {spark_submit.py:488} INFO - 25/04/07 09:11:42 INFO ResourceUtils: No custom resources configured for spark.driver.
[2025-04-07T09:11:42.940+0000] {spark_submit.py:488} INFO - 25/04/07 09:11:42 INFO ResourceUtils: ==============================================================
[2025-04-07T09:11:42.940+0000] {spark_submit.py:488} INFO - 25/04/07 09:11:42 INFO SparkContext: Submitted application: ProcessBitcoinTransactions
[2025-04-07T09:11:42.956+0000] {spark_submit.py:488} INFO - 25/04/07 09:11:42 INFO ResourceProfile: Default ResourceProfile created, executor resources: Map(memory -> name: memory, amount: 1024, script: , vendor: , offHeap -> name: offHeap, amount: 0, script: , vendor: ), task resources: Map(cpus -> name: cpus, amount: 1.0)
[2025-04-07T09:11:42.960+0000] {spark_submit.py:488} INFO - 25/04/07 09:11:42 INFO ResourceProfile: Limiting resource is cpu
[2025-04-07T09:11:42.961+0000] {spark_submit.py:488} INFO - 25/04/07 09:11:42 INFO ResourceProfileManager: Added ResourceProfile id: 0
[2025-04-07T09:11:42.995+0000] {spark_submit.py:488} INFO - 25/04/07 09:11:42 INFO SecurityManager: Changing view acls to: ***
[2025-04-07T09:11:42.996+0000] {spark_submit.py:488} INFO - 25/04/07 09:11:42 INFO SecurityManager: Changing modify acls to: ***
[2025-04-07T09:11:42.997+0000] {spark_submit.py:488} INFO - 25/04/07 09:11:42 INFO SecurityManager: Changing view acls groups to:
[2025-04-07T09:11:42.997+0000] {spark_submit.py:488} INFO - 25/04/07 09:11:42 INFO SecurityManager: Changing modify acls groups to:
[2025-04-07T09:11:42.997+0000] {spark_submit.py:488} INFO - 25/04/07 09:11:42 INFO SecurityManager: SecurityManager: authentication disabled; ui acls disabled; users with view permissions: ***; groups with view permissions: EMPTY; users with modify permissions: ***; groups with modify permissions: EMPTY
[2025-04-07T09:11:43.159+0000] {spark_submit.py:488} INFO - 25/04/07 09:11:43 INFO Utils: Successfully started service 'sparkDriver' on port 42633.
[2025-04-07T09:11:43.179+0000] {spark_submit.py:488} INFO - 25/04/07 09:11:43 INFO SparkEnv: Registering MapOutputTracker
[2025-04-07T09:11:43.200+0000] {spark_submit.py:488} INFO - 25/04/07 09:11:43 INFO SparkEnv: Registering BlockManagerMaster
[2025-04-07T09:11:43.212+0000] {spark_submit.py:488} INFO - 25/04/07 09:11:43 INFO BlockManagerMasterEndpoint: Using org.apache.spark.storage.DefaultTopologyMapper for getting topology information
[2025-04-07T09:11:43.213+0000] {spark_submit.py:488} INFO - 25/04/07 09:11:43 INFO BlockManagerMasterEndpoint: BlockManagerMasterEndpoint up
[2025-04-07T09:11:43.216+0000] {spark_submit.py:488} INFO - 25/04/07 09:11:43 INFO SparkEnv: Registering BlockManagerMasterHeartbeat
[2025-04-07T09:11:43.229+0000] {spark_submit.py:488} INFO - 25/04/07 09:11:43 INFO DiskBlockManager: Created local directory at /tmp/blockmgr-0d0a072c-5607-4ee2-b942-1fe99bdc3a08
[2025-04-07T09:11:43.238+0000] {spark_submit.py:488} INFO - 25/04/07 09:11:43 INFO MemoryStore: MemoryStore started with capacity 434.4 MiB
[2025-04-07T09:11:43.251+0000] {spark_submit.py:488} INFO - 25/04/07 09:11:43 INFO SparkEnv: Registering OutputCommitCoordinator
[2025-04-07T09:11:43.321+0000] {spark_submit.py:488} INFO - 25/04/07 09:11:43 INFO JettyUtils: Start Jetty 0.0.0.0:4040 for SparkUI
[2025-04-07T09:11:43.360+0000] {spark_submit.py:488} INFO - 25/04/07 09:11:43 INFO Utils: Successfully started service 'SparkUI' on port 4040.
[2025-04-07T09:11:43.451+0000] {spark_submit.py:488} INFO - 25/04/07 09:11:43 INFO StandaloneAppClient$ClientEndpoint: Connecting to master spark://spark-master:7077...
[2025-04-07T09:11:43.476+0000] {spark_submit.py:488} INFO - 25/04/07 09:11:43 INFO TransportClientFactory: Successfully created connection to spark-master/172.21.0.3:7077 after 12 ms (0 ms spent in bootstraps)
[2025-04-07T09:11:43.556+0000] {spark_submit.py:488} INFO - 25/04/07 09:11:43 INFO StandaloneSchedulerBackend: Connected to Spark cluster with app ID app-20250407091143-0001
[2025-04-07T09:11:43.558+0000] {spark_submit.py:488} INFO - 25/04/07 09:11:43 INFO StandaloneAppClient$ClientEndpoint: Executor added: app-20250407091143-0001/0 on worker-20250407090706-172.21.0.5-41329 (172.21.0.5:41329) with 2 core(s)
[2025-04-07T09:11:43.560+0000] {spark_submit.py:488} INFO - 25/04/07 09:11:43 INFO StandaloneSchedulerBackend: Granted executor ID app-20250407091143-0001/0 on hostPort 172.21.0.5:41329 with 2 core(s), 1024.0 MiB RAM
[2025-04-07T09:11:43.563+0000] {spark_submit.py:488} INFO - 25/04/07 09:11:43 INFO Utils: Successfully started service 'org.apache.spark.network.netty.NettyBlockTransferService' on port 36009.
[2025-04-07T09:11:43.564+0000] {spark_submit.py:488} INFO - 25/04/07 09:11:43 INFO NettyBlockTransferService: Server created on d51472b41139:36009
[2025-04-07T09:11:43.565+0000] {spark_submit.py:488} INFO - 25/04/07 09:11:43 INFO BlockManager: Using org.apache.spark.storage.RandomBlockReplicationPolicy for block replication policy
[2025-04-07T09:11:43.569+0000] {spark_submit.py:488} INFO - 25/04/07 09:11:43 INFO BlockManagerMaster: Registering BlockManager BlockManagerId(driver, d51472b41139, 36009, None)
[2025-04-07T09:11:43.571+0000] {spark_submit.py:488} INFO - 25/04/07 09:11:43 INFO BlockManagerMasterEndpoint: Registering block manager d51472b41139:36009 with 434.4 MiB RAM, BlockManagerId(driver, d51472b41139, 36009, None)
[2025-04-07T09:11:43.572+0000] {spark_submit.py:488} INFO - 25/04/07 09:11:43 INFO BlockManagerMaster: Registered BlockManager BlockManagerId(driver, d51472b41139, 36009, None)
[2025-04-07T09:11:43.573+0000] {spark_submit.py:488} INFO - 25/04/07 09:11:43 INFO BlockManager: Initialized BlockManager: BlockManagerId(driver, d51472b41139, 36009, None)
[2025-04-07T09:11:43.657+0000] {spark_submit.py:488} INFO - 25/04/07 09:11:43 INFO StandaloneAppClient$ClientEndpoint: Executor updated: app-20250407091143-0001/0 is now RUNNING
[2025-04-07T09:11:43.781+0000] {spark_submit.py:488} INFO - 25/04/07 09:11:43 INFO StandaloneSchedulerBackend: SchedulerBackend is ready for scheduling beginning after reached minRegisteredResourcesRatio: 0.0
[2025-04-07T09:11:43.981+0000] {spark_submit.py:488} INFO - 25/04/07 09:11:43 INFO SharedState: Setting hive.metastore.warehouse.dir ('null') to the value of spark.sql.warehouse.dir.
[2025-04-07T09:11:43.990+0000] {spark_submit.py:488} INFO - 25/04/07 09:11:43 INFO SharedState: Warehouse path is 'file:/opt/***/spark-warehouse'.
[2025-04-07T09:11:44.808+0000] {spark_submit.py:488} INFO - 25/04/07 09:11:44 WARN FileStreamSink: Assume no metadata directory. Error while looking for metadata directory in the path: gs://default-bucket-name/raw/crypto_bitcoin/2025-04-05/*.parquet.
[2025-04-07T09:11:44.812+0000] {spark_submit.py:488} INFO - java.lang.RuntimeException: java.lang.ClassNotFoundException: Class com.google.cloud.hadoop.fs.gcs.GoogleHadoopFileSystem not found
[2025-04-07T09:11:44.813+0000] {spark_submit.py:488} INFO - at org.apache.hadoop.conf.Configuration.getClass(Configuration.java:2688)
[2025-04-07T09:11:44.814+0000] {spark_submit.py:488} INFO - at org.apache.hadoop.fs.FileSystem.getFileSystemClass(FileSystem.java:3431)
[2025-04-07T09:11:44.814+0000] {spark_submit.py:488} INFO - at org.apache.hadoop.fs.FileSystem.createFileSystem(FileSystem.java:3466)
[2025-04-07T09:11:44.815+0000] {spark_submit.py:488} INFO - at org.apache.hadoop.fs.FileSystem.access$300(FileSystem.java:174)
[2025-04-07T09:11:44.816+0000] {spark_submit.py:488} INFO - at org.apache.hadoop.fs.FileSystem$Cache.getInternal(FileSystem.java:3574)
[2025-04-07T09:11:44.818+0000] {spark_submit.py:488} INFO - at org.apache.hadoop.fs.FileSystem$Cache.get(FileSystem.java:3521)
[2025-04-07T09:11:44.818+0000] {spark_submit.py:488} INFO - at org.apache.hadoop.fs.FileSystem.get(FileSystem.java:540)
[2025-04-07T09:11:44.818+0000] {spark_submit.py:488} INFO - at org.apache.hadoop.fs.Path.getFileSystem(Path.java:365)
[2025-04-07T09:11:44.819+0000] {spark_submit.py:488} INFO - at org.apache.spark.sql.execution.streaming.FileStreamSink$.hasMetadata(FileStreamSink.scala:53)
[2025-04-07T09:11:44.819+0000] {spark_submit.py:488} INFO - at org.apache.spark.sql.execution.datasources.DataSource.resolveRelation(DataSource.scala:366)
[2025-04-07T09:11:44.819+0000] {spark_submit.py:488} INFO - at org.apache.spark.sql.DataFrameReader.loadV1Source(DataFrameReader.scala:229)
[2025-04-07T09:11:44.819+0000] {spark_submit.py:488} INFO - at org.apache.spark.sql.DataFrameReader.$anonfun$load$2(DataFrameReader.scala:211)
[2025-04-07T09:11:44.819+0000] {spark_submit.py:488} INFO - at scala.Option.getOrElse(Option.scala:189)
[2025-04-07T09:11:44.820+0000] {spark_submit.py:488} INFO - at org.apache.spark.sql.DataFrameReader.load(DataFrameReader.scala:211)
[2025-04-07T09:11:44.825+0000] {spark_submit.py:488} INFO - at org.apache.spark.sql.DataFrameReader.parquet(DataFrameReader.scala:563)
[2025-04-07T09:11:44.826+0000] {spark_submit.py:488} INFO - at java.base/jdk.internal.reflect.NativeMethodAccessorImpl.invoke0(Native Method)
[2025-04-07T09:11:44.826+0000] {spark_submit.py:488} INFO - at java.base/jdk.internal.reflect.NativeMethodAccessorImpl.invoke(NativeMethodAccessorImpl.java:77)
[2025-04-07T09:11:44.827+0000] {spark_submit.py:488} INFO - at java.base/jdk.internal.reflect.DelegatingMethodAccessorImpl.invoke(DelegatingMethodAccessorImpl.java:43)
[2025-04-07T09:11:44.827+0000] {spark_submit.py:488} INFO - at java.base/java.lang.reflect.Method.invoke(Method.java:569)
[2025-04-07T09:11:44.828+0000] {spark_submit.py:488} INFO - at py4j.reflection.MethodInvoker.invoke(MethodInvoker.java:244)
[2025-04-07T09:11:44.830+0000] {spark_submit.py:488} INFO - at py4j.reflection.ReflectionEngine.invoke(ReflectionEngine.java:374)
[2025-04-07T09:11:44.831+0000] {spark_submit.py:488} INFO - at py4j.Gateway.invoke(Gateway.java:282)
[2025-04-07T09:11:44.832+0000] {spark_submit.py:488} INFO - at py4j.commands.AbstractCommand.invokeMethod(AbstractCommand.java:132)
[2025-04-07T09:11:44.833+0000] {spark_submit.py:488} INFO - at py4j.commands.CallCommand.execute(CallCommand.java:79)
[2025-04-07T09:11:44.834+0000] {spark_submit.py:488} INFO - at py4j.ClientServerConnection.waitForCommands(ClientServerConnection.java:182)
[2025-04-07T09:11:44.836+0000] {spark_submit.py:488} INFO - at py4j.ClientServerConnection.run(ClientServerConnection.java:106)
[2025-04-07T09:11:44.837+0000] {spark_submit.py:488} INFO - at java.base/java.lang.Thread.run(Thread.java:840)
[2025-04-07T09:11:44.837+0000] {spark_submit.py:488} INFO - Caused by: java.lang.ClassNotFoundException: Class com.google.cloud.hadoop.fs.gcs.GoogleHadoopFileSystem not found
[2025-04-07T09:11:44.838+0000] {spark_submit.py:488} INFO - at org.apache.hadoop.conf.Configuration.getClassByName(Configuration.java:2592)
[2025-04-07T09:11:44.838+0000] {spark_submit.py:488} INFO - at org.apache.hadoop.conf.Configuration.getClass(Configuration.java:2686)
[2025-04-07T09:11:44.839+0000] {spark_submit.py:488} INFO - ... 26 more
[2025-04-07T09:11:44.861+0000] {spark_submit.py:488} INFO - Traceback (most recent call last):
[2025-04-07T09:11:44.861+0000] {spark_submit.py:488} INFO - File "/opt/***/dags/spark_scripts/process_transactions.py", line 36, in <module>
[2025-04-07T09:11:44.862+0000] {spark_submit.py:488} INFO - main()
[2025-04-07T09:11:44.862+0000] {spark_submit.py:488} INFO - File "/opt/***/dags/spark_scripts/process_transactions.py", line 14, in main
[2025-04-07T09:11:44.865+0000] {spark_submit.py:488} INFO - df = spark.read.parquet(input_path)
[2025-04-07T09:11:44.866+0000] {spark_submit.py:488} INFO - ^^^^^^^^^^^^^^^^^^^^^^^^^^^^^^
[2025-04-07T09:11:44.866+0000] {spark_submit.py:488} INFO - File "/home/***/.local/lib/python3.12/site-packages/pyspark/python/lib/pyspark.zip/pyspark/sql/readwriter.py", line 544, in parquet
[2025-04-07T09:11:44.866+0000] {spark_submit.py:488} INFO - File "/home/***/.local/lib/python3.12/site-packages/pyspark/python/lib/py4j-0.10.9.7-src.zip/py4j/java_gateway.py", line 1322, in __call__
[2025-04-07T09:11:44.866+0000] {spark_submit.py:488} INFO - File "/home/***/.local/lib/python3.12/site-packages/pyspark/python/lib/pyspark.zip/pyspark/errors/exceptions/captured.py", line 179, in deco
[2025-04-07T09:11:44.867+0000] {spark_submit.py:488} INFO - File "/home/***/.local/lib/python3.12/site-packages/pyspark/python/lib/py4j-0.10.9.7-src.zip/py4j/protocol.py", line 326, in get_return_value
[2025-04-07T09:11:44.867+0000] {spark_submit.py:488} INFO - py4j.protocol.Py4JJavaError: An error occurred while calling o29.parquet.
[2025-04-07T09:11:44.868+0000] {spark_submit.py:488} INFO - : java.lang.RuntimeException: java.lang.ClassNotFoundException: Class com.google.cloud.hadoop.fs.gcs.GoogleHadoopFileSystem not found
[2025-04-07T09:11:44.868+0000] {spark_submit.py:488} INFO - at org.apache.hadoop.conf.Configuration.getClass(Configuration.java:2688)
[2025-04-07T09:11:44.868+0000] {spark_submit.py:488} INFO - at org.apache.hadoop.fs.FileSystem.getFileSystemClass(FileSystem.java:3431)
[2025-04-07T09:11:44.869+0000] {spark_submit.py:488} INFO - at org.apache.hadoop.fs.FileSystem.createFileSystem(FileSystem.java:3466)
[2025-04-07T09:11:44.869+0000] {spark_submit.py:488} INFO - at org.apache.hadoop.fs.FileSystem.access$300(FileSystem.java:174)
[2025-04-07T09:11:44.869+0000] {spark_submit.py:488} INFO - at org.apache.hadoop.fs.FileSystem$Cache.getInternal(FileSystem.java:3574)
[2025-04-07T09:11:44.869+0000] {spark_submit.py:488} INFO - at org.apache.hadoop.fs.FileSystem$Cache.get(FileSystem.java:3521)
[2025-04-07T09:11:44.870+0000] {spark_submit.py:488} INFO - at org.apache.hadoop.fs.FileSystem.get(FileSystem.java:540)
[2025-04-07T09:11:44.870+0000] {spark_submit.py:488} INFO - at org.apache.hadoop.fs.Path.getFileSystem(Path.java:365)
[2025-04-07T09:11:44.870+0000] {spark_submit.py:488} INFO - at org.apache.spark.sql.execution.datasources.DataSource$.$anonfun$checkAndGlobPathIfNecessary$1(DataSource.scala:724)
[2025-04-07T09:11:44.870+0000] {spark_submit.py:488} INFO - at scala.collection.immutable.List.map(List.scala:293)
[2025-04-07T09:11:44.871+0000] {spark_submit.py:488} INFO - at org.apache.spark.sql.execution.datasources.DataSource$.checkAndGlobPathIfNecessary(DataSource.scala:722)
[2025-04-07T09:11:44.871+0000] {spark_submit.py:488} INFO - at org.apache.spark.sql.execution.datasources.DataSource.checkAndGlobPathIfNecessary(DataSource.scala:551)
[2025-04-07T09:11:44.871+0000] {spark_submit.py:488} INFO - at org.apache.spark.sql.execution.datasources.DataSource.resolveRelation(DataSource.scala:404)
[2025-04-07T09:11:44.871+0000] {spark_submit.py:488} INFO - at org.apache.spark.sql.DataFrameReader.loadV1Source(DataFrameReader.scala:229)
[2025-04-07T09:11:44.871+0000] {spark_submit.py:488} INFO - at org.apache.spark.sql.DataFrameReader.$anonfun$load$2(DataFrameReader.scala:211)
[2025-04-07T09:11:44.872+0000] {spark_submit.py:488} INFO - at scala.Option.getOrElse(Option.scala:189)
[2025-04-07T09:11:44.872+0000] {spark_submit.py:488} INFO - at org.apache.spark.sql.DataFrameReader.load(DataFrameReader.scala:211)
[2025-04-07T09:11:44.872+0000] {spark_submit.py:488} INFO - at org.apache.spark.sql.DataFrameReader.parquet(DataFrameReader.scala:563)
[2025-04-07T09:11:44.872+0000] {spark_submit.py:488} INFO - at java.base/jdk.internal.reflect.NativeMethodAccessorImpl.invoke0(Native Method)
[2025-04-07T09:11:44.873+0000] {spark_submit.py:488} INFO - at java.base/jdk.internal.reflect.NativeMethodAccessorImpl.invoke(NativeMethodAccessorImpl.java:77)
[2025-04-07T09:11:44.873+0000] {spark_submit.py:488} INFO - at java.base/jdk.internal.reflect.DelegatingMethodAccessorImpl.invoke(DelegatingMethodAccessorImpl.java:43)
[2025-04-07T09:11:44.873+0000] {spark_submit.py:488} INFO - at java.base/java.lang.reflect.Method.invoke(Method.java:569)
[2025-04-07T09:11:44.873+0000] {spark_submit.py:488} INFO - at py4j.reflection.MethodInvoker.invoke(MethodInvoker.java:244)
[2025-04-07T09:11:44.873+0000] {spark_submit.py:488} INFO - at py4j.reflection.ReflectionEngine.invoke(ReflectionEngine.java:374)
[2025-04-07T09:11:44.873+0000] {spark_submit.py:488} INFO - at py4j.Gateway.invoke(Gateway.java:282)
[2025-04-07T09:11:44.873+0000] {spark_submit.py:488} INFO - at py4j.commands.AbstractCommand.invokeMethod(AbstractCommand.java:132)
[2025-04-07T09:11:44.874+0000] {spark_submit.py:488} INFO - at py4j.commands.CallCommand.execute(CallCommand.java:79)
[2025-04-07T09:11:44.874+0000] {spark_submit.py:488} INFO - at py4j.ClientServerConnection.waitForCommands(ClientServerConnection.java:182)
[2025-04-07T09:11:44.874+0000] {spark_submit.py:488} INFO - at py4j.ClientServerConnection.run(ClientServerConnection.java:106)
[2025-04-07T09:11:44.874+0000] {spark_submit.py:488} INFO - at java.base/java.lang.Thread.run(Thread.java:840)
[2025-04-07T09:11:44.875+0000] {spark_submit.py:488} INFO - Caused by: java.lang.ClassNotFoundException: Class com.google.cloud.hadoop.fs.gcs.GoogleHadoopFileSystem not found
[2025-04-07T09:11:44.875+0000] {spark_submit.py:488} INFO - at org.apache.hadoop.conf.Configuration.getClassByName(Configuration.java:2592)
[2025-04-07T09:11:44.875+0000] {spark_submit.py:488} INFO - at org.apache.hadoop.conf.Configuration.getClass(Configuration.java:2686)
[2025-04-07T09:11:44.876+0000] {spark_submit.py:488} INFO - ... 29 more
[2025-04-07T09:11:44.876+0000] {spark_submit.py:488} INFO - 
[2025-04-07T09:11:44.931+0000] {spark_submit.py:488} INFO - 25/04/07 09:11:44 INFO SparkContext: Invoking stop() from shutdown hook
[2025-04-07T09:11:44.931+0000] {spark_submit.py:488} INFO - 25/04/07 09:11:44 INFO SparkContext: SparkContext is stopping with exitCode 0.
[2025-04-07T09:11:44.938+0000] {spark_submit.py:488} INFO - 25/04/07 09:11:44 INFO SparkUI: Stopped Spark web UI at http://d51472b41139:4040
[2025-04-07T09:11:44.940+0000] {spark_submit.py:488} INFO - 25/04/07 09:11:44 INFO StandaloneSchedulerBackend: Shutting down all executors
[2025-04-07T09:11:44.942+0000] {spark_submit.py:488} INFO - 25/04/07 09:11:44 INFO StandaloneSchedulerBackend$StandaloneDriverEndpoint: Asking each executor to shut down
[2025-04-07T09:11:44.951+0000] {spark_submit.py:488} INFO - 25/04/07 09:11:44 INFO MapOutputTrackerMasterEndpoint: MapOutputTrackerMasterEndpoint stopped!
[2025-04-07T09:11:45.019+0000] {spark_submit.py:488} INFO - 25/04/07 09:11:45 INFO MemoryStore: MemoryStore cleared
[2025-04-07T09:11:45.021+0000] {spark_submit.py:488} INFO - 25/04/07 09:11:45 INFO BlockManager: BlockManager stopped
[2025-04-07T09:11:45.037+0000] {spark_submit.py:488} INFO - 25/04/07 09:11:45 INFO BlockManagerMaster: BlockManagerMaster stopped
[2025-04-07T09:11:45.058+0000] {spark_submit.py:488} INFO - 25/04/07 09:11:45 INFO OutputCommitCoordinator$OutputCommitCoordinatorEndpoint: OutputCommitCoordinator stopped!
[2025-04-07T09:11:45.086+0000] {spark_submit.py:488} INFO - 25/04/07 09:11:45 INFO SparkContext: Successfully stopped SparkContext
[2025-04-07T09:11:45.087+0000] {spark_submit.py:488} INFO - 25/04/07 09:11:45 INFO ShutdownHookManager: Shutdown hook called
[2025-04-07T09:11:45.089+0000] {spark_submit.py:488} INFO - 25/04/07 09:11:45 INFO ShutdownHookManager: Deleting directory /tmp/spark-054fe03d-63ef-41e6-8133-9021ee4b2e0f
[2025-04-07T09:11:45.105+0000] {spark_submit.py:488} INFO - 25/04/07 09:11:45 INFO ShutdownHookManager: Deleting directory /tmp/spark-054fe03d-63ef-41e6-8133-9021ee4b2e0f/pyspark-889f82c3-7e0b-4775-b114-7c40416235b9
[2025-04-07T09:11:45.116+0000] {spark_submit.py:488} INFO - 25/04/07 09:11:45 INFO ShutdownHookManager: Deleting directory /tmp/spark-9f41d618-000d-427c-a251-6acda392491c
[2025-04-07T09:11:45.213+0000] {taskinstance.py:3313} ERROR - Task failed with exception
Traceback (most recent call last):
  File "/home/airflow/.local/lib/python3.12/site-packages/airflow/models/taskinstance.py", line 768, in _execute_task
    result = _execute_callable(context=context, **execute_callable_kwargs)
             ^^^^^^^^^^^^^^^^^^^^^^^^^^^^^^^^^^^^^^^^^^^^^^^^^^^^^^^^^^^^^
  File "/home/airflow/.local/lib/python3.12/site-packages/airflow/models/taskinstance.py", line 734, in _execute_callable
    return ExecutionCallableRunner(
           ^^^^^^^^^^^^^^^^^^^^^^^^
  File "/home/airflow/.local/lib/python3.12/site-packages/airflow/utils/operator_helpers.py", line 252, in run
    return self.func(*args, **kwargs)
           ^^^^^^^^^^^^^^^^^^^^^^^^^^
  File "/home/airflow/.local/lib/python3.12/site-packages/airflow/models/baseoperator.py", line 424, in wrapper
    return func(self, *args, **kwargs)
           ^^^^^^^^^^^^^^^^^^^^^^^^^^^
  File "/home/airflow/.local/lib/python3.12/site-packages/airflow/providers/apache/spark/operators/spark_submit.py", line 157, in execute
    self._hook.submit(self._application)
  File "/home/airflow/.local/lib/python3.12/site-packages/airflow/providers/apache/spark/hooks/spark_submit.py", line 419, in submit
    raise AirflowException(
airflow.exceptions.AirflowException: Cannot execute: spark-submit --master spark://spark-master:7077 --conf spark.hadoop.google.cloud.auth.service.account.json.keyfile=/.google/credentials/google_credentials.json --conf spark.hadoop.fs.gs.impl=com.google.cloud.hadoop.fs.gcs.GoogleHadoopFileSystem --conf spark.hadoop.fs.gs.project.id=seventh-league-447908-t0 --conf spark.hadoop.google.cloud.auth.service.account.enable=true --name arrow-spark --deploy-mode client /opt/***/dags/spark_scripts/process_transactions.py. Error code is: 1.
[2025-04-07T09:11:45.221+0000] {taskinstance.py:1226} INFO - Marking task as FAILED. dag_id=bigquery_to_gcs_pipeline, task_id=spark_process, run_id=scheduled__2025-04-06T00:00:00+00:00, execution_date=20250406T000000, start_date=20250407T091141, end_date=20250407T091145
[2025-04-07T09:11:45.259+0000] {taskinstance.py:341} INFO - ::group::Post task execution logs
[2025-04-07T09:11:45.260+0000] {standard_task_runner.py:124} ERROR - Failed to execute job 161 for task spark_process (Cannot execute: spark-submit --master spark://spark-master:7077 --conf spark.hadoop.google.cloud.auth.service.account.json.keyfile=/.google/credentials/google_credentials.json --conf spark.hadoop.fs.gs.impl=com.google.cloud.hadoop.fs.gcs.GoogleHadoopFileSystem --conf spark.hadoop.fs.gs.project.id=seventh-league-447908-t0 --conf spark.hadoop.google.cloud.auth.service.account.enable=true --name arrow-spark --deploy-mode client /opt/***/dags/spark_scripts/process_transactions.py. Error code is: 1.; 441)
Traceback (most recent call last):
  File "/home/airflow/.local/lib/python3.12/site-packages/airflow/task/task_runner/standard_task_runner.py", line 117, in _start_by_fork
    ret = args.func(args, dag=self.dag)
          ^^^^^^^^^^^^^^^^^^^^^^^^^^^^^
  File "/home/airflow/.local/lib/python3.12/site-packages/airflow/cli/cli_config.py", line 49, in command
    return func(*args, **kwargs)
           ^^^^^^^^^^^^^^^^^^^^^
  File "/home/airflow/.local/lib/python3.12/site-packages/airflow/utils/cli.py", line 116, in wrapper
    return f(*args, **kwargs)
           ^^^^^^^^^^^^^^^^^^
  File "/home/airflow/.local/lib/python3.12/site-packages/airflow/cli/commands/task_command.py", line 483, in task_run
    task_return_code = _run_task_by_selected_method(args, _dag, ti)
                       ^^^^^^^^^^^^^^^^^^^^^^^^^^^^^^^^^^^^^^^^^^^^
  File "/home/airflow/.local/lib/python3.12/site-packages/airflow/cli/commands/task_command.py", line 256, in _run_task_by_selected_method
    return _run_raw_task(args, ti)
           ^^^^^^^^^^^^^^^^^^^^^^^
  File "/home/airflow/.local/lib/python3.12/site-packages/airflow/cli/commands/task_command.py", line 341, in _run_raw_task
    return ti._run_raw_task(
           ^^^^^^^^^^^^^^^^^
  File "/home/airflow/.local/lib/python3.12/site-packages/airflow/utils/session.py", line 97, in wrapper
    return func(*args, session=session, **kwargs)
           ^^^^^^^^^^^^^^^^^^^^^^^^^^^^^^^^^^^^^^
  File "/home/airflow/.local/lib/python3.12/site-packages/airflow/models/taskinstance.py", line 3006, in _run_raw_task
    return _run_raw_task(
           ^^^^^^^^^^^^^^
  File "/home/airflow/.local/lib/python3.12/site-packages/airflow/models/taskinstance.py", line 274, in _run_raw_task
    TaskInstance._execute_task_with_callbacks(
  File "/home/airflow/.local/lib/python3.12/site-packages/airflow/models/taskinstance.py", line 3161, in _execute_task_with_callbacks
    result = self._execute_task(context, task_orig)
             ^^^^^^^^^^^^^^^^^^^^^^^^^^^^^^^^^^^^^^
  File "/home/airflow/.local/lib/python3.12/site-packages/airflow/models/taskinstance.py", line 3185, in _execute_task
    return _execute_task(self, context, task_orig)
           ^^^^^^^^^^^^^^^^^^^^^^^^^^^^^^^^^^^^^^^
  File "/home/airflow/.local/lib/python3.12/site-packages/airflow/models/taskinstance.py", line 768, in _execute_task
    result = _execute_callable(context=context, **execute_callable_kwargs)
             ^^^^^^^^^^^^^^^^^^^^^^^^^^^^^^^^^^^^^^^^^^^^^^^^^^^^^^^^^^^^^
  File "/home/airflow/.local/lib/python3.12/site-packages/airflow/models/taskinstance.py", line 734, in _execute_callable
    return ExecutionCallableRunner(
           ^^^^^^^^^^^^^^^^^^^^^^^^
  File "/home/airflow/.local/lib/python3.12/site-packages/airflow/utils/operator_helpers.py", line 252, in run
    return self.func(*args, **kwargs)
           ^^^^^^^^^^^^^^^^^^^^^^^^^^
  File "/home/airflow/.local/lib/python3.12/site-packages/airflow/models/baseoperator.py", line 424, in wrapper
    return func(self, *args, **kwargs)
           ^^^^^^^^^^^^^^^^^^^^^^^^^^^
  File "/home/airflow/.local/lib/python3.12/site-packages/airflow/providers/apache/spark/operators/spark_submit.py", line 157, in execute
    self._hook.submit(self._application)
  File "/home/airflow/.local/lib/python3.12/site-packages/airflow/providers/apache/spark/hooks/spark_submit.py", line 419, in submit
    raise AirflowException(
airflow.exceptions.AirflowException: Cannot execute: spark-submit --master spark://spark-master:7077 --conf spark.hadoop.google.cloud.auth.service.account.json.keyfile=/.google/credentials/google_credentials.json --conf spark.hadoop.fs.gs.impl=com.google.cloud.hadoop.fs.gcs.GoogleHadoopFileSystem --conf spark.hadoop.fs.gs.project.id=seventh-league-447908-t0 --conf spark.hadoop.google.cloud.auth.service.account.enable=true --name arrow-spark --deploy-mode client /opt/***/dags/spark_scripts/process_transactions.py. Error code is: 1.
[2025-04-07T09:11:45.315+0000] {local_task_job_runner.py:266} INFO - Task exited with return code 1
[2025-04-07T09:11:45.340+0000] {taskinstance.py:3901} INFO - 0 downstream tasks scheduled from follow-on schedule check
[2025-04-07T09:11:45.341+0000] {local_task_job_runner.py:245} INFO - ::endgroup::
