[2025-04-07T07:05:43.732+0000] {local_task_job_runner.py:123} INFO - ::group::Pre task execution logs
[2025-04-07T07:05:43.740+0000] {taskinstance.py:2614} INFO - Dependencies all met for dep_context=non-requeueable deps ti=<TaskInstance: bigquery_to_gcs_pipeline.spark_process scheduled__2025-04-06T00:00:00+00:00 [queued]>
[2025-04-07T07:05:43.744+0000] {taskinstance.py:2614} INFO - Dependencies all met for dep_context=requeueable deps ti=<TaskInstance: bigquery_to_gcs_pipeline.spark_process scheduled__2025-04-06T00:00:00+00:00 [queued]>
[2025-04-07T07:05:43.744+0000] {taskinstance.py:2867} INFO - Starting attempt 14 of 14
[2025-04-07T07:05:43.749+0000] {taskinstance.py:2890} INFO - Executing <Task(SparkSubmitOperator): spark_process> on 2025-04-06 00:00:00+00:00
[2025-04-07T07:05:43.758+0000] {logging_mixin.py:190} WARNING - /home/***/.local/lib/python3.12/site-packages/***/task/task_runner/standard_task_runner.py:70 DeprecationWarning: This process (pid=261) is multi-threaded, use of fork() may lead to deadlocks in the child.
[2025-04-07T07:05:43.759+0000] {standard_task_runner.py:72} INFO - Started process 262 to run task
[2025-04-07T07:05:43.756+0000] {standard_task_runner.py:104} INFO - Running: ['***', 'tasks', 'run', 'bigquery_to_gcs_pipeline', 'spark_process', 'scheduled__2025-04-06T00:00:00+00:00', '--job-id', '153', '--raw', '--subdir', 'DAGS_FOLDER/bigquery_to_gcs_pipeline.py', '--cfg-path', '/tmp/tmprganh2sa']
[2025-04-07T07:05:43.763+0000] {standard_task_runner.py:105} INFO - Job 153: Subtask spark_process
[2025-04-07T07:05:43.799+0000] {task_command.py:467} INFO - Running <TaskInstance: bigquery_to_gcs_pipeline.spark_process scheduled__2025-04-06T00:00:00+00:00 [running]> on host ba0290f83333
[2025-04-07T07:05:43.844+0000] {taskinstance.py:3134} INFO - Exporting env vars: AIRFLOW_CTX_DAG_OWNER='data_engineer' AIRFLOW_CTX_DAG_ID='bigquery_to_gcs_pipeline' AIRFLOW_CTX_TASK_ID='spark_process' AIRFLOW_CTX_EXECUTION_DATE='2025-04-06T00:00:00+00:00' AIRFLOW_CTX_TRY_NUMBER='14' AIRFLOW_CTX_DAG_RUN_ID='scheduled__2025-04-06T00:00:00+00:00'
[2025-04-07T07:05:43.845+0000] {taskinstance.py:732} INFO - ::endgroup::
[2025-04-07T07:05:43.877+0000] {base.py:84} INFO - Retrieving connection 'spark_default'
[2025-04-07T07:05:43.878+0000] {spark_submit.py:474} INFO - Spark-Submit cmd: spark-submit --master spark://spark-master:7077 --conf spark.hadoop.fs.gs.impl=com.google.cloud.hadoop.fs.gcs.GoogleHadoopFileSystem --conf spark.hadoop.google.cloud.auth.service.account.json.keyfile=/.google/credentials/google_credentials.json --conf spark.hadoop.fs.gs.project.id=seventh-league-447908-t0 --name arrow-spark --deploy-mode client /opt/***/dags/spark_scripts/process_transactions.py
[2025-04-07T07:05:45.734+0000] {spark_submit.py:645} INFO - 25/04/07 07:05:45 INFO SparkContext: Running Spark version 3.5.5
[2025-04-07T07:05:45.735+0000] {spark_submit.py:645} INFO - 25/04/07 07:05:45 INFO SparkContext: OS info Linux, 6.10.14-linuxkit, aarch64
[2025-04-07T07:05:45.736+0000] {spark_submit.py:645} INFO - 25/04/07 07:05:45 INFO SparkContext: Java version 17.0.14
[2025-04-07T07:05:45.790+0000] {spark_submit.py:645} INFO - 25/04/07 07:05:45 WARN NativeCodeLoader: Unable to load native-hadoop library for your platform... using builtin-java classes where applicable
[2025-04-07T07:05:45.867+0000] {spark_submit.py:645} INFO - 25/04/07 07:05:45 INFO ResourceUtils: ==============================================================
[2025-04-07T07:05:45.868+0000] {spark_submit.py:645} INFO - 25/04/07 07:05:45 INFO ResourceUtils: No custom resources configured for spark.driver.
[2025-04-07T07:05:45.868+0000] {spark_submit.py:645} INFO - 25/04/07 07:05:45 INFO ResourceUtils: ==============================================================
[2025-04-07T07:05:45.868+0000] {spark_submit.py:645} INFO - 25/04/07 07:05:45 INFO SparkContext: Submitted application: ProcessBitcoinTransactions
[2025-04-07T07:05:45.879+0000] {spark_submit.py:645} INFO - 25/04/07 07:05:45 INFO ResourceProfile: Default ResourceProfile created, executor resources: Map(memory -> name: memory, amount: 1024, script: , vendor: , offHeap -> name: offHeap, amount: 0, script: , vendor: ), task resources: Map(cpus -> name: cpus, amount: 1.0)
[2025-04-07T07:05:45.883+0000] {spark_submit.py:645} INFO - 25/04/07 07:05:45 INFO ResourceProfile: Limiting resource is cpu
[2025-04-07T07:05:45.887+0000] {spark_submit.py:645} INFO - 25/04/07 07:05:45 INFO ResourceProfileManager: Added ResourceProfile id: 0
[2025-04-07T07:05:45.912+0000] {spark_submit.py:645} INFO - 25/04/07 07:05:45 INFO SecurityManager: Changing view acls to: ***
[2025-04-07T07:05:45.912+0000] {spark_submit.py:645} INFO - 25/04/07 07:05:45 INFO SecurityManager: Changing modify acls to: ***
[2025-04-07T07:05:45.913+0000] {spark_submit.py:645} INFO - 25/04/07 07:05:45 INFO SecurityManager: Changing view acls groups to:
[2025-04-07T07:05:45.913+0000] {spark_submit.py:645} INFO - 25/04/07 07:05:45 INFO SecurityManager: Changing modify acls groups to:
[2025-04-07T07:05:45.913+0000] {spark_submit.py:645} INFO - 25/04/07 07:05:45 INFO SecurityManager: SecurityManager: authentication disabled; ui acls disabled; users with view permissions: ***; groups with view permissions: EMPTY; users with modify permissions: ***; groups with modify permissions: EMPTY
[2025-04-07T07:05:46.060+0000] {spark_submit.py:645} INFO - 25/04/07 07:05:46 INFO Utils: Successfully started service 'sparkDriver' on port 38367.
[2025-04-07T07:05:46.087+0000] {spark_submit.py:645} INFO - 25/04/07 07:05:46 INFO SparkEnv: Registering MapOutputTracker
[2025-04-07T07:05:46.108+0000] {spark_submit.py:645} INFO - 25/04/07 07:05:46 INFO SparkEnv: Registering BlockManagerMaster
[2025-04-07T07:05:46.119+0000] {spark_submit.py:645} INFO - 25/04/07 07:05:46 INFO BlockManagerMasterEndpoint: Using org.apache.spark.storage.DefaultTopologyMapper for getting topology information
[2025-04-07T07:05:46.119+0000] {spark_submit.py:645} INFO - 25/04/07 07:05:46 INFO BlockManagerMasterEndpoint: BlockManagerMasterEndpoint up
[2025-04-07T07:05:46.121+0000] {spark_submit.py:645} INFO - 25/04/07 07:05:46 INFO SparkEnv: Registering BlockManagerMasterHeartbeat
[2025-04-07T07:05:46.138+0000] {spark_submit.py:645} INFO - 25/04/07 07:05:46 INFO DiskBlockManager: Created local directory at /tmp/blockmgr-1cb6ce7d-c83c-4be3-b3ba-aae9b57e0669
[2025-04-07T07:05:46.146+0000] {spark_submit.py:645} INFO - 25/04/07 07:05:46 INFO MemoryStore: MemoryStore started with capacity 434.4 MiB
[2025-04-07T07:05:46.153+0000] {spark_submit.py:645} INFO - 25/04/07 07:05:46 INFO SparkEnv: Registering OutputCommitCoordinator
[2025-04-07T07:05:46.251+0000] {spark_submit.py:645} INFO - 25/04/07 07:05:46 INFO JettyUtils: Start Jetty 0.0.0.0:4040 for SparkUI
[2025-04-07T07:05:46.285+0000] {spark_submit.py:645} INFO - 25/04/07 07:05:46 INFO Utils: Successfully started service 'SparkUI' on port 4040.
[2025-04-07T07:05:46.347+0000] {spark_submit.py:645} INFO - 25/04/07 07:05:46 INFO StandaloneAppClient$ClientEndpoint: Connecting to master spark://spark-master:7077...
[2025-04-07T07:05:46.380+0000] {spark_submit.py:645} INFO - 25/04/07 07:05:46 INFO TransportClientFactory: Successfully created connection to spark-master/172.21.0.4:7077 after 14 ms (0 ms spent in bootstraps)
[2025-04-07T07:05:46.526+0000] {spark_submit.py:645} INFO - 25/04/07 07:05:46 INFO StandaloneSchedulerBackend: Connected to Spark cluster with app ID app-20250407070546-0000
[2025-04-07T07:05:46.532+0000] {spark_submit.py:645} INFO - 25/04/07 07:05:46 INFO Utils: Successfully started service 'org.apache.spark.network.netty.NettyBlockTransferService' on port 38915.
[2025-04-07T07:05:46.533+0000] {spark_submit.py:645} INFO - 25/04/07 07:05:46 INFO NettyBlockTransferService: Server created on ba0290f83333:38915
[2025-04-07T07:05:46.534+0000] {spark_submit.py:645} INFO - 25/04/07 07:05:46 INFO BlockManager: Using org.apache.spark.storage.RandomBlockReplicationPolicy for block replication policy
[2025-04-07T07:05:46.539+0000] {spark_submit.py:645} INFO - 25/04/07 07:05:46 INFO BlockManagerMaster: Registering BlockManager BlockManagerId(driver, ba0290f83333, 38915, None)
[2025-04-07T07:05:46.541+0000] {spark_submit.py:645} INFO - 25/04/07 07:05:46 INFO BlockManagerMasterEndpoint: Registering block manager ba0290f83333:38915 with 434.4 MiB RAM, BlockManagerId(driver, ba0290f83333, 38915, None)
[2025-04-07T07:05:46.542+0000] {spark_submit.py:645} INFO - 25/04/07 07:05:46 INFO StandaloneAppClient$ClientEndpoint: Executor added: app-20250407070546-0000/0 on worker-20250407070142-172.21.0.5-33929 (172.21.0.5:33929) with 2 core(s)
[2025-04-07T07:05:46.543+0000] {spark_submit.py:645} INFO - 25/04/07 07:05:46 INFO StandaloneSchedulerBackend: Granted executor ID app-20250407070546-0000/0 on hostPort 172.21.0.5:33929 with 2 core(s), 1024.0 MiB RAM
[2025-04-07T07:05:46.544+0000] {spark_submit.py:645} INFO - 25/04/07 07:05:46 INFO BlockManagerMaster: Registered BlockManager BlockManagerId(driver, ba0290f83333, 38915, None)
[2025-04-07T07:05:46.544+0000] {spark_submit.py:645} INFO - 25/04/07 07:05:46 INFO BlockManager: Initialized BlockManager: BlockManagerId(driver, ba0290f83333, 38915, None)
[2025-04-07T07:05:46.727+0000] {spark_submit.py:645} INFO - 25/04/07 07:05:46 INFO StandaloneAppClient$ClientEndpoint: Executor updated: app-20250407070546-0000/0 is now RUNNING
[2025-04-07T07:05:46.751+0000] {spark_submit.py:645} INFO - 25/04/07 07:05:46 INFO StandaloneSchedulerBackend: SchedulerBackend is ready for scheduling beginning after reached minRegisteredResourcesRatio: 0.0
[2025-04-07T07:05:47.030+0000] {spark_submit.py:645} INFO - 25/04/07 07:05:47 INFO SharedState: Setting hive.metastore.warehouse.dir ('null') to the value of spark.sql.warehouse.dir.
[2025-04-07T07:05:47.040+0000] {spark_submit.py:645} INFO - 25/04/07 07:05:47 INFO SharedState: Warehouse path is 'file:/opt/***/spark-warehouse'.
[2025-04-07T07:05:47.795+0000] {spark_submit.py:645} INFO - 25/04/07 07:05:47 WARN FileStreamSink: Assume no metadata directory. Error while looking for metadata directory in the path: gs://default-bucket-name/raw/crypto_bitcoin/2025-04-05/*.parquet.
[2025-04-07T07:05:47.797+0000] {spark_submit.py:645} INFO - java.lang.RuntimeException: java.lang.ClassNotFoundException: Class com.google.cloud.hadoop.fs.gcs.GoogleHadoopFileSystem not found
[2025-04-07T07:05:47.801+0000] {spark_submit.py:645} INFO - at org.apache.hadoop.conf.Configuration.getClass(Configuration.java:2688)
[2025-04-07T07:05:47.802+0000] {spark_submit.py:645} INFO - at org.apache.hadoop.fs.FileSystem.getFileSystemClass(FileSystem.java:3431)
[2025-04-07T07:05:47.803+0000] {spark_submit.py:645} INFO - at org.apache.hadoop.fs.FileSystem.createFileSystem(FileSystem.java:3466)
[2025-04-07T07:05:47.803+0000] {spark_submit.py:645} INFO - at org.apache.hadoop.fs.FileSystem.access$300(FileSystem.java:174)
[2025-04-07T07:05:47.804+0000] {spark_submit.py:645} INFO - at org.apache.hadoop.fs.FileSystem$Cache.getInternal(FileSystem.java:3574)
[2025-04-07T07:05:47.804+0000] {spark_submit.py:645} INFO - at org.apache.hadoop.fs.FileSystem$Cache.get(FileSystem.java:3521)
[2025-04-07T07:05:47.805+0000] {spark_submit.py:645} INFO - at org.apache.hadoop.fs.FileSystem.get(FileSystem.java:540)
[2025-04-07T07:05:47.806+0000] {spark_submit.py:645} INFO - at org.apache.hadoop.fs.Path.getFileSystem(Path.java:365)
[2025-04-07T07:05:47.806+0000] {spark_submit.py:645} INFO - at org.apache.spark.sql.execution.streaming.FileStreamSink$.hasMetadata(FileStreamSink.scala:53)
[2025-04-07T07:05:47.806+0000] {spark_submit.py:645} INFO - at org.apache.spark.sql.execution.datasources.DataSource.resolveRelation(DataSource.scala:366)
[2025-04-07T07:05:47.807+0000] {spark_submit.py:645} INFO - at org.apache.spark.sql.DataFrameReader.loadV1Source(DataFrameReader.scala:229)
[2025-04-07T07:05:47.808+0000] {spark_submit.py:645} INFO - at org.apache.spark.sql.DataFrameReader.$anonfun$load$2(DataFrameReader.scala:211)
[2025-04-07T07:05:47.808+0000] {spark_submit.py:645} INFO - at scala.Option.getOrElse(Option.scala:189)
[2025-04-07T07:05:47.808+0000] {spark_submit.py:645} INFO - at org.apache.spark.sql.DataFrameReader.load(DataFrameReader.scala:211)
[2025-04-07T07:05:47.810+0000] {spark_submit.py:645} INFO - at org.apache.spark.sql.DataFrameReader.parquet(DataFrameReader.scala:563)
[2025-04-07T07:05:47.812+0000] {spark_submit.py:645} INFO - at java.base/jdk.internal.reflect.NativeMethodAccessorImpl.invoke0(Native Method)
[2025-04-07T07:05:47.813+0000] {spark_submit.py:645} INFO - at java.base/jdk.internal.reflect.NativeMethodAccessorImpl.invoke(NativeMethodAccessorImpl.java:77)
[2025-04-07T07:05:47.816+0000] {spark_submit.py:645} INFO - at java.base/jdk.internal.reflect.DelegatingMethodAccessorImpl.invoke(DelegatingMethodAccessorImpl.java:43)
[2025-04-07T07:05:47.817+0000] {spark_submit.py:645} INFO - at java.base/java.lang.reflect.Method.invoke(Method.java:569)
[2025-04-07T07:05:47.817+0000] {spark_submit.py:645} INFO - at py4j.reflection.MethodInvoker.invoke(MethodInvoker.java:244)
[2025-04-07T07:05:47.818+0000] {spark_submit.py:645} INFO - at py4j.reflection.ReflectionEngine.invoke(ReflectionEngine.java:374)
[2025-04-07T07:05:47.819+0000] {spark_submit.py:645} INFO - at py4j.Gateway.invoke(Gateway.java:282)
[2025-04-07T07:05:47.820+0000] {spark_submit.py:645} INFO - at py4j.commands.AbstractCommand.invokeMethod(AbstractCommand.java:132)
[2025-04-07T07:05:47.820+0000] {spark_submit.py:645} INFO - at py4j.commands.CallCommand.execute(CallCommand.java:79)
[2025-04-07T07:05:47.820+0000] {spark_submit.py:645} INFO - at py4j.ClientServerConnection.waitForCommands(ClientServerConnection.java:182)
[2025-04-07T07:05:47.821+0000] {spark_submit.py:645} INFO - at py4j.ClientServerConnection.run(ClientServerConnection.java:106)
[2025-04-07T07:05:47.822+0000] {spark_submit.py:645} INFO - at java.base/java.lang.Thread.run(Thread.java:840)
[2025-04-07T07:05:47.822+0000] {spark_submit.py:645} INFO - Caused by: java.lang.ClassNotFoundException: Class com.google.cloud.hadoop.fs.gcs.GoogleHadoopFileSystem not found
[2025-04-07T07:05:47.822+0000] {spark_submit.py:645} INFO - at org.apache.hadoop.conf.Configuration.getClassByName(Configuration.java:2592)
[2025-04-07T07:05:47.823+0000] {spark_submit.py:645} INFO - at org.apache.hadoop.conf.Configuration.getClass(Configuration.java:2686)
[2025-04-07T07:05:47.824+0000] {spark_submit.py:645} INFO - ... 26 more
[2025-04-07T07:05:47.840+0000] {spark_submit.py:645} INFO - Traceback (most recent call last):
[2025-04-07T07:05:47.841+0000] {spark_submit.py:645} INFO - File "/opt/***/dags/spark_scripts/process_transactions.py", line 36, in <module>
[2025-04-07T07:05:47.841+0000] {spark_submit.py:645} INFO - main()
[2025-04-07T07:05:47.841+0000] {spark_submit.py:645} INFO - File "/opt/***/dags/spark_scripts/process_transactions.py", line 14, in main
[2025-04-07T07:05:47.842+0000] {spark_submit.py:645} INFO - df = spark.read.parquet(input_path)
[2025-04-07T07:05:47.842+0000] {spark_submit.py:645} INFO - ^^^^^^^^^^^^^^^^^^^^^^^^^^^^^^
[2025-04-07T07:05:47.842+0000] {spark_submit.py:645} INFO - File "/home/***/.local/lib/python3.12/site-packages/pyspark/python/lib/pyspark.zip/pyspark/sql/readwriter.py", line 544, in parquet
[2025-04-07T07:05:47.842+0000] {spark_submit.py:645} INFO - File "/home/***/.local/lib/python3.12/site-packages/pyspark/python/lib/py4j-0.10.9.7-src.zip/py4j/java_gateway.py", line 1322, in __call__
[2025-04-07T07:05:47.842+0000] {spark_submit.py:645} INFO - File "/home/***/.local/lib/python3.12/site-packages/pyspark/python/lib/pyspark.zip/pyspark/errors/exceptions/captured.py", line 179, in deco
[2025-04-07T07:05:47.842+0000] {spark_submit.py:645} INFO - File "/home/***/.local/lib/python3.12/site-packages/pyspark/python/lib/py4j-0.10.9.7-src.zip/py4j/protocol.py", line 326, in get_return_value
[2025-04-07T07:05:47.843+0000] {spark_submit.py:645} INFO - py4j.protocol.Py4JJavaError: An error occurred while calling o28.parquet.
[2025-04-07T07:05:47.843+0000] {spark_submit.py:645} INFO - : java.lang.RuntimeException: java.lang.ClassNotFoundException: Class com.google.cloud.hadoop.fs.gcs.GoogleHadoopFileSystem not found
[2025-04-07T07:05:47.843+0000] {spark_submit.py:645} INFO - at org.apache.hadoop.conf.Configuration.getClass(Configuration.java:2688)
[2025-04-07T07:05:47.843+0000] {spark_submit.py:645} INFO - at org.apache.hadoop.fs.FileSystem.getFileSystemClass(FileSystem.java:3431)
[2025-04-07T07:05:47.844+0000] {spark_submit.py:645} INFO - at org.apache.hadoop.fs.FileSystem.createFileSystem(FileSystem.java:3466)
[2025-04-07T07:05:47.844+0000] {spark_submit.py:645} INFO - at org.apache.hadoop.fs.FileSystem.access$300(FileSystem.java:174)
[2025-04-07T07:05:47.845+0000] {spark_submit.py:645} INFO - at org.apache.hadoop.fs.FileSystem$Cache.getInternal(FileSystem.java:3574)
[2025-04-07T07:05:47.845+0000] {spark_submit.py:645} INFO - at org.apache.hadoop.fs.FileSystem$Cache.get(FileSystem.java:3521)
[2025-04-07T07:05:47.845+0000] {spark_submit.py:645} INFO - at org.apache.hadoop.fs.FileSystem.get(FileSystem.java:540)
[2025-04-07T07:05:47.845+0000] {spark_submit.py:645} INFO - at org.apache.hadoop.fs.Path.getFileSystem(Path.java:365)
[2025-04-07T07:05:47.845+0000] {spark_submit.py:645} INFO - at org.apache.spark.sql.execution.datasources.DataSource$.$anonfun$checkAndGlobPathIfNecessary$1(DataSource.scala:724)
[2025-04-07T07:05:47.846+0000] {spark_submit.py:645} INFO - at scala.collection.immutable.List.map(List.scala:293)
[2025-04-07T07:05:47.846+0000] {spark_submit.py:645} INFO - at org.apache.spark.sql.execution.datasources.DataSource$.checkAndGlobPathIfNecessary(DataSource.scala:722)
[2025-04-07T07:05:47.846+0000] {spark_submit.py:645} INFO - at org.apache.spark.sql.execution.datasources.DataSource.checkAndGlobPathIfNecessary(DataSource.scala:551)
[2025-04-07T07:05:47.846+0000] {spark_submit.py:645} INFO - at org.apache.spark.sql.execution.datasources.DataSource.resolveRelation(DataSource.scala:404)
[2025-04-07T07:05:47.846+0000] {spark_submit.py:645} INFO - at org.apache.spark.sql.DataFrameReader.loadV1Source(DataFrameReader.scala:229)
[2025-04-07T07:05:47.847+0000] {spark_submit.py:645} INFO - at org.apache.spark.sql.DataFrameReader.$anonfun$load$2(DataFrameReader.scala:211)
[2025-04-07T07:05:47.847+0000] {spark_submit.py:645} INFO - at scala.Option.getOrElse(Option.scala:189)
[2025-04-07T07:05:47.847+0000] {spark_submit.py:645} INFO - at org.apache.spark.sql.DataFrameReader.load(DataFrameReader.scala:211)
[2025-04-07T07:05:47.847+0000] {spark_submit.py:645} INFO - at org.apache.spark.sql.DataFrameReader.parquet(DataFrameReader.scala:563)
[2025-04-07T07:05:47.847+0000] {spark_submit.py:645} INFO - at java.base/jdk.internal.reflect.NativeMethodAccessorImpl.invoke0(Native Method)
[2025-04-07T07:05:47.847+0000] {spark_submit.py:645} INFO - at java.base/jdk.internal.reflect.NativeMethodAccessorImpl.invoke(NativeMethodAccessorImpl.java:77)
[2025-04-07T07:05:47.847+0000] {spark_submit.py:645} INFO - at java.base/jdk.internal.reflect.DelegatingMethodAccessorImpl.invoke(DelegatingMethodAccessorImpl.java:43)
[2025-04-07T07:05:47.848+0000] {spark_submit.py:645} INFO - at java.base/java.lang.reflect.Method.invoke(Method.java:569)
[2025-04-07T07:05:47.848+0000] {spark_submit.py:645} INFO - at py4j.reflection.MethodInvoker.invoke(MethodInvoker.java:244)
[2025-04-07T07:05:47.848+0000] {spark_submit.py:645} INFO - at py4j.reflection.ReflectionEngine.invoke(ReflectionEngine.java:374)
[2025-04-07T07:05:47.848+0000] {spark_submit.py:645} INFO - at py4j.Gateway.invoke(Gateway.java:282)
[2025-04-07T07:05:47.848+0000] {spark_submit.py:645} INFO - at py4j.commands.AbstractCommand.invokeMethod(AbstractCommand.java:132)
[2025-04-07T07:05:47.848+0000] {spark_submit.py:645} INFO - at py4j.commands.CallCommand.execute(CallCommand.java:79)
[2025-04-07T07:05:47.848+0000] {spark_submit.py:645} INFO - at py4j.ClientServerConnection.waitForCommands(ClientServerConnection.java:182)
[2025-04-07T07:05:47.848+0000] {spark_submit.py:645} INFO - at py4j.ClientServerConnection.run(ClientServerConnection.java:106)
[2025-04-07T07:05:47.849+0000] {spark_submit.py:645} INFO - at java.base/java.lang.Thread.run(Thread.java:840)
[2025-04-07T07:05:47.849+0000] {spark_submit.py:645} INFO - Caused by: java.lang.ClassNotFoundException: Class com.google.cloud.hadoop.fs.gcs.GoogleHadoopFileSystem not found
[2025-04-07T07:05:47.849+0000] {spark_submit.py:645} INFO - at org.apache.hadoop.conf.Configuration.getClassByName(Configuration.java:2592)
[2025-04-07T07:05:47.849+0000] {spark_submit.py:645} INFO - at org.apache.hadoop.conf.Configuration.getClass(Configuration.java:2686)
[2025-04-07T07:05:47.849+0000] {spark_submit.py:645} INFO - ... 29 more
[2025-04-07T07:05:47.849+0000] {spark_submit.py:645} INFO - 
[2025-04-07T07:05:47.883+0000] {spark_submit.py:645} INFO - 25/04/07 07:05:47 INFO SparkContext: Invoking stop() from shutdown hook
[2025-04-07T07:05:47.884+0000] {spark_submit.py:645} INFO - 25/04/07 07:05:47 INFO SparkContext: SparkContext is stopping with exitCode 0.
[2025-04-07T07:05:47.891+0000] {spark_submit.py:645} INFO - 25/04/07 07:05:47 INFO SparkUI: Stopped Spark web UI at http://ba0290f83333:4040
[2025-04-07T07:05:47.893+0000] {spark_submit.py:645} INFO - 25/04/07 07:05:47 INFO StandaloneSchedulerBackend: Shutting down all executors
[2025-04-07T07:05:47.895+0000] {spark_submit.py:645} INFO - 25/04/07 07:05:47 INFO StandaloneSchedulerBackend$StandaloneDriverEndpoint: Asking each executor to shut down
[2025-04-07T07:05:47.907+0000] {spark_submit.py:645} INFO - 25/04/07 07:05:47 INFO MapOutputTrackerMasterEndpoint: MapOutputTrackerMasterEndpoint stopped!
[2025-04-07T07:05:47.924+0000] {spark_submit.py:645} INFO - 25/04/07 07:05:47 INFO MemoryStore: MemoryStore cleared
[2025-04-07T07:05:47.925+0000] {spark_submit.py:645} INFO - 25/04/07 07:05:47 INFO BlockManager: BlockManager stopped
[2025-04-07T07:05:47.931+0000] {spark_submit.py:645} INFO - 25/04/07 07:05:47 INFO BlockManagerMaster: BlockManagerMaster stopped
[2025-04-07T07:05:47.934+0000] {spark_submit.py:645} INFO - 25/04/07 07:05:47 INFO OutputCommitCoordinator$OutputCommitCoordinatorEndpoint: OutputCommitCoordinator stopped!
[2025-04-07T07:05:47.950+0000] {spark_submit.py:645} INFO - 25/04/07 07:05:47 INFO SparkContext: Successfully stopped SparkContext
[2025-04-07T07:05:47.950+0000] {spark_submit.py:645} INFO - 25/04/07 07:05:47 INFO ShutdownHookManager: Shutdown hook called
[2025-04-07T07:05:47.950+0000] {spark_submit.py:645} INFO - 25/04/07 07:05:47 INFO ShutdownHookManager: Deleting directory /tmp/spark-6202a570-a4e3-4b2d-829a-b23e8265dcdc
[2025-04-07T07:05:47.953+0000] {spark_submit.py:645} INFO - 25/04/07 07:05:47 INFO ShutdownHookManager: Deleting directory /tmp/spark-f9ec09eb-9fe8-4481-a14a-9ddb2f58bd03
[2025-04-07T07:05:47.955+0000] {spark_submit.py:645} INFO - 25/04/07 07:05:47 INFO ShutdownHookManager: Deleting directory /tmp/spark-f9ec09eb-9fe8-4481-a14a-9ddb2f58bd03/pyspark-5e0b4a0a-d983-4280-93f7-39c485230ea1
[2025-04-07T07:05:47.993+0000] {taskinstance.py:3313} ERROR - Task failed with exception
Traceback (most recent call last):
  File "/home/airflow/.local/lib/python3.12/site-packages/airflow/models/taskinstance.py", line 768, in _execute_task
    result = _execute_callable(context=context, **execute_callable_kwargs)
             ^^^^^^^^^^^^^^^^^^^^^^^^^^^^^^^^^^^^^^^^^^^^^^^^^^^^^^^^^^^^^
  File "/home/airflow/.local/lib/python3.12/site-packages/airflow/models/taskinstance.py", line 734, in _execute_callable
    return ExecutionCallableRunner(
           ^^^^^^^^^^^^^^^^^^^^^^^^
  File "/home/airflow/.local/lib/python3.12/site-packages/airflow/utils/operator_helpers.py", line 252, in run
    return self.func(*args, **kwargs)
           ^^^^^^^^^^^^^^^^^^^^^^^^^^
  File "/home/airflow/.local/lib/python3.12/site-packages/airflow/models/baseoperator.py", line 424, in wrapper
    return func(self, *args, **kwargs)
           ^^^^^^^^^^^^^^^^^^^^^^^^^^^
  File "/home/airflow/.local/lib/python3.12/site-packages/airflow/providers/apache/spark/operators/spark_submit.py", line 196, in execute
    self._hook.submit(self.application)
  File "/home/airflow/.local/lib/python3.12/site-packages/airflow/providers/apache/spark/hooks/spark_submit.py", line 567, in submit
    raise AirflowException(
airflow.exceptions.AirflowException: Cannot execute: spark-submit --master spark://spark-master:7077 --conf spark.hadoop.fs.gs.impl=com.google.cloud.hadoop.fs.gcs.GoogleHadoopFileSystem --conf spark.hadoop.google.cloud.auth.service.account.json.keyfile=/.google/credentials/google_credentials.json --conf spark.hadoop.fs.gs.project.id=seventh-league-447908-t0 --name arrow-spark --deploy-mode client /opt/***/dags/spark_scripts/process_transactions.py. Error code is: 1.
[2025-04-07T07:05:48.000+0000] {taskinstance.py:1226} INFO - Marking task as FAILED. dag_id=bigquery_to_gcs_pipeline, task_id=spark_process, run_id=scheduled__2025-04-06T00:00:00+00:00, execution_date=20250406T000000, start_date=20250407T070543, end_date=20250407T070547
[2025-04-07T07:05:48.022+0000] {taskinstance.py:341} INFO - ::group::Post task execution logs
[2025-04-07T07:05:48.022+0000] {standard_task_runner.py:124} ERROR - Failed to execute job 153 for task spark_process (Cannot execute: spark-submit --master spark://spark-master:7077 --conf spark.hadoop.fs.gs.impl=com.google.cloud.hadoop.fs.gcs.GoogleHadoopFileSystem --conf spark.hadoop.google.cloud.auth.service.account.json.keyfile=/.google/credentials/google_credentials.json --conf spark.hadoop.fs.gs.project.id=seventh-league-447908-t0 --name arrow-spark --deploy-mode client /opt/***/dags/spark_scripts/process_transactions.py. Error code is: 1.; 262)
Traceback (most recent call last):
  File "/home/airflow/.local/lib/python3.12/site-packages/airflow/task/task_runner/standard_task_runner.py", line 117, in _start_by_fork
    ret = args.func(args, dag=self.dag)
          ^^^^^^^^^^^^^^^^^^^^^^^^^^^^^
  File "/home/airflow/.local/lib/python3.12/site-packages/airflow/cli/cli_config.py", line 49, in command
    return func(*args, **kwargs)
           ^^^^^^^^^^^^^^^^^^^^^
  File "/home/airflow/.local/lib/python3.12/site-packages/airflow/utils/cli.py", line 116, in wrapper
    return f(*args, **kwargs)
           ^^^^^^^^^^^^^^^^^^
  File "/home/airflow/.local/lib/python3.12/site-packages/airflow/cli/commands/task_command.py", line 483, in task_run
    task_return_code = _run_task_by_selected_method(args, _dag, ti)
                       ^^^^^^^^^^^^^^^^^^^^^^^^^^^^^^^^^^^^^^^^^^^^
  File "/home/airflow/.local/lib/python3.12/site-packages/airflow/cli/commands/task_command.py", line 256, in _run_task_by_selected_method
    return _run_raw_task(args, ti)
           ^^^^^^^^^^^^^^^^^^^^^^^
  File "/home/airflow/.local/lib/python3.12/site-packages/airflow/cli/commands/task_command.py", line 341, in _run_raw_task
    return ti._run_raw_task(
           ^^^^^^^^^^^^^^^^^
  File "/home/airflow/.local/lib/python3.12/site-packages/airflow/utils/session.py", line 97, in wrapper
    return func(*args, session=session, **kwargs)
           ^^^^^^^^^^^^^^^^^^^^^^^^^^^^^^^^^^^^^^
  File "/home/airflow/.local/lib/python3.12/site-packages/airflow/models/taskinstance.py", line 3006, in _run_raw_task
    return _run_raw_task(
           ^^^^^^^^^^^^^^
  File "/home/airflow/.local/lib/python3.12/site-packages/airflow/models/taskinstance.py", line 274, in _run_raw_task
    TaskInstance._execute_task_with_callbacks(
  File "/home/airflow/.local/lib/python3.12/site-packages/airflow/models/taskinstance.py", line 3161, in _execute_task_with_callbacks
    result = self._execute_task(context, task_orig)
             ^^^^^^^^^^^^^^^^^^^^^^^^^^^^^^^^^^^^^^
  File "/home/airflow/.local/lib/python3.12/site-packages/airflow/models/taskinstance.py", line 3185, in _execute_task
    return _execute_task(self, context, task_orig)
           ^^^^^^^^^^^^^^^^^^^^^^^^^^^^^^^^^^^^^^^
  File "/home/airflow/.local/lib/python3.12/site-packages/airflow/models/taskinstance.py", line 768, in _execute_task
    result = _execute_callable(context=context, **execute_callable_kwargs)
             ^^^^^^^^^^^^^^^^^^^^^^^^^^^^^^^^^^^^^^^^^^^^^^^^^^^^^^^^^^^^^
  File "/home/airflow/.local/lib/python3.12/site-packages/airflow/models/taskinstance.py", line 734, in _execute_callable
    return ExecutionCallableRunner(
           ^^^^^^^^^^^^^^^^^^^^^^^^
  File "/home/airflow/.local/lib/python3.12/site-packages/airflow/utils/operator_helpers.py", line 252, in run
    return self.func(*args, **kwargs)
           ^^^^^^^^^^^^^^^^^^^^^^^^^^
  File "/home/airflow/.local/lib/python3.12/site-packages/airflow/models/baseoperator.py", line 424, in wrapper
    return func(self, *args, **kwargs)
           ^^^^^^^^^^^^^^^^^^^^^^^^^^^
  File "/home/airflow/.local/lib/python3.12/site-packages/airflow/providers/apache/spark/operators/spark_submit.py", line 196, in execute
    self._hook.submit(self.application)
  File "/home/airflow/.local/lib/python3.12/site-packages/airflow/providers/apache/spark/hooks/spark_submit.py", line 567, in submit
    raise AirflowException(
airflow.exceptions.AirflowException: Cannot execute: spark-submit --master spark://spark-master:7077 --conf spark.hadoop.fs.gs.impl=com.google.cloud.hadoop.fs.gcs.GoogleHadoopFileSystem --conf spark.hadoop.google.cloud.auth.service.account.json.keyfile=/.google/credentials/google_credentials.json --conf spark.hadoop.fs.gs.project.id=seventh-league-447908-t0 --name arrow-spark --deploy-mode client /opt/***/dags/spark_scripts/process_transactions.py. Error code is: 1.
[2025-04-07T07:05:48.039+0000] {local_task_job_runner.py:266} INFO - Task exited with return code 1
[2025-04-07T07:05:48.055+0000] {taskinstance.py:3901} INFO - 0 downstream tasks scheduled from follow-on schedule check
[2025-04-07T07:05:48.056+0000] {local_task_job_runner.py:245} INFO - ::endgroup::
