[2025-04-07T09:20:31.791+0000] {local_task_job_runner.py:123} INFO - ::group::Pre task execution logs
[2025-04-07T09:20:31.801+0000] {taskinstance.py:2614} INFO - Dependencies all met for dep_context=non-requeueable deps ti=<TaskInstance: bigquery_to_gcs_pipeline.spark_process scheduled__2025-04-06T00:00:00+00:00 [queued]>
[2025-04-07T09:20:31.805+0000] {taskinstance.py:2614} INFO - Dependencies all met for dep_context=requeueable deps ti=<TaskInstance: bigquery_to_gcs_pipeline.spark_process scheduled__2025-04-06T00:00:00+00:00 [queued]>
[2025-04-07T09:20:31.805+0000] {taskinstance.py:2867} INFO - Starting attempt 22 of 22
[2025-04-07T09:20:31.810+0000] {taskinstance.py:2890} INFO - Executing <Task(SparkSubmitOperator): spark_process> on 2025-04-06 00:00:00+00:00
[2025-04-07T09:20:31.820+0000] {logging_mixin.py:190} WARNING - /home/***/.local/lib/python3.12/site-packages/***/task/task_runner/standard_task_runner.py:70 DeprecationWarning: This process (pid=1138) is multi-threaded, use of fork() may lead to deadlocks in the child.
[2025-04-07T09:20:31.818+0000] {standard_task_runner.py:104} INFO - Running: ['***', 'tasks', 'run', 'bigquery_to_gcs_pipeline', 'spark_process', 'scheduled__2025-04-06T00:00:00+00:00', '--job-id', '164', '--raw', '--subdir', 'DAGS_FOLDER/bigquery_to_gcs_pipeline.py', '--cfg-path', '/tmp/tmp2h6v2wfs']
[2025-04-07T09:20:31.821+0000] {standard_task_runner.py:72} INFO - Started process 1139 to run task
[2025-04-07T09:20:31.821+0000] {standard_task_runner.py:105} INFO - Job 164: Subtask spark_process
[2025-04-07T09:20:31.856+0000] {task_command.py:467} INFO - Running <TaskInstance: bigquery_to_gcs_pipeline.spark_process scheduled__2025-04-06T00:00:00+00:00 [running]> on host d51472b41139
[2025-04-07T09:20:31.904+0000] {taskinstance.py:3134} INFO - Exporting env vars: AIRFLOW_CTX_DAG_OWNER='data_engineer' AIRFLOW_CTX_DAG_ID='bigquery_to_gcs_pipeline' AIRFLOW_CTX_TASK_ID='spark_process' AIRFLOW_CTX_EXECUTION_DATE='2025-04-06T00:00:00+00:00' AIRFLOW_CTX_TRY_NUMBER='22' AIRFLOW_CTX_DAG_RUN_ID='scheduled__2025-04-06T00:00:00+00:00'
[2025-04-07T09:20:31.905+0000] {taskinstance.py:732} INFO - ::endgroup::
[2025-04-07T09:20:31.918+0000] {base.py:84} INFO - Retrieving connection 'spark_default'
[2025-04-07T09:20:31.919+0000] {spark_submit.py:335} INFO - Spark-Submit cmd: spark-submit --master spark://spark-master:7077 --conf spark.hadoop.google.cloud.auth.service.account.json.keyfile=/.google/credentials/google_credentials.json --conf spark.hadoop.fs.gs.impl=com.google.cloud.hadoop.fs.gcs.GoogleHadoopFileSystem --conf spark.hadoop.fs.gs.project.id=seventh-league-447908-t0 --conf spark.hadoop.google.cloud.auth.service.account.enable=true --name arrow-spark --deploy-mode client /opt/***/dags/spark_scripts/process_transactions.py
[2025-04-07T09:20:33.420+0000] {spark_submit.py:488} INFO - 25/04/07 09:20:33 INFO SparkContext: Running Spark version 3.5.5
[2025-04-07T09:20:33.421+0000] {spark_submit.py:488} INFO - 25/04/07 09:20:33 INFO SparkContext: OS info Linux, 6.10.14-linuxkit, aarch64
[2025-04-07T09:20:33.422+0000] {spark_submit.py:488} INFO - 25/04/07 09:20:33 INFO SparkContext: Java version 17.0.14
[2025-04-07T09:20:33.448+0000] {spark_submit.py:488} INFO - 25/04/07 09:20:33 WARN NativeCodeLoader: Unable to load native-hadoop library for your platform... using builtin-java classes where applicable
[2025-04-07T09:20:33.488+0000] {spark_submit.py:488} INFO - 25/04/07 09:20:33 INFO ResourceUtils: ==============================================================
[2025-04-07T09:20:33.488+0000] {spark_submit.py:488} INFO - 25/04/07 09:20:33 INFO ResourceUtils: No custom resources configured for spark.driver.
[2025-04-07T09:20:33.489+0000] {spark_submit.py:488} INFO - 25/04/07 09:20:33 INFO ResourceUtils: ==============================================================
[2025-04-07T09:20:33.489+0000] {spark_submit.py:488} INFO - 25/04/07 09:20:33 INFO SparkContext: Submitted application: ProcessBitcoinTransactions
[2025-04-07T09:20:33.499+0000] {spark_submit.py:488} INFO - 25/04/07 09:20:33 INFO ResourceProfile: Default ResourceProfile created, executor resources: Map(memory -> name: memory, amount: 1024, script: , vendor: , offHeap -> name: offHeap, amount: 0, script: , vendor: ), task resources: Map(cpus -> name: cpus, amount: 1.0)
[2025-04-07T09:20:33.504+0000] {spark_submit.py:488} INFO - 25/04/07 09:20:33 INFO ResourceProfile: Limiting resource is cpu
[2025-04-07T09:20:33.504+0000] {spark_submit.py:488} INFO - 25/04/07 09:20:33 INFO ResourceProfileManager: Added ResourceProfile id: 0
[2025-04-07T09:20:33.549+0000] {spark_submit.py:488} INFO - 25/04/07 09:20:33 INFO SecurityManager: Changing view acls to: ***
[2025-04-07T09:20:33.550+0000] {spark_submit.py:488} INFO - 25/04/07 09:20:33 INFO SecurityManager: Changing modify acls to: ***
[2025-04-07T09:20:33.551+0000] {spark_submit.py:488} INFO - 25/04/07 09:20:33 INFO SecurityManager: Changing view acls groups to:
[2025-04-07T09:20:33.551+0000] {spark_submit.py:488} INFO - 25/04/07 09:20:33 INFO SecurityManager: Changing modify acls groups to:
[2025-04-07T09:20:33.552+0000] {spark_submit.py:488} INFO - 25/04/07 09:20:33 INFO SecurityManager: SecurityManager: authentication disabled; ui acls disabled; users with view permissions: ***; groups with view permissions: EMPTY; users with modify permissions: ***; groups with modify permissions: EMPTY
[2025-04-07T09:20:33.700+0000] {spark_submit.py:488} INFO - 25/04/07 09:20:33 INFO Utils: Successfully started service 'sparkDriver' on port 40635.
[2025-04-07T09:20:33.715+0000] {spark_submit.py:488} INFO - 25/04/07 09:20:33 INFO SparkEnv: Registering MapOutputTracker
[2025-04-07T09:20:33.745+0000] {spark_submit.py:488} INFO - 25/04/07 09:20:33 INFO SparkEnv: Registering BlockManagerMaster
[2025-04-07T09:20:33.752+0000] {spark_submit.py:488} INFO - 25/04/07 09:20:33 INFO BlockManagerMasterEndpoint: Using org.apache.spark.storage.DefaultTopologyMapper for getting topology information
[2025-04-07T09:20:33.752+0000] {spark_submit.py:488} INFO - 25/04/07 09:20:33 INFO BlockManagerMasterEndpoint: BlockManagerMasterEndpoint up
[2025-04-07T09:20:33.754+0000] {spark_submit.py:488} INFO - 25/04/07 09:20:33 INFO SparkEnv: Registering BlockManagerMasterHeartbeat
[2025-04-07T09:20:33.763+0000] {spark_submit.py:488} INFO - 25/04/07 09:20:33 INFO DiskBlockManager: Created local directory at /tmp/blockmgr-5a5fb8be-68dc-434a-babe-a455d68cc4f7
[2025-04-07T09:20:33.771+0000] {spark_submit.py:488} INFO - 25/04/07 09:20:33 INFO MemoryStore: MemoryStore started with capacity 434.4 MiB
[2025-04-07T09:20:33.782+0000] {spark_submit.py:488} INFO - 25/04/07 09:20:33 INFO SparkEnv: Registering OutputCommitCoordinator
[2025-04-07T09:20:33.842+0000] {spark_submit.py:488} INFO - 25/04/07 09:20:33 INFO JettyUtils: Start Jetty 0.0.0.0:4040 for SparkUI
[2025-04-07T09:20:33.879+0000] {spark_submit.py:488} INFO - 25/04/07 09:20:33 INFO Utils: Successfully started service 'SparkUI' on port 4040.
[2025-04-07T09:20:33.938+0000] {spark_submit.py:488} INFO - 25/04/07 09:20:33 INFO StandaloneAppClient$ClientEndpoint: Connecting to master spark://spark-master:7077...
[2025-04-07T09:20:33.961+0000] {spark_submit.py:488} INFO - 25/04/07 09:20:33 INFO TransportClientFactory: Successfully created connection to spark-master/172.21.0.3:7077 after 11 ms (0 ms spent in bootstraps)
[2025-04-07T09:20:34.036+0000] {spark_submit.py:488} INFO - 25/04/07 09:20:34 INFO StandaloneSchedulerBackend: Connected to Spark cluster with app ID app-20250407092034-0004
[2025-04-07T09:20:34.038+0000] {spark_submit.py:488} INFO - 25/04/07 09:20:34 INFO StandaloneAppClient$ClientEndpoint: Executor added: app-20250407092034-0004/0 on worker-20250407090706-172.21.0.5-41329 (172.21.0.5:41329) with 2 core(s)
[2025-04-07T09:20:34.040+0000] {spark_submit.py:488} INFO - 25/04/07 09:20:34 INFO StandaloneSchedulerBackend: Granted executor ID app-20250407092034-0004/0 on hostPort 172.21.0.5:41329 with 2 core(s), 1024.0 MiB RAM
[2025-04-07T09:20:34.043+0000] {spark_submit.py:488} INFO - 25/04/07 09:20:34 INFO Utils: Successfully started service 'org.apache.spark.network.netty.NettyBlockTransferService' on port 44575.
[2025-04-07T09:20:34.044+0000] {spark_submit.py:488} INFO - 25/04/07 09:20:34 INFO NettyBlockTransferService: Server created on d51472b41139:44575
[2025-04-07T09:20:34.045+0000] {spark_submit.py:488} INFO - 25/04/07 09:20:34 INFO BlockManager: Using org.apache.spark.storage.RandomBlockReplicationPolicy for block replication policy
[2025-04-07T09:20:34.048+0000] {spark_submit.py:488} INFO - 25/04/07 09:20:34 INFO BlockManagerMaster: Registering BlockManager BlockManagerId(driver, d51472b41139, 44575, None)
[2025-04-07T09:20:34.050+0000] {spark_submit.py:488} INFO - 25/04/07 09:20:34 INFO BlockManagerMasterEndpoint: Registering block manager d51472b41139:44575 with 434.4 MiB RAM, BlockManagerId(driver, d51472b41139, 44575, None)
[2025-04-07T09:20:34.052+0000] {spark_submit.py:488} INFO - 25/04/07 09:20:34 INFO BlockManagerMaster: Registered BlockManager BlockManagerId(driver, d51472b41139, 44575, None)
[2025-04-07T09:20:34.053+0000] {spark_submit.py:488} INFO - 25/04/07 09:20:34 INFO BlockManager: Initialized BlockManager: BlockManagerId(driver, d51472b41139, 44575, None)
[2025-04-07T09:20:34.140+0000] {spark_submit.py:488} INFO - 25/04/07 09:20:34 INFO StandaloneAppClient$ClientEndpoint: Executor updated: app-20250407092034-0004/0 is now RUNNING
[2025-04-07T09:20:34.250+0000] {spark_submit.py:488} INFO - 25/04/07 09:20:34 INFO StandaloneSchedulerBackend: SchedulerBackend is ready for scheduling beginning after reached minRegisteredResourcesRatio: 0.0
[2025-04-07T09:20:34.411+0000] {spark_submit.py:488} INFO - 25/04/07 09:20:34 INFO SharedState: Setting hive.metastore.warehouse.dir ('null') to the value of spark.sql.warehouse.dir.
[2025-04-07T09:20:34.415+0000] {spark_submit.py:488} INFO - 25/04/07 09:20:34 INFO SharedState: Warehouse path is 'file:/opt/***/spark-warehouse'.
[2025-04-07T09:20:35.063+0000] {spark_submit.py:488} INFO - 25/04/07 09:20:35 WARN FileStreamSink: Assume no metadata directory. Error while looking for metadata directory in the path: gs://default-bucket-name/raw/crypto_bitcoin/2025-04-05/*.parquet.
[2025-04-07T09:20:35.066+0000] {spark_submit.py:488} INFO - java.lang.RuntimeException: java.lang.ClassNotFoundException: Class com.google.cloud.hadoop.fs.gcs.GoogleHadoopFileSystem not found
[2025-04-07T09:20:35.066+0000] {spark_submit.py:488} INFO - at org.apache.hadoop.conf.Configuration.getClass(Configuration.java:2688)
[2025-04-07T09:20:35.066+0000] {spark_submit.py:488} INFO - at org.apache.hadoop.fs.FileSystem.getFileSystemClass(FileSystem.java:3431)
[2025-04-07T09:20:35.067+0000] {spark_submit.py:488} INFO - at org.apache.hadoop.fs.FileSystem.createFileSystem(FileSystem.java:3466)
[2025-04-07T09:20:35.067+0000] {spark_submit.py:488} INFO - at org.apache.hadoop.fs.FileSystem.access$300(FileSystem.java:174)
[2025-04-07T09:20:35.068+0000] {spark_submit.py:488} INFO - at org.apache.hadoop.fs.FileSystem$Cache.getInternal(FileSystem.java:3574)
[2025-04-07T09:20:35.068+0000] {spark_submit.py:488} INFO - at org.apache.hadoop.fs.FileSystem$Cache.get(FileSystem.java:3521)
[2025-04-07T09:20:35.068+0000] {spark_submit.py:488} INFO - at org.apache.hadoop.fs.FileSystem.get(FileSystem.java:540)
[2025-04-07T09:20:35.069+0000] {spark_submit.py:488} INFO - at org.apache.hadoop.fs.Path.getFileSystem(Path.java:365)
[2025-04-07T09:20:35.069+0000] {spark_submit.py:488} INFO - at org.apache.spark.sql.execution.streaming.FileStreamSink$.hasMetadata(FileStreamSink.scala:53)
[2025-04-07T09:20:35.069+0000] {spark_submit.py:488} INFO - at org.apache.spark.sql.execution.datasources.DataSource.resolveRelation(DataSource.scala:366)
[2025-04-07T09:20:35.070+0000] {spark_submit.py:488} INFO - at org.apache.spark.sql.DataFrameReader.loadV1Source(DataFrameReader.scala:229)
[2025-04-07T09:20:35.070+0000] {spark_submit.py:488} INFO - at org.apache.spark.sql.DataFrameReader.$anonfun$load$2(DataFrameReader.scala:211)
[2025-04-07T09:20:35.070+0000] {spark_submit.py:488} INFO - at scala.Option.getOrElse(Option.scala:189)
[2025-04-07T09:20:35.071+0000] {spark_submit.py:488} INFO - at org.apache.spark.sql.DataFrameReader.load(DataFrameReader.scala:211)
[2025-04-07T09:20:35.071+0000] {spark_submit.py:488} INFO - at org.apache.spark.sql.DataFrameReader.parquet(DataFrameReader.scala:563)
[2025-04-07T09:20:35.071+0000] {spark_submit.py:488} INFO - at java.base/jdk.internal.reflect.NativeMethodAccessorImpl.invoke0(Native Method)
[2025-04-07T09:20:35.072+0000] {spark_submit.py:488} INFO - at java.base/jdk.internal.reflect.NativeMethodAccessorImpl.invoke(NativeMethodAccessorImpl.java:77)
[2025-04-07T09:20:35.072+0000] {spark_submit.py:488} INFO - at java.base/jdk.internal.reflect.DelegatingMethodAccessorImpl.invoke(DelegatingMethodAccessorImpl.java:43)
[2025-04-07T09:20:35.072+0000] {spark_submit.py:488} INFO - at java.base/java.lang.reflect.Method.invoke(Method.java:569)
[2025-04-07T09:20:35.072+0000] {spark_submit.py:488} INFO - at py4j.reflection.MethodInvoker.invoke(MethodInvoker.java:244)
[2025-04-07T09:20:35.072+0000] {spark_submit.py:488} INFO - at py4j.reflection.ReflectionEngine.invoke(ReflectionEngine.java:374)
[2025-04-07T09:20:35.073+0000] {spark_submit.py:488} INFO - at py4j.Gateway.invoke(Gateway.java:282)
[2025-04-07T09:20:35.074+0000] {spark_submit.py:488} INFO - at py4j.commands.AbstractCommand.invokeMethod(AbstractCommand.java:132)
[2025-04-07T09:20:35.074+0000] {spark_submit.py:488} INFO - at py4j.commands.CallCommand.execute(CallCommand.java:79)
[2025-04-07T09:20:35.074+0000] {spark_submit.py:488} INFO - at py4j.ClientServerConnection.waitForCommands(ClientServerConnection.java:182)
[2025-04-07T09:20:35.075+0000] {spark_submit.py:488} INFO - at py4j.ClientServerConnection.run(ClientServerConnection.java:106)
[2025-04-07T09:20:35.075+0000] {spark_submit.py:488} INFO - at java.base/java.lang.Thread.run(Thread.java:840)
[2025-04-07T09:20:35.077+0000] {spark_submit.py:488} INFO - Caused by: java.lang.ClassNotFoundException: Class com.google.cloud.hadoop.fs.gcs.GoogleHadoopFileSystem not found
[2025-04-07T09:20:35.077+0000] {spark_submit.py:488} INFO - at org.apache.hadoop.conf.Configuration.getClassByName(Configuration.java:2592)
[2025-04-07T09:20:35.077+0000] {spark_submit.py:488} INFO - at org.apache.hadoop.conf.Configuration.getClass(Configuration.java:2686)
[2025-04-07T09:20:35.078+0000] {spark_submit.py:488} INFO - ... 26 more
[2025-04-07T09:20:35.107+0000] {spark_submit.py:488} INFO - Traceback (most recent call last):
[2025-04-07T09:20:35.107+0000] {spark_submit.py:488} INFO - File "/opt/***/dags/spark_scripts/process_transactions.py", line 36, in <module>
[2025-04-07T09:20:35.108+0000] {spark_submit.py:488} INFO - main()
[2025-04-07T09:20:35.108+0000] {spark_submit.py:488} INFO - File "/opt/***/dags/spark_scripts/process_transactions.py", line 14, in main
[2025-04-07T09:20:35.109+0000] {spark_submit.py:488} INFO - df = spark.read.parquet(input_path)
[2025-04-07T09:20:35.109+0000] {spark_submit.py:488} INFO - ^^^^^^^^^^^^^^^^^^^^^^^^^^^^^^
[2025-04-07T09:20:35.110+0000] {spark_submit.py:488} INFO - File "/home/***/.local/lib/python3.12/site-packages/pyspark/python/lib/pyspark.zip/pyspark/sql/readwriter.py", line 544, in parquet
[2025-04-07T09:20:35.110+0000] {spark_submit.py:488} INFO - File "/home/***/.local/lib/python3.12/site-packages/pyspark/python/lib/py4j-0.10.9.7-src.zip/py4j/java_gateway.py", line 1322, in __call__
[2025-04-07T09:20:35.111+0000] {spark_submit.py:488} INFO - File "/home/***/.local/lib/python3.12/site-packages/pyspark/python/lib/pyspark.zip/pyspark/errors/exceptions/captured.py", line 179, in deco
[2025-04-07T09:20:35.111+0000] {spark_submit.py:488} INFO - File "/home/***/.local/lib/python3.12/site-packages/pyspark/python/lib/py4j-0.10.9.7-src.zip/py4j/protocol.py", line 326, in get_return_value
[2025-04-07T09:20:35.112+0000] {spark_submit.py:488} INFO - py4j.protocol.Py4JJavaError: An error occurred while calling o29.parquet.
[2025-04-07T09:20:35.112+0000] {spark_submit.py:488} INFO - : java.lang.RuntimeException: java.lang.ClassNotFoundException: Class com.google.cloud.hadoop.fs.gcs.GoogleHadoopFileSystem not found
[2025-04-07T09:20:35.113+0000] {spark_submit.py:488} INFO - at org.apache.hadoop.conf.Configuration.getClass(Configuration.java:2688)
[2025-04-07T09:20:35.114+0000] {spark_submit.py:488} INFO - at org.apache.hadoop.fs.FileSystem.getFileSystemClass(FileSystem.java:3431)
[2025-04-07T09:20:35.114+0000] {spark_submit.py:488} INFO - at org.apache.hadoop.fs.FileSystem.createFileSystem(FileSystem.java:3466)
[2025-04-07T09:20:35.115+0000] {spark_submit.py:488} INFO - at org.apache.hadoop.fs.FileSystem.access$300(FileSystem.java:174)
[2025-04-07T09:20:35.115+0000] {spark_submit.py:488} INFO - at org.apache.hadoop.fs.FileSystem$Cache.getInternal(FileSystem.java:3574)
[2025-04-07T09:20:35.115+0000] {spark_submit.py:488} INFO - at org.apache.hadoop.fs.FileSystem$Cache.get(FileSystem.java:3521)
[2025-04-07T09:20:35.116+0000] {spark_submit.py:488} INFO - at org.apache.hadoop.fs.FileSystem.get(FileSystem.java:540)
[2025-04-07T09:20:35.116+0000] {spark_submit.py:488} INFO - at org.apache.hadoop.fs.Path.getFileSystem(Path.java:365)
[2025-04-07T09:20:35.117+0000] {spark_submit.py:488} INFO - at org.apache.spark.sql.execution.datasources.DataSource$.$anonfun$checkAndGlobPathIfNecessary$1(DataSource.scala:724)
[2025-04-07T09:20:35.118+0000] {spark_submit.py:488} INFO - at scala.collection.immutable.List.map(List.scala:293)
[2025-04-07T09:20:35.118+0000] {spark_submit.py:488} INFO - at org.apache.spark.sql.execution.datasources.DataSource$.checkAndGlobPathIfNecessary(DataSource.scala:722)
[2025-04-07T09:20:35.118+0000] {spark_submit.py:488} INFO - at org.apache.spark.sql.execution.datasources.DataSource.checkAndGlobPathIfNecessary(DataSource.scala:551)
[2025-04-07T09:20:35.119+0000] {spark_submit.py:488} INFO - at org.apache.spark.sql.execution.datasources.DataSource.resolveRelation(DataSource.scala:404)
[2025-04-07T09:20:35.119+0000] {spark_submit.py:488} INFO - at org.apache.spark.sql.DataFrameReader.loadV1Source(DataFrameReader.scala:229)
[2025-04-07T09:20:35.120+0000] {spark_submit.py:488} INFO - at org.apache.spark.sql.DataFrameReader.$anonfun$load$2(DataFrameReader.scala:211)
[2025-04-07T09:20:35.120+0000] {spark_submit.py:488} INFO - at scala.Option.getOrElse(Option.scala:189)
[2025-04-07T09:20:35.120+0000] {spark_submit.py:488} INFO - at org.apache.spark.sql.DataFrameReader.load(DataFrameReader.scala:211)
[2025-04-07T09:20:35.120+0000] {spark_submit.py:488} INFO - at org.apache.spark.sql.DataFrameReader.parquet(DataFrameReader.scala:563)
[2025-04-07T09:20:35.121+0000] {spark_submit.py:488} INFO - at java.base/jdk.internal.reflect.NativeMethodAccessorImpl.invoke0(Native Method)
[2025-04-07T09:20:35.121+0000] {spark_submit.py:488} INFO - at java.base/jdk.internal.reflect.NativeMethodAccessorImpl.invoke(NativeMethodAccessorImpl.java:77)
[2025-04-07T09:20:35.121+0000] {spark_submit.py:488} INFO - at java.base/jdk.internal.reflect.DelegatingMethodAccessorImpl.invoke(DelegatingMethodAccessorImpl.java:43)
[2025-04-07T09:20:35.122+0000] {spark_submit.py:488} INFO - at java.base/java.lang.reflect.Method.invoke(Method.java:569)
[2025-04-07T09:20:35.122+0000] {spark_submit.py:488} INFO - at py4j.reflection.MethodInvoker.invoke(MethodInvoker.java:244)
[2025-04-07T09:20:35.122+0000] {spark_submit.py:488} INFO - at py4j.reflection.ReflectionEngine.invoke(ReflectionEngine.java:374)
[2025-04-07T09:20:35.122+0000] {spark_submit.py:488} INFO - at py4j.Gateway.invoke(Gateway.java:282)
[2025-04-07T09:20:35.123+0000] {spark_submit.py:488} INFO - at py4j.commands.AbstractCommand.invokeMethod(AbstractCommand.java:132)
[2025-04-07T09:20:35.123+0000] {spark_submit.py:488} INFO - at py4j.commands.CallCommand.execute(CallCommand.java:79)
[2025-04-07T09:20:35.123+0000] {spark_submit.py:488} INFO - at py4j.ClientServerConnection.waitForCommands(ClientServerConnection.java:182)
[2025-04-07T09:20:35.123+0000] {spark_submit.py:488} INFO - at py4j.ClientServerConnection.run(ClientServerConnection.java:106)
[2025-04-07T09:20:35.124+0000] {spark_submit.py:488} INFO - at java.base/java.lang.Thread.run(Thread.java:840)
[2025-04-07T09:20:35.124+0000] {spark_submit.py:488} INFO - Caused by: java.lang.ClassNotFoundException: Class com.google.cloud.hadoop.fs.gcs.GoogleHadoopFileSystem not found
[2025-04-07T09:20:35.126+0000] {spark_submit.py:488} INFO - at org.apache.hadoop.conf.Configuration.getClassByName(Configuration.java:2592)
[2025-04-07T09:20:35.126+0000] {spark_submit.py:488} INFO - at org.apache.hadoop.conf.Configuration.getClass(Configuration.java:2686)
[2025-04-07T09:20:35.126+0000] {spark_submit.py:488} INFO - ... 29 more
[2025-04-07T09:20:35.126+0000] {spark_submit.py:488} INFO - 
[2025-04-07T09:20:35.171+0000] {spark_submit.py:488} INFO - 25/04/07 09:20:35 INFO SparkContext: Invoking stop() from shutdown hook
[2025-04-07T09:20:35.172+0000] {spark_submit.py:488} INFO - 25/04/07 09:20:35 INFO SparkContext: SparkContext is stopping with exitCode 0.
[2025-04-07T09:20:35.189+0000] {spark_submit.py:488} INFO - 25/04/07 09:20:35 INFO SparkUI: Stopped Spark web UI at http://d51472b41139:4040
[2025-04-07T09:20:35.198+0000] {spark_submit.py:488} INFO - 25/04/07 09:20:35 INFO StandaloneSchedulerBackend: Shutting down all executors
[2025-04-07T09:20:35.203+0000] {spark_submit.py:488} INFO - 25/04/07 09:20:35 INFO StandaloneSchedulerBackend$StandaloneDriverEndpoint: Asking each executor to shut down
[2025-04-07T09:20:35.221+0000] {spark_submit.py:488} INFO - 25/04/07 09:20:35 INFO MapOutputTrackerMasterEndpoint: MapOutputTrackerMasterEndpoint stopped!
[2025-04-07T09:20:35.252+0000] {spark_submit.py:488} INFO - 25/04/07 09:20:35 INFO MemoryStore: MemoryStore cleared
[2025-04-07T09:20:35.253+0000] {spark_submit.py:488} INFO - 25/04/07 09:20:35 INFO BlockManager: BlockManager stopped
[2025-04-07T09:20:35.269+0000] {spark_submit.py:488} INFO - 25/04/07 09:20:35 INFO BlockManagerMaster: BlockManagerMaster stopped
[2025-04-07T09:20:35.269+0000] {spark_submit.py:488} INFO - 25/04/07 09:20:35 INFO OutputCommitCoordinator$OutputCommitCoordinatorEndpoint: OutputCommitCoordinator stopped!
[2025-04-07T09:20:35.285+0000] {spark_submit.py:488} INFO - 25/04/07 09:20:35 INFO SparkContext: Successfully stopped SparkContext
[2025-04-07T09:20:35.286+0000] {spark_submit.py:488} INFO - 25/04/07 09:20:35 INFO ShutdownHookManager: Shutdown hook called
[2025-04-07T09:20:35.286+0000] {spark_submit.py:488} INFO - 25/04/07 09:20:35 INFO ShutdownHookManager: Deleting directory /tmp/spark-67755736-e164-41e6-947f-8d70889d9029/pyspark-b08e5887-5b85-4fe1-b18b-d5e904b3aa57
[2025-04-07T09:20:35.292+0000] {spark_submit.py:488} INFO - 25/04/07 09:20:35 INFO ShutdownHookManager: Deleting directory /tmp/spark-c6d65f6e-d9ae-4db9-8d45-6ec958c13824
[2025-04-07T09:20:35.297+0000] {spark_submit.py:488} INFO - 25/04/07 09:20:35 INFO ShutdownHookManager: Deleting directory /tmp/spark-67755736-e164-41e6-947f-8d70889d9029
[2025-04-07T09:20:35.351+0000] {taskinstance.py:3313} ERROR - Task failed with exception
Traceback (most recent call last):
  File "/home/airflow/.local/lib/python3.12/site-packages/airflow/models/taskinstance.py", line 768, in _execute_task
    result = _execute_callable(context=context, **execute_callable_kwargs)
             ^^^^^^^^^^^^^^^^^^^^^^^^^^^^^^^^^^^^^^^^^^^^^^^^^^^^^^^^^^^^^
  File "/home/airflow/.local/lib/python3.12/site-packages/airflow/models/taskinstance.py", line 734, in _execute_callable
    return ExecutionCallableRunner(
           ^^^^^^^^^^^^^^^^^^^^^^^^
  File "/home/airflow/.local/lib/python3.12/site-packages/airflow/utils/operator_helpers.py", line 252, in run
    return self.func(*args, **kwargs)
           ^^^^^^^^^^^^^^^^^^^^^^^^^^
  File "/home/airflow/.local/lib/python3.12/site-packages/airflow/models/baseoperator.py", line 424, in wrapper
    return func(self, *args, **kwargs)
           ^^^^^^^^^^^^^^^^^^^^^^^^^^^
  File "/home/airflow/.local/lib/python3.12/site-packages/airflow/providers/apache/spark/operators/spark_submit.py", line 157, in execute
    self._hook.submit(self._application)
  File "/home/airflow/.local/lib/python3.12/site-packages/airflow/providers/apache/spark/hooks/spark_submit.py", line 419, in submit
    raise AirflowException(
airflow.exceptions.AirflowException: Cannot execute: spark-submit --master spark://spark-master:7077 --conf spark.hadoop.google.cloud.auth.service.account.json.keyfile=/.google/credentials/google_credentials.json --conf spark.hadoop.fs.gs.impl=com.google.cloud.hadoop.fs.gcs.GoogleHadoopFileSystem --conf spark.hadoop.fs.gs.project.id=seventh-league-447908-t0 --conf spark.hadoop.google.cloud.auth.service.account.enable=true --name arrow-spark --deploy-mode client /opt/***/dags/spark_scripts/process_transactions.py. Error code is: 1.
[2025-04-07T09:20:35.357+0000] {taskinstance.py:1226} INFO - Marking task as FAILED. dag_id=bigquery_to_gcs_pipeline, task_id=spark_process, run_id=scheduled__2025-04-06T00:00:00+00:00, execution_date=20250406T000000, start_date=20250407T092031, end_date=20250407T092035
[2025-04-07T09:20:35.389+0000] {taskinstance.py:341} INFO - ::group::Post task execution logs
[2025-04-07T09:20:35.390+0000] {standard_task_runner.py:124} ERROR - Failed to execute job 164 for task spark_process (Cannot execute: spark-submit --master spark://spark-master:7077 --conf spark.hadoop.google.cloud.auth.service.account.json.keyfile=/.google/credentials/google_credentials.json --conf spark.hadoop.fs.gs.impl=com.google.cloud.hadoop.fs.gcs.GoogleHadoopFileSystem --conf spark.hadoop.fs.gs.project.id=seventh-league-447908-t0 --conf spark.hadoop.google.cloud.auth.service.account.enable=true --name arrow-spark --deploy-mode client /opt/***/dags/spark_scripts/process_transactions.py. Error code is: 1.; 1139)
Traceback (most recent call last):
  File "/home/airflow/.local/lib/python3.12/site-packages/airflow/task/task_runner/standard_task_runner.py", line 117, in _start_by_fork
    ret = args.func(args, dag=self.dag)
          ^^^^^^^^^^^^^^^^^^^^^^^^^^^^^
  File "/home/airflow/.local/lib/python3.12/site-packages/airflow/cli/cli_config.py", line 49, in command
    return func(*args, **kwargs)
           ^^^^^^^^^^^^^^^^^^^^^
  File "/home/airflow/.local/lib/python3.12/site-packages/airflow/utils/cli.py", line 116, in wrapper
    return f(*args, **kwargs)
           ^^^^^^^^^^^^^^^^^^
  File "/home/airflow/.local/lib/python3.12/site-packages/airflow/cli/commands/task_command.py", line 483, in task_run
    task_return_code = _run_task_by_selected_method(args, _dag, ti)
                       ^^^^^^^^^^^^^^^^^^^^^^^^^^^^^^^^^^^^^^^^^^^^
  File "/home/airflow/.local/lib/python3.12/site-packages/airflow/cli/commands/task_command.py", line 256, in _run_task_by_selected_method
    return _run_raw_task(args, ti)
           ^^^^^^^^^^^^^^^^^^^^^^^
  File "/home/airflow/.local/lib/python3.12/site-packages/airflow/cli/commands/task_command.py", line 341, in _run_raw_task
    return ti._run_raw_task(
           ^^^^^^^^^^^^^^^^^
  File "/home/airflow/.local/lib/python3.12/site-packages/airflow/utils/session.py", line 97, in wrapper
    return func(*args, session=session, **kwargs)
           ^^^^^^^^^^^^^^^^^^^^^^^^^^^^^^^^^^^^^^
  File "/home/airflow/.local/lib/python3.12/site-packages/airflow/models/taskinstance.py", line 3006, in _run_raw_task
    return _run_raw_task(
           ^^^^^^^^^^^^^^
  File "/home/airflow/.local/lib/python3.12/site-packages/airflow/models/taskinstance.py", line 274, in _run_raw_task
    TaskInstance._execute_task_with_callbacks(
  File "/home/airflow/.local/lib/python3.12/site-packages/airflow/models/taskinstance.py", line 3161, in _execute_task_with_callbacks
    result = self._execute_task(context, task_orig)
             ^^^^^^^^^^^^^^^^^^^^^^^^^^^^^^^^^^^^^^
  File "/home/airflow/.local/lib/python3.12/site-packages/airflow/models/taskinstance.py", line 3185, in _execute_task
    return _execute_task(self, context, task_orig)
           ^^^^^^^^^^^^^^^^^^^^^^^^^^^^^^^^^^^^^^^
  File "/home/airflow/.local/lib/python3.12/site-packages/airflow/models/taskinstance.py", line 768, in _execute_task
    result = _execute_callable(context=context, **execute_callable_kwargs)
             ^^^^^^^^^^^^^^^^^^^^^^^^^^^^^^^^^^^^^^^^^^^^^^^^^^^^^^^^^^^^^
  File "/home/airflow/.local/lib/python3.12/site-packages/airflow/models/taskinstance.py", line 734, in _execute_callable
    return ExecutionCallableRunner(
           ^^^^^^^^^^^^^^^^^^^^^^^^
  File "/home/airflow/.local/lib/python3.12/site-packages/airflow/utils/operator_helpers.py", line 252, in run
    return self.func(*args, **kwargs)
           ^^^^^^^^^^^^^^^^^^^^^^^^^^
  File "/home/airflow/.local/lib/python3.12/site-packages/airflow/models/baseoperator.py", line 424, in wrapper
    return func(self, *args, **kwargs)
           ^^^^^^^^^^^^^^^^^^^^^^^^^^^
  File "/home/airflow/.local/lib/python3.12/site-packages/airflow/providers/apache/spark/operators/spark_submit.py", line 157, in execute
    self._hook.submit(self._application)
  File "/home/airflow/.local/lib/python3.12/site-packages/airflow/providers/apache/spark/hooks/spark_submit.py", line 419, in submit
    raise AirflowException(
airflow.exceptions.AirflowException: Cannot execute: spark-submit --master spark://spark-master:7077 --conf spark.hadoop.google.cloud.auth.service.account.json.keyfile=/.google/credentials/google_credentials.json --conf spark.hadoop.fs.gs.impl=com.google.cloud.hadoop.fs.gcs.GoogleHadoopFileSystem --conf spark.hadoop.fs.gs.project.id=seventh-league-447908-t0 --conf spark.hadoop.google.cloud.auth.service.account.enable=true --name arrow-spark --deploy-mode client /opt/***/dags/spark_scripts/process_transactions.py. Error code is: 1.
[2025-04-07T09:20:35.422+0000] {local_task_job_runner.py:266} INFO - Task exited with return code 1
[2025-04-07T09:20:35.443+0000] {taskinstance.py:3901} INFO - 0 downstream tasks scheduled from follow-on schedule check
[2025-04-07T09:20:35.444+0000] {local_task_job_runner.py:245} INFO - ::endgroup::
