[2025-04-06T03:09:34.239+0000] {local_task_job_runner.py:123} INFO - ::group::Pre task execution logs
[2025-04-06T03:09:34.248+0000] {taskinstance.py:2614} INFO - Dependencies all met for dep_context=non-requeueable deps ti=<TaskInstance: public_bigquery_to_gcs_pipeline.bigquery_to_gcs scheduled__2025-04-05T00:00:00+00:00 [queued]>
[2025-04-06T03:09:34.253+0000] {taskinstance.py:2614} INFO - Dependencies all met for dep_context=requeueable deps ti=<TaskInstance: public_bigquery_to_gcs_pipeline.bigquery_to_gcs scheduled__2025-04-05T00:00:00+00:00 [queued]>
[2025-04-06T03:09:34.254+0000] {taskinstance.py:2867} INFO - Starting attempt 1 of 3
[2025-04-06T03:09:34.264+0000] {taskinstance.py:2890} INFO - Executing <Task(BigQueryInsertJobOperator): bigquery_to_gcs> on 2025-04-05 00:00:00+00:00
[2025-04-06T03:09:34.291+0000] {warnings.py:112} WARNING - /home/***/.local/lib/python3.12/site-packages/***/task/task_runner/standard_task_runner.py:70: DeprecationWarning: This process (pid=1061) is multi-threaded, use of fork() may lead to deadlocks in the child.
  pid = os.fork()

[2025-04-06T03:09:34.293+0000] {standard_task_runner.py:72} INFO - Started process 1071 to run task
[2025-04-06T03:09:34.297+0000] {standard_task_runner.py:104} INFO - Running: ['***', 'tasks', 'run', 'public_bigquery_to_gcs_pipeline', 'bigquery_to_gcs', 'scheduled__2025-04-05T00:00:00+00:00', '--job-id', '20', '--raw', '--subdir', 'DAGS_FOLDER/bigquery_to_gcs_pipeline.py', '--cfg-path', '/tmp/tmpy4uoiz6x']
[2025-04-06T03:09:34.300+0000] {standard_task_runner.py:105} INFO - Job 20: Subtask bigquery_to_gcs
[2025-04-06T03:09:34.339+0000] {task_command.py:467} INFO - Running <TaskInstance: public_bigquery_to_gcs_pipeline.bigquery_to_gcs scheduled__2025-04-05T00:00:00+00:00 [running]> on host 4c0aa0aeb6fa
[2025-04-06T03:09:34.433+0000] {taskinstance.py:3134} INFO - Exporting env vars: AIRFLOW_CTX_DAG_OWNER='Jun Chen' AIRFLOW_CTX_DAG_ID='public_bigquery_to_gcs_pipeline' AIRFLOW_CTX_TASK_ID='bigquery_to_gcs' AIRFLOW_CTX_EXECUTION_DATE='2025-04-05T00:00:00+00:00' AIRFLOW_CTX_TRY_NUMBER='1' AIRFLOW_CTX_DAG_RUN_ID='scheduled__2025-04-05T00:00:00+00:00'
[2025-04-06T03:09:34.434+0000] {taskinstance.py:732} INFO - ::endgroup::
[2025-04-06T03:09:34.461+0000] {crypto.py:82} WARNING - empty cryptography key - values will not be stored encrypted.
[2025-04-06T03:09:34.462+0000] {connection.py:277} WARNING - Connection schemes (type: google_cloud_platform) shall not contain '_' according to RFC3986.
[2025-04-06T03:09:34.462+0000] {base.py:84} INFO - Retrieving connection 'google_cloud_default'
[2025-04-06T03:09:34.530+0000] {bigquery.py:2665} INFO - Executing: {'query': {'query': "\n                EXPORT DATA OPTIONS(\n                  uri='gs://seventh-league-447908-t0--terra-bucket/raw/crypto_bitcoin/2025-04-05/*.parquet',\n                  format='PARQUET',\n                  overwrite=true\n                ) AS\n                SELECT *\n                FROM `bigquery-public-data.crypto_bitcoin.transactions`\n                WHERE DATE(block_timestamp) = '2025-04-05'\n            ", 'useLegacySql': False}}'
[2025-04-06T03:09:34.532+0000] {bigquery.py:1241} INFO - Inserting job ***_public_bigquery_to_gcs_pipeline_bigquery_to_gcs_2025_04_05T00_00_00_00_00_d0ca1c7b2c6bf9e6e546b3edda4b8955
[2025-04-06T03:10:07.719+0000] {bigquery.py:2636} INFO - Job ***_public_bigquery_to_gcs_pipeline_bigquery_to_gcs_2025_04_05T00_00_00_00_00_d0ca1c7b2c6bf9e6e546b3edda4b8955 is completed. Checking the job status
[2025-04-06T03:10:07.766+0000] {taskinstance.py:341} INFO - ::group::Post task execution logs
[2025-04-06T03:10:07.767+0000] {taskinstance.py:353} INFO - Marking task as SUCCESS. dag_id=public_bigquery_to_gcs_pipeline, task_id=bigquery_to_gcs, run_id=scheduled__2025-04-05T00:00:00+00:00, execution_date=20250405T000000, start_date=20250406T030934, end_date=20250406T031007
[2025-04-06T03:10:07.852+0000] {local_task_job_runner.py:266} INFO - Task exited with return code 0
[2025-04-06T03:10:07.873+0000] {taskinstance.py:3901} INFO - 1 downstream tasks scheduled from follow-on schedule check
[2025-04-06T03:10:07.874+0000] {local_task_job_runner.py:245} INFO - ::endgroup::
