[2025-04-06T12:52:22.074+0000] {local_task_job_runner.py:123} INFO - ::group::Pre task execution logs
[2025-04-06T12:52:22.084+0000] {taskinstance.py:2614} INFO - Dependencies all met for dep_context=non-requeueable deps ti=<TaskInstance: bigquery_to_gcs_pipeline.export_to_gcs manual__2025-04-06T12:52:20.183722+00:00 [queued]>
[2025-04-06T12:52:22.088+0000] {taskinstance.py:2614} INFO - Dependencies all met for dep_context=requeueable deps ti=<TaskInstance: bigquery_to_gcs_pipeline.export_to_gcs manual__2025-04-06T12:52:20.183722+00:00 [queued]>
[2025-04-06T12:52:22.088+0000] {taskinstance.py:2867} INFO - Starting attempt 1 of 1
[2025-04-06T12:52:22.094+0000] {taskinstance.py:2890} INFO - Executing <Task(BigQueryInsertJobOperator): export_to_gcs> on 2025-04-06 12:52:20.183722+00:00
[2025-04-06T12:52:22.107+0000] {standard_task_runner.py:104} INFO - Running: ['***', 'tasks', 'run', 'bigquery_to_gcs_pipeline', 'export_to_gcs', 'manual__2025-04-06T12:52:20.183722+00:00', '--job-id', '108', '--raw', '--subdir', 'DAGS_FOLDER/bigquery_to_gcs_pipeline.py', '--cfg-path', '/tmp/tmpf4lv0v9g']
[2025-04-06T12:52:22.110+0000] {standard_task_runner.py:105} INFO - Job 108: Subtask export_to_gcs
[2025-04-06T12:52:22.110+0000] {logging_mixin.py:190} WARNING - /home/***/.local/lib/python3.12/site-packages/***/task/task_runner/standard_task_runner.py:70 DeprecationWarning: This process (pid=213) is multi-threaded, use of fork() may lead to deadlocks in the child.
[2025-04-06T12:52:22.110+0000] {standard_task_runner.py:72} INFO - Started process 221 to run task
[2025-04-06T12:52:22.142+0000] {task_command.py:467} INFO - Running <TaskInstance: bigquery_to_gcs_pipeline.export_to_gcs manual__2025-04-06T12:52:20.183722+00:00 [running]> on host eb9e46762fcc
[2025-04-06T12:52:22.233+0000] {taskinstance.py:3134} INFO - Exporting env vars: AIRFLOW_CTX_DAG_OWNER='data_engineer' AIRFLOW_CTX_DAG_ID='bigquery_to_gcs_pipeline' AIRFLOW_CTX_TASK_ID='export_to_gcs' AIRFLOW_CTX_EXECUTION_DATE='2025-04-06T12:52:20.183722+00:00' AIRFLOW_CTX_TRY_NUMBER='1' AIRFLOW_CTX_DAG_RUN_ID='manual__2025-04-06T12:52:20.183722+00:00'
[2025-04-06T12:52:22.236+0000] {taskinstance.py:732} INFO - ::endgroup::
[2025-04-06T12:52:22.278+0000] {crypto.py:82} WARNING - empty cryptography key - values will not be stored encrypted.
[2025-04-06T12:52:22.278+0000] {connection.py:277} WARNING - Connection schemes (type: google_cloud_platform) shall not contain '_' according to RFC3986.
[2025-04-06T12:52:22.278+0000] {base.py:84} INFO - Retrieving connection 'google_cloud_default'
[2025-04-06T12:52:22.335+0000] {bigquery.py:2665} INFO - Executing: {'query': {'query': "\n                EXPORT DATA OPTIONS(\n                  uri='gs://seventh-league-447908-t0--terra-bucket/raw/crypto_bitcoin/2025-04-06/*.parquet',\n                  format='PARQUET',\n                  overwrite=true\n                ) AS\n                SELECT *\n                FROM `bigquery-public-data.crypto_bitcoin.transactions`\n                WHERE DATE(block_timestamp) = '2025-04-06'\n            ", 'useLegacySql': False}}'
[2025-04-06T12:52:22.336+0000] {bigquery.py:1241} INFO - Inserting job ***_bigquery_to_gcs_pipeline_export_to_gcs_2025_04_06T12_52_20_183722_00_00_3f25817e004bcfcd9b8ec2f4abecaa9f
[2025-04-06T12:52:54.440+0000] {bigquery.py:2636} INFO - Job ***_bigquery_to_gcs_pipeline_export_to_gcs_2025_04_06T12_52_20_183722_00_00_3f25817e004bcfcd9b8ec2f4abecaa9f is completed. Checking the job status
[2025-04-06T12:52:54.466+0000] {taskinstance.py:341} INFO - ::group::Post task execution logs
[2025-04-06T12:52:54.467+0000] {taskinstance.py:353} INFO - Marking task as SUCCESS. dag_id=bigquery_to_gcs_pipeline, task_id=export_to_gcs, run_id=manual__2025-04-06T12:52:20.183722+00:00, execution_date=20250406T125220, start_date=20250406T125222, end_date=20250406T125254
[2025-04-06T12:52:54.638+0000] {local_task_job_runner.py:266} INFO - Task exited with return code 0
[2025-04-06T12:52:54.651+0000] {taskinstance.py:3901} INFO - 0 downstream tasks scheduled from follow-on schedule check
[2025-04-06T12:52:54.652+0000] {local_task_job_runner.py:245} INFO - ::endgroup::
