[2025-04-06T01:36:28.895+0000] {processor.py:186} INFO - Started process (PID=1331) to work on /opt/airflow/dags/a.py
[2025-04-06T01:36:28.896+0000] {processor.py:914} INFO - Processing file /opt/airflow/dags/a.py for tasks to queue
[2025-04-06T01:36:28.897+0000] {logging_mixin.py:190} INFO - [2025-04-06T01:36:28.897+0000] {dagbag.py:588} INFO - Filling up the DagBag from /opt/airflow/dags/a.py
[2025-04-06T01:36:28.910+0000] {processor.py:925} INFO - DAG(s) 'example_dag' retrieved from /opt/airflow/dags/a.py
[2025-04-06T01:36:28.977+0000] {logging_mixin.py:190} INFO - [2025-04-06T01:36:28.977+0000] {dag.py:3239} INFO - Sync 1 DAGs
[2025-04-06T01:36:28.996+0000] {logging_mixin.py:190} INFO - [2025-04-06T01:36:28.995+0000] {dag.py:4180} INFO - Setting next_dagrun for example_dag to 2023-01-01 00:00:00+00:00, run_after=2023-01-02 00:00:00+00:00
[2025-04-06T01:36:29.005+0000] {processor.py:208} INFO - Processing /opt/airflow/dags/a.py took 0.117 seconds
[2025-04-06T01:38:44.338+0000] {processor.py:186} INFO - Started process (PID=68) to work on /opt/airflow/dags/a.py
[2025-04-06T01:38:44.340+0000] {processor.py:914} INFO - Processing file /opt/airflow/dags/a.py for tasks to queue
[2025-04-06T01:38:44.344+0000] {logging_mixin.py:190} INFO - [2025-04-06T01:38:44.344+0000] {dagbag.py:588} INFO - Filling up the DagBag from /opt/airflow/dags/a.py
[2025-04-06T01:38:44.394+0000] {processor.py:925} INFO - DAG(s) 'example_dag' retrieved from /opt/airflow/dags/a.py
[2025-04-06T01:38:44.517+0000] {logging_mixin.py:190} INFO - [2025-04-06T01:38:44.517+0000] {dag.py:3239} INFO - Sync 1 DAGs
[2025-04-06T01:38:44.568+0000] {logging_mixin.py:190} INFO - [2025-04-06T01:38:44.567+0000] {dag.py:4180} INFO - Setting next_dagrun for example_dag to 2023-01-01 00:00:00+00:00, run_after=2023-01-02 00:00:00+00:00
[2025-04-06T01:38:44.591+0000] {processor.py:208} INFO - Processing /opt/airflow/dags/a.py took 0.264 seconds
[2025-04-06T01:39:14.754+0000] {processor.py:186} INFO - Started process (PID=75) to work on /opt/airflow/dags/a.py
[2025-04-06T01:39:14.755+0000] {processor.py:914} INFO - Processing file /opt/airflow/dags/a.py for tasks to queue
[2025-04-06T01:39:14.764+0000] {logging_mixin.py:190} INFO - [2025-04-06T01:39:14.763+0000] {dagbag.py:588} INFO - Filling up the DagBag from /opt/airflow/dags/a.py
[2025-04-06T01:39:14.799+0000] {processor.py:925} INFO - DAG(s) 'example_dag' retrieved from /opt/airflow/dags/a.py
[2025-04-06T01:39:14.897+0000] {logging_mixin.py:190} INFO - [2025-04-06T01:39:14.897+0000] {dag.py:3239} INFO - Sync 1 DAGs
[2025-04-06T01:39:14.915+0000] {logging_mixin.py:190} INFO - [2025-04-06T01:39:14.915+0000] {dag.py:4180} INFO - Setting next_dagrun for example_dag to 2023-01-01 00:00:00+00:00, run_after=2023-01-02 00:00:00+00:00
[2025-04-06T01:39:14.930+0000] {processor.py:208} INFO - Processing /opt/airflow/dags/a.py took 0.186 seconds
[2025-04-06T01:39:45.200+0000] {processor.py:186} INFO - Started process (PID=88) to work on /opt/airflow/dags/a.py
[2025-04-06T01:39:45.202+0000] {processor.py:914} INFO - Processing file /opt/airflow/dags/a.py for tasks to queue
[2025-04-06T01:39:45.205+0000] {logging_mixin.py:190} INFO - [2025-04-06T01:39:45.204+0000] {dagbag.py:588} INFO - Filling up the DagBag from /opt/airflow/dags/a.py
[2025-04-06T01:39:45.230+0000] {processor.py:925} INFO - DAG(s) 'example_dag' retrieved from /opt/airflow/dags/a.py
[2025-04-06T01:39:45.273+0000] {logging_mixin.py:190} INFO - [2025-04-06T01:39:45.272+0000] {dag.py:3239} INFO - Sync 1 DAGs
[2025-04-06T01:39:45.285+0000] {logging_mixin.py:190} INFO - [2025-04-06T01:39:45.285+0000] {dag.py:4180} INFO - Setting next_dagrun for example_dag to 2023-01-01 00:00:00+00:00, run_after=2023-01-02 00:00:00+00:00
[2025-04-06T01:39:45.292+0000] {processor.py:208} INFO - Processing /opt/airflow/dags/a.py took 0.100 seconds
[2025-04-06T01:40:15.538+0000] {processor.py:186} INFO - Started process (PID=95) to work on /opt/airflow/dags/a.py
[2025-04-06T01:40:15.539+0000] {processor.py:914} INFO - Processing file /opt/airflow/dags/a.py for tasks to queue
[2025-04-06T01:40:15.545+0000] {logging_mixin.py:190} INFO - [2025-04-06T01:40:15.545+0000] {dagbag.py:588} INFO - Filling up the DagBag from /opt/airflow/dags/a.py
[2025-04-06T01:40:15.569+0000] {processor.py:925} INFO - DAG(s) 'example_dag' retrieved from /opt/airflow/dags/a.py
[2025-04-06T01:40:15.644+0000] {logging_mixin.py:190} INFO - [2025-04-06T01:40:15.644+0000] {dag.py:3239} INFO - Sync 1 DAGs
[2025-04-06T01:40:15.671+0000] {logging_mixin.py:190} INFO - [2025-04-06T01:40:15.671+0000] {dag.py:4180} INFO - Setting next_dagrun for example_dag to 2023-01-01 00:00:00+00:00, run_after=2023-01-02 00:00:00+00:00
[2025-04-06T01:40:15.686+0000] {processor.py:208} INFO - Processing /opt/airflow/dags/a.py took 0.155 seconds
