[2025-04-06T06:52:12.896+0000] {local_task_job_runner.py:123} INFO - ::group::Pre task execution logs
[2025-04-06T06:52:12.905+0000] {taskinstance.py:2614} INFO - Dependencies all met for dep_context=non-requeueable deps ti=<TaskInstance: public_bigquery_to_gcs_pipeline.bigquery_to_gcs manual__2025-04-06T06:52:08.882648+00:00 [queued]>
[2025-04-06T06:52:12.909+0000] {taskinstance.py:2614} INFO - Dependencies all met for dep_context=requeueable deps ti=<TaskInstance: public_bigquery_to_gcs_pipeline.bigquery_to_gcs manual__2025-04-06T06:52:08.882648+00:00 [queued]>
[2025-04-06T06:52:12.909+0000] {taskinstance.py:2867} INFO - Starting attempt 1 of 2
[2025-04-06T06:52:12.914+0000] {taskinstance.py:2890} INFO - Executing <Task(BigQueryInsertJobOperator): bigquery_to_gcs> on 2025-04-06 06:52:08.882648+00:00
[2025-04-06T06:52:12.928+0000] {warnings.py:112} WARNING - /home/***/.local/lib/python3.12/site-packages/***/task/task_runner/standard_task_runner.py:70: DeprecationWarning: This process (pid=112) is multi-threaded, use of fork() may lead to deadlocks in the child.
  pid = os.fork()

[2025-04-06T06:52:12.931+0000] {standard_task_runner.py:72} INFO - Started process 113 to run task
[2025-04-06T06:52:12.930+0000] {standard_task_runner.py:104} INFO - Running: ['***', 'tasks', 'run', 'public_bigquery_to_gcs_pipeline', 'bigquery_to_gcs', 'manual__2025-04-06T06:52:08.882648+00:00', '--job-id', '50', '--raw', '--subdir', 'DAGS_FOLDER/bigquery_to_gcs_pipeline.py', '--cfg-path', '/tmp/tmpqdjpz8xh']
[2025-04-06T06:52:12.936+0000] {standard_task_runner.py:105} INFO - Job 50: Subtask bigquery_to_gcs
[2025-04-06T06:52:13.004+0000] {task_command.py:467} INFO - Running <TaskInstance: public_bigquery_to_gcs_pipeline.bigquery_to_gcs manual__2025-04-06T06:52:08.882648+00:00 [running]> on host 04792d3483de
[2025-04-06T06:52:13.076+0000] {taskinstance.py:3134} INFO - Exporting env vars: AIRFLOW_CTX_DAG_OWNER='Jun Chen' AIRFLOW_CTX_DAG_ID='public_bigquery_to_gcs_pipeline' AIRFLOW_CTX_TASK_ID='bigquery_to_gcs' AIRFLOW_CTX_EXECUTION_DATE='2025-04-06T06:52:08.882648+00:00' AIRFLOW_CTX_TRY_NUMBER='1' AIRFLOW_CTX_DAG_RUN_ID='manual__2025-04-06T06:52:08.882648+00:00'
[2025-04-06T06:52:13.084+0000] {taskinstance.py:732} INFO - ::endgroup::
[2025-04-06T06:52:13.129+0000] {crypto.py:82} WARNING - empty cryptography key - values will not be stored encrypted.
[2025-04-06T06:52:13.130+0000] {connection.py:277} WARNING - Connection schemes (type: google_cloud_platform) shall not contain '_' according to RFC3986.
[2025-04-06T06:52:13.131+0000] {base.py:84} INFO - Retrieving connection 'google_cloud_default'
[2025-04-06T06:52:13.194+0000] {bigquery.py:2665} INFO - Executing: {'query': {'query': "\n                EXPORT DATA OPTIONS(\n                  uri='gs://seventh-league-447908-t0--terra-bucket/raw/crypto_bitcoin/2025-04-06/*.parquet',\n                  format='PARQUET',\n                  overwrite=true\n                ) AS\n                SELECT *\n                FROM `bigquery-public-data.crypto_bitcoin.transactions`\n                WHERE DATE(block_timestamp) = '2025-04-06'\n            ", 'useLegacySql': False}}'
[2025-04-06T06:52:13.196+0000] {bigquery.py:1241} INFO - Inserting job ***_public_bigquery_to_gcs_pipeline_bigquery_to_gcs_2025_04_06T06_52_08_882648_00_00_efe10eddcfe70548a9500e6a50629c08
[2025-04-06T06:52:17.415+0000] {bigquery.py:2636} INFO - Job ***_public_bigquery_to_gcs_pipeline_bigquery_to_gcs_2025_04_06T06_52_08_882648_00_00_efe10eddcfe70548a9500e6a50629c08 is completed. Checking the job status
[2025-04-06T06:52:17.457+0000] {taskinstance.py:341} INFO - ::group::Post task execution logs
[2025-04-06T06:52:17.457+0000] {taskinstance.py:353} INFO - Marking task as SUCCESS. dag_id=public_bigquery_to_gcs_pipeline, task_id=bigquery_to_gcs, run_id=manual__2025-04-06T06:52:08.882648+00:00, execution_date=20250406T065208, start_date=20250406T065212, end_date=20250406T065217
[2025-04-06T06:52:17.530+0000] {local_task_job_runner.py:266} INFO - Task exited with return code 0
[2025-04-06T06:52:17.566+0000] {taskinstance.py:3901} INFO - 1 downstream tasks scheduled from follow-on schedule check
[2025-04-06T06:52:17.569+0000] {local_task_job_runner.py:245} INFO - ::endgroup::
