[2025-04-06T08:38:17.890+0000] {local_task_job_runner.py:123} INFO - ::group::Pre task execution logs
[2025-04-06T08:38:17.902+0000] {taskinstance.py:2614} INFO - Dependencies all met for dep_context=non-requeueable deps ti=<TaskInstance: public_bigquery_to_gcs_pipeline.spark_process manual__2025-04-06T08:38:04.056319+00:00 [queued]>
[2025-04-06T08:38:17.906+0000] {taskinstance.py:2614} INFO - Dependencies all met for dep_context=requeueable deps ti=<TaskInstance: public_bigquery_to_gcs_pipeline.spark_process manual__2025-04-06T08:38:04.056319+00:00 [queued]>
[2025-04-06T08:38:17.906+0000] {taskinstance.py:2867} INFO - Starting attempt 1 of 2
[2025-04-06T08:38:17.913+0000] {taskinstance.py:2890} INFO - Executing <Task(SparkSubmitOperator): spark_process> on 2025-04-06 08:38:04.056319+00:00
[2025-04-06T08:38:17.933+0000] {warnings.py:112} WARNING - /home/***/.local/lib/python3.12/site-packages/***/task/task_runner/standard_task_runner.py:70: DeprecationWarning: This process (pid=100) is multi-threaded, use of fork() may lead to deadlocks in the child.
  pid = os.fork()

[2025-04-06T08:38:17.934+0000] {standard_task_runner.py:104} INFO - Running: ['***', 'tasks', 'run', 'public_bigquery_to_gcs_pipeline', 'spark_process', 'manual__2025-04-06T08:38:04.056319+00:00', '--job-id', '69', '--raw', '--subdir', 'DAGS_FOLDER/bigquery_to_gcs_pipeline.py', '--cfg-path', '/tmp/tmp6kzjiejf']
[2025-04-06T08:38:17.937+0000] {standard_task_runner.py:72} INFO - Started process 101 to run task
[2025-04-06T08:38:17.937+0000] {standard_task_runner.py:105} INFO - Job 69: Subtask spark_process
[2025-04-06T08:38:17.974+0000] {task_command.py:467} INFO - Running <TaskInstance: public_bigquery_to_gcs_pipeline.spark_process manual__2025-04-06T08:38:04.056319+00:00 [running]> on host f99cf2db739c
[2025-04-06T08:38:18.015+0000] {taskinstance.py:3134} INFO - Exporting env vars: AIRFLOW_CTX_DAG_OWNER='Jun Chen' AIRFLOW_CTX_DAG_ID='public_bigquery_to_gcs_pipeline' AIRFLOW_CTX_TASK_ID='spark_process' AIRFLOW_CTX_EXECUTION_DATE='2025-04-06T08:38:04.056319+00:00' AIRFLOW_CTX_TRY_NUMBER='1' AIRFLOW_CTX_DAG_RUN_ID='manual__2025-04-06T08:38:04.056319+00:00'
[2025-04-06T08:38:18.016+0000] {taskinstance.py:732} INFO - ::endgroup::
[2025-04-06T08:38:18.027+0000] {crypto.py:82} WARNING - empty cryptography key - values will not be stored encrypted.
[2025-04-06T08:38:18.028+0000] {base.py:84} INFO - Retrieving connection 'spark_default'
[2025-04-06T08:38:18.031+0000] {spark_submit.py:474} INFO - Spark-Submit cmd: spark-submit --master spark-master:7077 --conf spark.master=spark://spark-master:7077 --conf spark.hadoop.fs.gs.impl=com.google.cloud.hadoop.fs.gcs.GoogleHadoopFileSystem --conf spark.hadoop.google.cloud.auth.service.account.json.keyfile=/.google/credentials/google_credentials.json --conf spark.jars=/opt/bitnami/spark/jars/gcs-connector.jar,/opt/bitnami/spark/jars/spark-bigquery.jar --conf spark.driver.extraClassPath=/opt/bitnami/spark/jars/gcs-connector.jar:/opt/bitnami/spark/jars/spark-bigquery.jar --conf spark.executor.extraClassPath=/opt/bitnami/spark/jars/gcs-connector.jar:/opt/bitnami/spark/jars/spark-bigquery.jar --conf spark.gcs.bucket=seventh-league-447908-t0--terra-bucket --name arrow-spark --deploy-mode client /opt/***/dags/spark_scripts/process_transactions.py
[2025-04-06T08:38:18.084+0000] {spark_submit.py:645} INFO - /home/***/.local/lib/python3.12/site-packages/pyspark/bin/spark-class: line 71: /opt/bitnami/java/bin/java: No such file or directory
[2025-04-06T08:38:18.084+0000] {spark_submit.py:645} INFO - /home/***/.local/lib/python3.12/site-packages/pyspark/bin/spark-class: line 97: CMD: bad array subscript
[2025-04-06T08:38:18.094+0000] {taskinstance.py:3313} ERROR - Task failed with exception
Traceback (most recent call last):
  File "/home/airflow/.local/lib/python3.12/site-packages/airflow/models/taskinstance.py", line 768, in _execute_task
    result = _execute_callable(context=context, **execute_callable_kwargs)
             ^^^^^^^^^^^^^^^^^^^^^^^^^^^^^^^^^^^^^^^^^^^^^^^^^^^^^^^^^^^^^
  File "/home/airflow/.local/lib/python3.12/site-packages/airflow/models/taskinstance.py", line 734, in _execute_callable
    return ExecutionCallableRunner(
           ^^^^^^^^^^^^^^^^^^^^^^^^
  File "/home/airflow/.local/lib/python3.12/site-packages/airflow/utils/operator_helpers.py", line 252, in run
    return self.func(*args, **kwargs)
           ^^^^^^^^^^^^^^^^^^^^^^^^^^
  File "/home/airflow/.local/lib/python3.12/site-packages/airflow/models/baseoperator.py", line 424, in wrapper
    return func(self, *args, **kwargs)
           ^^^^^^^^^^^^^^^^^^^^^^^^^^^
  File "/home/airflow/.local/lib/python3.12/site-packages/airflow/providers/apache/spark/operators/spark_submit.py", line 196, in execute
    self._hook.submit(self.application)
  File "/home/airflow/.local/lib/python3.12/site-packages/airflow/providers/apache/spark/hooks/spark_submit.py", line 567, in submit
    raise AirflowException(
airflow.exceptions.AirflowException: Cannot execute: spark-submit --master spark-master:7077 --conf spark.master=spark://spark-master:7077 --conf spark.hadoop.fs.gs.impl=com.google.cloud.hadoop.fs.gcs.GoogleHadoopFileSystem --conf spark.hadoop.google.cloud.auth.service.account.json.keyfile=/.google/credentials/google_credentials.json --conf spark.jars=/opt/bitnami/spark/jars/gcs-connector.jar,/opt/bitnami/spark/jars/spark-bigquery.jar --conf spark.driver.extraClassPath=/opt/bitnami/spark/jars/gcs-connector.jar:/opt/bitnami/spark/jars/spark-bigquery.jar --conf spark.executor.extraClassPath=/opt/bitnami/spark/jars/gcs-connector.jar:/opt/bitnami/spark/jars/spark-bigquery.jar --conf spark.gcs.bucket=seventh-league-447908-t0--terra-bucket --name arrow-spark --deploy-mode client /opt/***/dags/spark_scripts/process_transactions.py. Error code is: 1.
[2025-04-06T08:38:18.100+0000] {taskinstance.py:1226} INFO - Marking task as UP_FOR_RETRY. dag_id=public_bigquery_to_gcs_pipeline, task_id=spark_process, run_id=manual__2025-04-06T08:38:04.056319+00:00, execution_date=20250406T083804, start_date=20250406T083817, end_date=20250406T083818
[2025-04-06T08:38:18.116+0000] {taskinstance.py:341} INFO - ::group::Post task execution logs
[2025-04-06T08:38:18.117+0000] {standard_task_runner.py:124} ERROR - Failed to execute job 69 for task spark_process (Cannot execute: spark-submit --master spark-master:7077 --conf spark.master=spark://spark-master:7077 --conf spark.hadoop.fs.gs.impl=com.google.cloud.hadoop.fs.gcs.GoogleHadoopFileSystem --conf spark.hadoop.google.cloud.auth.service.account.json.keyfile=/.google/credentials/google_credentials.json --conf spark.jars=/opt/bitnami/spark/jars/gcs-connector.jar,/opt/bitnami/spark/jars/spark-bigquery.jar --conf spark.driver.extraClassPath=/opt/bitnami/spark/jars/gcs-connector.jar:/opt/bitnami/spark/jars/spark-bigquery.jar --conf spark.executor.extraClassPath=/opt/bitnami/spark/jars/gcs-connector.jar:/opt/bitnami/spark/jars/spark-bigquery.jar --conf spark.gcs.bucket=seventh-league-447908-t0--terra-bucket --name arrow-spark --deploy-mode client /opt/***/dags/spark_scripts/process_transactions.py. Error code is: 1.; 101)
Traceback (most recent call last):
  File "/home/airflow/.local/lib/python3.12/site-packages/airflow/task/task_runner/standard_task_runner.py", line 117, in _start_by_fork
    ret = args.func(args, dag=self.dag)
          ^^^^^^^^^^^^^^^^^^^^^^^^^^^^^
  File "/home/airflow/.local/lib/python3.12/site-packages/airflow/cli/cli_config.py", line 49, in command
    return func(*args, **kwargs)
           ^^^^^^^^^^^^^^^^^^^^^
  File "/home/airflow/.local/lib/python3.12/site-packages/airflow/utils/cli.py", line 116, in wrapper
    return f(*args, **kwargs)
           ^^^^^^^^^^^^^^^^^^
  File "/home/airflow/.local/lib/python3.12/site-packages/airflow/cli/commands/task_command.py", line 483, in task_run
    task_return_code = _run_task_by_selected_method(args, _dag, ti)
                       ^^^^^^^^^^^^^^^^^^^^^^^^^^^^^^^^^^^^^^^^^^^^
  File "/home/airflow/.local/lib/python3.12/site-packages/airflow/cli/commands/task_command.py", line 256, in _run_task_by_selected_method
    return _run_raw_task(args, ti)
           ^^^^^^^^^^^^^^^^^^^^^^^
  File "/home/airflow/.local/lib/python3.12/site-packages/airflow/cli/commands/task_command.py", line 341, in _run_raw_task
    return ti._run_raw_task(
           ^^^^^^^^^^^^^^^^^
  File "/home/airflow/.local/lib/python3.12/site-packages/airflow/utils/session.py", line 97, in wrapper
    return func(*args, session=session, **kwargs)
           ^^^^^^^^^^^^^^^^^^^^^^^^^^^^^^^^^^^^^^
  File "/home/airflow/.local/lib/python3.12/site-packages/airflow/models/taskinstance.py", line 3006, in _run_raw_task
    return _run_raw_task(
           ^^^^^^^^^^^^^^
  File "/home/airflow/.local/lib/python3.12/site-packages/airflow/models/taskinstance.py", line 274, in _run_raw_task
    TaskInstance._execute_task_with_callbacks(
  File "/home/airflow/.local/lib/python3.12/site-packages/airflow/models/taskinstance.py", line 3161, in _execute_task_with_callbacks
    result = self._execute_task(context, task_orig)
             ^^^^^^^^^^^^^^^^^^^^^^^^^^^^^^^^^^^^^^
  File "/home/airflow/.local/lib/python3.12/site-packages/airflow/models/taskinstance.py", line 3185, in _execute_task
    return _execute_task(self, context, task_orig)
           ^^^^^^^^^^^^^^^^^^^^^^^^^^^^^^^^^^^^^^^
  File "/home/airflow/.local/lib/python3.12/site-packages/airflow/models/taskinstance.py", line 768, in _execute_task
    result = _execute_callable(context=context, **execute_callable_kwargs)
             ^^^^^^^^^^^^^^^^^^^^^^^^^^^^^^^^^^^^^^^^^^^^^^^^^^^^^^^^^^^^^
  File "/home/airflow/.local/lib/python3.12/site-packages/airflow/models/taskinstance.py", line 734, in _execute_callable
    return ExecutionCallableRunner(
           ^^^^^^^^^^^^^^^^^^^^^^^^
  File "/home/airflow/.local/lib/python3.12/site-packages/airflow/utils/operator_helpers.py", line 252, in run
    return self.func(*args, **kwargs)
           ^^^^^^^^^^^^^^^^^^^^^^^^^^
  File "/home/airflow/.local/lib/python3.12/site-packages/airflow/models/baseoperator.py", line 424, in wrapper
    return func(self, *args, **kwargs)
           ^^^^^^^^^^^^^^^^^^^^^^^^^^^
  File "/home/airflow/.local/lib/python3.12/site-packages/airflow/providers/apache/spark/operators/spark_submit.py", line 196, in execute
    self._hook.submit(self.application)
  File "/home/airflow/.local/lib/python3.12/site-packages/airflow/providers/apache/spark/hooks/spark_submit.py", line 567, in submit
    raise AirflowException(
airflow.exceptions.AirflowException: Cannot execute: spark-submit --master spark-master:7077 --conf spark.master=spark://spark-master:7077 --conf spark.hadoop.fs.gs.impl=com.google.cloud.hadoop.fs.gcs.GoogleHadoopFileSystem --conf spark.hadoop.google.cloud.auth.service.account.json.keyfile=/.google/credentials/google_credentials.json --conf spark.jars=/opt/bitnami/spark/jars/gcs-connector.jar,/opt/bitnami/spark/jars/spark-bigquery.jar --conf spark.driver.extraClassPath=/opt/bitnami/spark/jars/gcs-connector.jar:/opt/bitnami/spark/jars/spark-bigquery.jar --conf spark.executor.extraClassPath=/opt/bitnami/spark/jars/gcs-connector.jar:/opt/bitnami/spark/jars/spark-bigquery.jar --conf spark.gcs.bucket=seventh-league-447908-t0--terra-bucket --name arrow-spark --deploy-mode client /opt/***/dags/spark_scripts/process_transactions.py. Error code is: 1.
[2025-04-06T08:38:18.162+0000] {local_task_job_runner.py:266} INFO - Task exited with return code 1
[2025-04-06T08:38:18.178+0000] {taskinstance.py:3901} INFO - 0 downstream tasks scheduled from follow-on schedule check
[2025-04-06T08:38:18.179+0000] {local_task_job_runner.py:245} INFO - ::endgroup::
