[2025-04-07T14:20:50.747+0000] {local_task_job_runner.py:123} INFO - ::group::Pre task execution logs
[2025-04-07T14:20:50.823+0000] {taskinstance.py:2614} INFO - Dependencies all met for dep_context=non-requeueable deps ti=<TaskInstance: bigquery_to_gcs_pipeline.export_to_gcs manual__2025-04-07T14:20:48.953292+00:00 [queued]>
[2025-04-07T14:20:50.827+0000] {taskinstance.py:2614} INFO - Dependencies all met for dep_context=requeueable deps ti=<TaskInstance: bigquery_to_gcs_pipeline.export_to_gcs manual__2025-04-07T14:20:48.953292+00:00 [queued]>
[2025-04-07T14:20:50.827+0000] {taskinstance.py:2867} INFO - Starting attempt 1 of 1
[2025-04-07T14:20:50.832+0000] {taskinstance.py:2890} INFO - Executing <Task(BigQueryInsertJobOperator): export_to_gcs> on 2025-04-07 14:20:48.953292+00:00
[2025-04-07T14:20:50.845+0000] {logging_mixin.py:190} WARNING - /home/***/.local/lib/python3.12/site-packages/***/task/task_runner/standard_task_runner.py:70 DeprecationWarning: This process (pid=913) is multi-threaded, use of fork() may lead to deadlocks in the child.
[2025-04-07T14:20:50.839+0000] {standard_task_runner.py:104} INFO - Running: ['***', 'tasks', 'run', 'bigquery_to_gcs_pipeline', 'export_to_gcs', 'manual__2025-04-07T14:20:48.953292+00:00', '--job-id', '173', '--raw', '--subdir', 'DAGS_FOLDER/bigquery_to_gcs_pipeline.py', '--cfg-path', '/tmp/tmp9kv7jgl3']
[2025-04-07T14:20:50.848+0000] {standard_task_runner.py:72} INFO - Started process 914 to run task
[2025-04-07T14:20:50.849+0000] {standard_task_runner.py:105} INFO - Job 173: Subtask export_to_gcs
[2025-04-07T14:20:50.878+0000] {task_command.py:467} INFO - Running <TaskInstance: bigquery_to_gcs_pipeline.export_to_gcs manual__2025-04-07T14:20:48.953292+00:00 [running]> on host f5ad562c40db
[2025-04-07T14:20:50.944+0000] {taskinstance.py:3134} INFO - Exporting env vars: AIRFLOW_CTX_DAG_OWNER='data_engineer' AIRFLOW_CTX_DAG_ID='bigquery_to_gcs_pipeline' AIRFLOW_CTX_TASK_ID='export_to_gcs' AIRFLOW_CTX_EXECUTION_DATE='2025-04-07T14:20:48.953292+00:00' AIRFLOW_CTX_TRY_NUMBER='1' AIRFLOW_CTX_DAG_RUN_ID='manual__2025-04-07T14:20:48.953292+00:00'
[2025-04-07T14:20:50.945+0000] {taskinstance.py:732} INFO - ::endgroup::
[2025-04-07T14:20:50.953+0000] {crypto.py:82} WARNING - empty cryptography key - values will not be stored encrypted.
[2025-04-07T14:20:50.954+0000] {connection.py:277} WARNING - Connection schemes (type: google_cloud_platform) shall not contain '_' according to RFC3986.
[2025-04-07T14:20:50.954+0000] {base.py:84} INFO - Retrieving connection 'google_cloud_default'
[2025-04-07T14:20:51.029+0000] {bigquery.py:2665} INFO - Executing: {'query': {'query': "\n                EXPORT DATA OPTIONS(\n                  uri='gs://seventh-league-447908-t0--terra-bucket/raw/crypto_bitcoin/2025-04-07/*.parquet',\n                  format='PARQUET',\n                  overwrite=true\n                ) AS\n                SELECT *\n                FROM `bigquery-public-data.crypto_bitcoin.transactions`\n                WHERE DATE(block_timestamp) = '2025-04-07'\n            ", 'useLegacySql': False}}'
[2025-04-07T14:20:51.030+0000] {bigquery.py:1241} INFO - Inserting job ***_bigquery_to_gcs_pipeline_export_to_gcs_2025_04_07T14_20_48_953292_00_00_75922f031b41359599c4745c5f1049c4
[2025-04-07T14:21:02.347+0000] {bigquery.py:2636} INFO - Job ***_bigquery_to_gcs_pipeline_export_to_gcs_2025_04_07T14_20_48_953292_00_00_75922f031b41359599c4745c5f1049c4 is completed. Checking the job status
[2025-04-07T14:21:02.391+0000] {taskinstance.py:341} INFO - ::group::Post task execution logs
[2025-04-07T14:21:02.391+0000] {taskinstance.py:353} INFO - Marking task as SUCCESS. dag_id=bigquery_to_gcs_pipeline, task_id=export_to_gcs, run_id=manual__2025-04-07T14:20:48.953292+00:00, execution_date=20250407T142048, start_date=20250407T142050, end_date=20250407T142102
[2025-04-07T14:21:02.441+0000] {local_task_job_runner.py:266} INFO - Task exited with return code 0
[2025-04-07T14:21:02.466+0000] {taskinstance.py:3901} INFO - 1 downstream tasks scheduled from follow-on schedule check
[2025-04-07T14:21:02.466+0000] {local_task_job_runner.py:245} INFO - ::endgroup::
