[2025-04-06T15:34:12.074+0000] {local_task_job_runner.py:123} INFO - ::group::Pre task execution logs
[2025-04-06T15:34:12.086+0000] {taskinstance.py:2614} INFO - Dependencies all met for dep_context=non-requeueable deps ti=<TaskInstance: bigquery_to_gcs_pipeline.spark_process manual__2025-04-06T12:52:20.183722+00:00 [queued]>
[2025-04-06T15:34:12.094+0000] {taskinstance.py:2614} INFO - Dependencies all met for dep_context=requeueable deps ti=<TaskInstance: bigquery_to_gcs_pipeline.spark_process manual__2025-04-06T12:52:20.183722+00:00 [queued]>
[2025-04-06T15:34:12.095+0000] {taskinstance.py:2867} INFO - Starting attempt 7 of 7
[2025-04-06T15:34:12.103+0000] {taskinstance.py:2890} INFO - Executing <Task(SparkSubmitOperator): spark_process> on 2025-04-06 12:52:20.183722+00:00
[2025-04-06T15:34:12.120+0000] {standard_task_runner.py:104} INFO - Running: ['***', 'tasks', 'run', 'bigquery_to_gcs_pipeline', 'spark_process', 'manual__2025-04-06T12:52:20.183722+00:00', '--job-id', '129', '--raw', '--subdir', 'DAGS_FOLDER/bigquery_to_gcs_pipeline.py', '--cfg-path', '/tmp/tmpw3uvu0p2']
[2025-04-06T15:34:12.123+0000] {standard_task_runner.py:105} INFO - Job 129: Subtask spark_process
[2025-04-06T15:34:12.125+0000] {logging_mixin.py:190} WARNING - /home/***/.local/lib/python3.12/site-packages/***/task/task_runner/standard_task_runner.py:70 DeprecationWarning: This process (pid=471) is multi-threaded, use of fork() may lead to deadlocks in the child.
[2025-04-06T15:34:12.126+0000] {standard_task_runner.py:72} INFO - Started process 472 to run task
[2025-04-06T15:34:12.191+0000] {task_command.py:467} INFO - Running <TaskInstance: bigquery_to_gcs_pipeline.spark_process manual__2025-04-06T12:52:20.183722+00:00 [running]> on host 6838bbee7e9c
[2025-04-06T15:34:12.262+0000] {taskinstance.py:3134} INFO - Exporting env vars: AIRFLOW_CTX_DAG_OWNER='data_engineer' AIRFLOW_CTX_DAG_ID='bigquery_to_gcs_pipeline' AIRFLOW_CTX_TASK_ID='spark_process' AIRFLOW_CTX_EXECUTION_DATE='2025-04-06T12:52:20.183722+00:00' AIRFLOW_CTX_TRY_NUMBER='7' AIRFLOW_CTX_DAG_RUN_ID='manual__2025-04-06T12:52:20.183722+00:00'
[2025-04-06T15:34:12.263+0000] {taskinstance.py:732} INFO - ::endgroup::
[2025-04-06T15:34:12.320+0000] {crypto.py:82} WARNING - empty cryptography key - values will not be stored encrypted.
[2025-04-06T15:34:12.320+0000] {base.py:84} INFO - Retrieving connection 'spark_default'
[2025-04-06T15:34:12.321+0000] {spark_submit.py:474} INFO - Spark-Submit cmd: spark-submit --master spark-master:7077 --conf spark.master=spark://spark-master:7077 --conf spark.hadoop.fs.gs.impl=com.google.cloud.hadoop.fs.gcs.GoogleHadoopFileSystem --conf spark.hadoop.google.cloud.auth.service.account.json.keyfile=/.google/credentials/google_credentials.json --name arrow-spark --deploy-mode client /opt/***/dags/spark_scripts/process_transactions.py
[2025-04-06T15:34:14.842+0000] {spark_submit.py:645} INFO - 25/04/06 15:34:14 INFO SparkContext: Running Spark version 3.5.5
[2025-04-06T15:34:14.844+0000] {spark_submit.py:645} INFO - 25/04/06 15:34:14 INFO SparkContext: OS info Linux, 6.10.14-linuxkit, aarch64
[2025-04-06T15:34:14.844+0000] {spark_submit.py:645} INFO - 25/04/06 15:34:14 INFO SparkContext: Java version 17.0.14
[2025-04-06T15:34:15.031+0000] {spark_submit.py:645} INFO - 25/04/06 15:34:15 WARN NativeCodeLoader: Unable to load native-hadoop library for your platform... using builtin-java classes where applicable
[2025-04-06T15:34:15.317+0000] {spark_submit.py:645} INFO - 25/04/06 15:34:15 INFO ResourceUtils: ==============================================================
[2025-04-06T15:34:15.319+0000] {spark_submit.py:645} INFO - 25/04/06 15:34:15 INFO ResourceUtils: No custom resources configured for spark.driver.
[2025-04-06T15:34:15.319+0000] {spark_submit.py:645} INFO - 25/04/06 15:34:15 INFO ResourceUtils: ==============================================================
[2025-04-06T15:34:15.319+0000] {spark_submit.py:645} INFO - 25/04/06 15:34:15 INFO SparkContext: Submitted application: ProcessBitcoinTransactions
[2025-04-06T15:34:15.337+0000] {spark_submit.py:645} INFO - 25/04/06 15:34:15 INFO ResourceProfile: Default ResourceProfile created, executor resources: Map(cores -> name: cores, amount: 1, script: , vendor: , memory -> name: memory, amount: 1024, script: , vendor: , offHeap -> name: offHeap, amount: 0, script: , vendor: ), task resources: Map(cpus -> name: cpus, amount: 1.0)
[2025-04-06T15:34:15.343+0000] {spark_submit.py:645} INFO - 25/04/06 15:34:15 INFO ResourceProfile: Limiting resource is cpu
[2025-04-06T15:34:15.344+0000] {spark_submit.py:645} INFO - 25/04/06 15:34:15 INFO ResourceProfileManager: Added ResourceProfile id: 0
[2025-04-06T15:34:15.434+0000] {spark_submit.py:645} INFO - 25/04/06 15:34:15 INFO SecurityManager: Changing view acls to: ***
[2025-04-06T15:34:15.435+0000] {spark_submit.py:645} INFO - 25/04/06 15:34:15 INFO SecurityManager: Changing modify acls to: ***
[2025-04-06T15:34:15.435+0000] {spark_submit.py:645} INFO - 25/04/06 15:34:15 INFO SecurityManager: Changing view acls groups to:
[2025-04-06T15:34:15.436+0000] {spark_submit.py:645} INFO - 25/04/06 15:34:15 INFO SecurityManager: Changing modify acls groups to:
[2025-04-06T15:34:15.436+0000] {spark_submit.py:645} INFO - 25/04/06 15:34:15 INFO SecurityManager: SecurityManager: authentication disabled; ui acls disabled; users with view permissions: ***; groups with view permissions: EMPTY; users with modify permissions: ***; groups with modify permissions: EMPTY
[2025-04-06T15:34:15.643+0000] {spark_submit.py:645} INFO - 25/04/06 15:34:15 INFO Utils: Successfully started service 'sparkDriver' on port 45959.
[2025-04-06T15:34:15.664+0000] {spark_submit.py:645} INFO - 25/04/06 15:34:15 INFO SparkEnv: Registering MapOutputTracker
[2025-04-06T15:34:15.689+0000] {spark_submit.py:645} INFO - 25/04/06 15:34:15 INFO SparkEnv: Registering BlockManagerMaster
[2025-04-06T15:34:15.699+0000] {spark_submit.py:645} INFO - 25/04/06 15:34:15 INFO BlockManagerMasterEndpoint: Using org.apache.spark.storage.DefaultTopologyMapper for getting topology information
[2025-04-06T15:34:15.700+0000] {spark_submit.py:645} INFO - 25/04/06 15:34:15 INFO BlockManagerMasterEndpoint: BlockManagerMasterEndpoint up
[2025-04-06T15:34:15.703+0000] {spark_submit.py:645} INFO - 25/04/06 15:34:15 INFO SparkEnv: Registering BlockManagerMasterHeartbeat
[2025-04-06T15:34:15.739+0000] {spark_submit.py:645} INFO - 25/04/06 15:34:15 INFO DiskBlockManager: Created local directory at /tmp/blockmgr-d38b97d0-151a-47d2-992c-367a9f0ec1c7
[2025-04-06T15:34:15.762+0000] {spark_submit.py:645} INFO - 25/04/06 15:34:15 INFO MemoryStore: MemoryStore started with capacity 434.4 MiB
[2025-04-06T15:34:15.783+0000] {spark_submit.py:645} INFO - 25/04/06 15:34:15 INFO SparkEnv: Registering OutputCommitCoordinator
[2025-04-06T15:34:15.979+0000] {spark_submit.py:645} INFO - 25/04/06 15:34:15 INFO JettyUtils: Start Jetty 0.0.0.0:4040 for SparkUI
[2025-04-06T15:34:16.107+0000] {spark_submit.py:645} INFO - 25/04/06 15:34:16 INFO Utils: Successfully started service 'SparkUI' on port 4040.
[2025-04-06T15:34:16.142+0000] {spark_submit.py:645} INFO - 25/04/06 15:34:16 ERROR SparkContext: Error initializing SparkContext.
[2025-04-06T15:34:16.143+0000] {spark_submit.py:645} INFO - org.apache.spark.SparkException: Could not parse Master URL: 'spark-master:7077'
[2025-04-06T15:34:16.143+0000] {spark_submit.py:645} INFO - at org.apache.spark.SparkContext$.org$apache$spark$SparkContext$$createTaskScheduler(SparkContext.scala:3194)
[2025-04-06T15:34:16.143+0000] {spark_submit.py:645} INFO - at org.apache.spark.SparkContext.<init>(SparkContext.scala:577)
[2025-04-06T15:34:16.143+0000] {spark_submit.py:645} INFO - at org.apache.spark.api.java.JavaSparkContext.<init>(JavaSparkContext.scala:58)
[2025-04-06T15:34:16.144+0000] {spark_submit.py:645} INFO - at java.base/jdk.internal.reflect.NativeConstructorAccessorImpl.newInstance0(Native Method)
[2025-04-06T15:34:16.144+0000] {spark_submit.py:645} INFO - at java.base/jdk.internal.reflect.NativeConstructorAccessorImpl.newInstance(NativeConstructorAccessorImpl.java:77)
[2025-04-06T15:34:16.144+0000] {spark_submit.py:645} INFO - at java.base/jdk.internal.reflect.DelegatingConstructorAccessorImpl.newInstance(DelegatingConstructorAccessorImpl.java:45)
[2025-04-06T15:34:16.144+0000] {spark_submit.py:645} INFO - at java.base/java.lang.reflect.Constructor.newInstanceWithCaller(Constructor.java:500)
[2025-04-06T15:34:16.144+0000] {spark_submit.py:645} INFO - at java.base/java.lang.reflect.Constructor.newInstance(Constructor.java:481)
[2025-04-06T15:34:16.144+0000] {spark_submit.py:645} INFO - at py4j.reflection.MethodInvoker.invoke(MethodInvoker.java:247)
[2025-04-06T15:34:16.144+0000] {spark_submit.py:645} INFO - at py4j.reflection.ReflectionEngine.invoke(ReflectionEngine.java:374)
[2025-04-06T15:34:16.144+0000] {spark_submit.py:645} INFO - at py4j.Gateway.invoke(Gateway.java:238)
[2025-04-06T15:34:16.145+0000] {spark_submit.py:645} INFO - at py4j.commands.ConstructorCommand.invokeConstructor(ConstructorCommand.java:80)
[2025-04-06T15:34:16.145+0000] {spark_submit.py:645} INFO - at py4j.commands.ConstructorCommand.execute(ConstructorCommand.java:69)
[2025-04-06T15:34:16.145+0000] {spark_submit.py:645} INFO - at py4j.ClientServerConnection.waitForCommands(ClientServerConnection.java:182)
[2025-04-06T15:34:16.145+0000] {spark_submit.py:645} INFO - at py4j.ClientServerConnection.run(ClientServerConnection.java:106)
[2025-04-06T15:34:16.145+0000] {spark_submit.py:645} INFO - at java.base/java.lang.Thread.run(Thread.java:840)
[2025-04-06T15:34:16.145+0000] {spark_submit.py:645} INFO - 25/04/06 15:34:16 INFO SparkContext: SparkContext is stopping with exitCode 0.
[2025-04-06T15:34:16.151+0000] {spark_submit.py:645} INFO - 25/04/06 15:34:16 INFO SparkUI: Stopped Spark web UI at http://6838bbee7e9c:4040
[2025-04-06T15:34:16.180+0000] {spark_submit.py:645} INFO - 25/04/06 15:34:16 INFO MapOutputTrackerMasterEndpoint: MapOutputTrackerMasterEndpoint stopped!
[2025-04-06T15:34:16.199+0000] {spark_submit.py:645} INFO - 25/04/06 15:34:16 INFO MemoryStore: MemoryStore cleared
[2025-04-06T15:34:16.199+0000] {spark_submit.py:645} INFO - 25/04/06 15:34:16 INFO BlockManager: BlockManager stopped
[2025-04-06T15:34:16.203+0000] {spark_submit.py:645} INFO - 25/04/06 15:34:16 INFO BlockManagerMaster: BlockManagerMaster stopped
[2025-04-06T15:34:16.204+0000] {spark_submit.py:645} INFO - 25/04/06 15:34:16 WARN MetricsSystem: Stopping a MetricsSystem that is not running
[2025-04-06T15:34:16.205+0000] {spark_submit.py:645} INFO - 25/04/06 15:34:16 INFO OutputCommitCoordinator$OutputCommitCoordinatorEndpoint: OutputCommitCoordinator stopped!
[2025-04-06T15:34:16.216+0000] {spark_submit.py:645} INFO - 25/04/06 15:34:16 INFO SparkContext: Successfully stopped SparkContext
[2025-04-06T15:34:16.217+0000] {spark_submit.py:645} INFO - Traceback (most recent call last):
[2025-04-06T15:34:16.217+0000] {spark_submit.py:645} INFO - File "/opt/***/dags/spark_scripts/process_transactions.py", line 36, in <module>
[2025-04-06T15:34:16.218+0000] {spark_submit.py:645} INFO - main()
[2025-04-06T15:34:16.218+0000] {spark_submit.py:645} INFO - File "/opt/***/dags/spark_scripts/process_transactions.py", line 7, in main
[2025-04-06T15:34:16.218+0000] {spark_submit.py:645} INFO - .getOrCreate()
[2025-04-06T15:34:16.218+0000] {spark_submit.py:645} INFO - ^^^^^^^^^^^^^
[2025-04-06T15:34:16.218+0000] {spark_submit.py:645} INFO - File "/home/***/.local/lib/python3.12/site-packages/pyspark/python/lib/pyspark.zip/pyspark/sql/session.py", line 497, in getOrCreate
[2025-04-06T15:34:16.220+0000] {spark_submit.py:645} INFO - File "/home/***/.local/lib/python3.12/site-packages/pyspark/python/lib/pyspark.zip/pyspark/context.py", line 515, in getOrCreate
[2025-04-06T15:34:16.221+0000] {spark_submit.py:645} INFO - File "/home/***/.local/lib/python3.12/site-packages/pyspark/python/lib/pyspark.zip/pyspark/context.py", line 203, in __init__
[2025-04-06T15:34:16.221+0000] {spark_submit.py:645} INFO - File "/home/***/.local/lib/python3.12/site-packages/pyspark/python/lib/pyspark.zip/pyspark/context.py", line 296, in _do_init
[2025-04-06T15:34:16.221+0000] {spark_submit.py:645} INFO - File "/home/***/.local/lib/python3.12/site-packages/pyspark/python/lib/pyspark.zip/pyspark/context.py", line 421, in _initialize_context
[2025-04-06T15:34:16.222+0000] {spark_submit.py:645} INFO - File "/home/***/.local/lib/python3.12/site-packages/pyspark/python/lib/py4j-0.10.9.7-src.zip/py4j/java_gateway.py", line 1587, in __call__
[2025-04-06T15:34:16.222+0000] {spark_submit.py:645} INFO - File "/home/***/.local/lib/python3.12/site-packages/pyspark/python/lib/py4j-0.10.9.7-src.zip/py4j/protocol.py", line 326, in get_return_value
[2025-04-06T15:34:16.222+0000] {spark_submit.py:645} INFO - py4j.protocol.Py4JJavaError: An error occurred while calling None.org.apache.spark.api.java.JavaSparkContext.
[2025-04-06T15:34:16.222+0000] {spark_submit.py:645} INFO - : org.apache.spark.SparkException: Could not parse Master URL: 'spark-master:7077'
[2025-04-06T15:34:16.223+0000] {spark_submit.py:645} INFO - at org.apache.spark.SparkContext$.org$apache$spark$SparkContext$$createTaskScheduler(SparkContext.scala:3194)
[2025-04-06T15:34:16.223+0000] {spark_submit.py:645} INFO - at org.apache.spark.SparkContext.<init>(SparkContext.scala:577)
[2025-04-06T15:34:16.223+0000] {spark_submit.py:645} INFO - at org.apache.spark.api.java.JavaSparkContext.<init>(JavaSparkContext.scala:58)
[2025-04-06T15:34:16.223+0000] {spark_submit.py:645} INFO - at java.base/jdk.internal.reflect.NativeConstructorAccessorImpl.newInstance0(Native Method)
[2025-04-06T15:34:16.223+0000] {spark_submit.py:645} INFO - at java.base/jdk.internal.reflect.NativeConstructorAccessorImpl.newInstance(NativeConstructorAccessorImpl.java:77)
[2025-04-06T15:34:16.224+0000] {spark_submit.py:645} INFO - at java.base/jdk.internal.reflect.DelegatingConstructorAccessorImpl.newInstance(DelegatingConstructorAccessorImpl.java:45)
[2025-04-06T15:34:16.224+0000] {spark_submit.py:645} INFO - at java.base/java.lang.reflect.Constructor.newInstanceWithCaller(Constructor.java:500)
[2025-04-06T15:34:16.224+0000] {spark_submit.py:645} INFO - at java.base/java.lang.reflect.Constructor.newInstance(Constructor.java:481)
[2025-04-06T15:34:16.224+0000] {spark_submit.py:645} INFO - at py4j.reflection.MethodInvoker.invoke(MethodInvoker.java:247)
[2025-04-06T15:34:16.224+0000] {spark_submit.py:645} INFO - at py4j.reflection.ReflectionEngine.invoke(ReflectionEngine.java:374)
[2025-04-06T15:34:16.224+0000] {spark_submit.py:645} INFO - at py4j.Gateway.invoke(Gateway.java:238)
[2025-04-06T15:34:16.225+0000] {spark_submit.py:645} INFO - at py4j.commands.ConstructorCommand.invokeConstructor(ConstructorCommand.java:80)
[2025-04-06T15:34:16.225+0000] {spark_submit.py:645} INFO - at py4j.commands.ConstructorCommand.execute(ConstructorCommand.java:69)
[2025-04-06T15:34:16.225+0000] {spark_submit.py:645} INFO - at py4j.ClientServerConnection.waitForCommands(ClientServerConnection.java:182)
[2025-04-06T15:34:16.225+0000] {spark_submit.py:645} INFO - at py4j.ClientServerConnection.run(ClientServerConnection.java:106)
[2025-04-06T15:34:16.225+0000] {spark_submit.py:645} INFO - at java.base/java.lang.Thread.run(Thread.java:840)
[2025-04-06T15:34:16.225+0000] {spark_submit.py:645} INFO - 
[2025-04-06T15:34:16.303+0000] {spark_submit.py:645} INFO - 25/04/06 15:34:16 INFO ShutdownHookManager: Shutdown hook called
[2025-04-06T15:34:16.304+0000] {spark_submit.py:645} INFO - 25/04/06 15:34:16 INFO ShutdownHookManager: Deleting directory /tmp/spark-ad69c661-d814-4c8b-8ec8-d5a2a041dfe0
[2025-04-06T15:34:16.310+0000] {spark_submit.py:645} INFO - 25/04/06 15:34:16 INFO ShutdownHookManager: Deleting directory /tmp/spark-18a29dae-f9e3-4b12-9398-da2465ae493c
[2025-04-06T15:34:16.385+0000] {taskinstance.py:3313} ERROR - Task failed with exception
Traceback (most recent call last):
  File "/home/airflow/.local/lib/python3.12/site-packages/airflow/models/taskinstance.py", line 768, in _execute_task
    result = _execute_callable(context=context, **execute_callable_kwargs)
             ^^^^^^^^^^^^^^^^^^^^^^^^^^^^^^^^^^^^^^^^^^^^^^^^^^^^^^^^^^^^^
  File "/home/airflow/.local/lib/python3.12/site-packages/airflow/models/taskinstance.py", line 734, in _execute_callable
    return ExecutionCallableRunner(
           ^^^^^^^^^^^^^^^^^^^^^^^^
  File "/home/airflow/.local/lib/python3.12/site-packages/airflow/utils/operator_helpers.py", line 252, in run
    return self.func(*args, **kwargs)
           ^^^^^^^^^^^^^^^^^^^^^^^^^^
  File "/home/airflow/.local/lib/python3.12/site-packages/airflow/models/baseoperator.py", line 424, in wrapper
    return func(self, *args, **kwargs)
           ^^^^^^^^^^^^^^^^^^^^^^^^^^^
  File "/home/airflow/.local/lib/python3.12/site-packages/airflow/providers/apache/spark/operators/spark_submit.py", line 196, in execute
    self._hook.submit(self.application)
  File "/home/airflow/.local/lib/python3.12/site-packages/airflow/providers/apache/spark/hooks/spark_submit.py", line 567, in submit
    raise AirflowException(
airflow.exceptions.AirflowException: Cannot execute: spark-submit --master spark-master:7077 --conf spark.master=spark://spark-master:7077 --conf spark.hadoop.fs.gs.impl=com.google.cloud.hadoop.fs.gcs.GoogleHadoopFileSystem --conf spark.hadoop.google.cloud.auth.service.account.json.keyfile=/.google/credentials/google_credentials.json --name arrow-spark --deploy-mode client /opt/***/dags/spark_scripts/process_transactions.py. Error code is: 1.
[2025-04-06T15:34:16.401+0000] {taskinstance.py:1226} INFO - Marking task as FAILED. dag_id=bigquery_to_gcs_pipeline, task_id=spark_process, run_id=manual__2025-04-06T12:52:20.183722+00:00, execution_date=20250406T125220, start_date=20250406T153412, end_date=20250406T153416
[2025-04-06T15:34:16.434+0000] {taskinstance.py:341} INFO - ::group::Post task execution logs
[2025-04-06T15:34:16.435+0000] {standard_task_runner.py:124} ERROR - Failed to execute job 129 for task spark_process (Cannot execute: spark-submit --master spark-master:7077 --conf spark.master=spark://spark-master:7077 --conf spark.hadoop.fs.gs.impl=com.google.cloud.hadoop.fs.gcs.GoogleHadoopFileSystem --conf spark.hadoop.google.cloud.auth.service.account.json.keyfile=/.google/credentials/google_credentials.json --name arrow-spark --deploy-mode client /opt/***/dags/spark_scripts/process_transactions.py. Error code is: 1.; 472)
Traceback (most recent call last):
  File "/home/airflow/.local/lib/python3.12/site-packages/airflow/task/task_runner/standard_task_runner.py", line 117, in _start_by_fork
    ret = args.func(args, dag=self.dag)
          ^^^^^^^^^^^^^^^^^^^^^^^^^^^^^
  File "/home/airflow/.local/lib/python3.12/site-packages/airflow/cli/cli_config.py", line 49, in command
    return func(*args, **kwargs)
           ^^^^^^^^^^^^^^^^^^^^^
  File "/home/airflow/.local/lib/python3.12/site-packages/airflow/utils/cli.py", line 116, in wrapper
    return f(*args, **kwargs)
           ^^^^^^^^^^^^^^^^^^
  File "/home/airflow/.local/lib/python3.12/site-packages/airflow/cli/commands/task_command.py", line 483, in task_run
    task_return_code = _run_task_by_selected_method(args, _dag, ti)
                       ^^^^^^^^^^^^^^^^^^^^^^^^^^^^^^^^^^^^^^^^^^^^
  File "/home/airflow/.local/lib/python3.12/site-packages/airflow/cli/commands/task_command.py", line 256, in _run_task_by_selected_method
    return _run_raw_task(args, ti)
           ^^^^^^^^^^^^^^^^^^^^^^^
  File "/home/airflow/.local/lib/python3.12/site-packages/airflow/cli/commands/task_command.py", line 341, in _run_raw_task
    return ti._run_raw_task(
           ^^^^^^^^^^^^^^^^^
  File "/home/airflow/.local/lib/python3.12/site-packages/airflow/utils/session.py", line 97, in wrapper
    return func(*args, session=session, **kwargs)
           ^^^^^^^^^^^^^^^^^^^^^^^^^^^^^^^^^^^^^^
  File "/home/airflow/.local/lib/python3.12/site-packages/airflow/models/taskinstance.py", line 3006, in _run_raw_task
    return _run_raw_task(
           ^^^^^^^^^^^^^^
  File "/home/airflow/.local/lib/python3.12/site-packages/airflow/models/taskinstance.py", line 274, in _run_raw_task
    TaskInstance._execute_task_with_callbacks(
  File "/home/airflow/.local/lib/python3.12/site-packages/airflow/models/taskinstance.py", line 3161, in _execute_task_with_callbacks
    result = self._execute_task(context, task_orig)
             ^^^^^^^^^^^^^^^^^^^^^^^^^^^^^^^^^^^^^^
  File "/home/airflow/.local/lib/python3.12/site-packages/airflow/models/taskinstance.py", line 3185, in _execute_task
    return _execute_task(self, context, task_orig)
           ^^^^^^^^^^^^^^^^^^^^^^^^^^^^^^^^^^^^^^^
  File "/home/airflow/.local/lib/python3.12/site-packages/airflow/models/taskinstance.py", line 768, in _execute_task
    result = _execute_callable(context=context, **execute_callable_kwargs)
             ^^^^^^^^^^^^^^^^^^^^^^^^^^^^^^^^^^^^^^^^^^^^^^^^^^^^^^^^^^^^^
  File "/home/airflow/.local/lib/python3.12/site-packages/airflow/models/taskinstance.py", line 734, in _execute_callable
    return ExecutionCallableRunner(
           ^^^^^^^^^^^^^^^^^^^^^^^^
  File "/home/airflow/.local/lib/python3.12/site-packages/airflow/utils/operator_helpers.py", line 252, in run
    return self.func(*args, **kwargs)
           ^^^^^^^^^^^^^^^^^^^^^^^^^^
  File "/home/airflow/.local/lib/python3.12/site-packages/airflow/models/baseoperator.py", line 424, in wrapper
    return func(self, *args, **kwargs)
           ^^^^^^^^^^^^^^^^^^^^^^^^^^^
  File "/home/airflow/.local/lib/python3.12/site-packages/airflow/providers/apache/spark/operators/spark_submit.py", line 196, in execute
    self._hook.submit(self.application)
  File "/home/airflow/.local/lib/python3.12/site-packages/airflow/providers/apache/spark/hooks/spark_submit.py", line 567, in submit
    raise AirflowException(
airflow.exceptions.AirflowException: Cannot execute: spark-submit --master spark-master:7077 --conf spark.master=spark://spark-master:7077 --conf spark.hadoop.fs.gs.impl=com.google.cloud.hadoop.fs.gcs.GoogleHadoopFileSystem --conf spark.hadoop.google.cloud.auth.service.account.json.keyfile=/.google/credentials/google_credentials.json --name arrow-spark --deploy-mode client /opt/***/dags/spark_scripts/process_transactions.py. Error code is: 1.
[2025-04-06T15:34:16.463+0000] {local_task_job_runner.py:266} INFO - Task exited with return code 1
[2025-04-06T15:34:16.492+0000] {taskinstance.py:3901} INFO - 0 downstream tasks scheduled from follow-on schedule check
[2025-04-06T15:34:16.493+0000] {local_task_job_runner.py:245} INFO - ::endgroup::
