[2025-04-07T15:23:54.513+0000] {local_task_job_runner.py:123} INFO - ::group::Pre task execution logs
[2025-04-07T15:23:54.603+0000] {taskinstance.py:2614} INFO - Dependencies all met for dep_context=non-requeueable deps ti=<TaskInstance: bigquery_to_gcs_pipeline.process_transactions manual__2025-04-07T14:20:48.953292+00:00 [queued]>
[2025-04-07T15:23:54.606+0000] {taskinstance.py:2614} INFO - Dependencies all met for dep_context=requeueable deps ti=<TaskInstance: bigquery_to_gcs_pipeline.process_transactions manual__2025-04-07T14:20:48.953292+00:00 [queued]>
[2025-04-07T15:23:54.607+0000] {taskinstance.py:2867} INFO - Starting attempt 3 of 3
[2025-04-07T15:23:54.611+0000] {taskinstance.py:2890} INFO - Executing <Task(PythonOperator): process_transactions> on 2025-04-07 14:20:48.953292+00:00
[2025-04-07T15:23:54.616+0000] {standard_task_runner.py:104} INFO - Running: ['***', 'tasks', 'run', 'bigquery_to_gcs_pipeline', 'process_transactions', 'manual__2025-04-07T14:20:48.953292+00:00', '--job-id', '177', '--raw', '--subdir', 'DAGS_FOLDER/bigquery_to_gcs_pipeline.py', '--cfg-path', '/tmp/tmp5w9q9ywp']
[2025-04-07T15:23:54.619+0000] {standard_task_runner.py:105} INFO - Job 177: Subtask process_transactions
[2025-04-07T15:23:54.618+0000] {logging_mixin.py:190} WARNING - /home/***/.local/lib/python3.12/site-packages/***/task/task_runner/standard_task_runner.py:70 DeprecationWarning: This process (pid=1656) is multi-threaded, use of fork() may lead to deadlocks in the child.
[2025-04-07T15:23:54.620+0000] {standard_task_runner.py:72} INFO - Started process 1657 to run task
[2025-04-07T15:23:54.645+0000] {task_command.py:467} INFO - Running <TaskInstance: bigquery_to_gcs_pipeline.process_transactions manual__2025-04-07T14:20:48.953292+00:00 [running]> on host 2b395aeec901
[2025-04-07T15:23:54.691+0000] {taskinstance.py:3134} INFO - Exporting env vars: AIRFLOW_CTX_DAG_OWNER='data_engineer' AIRFLOW_CTX_DAG_ID='bigquery_to_gcs_pipeline' AIRFLOW_CTX_TASK_ID='process_transactions' AIRFLOW_CTX_EXECUTION_DATE='2025-04-07T14:20:48.953292+00:00' AIRFLOW_CTX_TRY_NUMBER='3' AIRFLOW_CTX_DAG_RUN_ID='manual__2025-04-07T14:20:48.953292+00:00'
[2025-04-07T15:23:54.692+0000] {taskinstance.py:732} INFO - ::endgroup::
[2025-04-07T15:45:57.835+0000] {taskinstance.py:3313} ERROR - Task failed with exception
Traceback (most recent call last):
  File "/home/airflow/.local/lib/python3.12/site-packages/airflow/models/taskinstance.py", line 768, in _execute_task
    result = _execute_callable(context=context, **execute_callable_kwargs)
             ^^^^^^^^^^^^^^^^^^^^^^^^^^^^^^^^^^^^^^^^^^^^^^^^^^^^^^^^^^^^^
  File "/home/airflow/.local/lib/python3.12/site-packages/airflow/models/taskinstance.py", line 734, in _execute_callable
    return ExecutionCallableRunner(
           ^^^^^^^^^^^^^^^^^^^^^^^^
  File "/home/airflow/.local/lib/python3.12/site-packages/airflow/utils/operator_helpers.py", line 252, in run
    return self.func(*args, **kwargs)
           ^^^^^^^^^^^^^^^^^^^^^^^^^^
  File "/home/airflow/.local/lib/python3.12/site-packages/airflow/models/baseoperator.py", line 424, in wrapper
    return func(self, *args, **kwargs)
           ^^^^^^^^^^^^^^^^^^^^^^^^^^^
  File "/home/airflow/.local/lib/python3.12/site-packages/airflow/operators/python.py", line 238, in execute
    return_value = self.execute_callable()
                   ^^^^^^^^^^^^^^^^^^^^^^^
  File "/home/airflow/.local/lib/python3.12/site-packages/airflow/operators/python.py", line 256, in execute_callable
    return runner.run(*self.op_args, **self.op_kwargs)
           ^^^^^^^^^^^^^^^^^^^^^^^^^^^^^^^^^^^^^^^^^^^
  File "/home/airflow/.local/lib/python3.12/site-packages/airflow/utils/operator_helpers.py", line 252, in run
    return self.func(*args, **kwargs)
           ^^^^^^^^^^^^^^^^^^^^^^^^^^
  File "/opt/airflow/dags/bigquery_to_gcs_pipeline.py", line 57, in process_bitcoin_transactions
    .select(
     ^^^^^^^
  File "/home/airflow/.local/lib/python3.12/site-packages/pyspark/sql/dataframe.py", line 3229, in select
    jdf = self._jdf.select(self._jcols(*cols))
          ^^^^^^^^^^^^^^^^^^^^^^^^^^^^^^^^^^^^
  File "/home/airflow/.local/lib/python3.12/site-packages/py4j/java_gateway.py", line 1322, in __call__
    return_value = get_return_value(
                   ^^^^^^^^^^^^^^^^^
  File "/home/airflow/.local/lib/python3.12/site-packages/pyspark/errors/exceptions/captured.py", line 185, in deco
    raise converted from None
pyspark.errors.exceptions.captured.AnalysisException: [UNRESOLVED_COLUMN.WITH_SUGGESTION] A column or function parameter with name `transaction_id` cannot be resolved. Did you mean one of the following? [`version`, `hash`, `input`, `input_count`, `inputs`].;
'Project [block_timestamp#7, 'transaction_id, input#35.addresses AS sender#76, output#56.addresses AS receiver#77, output#56.value AS amount_btc#78]
+- Project [hash#0, size#1L, virtual_size#2L, version#3L, lock_time#4L, block_hash#5, block_number#6L, block_timestamp#7, block_timestamp_month#8, input_count#9L, output_count#10L, input_value#11, output_value#12, is_coinbase#13, fee#14, inputs#15, outputs#16, input#35, output#56]
   +- Generate explode(outputs#16), false, [output#56]
      +- Project [hash#0, size#1L, virtual_size#2L, version#3L, lock_time#4L, block_hash#5, block_number#6L, block_timestamp#7, block_timestamp_month#8, input_count#9L, output_count#10L, input_value#11, output_value#12, is_coinbase#13, fee#14, inputs#15, outputs#16, input#35]
         +- Generate explode(inputs#15), false, [input#35]
            +- Relation [hash#0,size#1L,virtual_size#2L,version#3L,lock_time#4L,block_hash#5,block_number#6L,block_timestamp#7,block_timestamp_month#8,input_count#9L,output_count#10L,input_value#11,output_value#12,is_coinbase#13,fee#14,inputs#15,outputs#16] parquet

[2025-04-07T15:45:57.933+0000] {taskinstance.py:1226} INFO - Marking task as FAILED. dag_id=bigquery_to_gcs_pipeline, task_id=process_transactions, run_id=manual__2025-04-07T14:20:48.953292+00:00, execution_date=20250407T142048, start_date=20250407T152354, end_date=20250407T154557
[2025-04-07T15:45:57.986+0000] {taskinstance.py:341} INFO - ::group::Post task execution logs
[2025-04-07T15:45:57.987+0000] {standard_task_runner.py:124} ERROR - Failed to execute job 177 for task process_transactions ([UNRESOLVED_COLUMN.WITH_SUGGESTION] A column or function parameter with name `transaction_id` cannot be resolved. Did you mean one of the following? [`version`, `hash`, `input`, `input_count`, `inputs`].;
'Project [block_timestamp#7, 'transaction_id, input#35.addresses AS sender#76, output#56.addresses AS receiver#77, output#56.value AS amount_btc#78]
+- Project [hash#0, size#1L, virtual_size#2L, version#3L, lock_time#4L, block_hash#5, block_number#6L, block_timestamp#7, block_timestamp_month#8, input_count#9L, output_count#10L, input_value#11, output_value#12, is_coinbase#13, fee#14, inputs#15, outputs#16, input#35, output#56]
   +- Generate explode(outputs#16), false, [output#56]
      +- Project [hash#0, size#1L, virtual_size#2L, version#3L, lock_time#4L, block_hash#5, block_number#6L, block_timestamp#7, block_timestamp_month#8, input_count#9L, output_count#10L, input_value#11, output_value#12, is_coinbase#13, fee#14, inputs#15, outputs#16, input#35]
         +- Generate explode(inputs#15), false, [input#35]
            +- Relation [hash#0,size#1L,virtual_size#2L,version#3L,lock_time#4L,block_hash#5,block_number#6L,block_timestamp#7,block_timestamp_month#8,input_count#9L,output_count#10L,input_value#11,output_value#12,is_coinbase#13,fee#14,inputs#15,outputs#16] parquet
; 1657)
Traceback (most recent call last):
  File "/home/airflow/.local/lib/python3.12/site-packages/airflow/task/task_runner/standard_task_runner.py", line 117, in _start_by_fork
    ret = args.func(args, dag=self.dag)
          ^^^^^^^^^^^^^^^^^^^^^^^^^^^^^
  File "/home/airflow/.local/lib/python3.12/site-packages/airflow/cli/cli_config.py", line 49, in command
    return func(*args, **kwargs)
           ^^^^^^^^^^^^^^^^^^^^^
  File "/home/airflow/.local/lib/python3.12/site-packages/airflow/utils/cli.py", line 116, in wrapper
    return f(*args, **kwargs)
           ^^^^^^^^^^^^^^^^^^
  File "/home/airflow/.local/lib/python3.12/site-packages/airflow/cli/commands/task_command.py", line 483, in task_run
    task_return_code = _run_task_by_selected_method(args, _dag, ti)
                       ^^^^^^^^^^^^^^^^^^^^^^^^^^^^^^^^^^^^^^^^^^^^
  File "/home/airflow/.local/lib/python3.12/site-packages/airflow/cli/commands/task_command.py", line 256, in _run_task_by_selected_method
    return _run_raw_task(args, ti)
           ^^^^^^^^^^^^^^^^^^^^^^^
  File "/home/airflow/.local/lib/python3.12/site-packages/airflow/cli/commands/task_command.py", line 341, in _run_raw_task
    return ti._run_raw_task(
           ^^^^^^^^^^^^^^^^^
  File "/home/airflow/.local/lib/python3.12/site-packages/airflow/utils/session.py", line 97, in wrapper
    return func(*args, session=session, **kwargs)
           ^^^^^^^^^^^^^^^^^^^^^^^^^^^^^^^^^^^^^^
  File "/home/airflow/.local/lib/python3.12/site-packages/airflow/models/taskinstance.py", line 3006, in _run_raw_task
    return _run_raw_task(
           ^^^^^^^^^^^^^^
  File "/home/airflow/.local/lib/python3.12/site-packages/airflow/models/taskinstance.py", line 274, in _run_raw_task
    TaskInstance._execute_task_with_callbacks(
  File "/home/airflow/.local/lib/python3.12/site-packages/airflow/models/taskinstance.py", line 3161, in _execute_task_with_callbacks
    result = self._execute_task(context, task_orig)
             ^^^^^^^^^^^^^^^^^^^^^^^^^^^^^^^^^^^^^^
  File "/home/airflow/.local/lib/python3.12/site-packages/airflow/models/taskinstance.py", line 3185, in _execute_task
    return _execute_task(self, context, task_orig)
           ^^^^^^^^^^^^^^^^^^^^^^^^^^^^^^^^^^^^^^^
  File "/home/airflow/.local/lib/python3.12/site-packages/airflow/models/taskinstance.py", line 768, in _execute_task
    result = _execute_callable(context=context, **execute_callable_kwargs)
             ^^^^^^^^^^^^^^^^^^^^^^^^^^^^^^^^^^^^^^^^^^^^^^^^^^^^^^^^^^^^^
  File "/home/airflow/.local/lib/python3.12/site-packages/airflow/models/taskinstance.py", line 734, in _execute_callable
    return ExecutionCallableRunner(
           ^^^^^^^^^^^^^^^^^^^^^^^^
  File "/home/airflow/.local/lib/python3.12/site-packages/airflow/utils/operator_helpers.py", line 252, in run
    return self.func(*args, **kwargs)
           ^^^^^^^^^^^^^^^^^^^^^^^^^^
  File "/home/airflow/.local/lib/python3.12/site-packages/airflow/models/baseoperator.py", line 424, in wrapper
    return func(self, *args, **kwargs)
           ^^^^^^^^^^^^^^^^^^^^^^^^^^^
  File "/home/airflow/.local/lib/python3.12/site-packages/airflow/operators/python.py", line 238, in execute
    return_value = self.execute_callable()
                   ^^^^^^^^^^^^^^^^^^^^^^^
  File "/home/airflow/.local/lib/python3.12/site-packages/airflow/operators/python.py", line 256, in execute_callable
    return runner.run(*self.op_args, **self.op_kwargs)
           ^^^^^^^^^^^^^^^^^^^^^^^^^^^^^^^^^^^^^^^^^^^
  File "/home/airflow/.local/lib/python3.12/site-packages/airflow/utils/operator_helpers.py", line 252, in run
    return self.func(*args, **kwargs)
           ^^^^^^^^^^^^^^^^^^^^^^^^^^
  File "/opt/airflow/dags/bigquery_to_gcs_pipeline.py", line 57, in process_bitcoin_transactions
    .select(
     ^^^^^^^
  File "/home/airflow/.local/lib/python3.12/site-packages/pyspark/sql/dataframe.py", line 3229, in select
    jdf = self._jdf.select(self._jcols(*cols))
          ^^^^^^^^^^^^^^^^^^^^^^^^^^^^^^^^^^^^
  File "/home/airflow/.local/lib/python3.12/site-packages/py4j/java_gateway.py", line 1322, in __call__
    return_value = get_return_value(
                   ^^^^^^^^^^^^^^^^^
  File "/home/airflow/.local/lib/python3.12/site-packages/pyspark/errors/exceptions/captured.py", line 185, in deco
    raise converted from None
pyspark.errors.exceptions.captured.AnalysisException: [UNRESOLVED_COLUMN.WITH_SUGGESTION] A column or function parameter with name `transaction_id` cannot be resolved. Did you mean one of the following? [`version`, `hash`, `input`, `input_count`, `inputs`].;
'Project [block_timestamp#7, 'transaction_id, input#35.addresses AS sender#76, output#56.addresses AS receiver#77, output#56.value AS amount_btc#78]
+- Project [hash#0, size#1L, virtual_size#2L, version#3L, lock_time#4L, block_hash#5, block_number#6L, block_timestamp#7, block_timestamp_month#8, input_count#9L, output_count#10L, input_value#11, output_value#12, is_coinbase#13, fee#14, inputs#15, outputs#16, input#35, output#56]
   +- Generate explode(outputs#16), false, [output#56]
      +- Project [hash#0, size#1L, virtual_size#2L, version#3L, lock_time#4L, block_hash#5, block_number#6L, block_timestamp#7, block_timestamp_month#8, input_count#9L, output_count#10L, input_value#11, output_value#12, is_coinbase#13, fee#14, inputs#15, outputs#16, input#35]
         +- Generate explode(inputs#15), false, [input#35]
            +- Relation [hash#0,size#1L,virtual_size#2L,version#3L,lock_time#4L,block_hash#5,block_number#6L,block_timestamp#7,block_timestamp_month#8,input_count#9L,output_count#10L,input_value#11,output_value#12,is_coinbase#13,fee#14,inputs#15,outputs#16] parquet

[2025-04-07T15:45:58.056+0000] {local_task_job_runner.py:266} INFO - Task exited with return code 1
[2025-04-07T15:45:58.114+0000] {taskinstance.py:3901} INFO - 0 downstream tasks scheduled from follow-on schedule check
[2025-04-07T15:45:58.115+0000] {local_task_job_runner.py:245} INFO - ::endgroup::
