[2025-04-06T10:04:43.904+0000] {local_task_job_runner.py:123} INFO - ::group::Pre task execution logs
[2025-04-06T10:04:43.916+0000] {taskinstance.py:2614} INFO - Dependencies all met for dep_context=non-requeueable deps ti=<TaskInstance: public_bigquery_to_gcs_pipeline.bigquery_to_gcs manual__2025-04-06T10:04:40.222791+00:00 [queued]>
[2025-04-06T10:04:43.919+0000] {taskinstance.py:2614} INFO - Dependencies all met for dep_context=requeueable deps ti=<TaskInstance: public_bigquery_to_gcs_pipeline.bigquery_to_gcs manual__2025-04-06T10:04:40.222791+00:00 [queued]>
[2025-04-06T10:04:43.920+0000] {taskinstance.py:2867} INFO - Starting attempt 1 of 2
[2025-04-06T10:04:43.926+0000] {taskinstance.py:2890} INFO - Executing <Task(BigQueryInsertJobOperator): bigquery_to_gcs> on 2025-04-06 10:04:40.222791+00:00
[2025-04-06T10:04:43.945+0000] {warnings.py:112} WARNING - /home/***/.local/lib/python3.12/site-packages/***/task/task_runner/standard_task_runner.py:70: DeprecationWarning: This process (pid=99) is multi-threaded, use of fork() may lead to deadlocks in the child.
  pid = os.fork()

[2025-04-06T10:04:43.947+0000] {standard_task_runner.py:72} INFO - Started process 100 to run task
[2025-04-06T10:04:43.946+0000] {standard_task_runner.py:104} INFO - Running: ['***', 'tasks', 'run', 'public_bigquery_to_gcs_pipeline', 'bigquery_to_gcs', 'manual__2025-04-06T10:04:40.222791+00:00', '--job-id', '85', '--raw', '--subdir', 'DAGS_FOLDER/bigquery_to_gcs_pipeline.py', '--cfg-path', '/tmp/tmpn1h4whpg']
[2025-04-06T10:04:43.950+0000] {standard_task_runner.py:105} INFO - Job 85: Subtask bigquery_to_gcs
[2025-04-06T10:04:44.010+0000] {task_command.py:467} INFO - Running <TaskInstance: public_bigquery_to_gcs_pipeline.bigquery_to_gcs manual__2025-04-06T10:04:40.222791+00:00 [running]> on host 049f24d201f6
[2025-04-06T10:04:44.061+0000] {taskinstance.py:3134} INFO - Exporting env vars: AIRFLOW_CTX_DAG_OWNER='Jun Chen' AIRFLOW_CTX_DAG_ID='public_bigquery_to_gcs_pipeline' AIRFLOW_CTX_TASK_ID='bigquery_to_gcs' AIRFLOW_CTX_EXECUTION_DATE='2025-04-06T10:04:40.222791+00:00' AIRFLOW_CTX_TRY_NUMBER='1' AIRFLOW_CTX_DAG_RUN_ID='manual__2025-04-06T10:04:40.222791+00:00'
[2025-04-06T10:04:44.063+0000] {taskinstance.py:732} INFO - ::endgroup::
[2025-04-06T10:04:44.085+0000] {crypto.py:82} WARNING - empty cryptography key - values will not be stored encrypted.
[2025-04-06T10:04:44.085+0000] {connection.py:277} WARNING - Connection schemes (type: google_cloud_platform) shall not contain '_' according to RFC3986.
[2025-04-06T10:04:44.086+0000] {base.py:84} INFO - Retrieving connection 'google_cloud_default'
[2025-04-06T10:04:44.131+0000] {bigquery.py:2665} INFO - Executing: {'query': {'query': "\n                EXPORT DATA OPTIONS(\n                  uri='gs://seventh-league-447908-t0--terra-bucket/raw/crypto_bitcoin/2025-04-06/*.parquet',\n                  format='PARQUET',\n                  overwrite=true\n                ) AS\n                SELECT *\n                FROM `bigquery-public-data.crypto_bitcoin.transactions`\n                WHERE DATE(block_timestamp) = '2025-04-06'\n            ", 'useLegacySql': False}}'
[2025-04-06T10:04:44.132+0000] {bigquery.py:1241} INFO - Inserting job ***_public_bigquery_to_gcs_pipeline_bigquery_to_gcs_2025_04_06T10_04_40_222791_00_00_ea6f21ab8bffe10204003c9393256f5b
[2025-04-06T10:04:47.816+0000] {bigquery.py:2636} INFO - Job ***_public_bigquery_to_gcs_pipeline_bigquery_to_gcs_2025_04_06T10_04_40_222791_00_00_ea6f21ab8bffe10204003c9393256f5b is completed. Checking the job status
[2025-04-06T10:04:47.864+0000] {taskinstance.py:341} INFO - ::group::Post task execution logs
[2025-04-06T10:04:47.865+0000] {taskinstance.py:353} INFO - Marking task as SUCCESS. dag_id=public_bigquery_to_gcs_pipeline, task_id=bigquery_to_gcs, run_id=manual__2025-04-06T10:04:40.222791+00:00, execution_date=20250406T100440, start_date=20250406T100443, end_date=20250406T100447
[2025-04-06T10:04:47.906+0000] {local_task_job_runner.py:266} INFO - Task exited with return code 0
[2025-04-06T10:04:47.923+0000] {taskinstance.py:3901} INFO - 1 downstream tasks scheduled from follow-on schedule check
[2025-04-06T10:04:47.923+0000] {local_task_job_runner.py:245} INFO - ::endgroup::
